Lmod has detected the following error: A different version of the 'GCCcore'
module is already loaded (see output of 'ml').
You should load another 'GCC' module that is compatible with the currently
loaded version of 'GCCcore'.
Use 'ml spider GCC' to get an overview of the available versions.


If you don't understand the warning or error, contact the helpdesk at
hpc@vub.be 
While processing the following module(s):
    Module fullname        Module Filename
    ---------------        ---------------
    GCC/12.3.0             /apps/brussel/RL8/skylake/modules/2023a/all/GCC/12.3.0.lua
    gfbf/2023a             /apps/brussel/RL8/skylake/modules/2023a/all/gfbf/2023a.lua
    sympy/1.12-gfbf-2023a  /apps/brussel/RL8/skylake/modules/2023a/all/sympy/1.12-gfbf-2023a.lua


Due to MODULEPATH changes, the following have been reloaded:
  1) OpenSSL/1.1

== Dataset=Concrete Compression Strength X.shape=(1030, 8) LogScore/Normal
[iter 0] loss=4.2282 val_loss=0.0000 scale=1.0000 norm=13.4278
[iter 100] loss=3.7445 val_loss=0.0000 scale=2.0000 norm=15.7481
[iter 200] loss=3.2716 val_loss=0.0000 scale=2.0000 norm=9.9200
[iter 300] loss=3.0069 val_loss=0.0000 scale=2.0000 norm=8.0873
[iter 400] loss=2.8479 val_loss=0.0000 scale=1.0000 norm=3.5881
[iter 500] loss=2.7453 val_loss=0.0000 scale=1.0000 norm=3.3322
[iter 600] loss=2.6701 val_loss=0.0000 scale=1.0000 norm=3.1456
[iter 700] loss=2.6033 val_loss=0.0000 scale=1.0000 norm=2.9899
[iter 800] loss=2.5502 val_loss=0.0000 scale=2.0000 norm=5.7349
[iter 900] loss=2.4993 val_loss=0.0000 scale=1.0000 norm=2.7622
[iter 1000] loss=2.4569 val_loss=0.0000 scale=1.0000 norm=2.6844
[iter 1100] loss=2.4209 val_loss=0.0000 scale=1.0000 norm=2.6137
[iter 1200] loss=2.3841 val_loss=0.0000 scale=1.0000 norm=2.5383
[iter 1300] loss=2.3522 val_loss=0.0000 scale=1.0000 norm=2.4712
[iter 1400] loss=2.3234 val_loss=0.0000 scale=0.5000 norm=1.2073
[iter 1500] loss=2.2953 val_loss=0.0000 scale=1.0000 norm=2.3670
[iter 1600] loss=2.2644 val_loss=0.0000 scale=1.0000 norm=2.3188
[iter 1700] loss=2.2353 val_loss=0.0000 scale=0.5000 norm=1.1344
[iter 1800] loss=2.2086 val_loss=0.0000 scale=1.0000 norm=2.2259
[iter 1900] loss=2.1820 val_loss=0.0000 scale=0.5000 norm=1.0927
[iter 0] loss=4.2284 val_loss=0.0000 scale=1.0000 norm=13.4167
[iter 100] loss=3.7748 val_loss=0.0000 scale=1.0000 norm=8.1267
[iter 200] loss=3.3806 val_loss=0.0000 scale=2.0000 norm=10.9991
[iter 300] loss=3.0625 val_loss=0.0000 scale=2.0000 norm=8.4810
[iter 400] loss=2.9005 val_loss=0.0000 scale=1.0000 norm=3.7499
[iter 500] loss=2.7948 val_loss=0.0000 scale=1.0000 norm=3.4712
[iter 600] loss=2.7171 val_loss=0.0000 scale=1.0000 norm=3.2898
[iter 700] loss=2.6508 val_loss=0.0000 scale=1.0000 norm=3.1359
[iter 800] loss=2.6018 val_loss=0.0000 scale=1.0000 norm=3.0096
[iter 900] loss=2.5593 val_loss=0.0000 scale=1.0000 norm=2.9005
[iter 1000] loss=2.5188 val_loss=0.0000 scale=1.0000 norm=2.8126
[iter 1100] loss=2.4809 val_loss=0.0000 scale=1.0000 norm=2.7269
[iter 1200] loss=2.4463 val_loss=0.0000 scale=1.0000 norm=2.6520
[iter 1300] loss=2.4106 val_loss=0.0000 scale=1.0000 norm=2.5814
[iter 1400] loss=2.3752 val_loss=0.0000 scale=0.5000 norm=1.2580
[iter 1500] loss=2.3461 val_loss=0.0000 scale=1.0000 norm=2.4617
[iter 1600] loss=2.3175 val_loss=0.0000 scale=1.0000 norm=2.4085
[iter 1700] loss=2.2917 val_loss=0.0000 scale=0.5000 norm=1.1791
[iter 1800] loss=2.2628 val_loss=0.0000 scale=1.0000 norm=2.3039
[iter 1900] loss=2.2357 val_loss=0.0000 scale=1.0000 norm=2.2612
[1/20] BestIter=2000 RMSE: Val=5.1887 Test=5.3585 NLL: Test=3.7083
[iter 0] loss=4.2332 val_loss=0.0000 scale=1.0000 norm=13.3427
[iter 100] loss=3.7451 val_loss=0.0000 scale=1.0000 norm=7.8339
[iter 200] loss=3.3072 val_loss=0.0000 scale=2.0000 norm=10.2347
[iter 300] loss=3.0028 val_loss=0.0000 scale=1.0000 norm=4.0735
[iter 400] loss=2.8501 val_loss=0.0000 scale=1.0000 norm=3.6682
[iter 500] loss=2.7515 val_loss=0.0000 scale=1.0000 norm=3.4431
[iter 600] loss=2.6779 val_loss=0.0000 scale=1.0000 norm=3.2650
[iter 700] loss=2.6204 val_loss=0.0000 scale=1.0000 norm=3.1197
[iter 800] loss=2.5692 val_loss=0.0000 scale=1.0000 norm=3.0017
[iter 900] loss=2.5258 val_loss=0.0000 scale=1.0000 norm=2.8992
[iter 1000] loss=2.4894 val_loss=0.0000 scale=1.0000 norm=2.8126
[iter 1100] loss=2.4498 val_loss=0.0000 scale=1.0000 norm=2.7301
[iter 1200] loss=2.4128 val_loss=0.0000 scale=1.0000 norm=2.6497
[iter 1300] loss=2.3820 val_loss=0.0000 scale=1.0000 norm=2.5852
[iter 1400] loss=2.3536 val_loss=0.0000 scale=1.0000 norm=2.5318
[iter 1500] loss=2.3246 val_loss=0.0000 scale=1.0000 norm=2.4781
[iter 1600] loss=2.2977 val_loss=0.0000 scale=1.0000 norm=2.4293
[iter 1700] loss=2.2731 val_loss=0.0000 scale=1.0000 norm=2.3813
[iter 1800] loss=2.2492 val_loss=0.0000 scale=1.0000 norm=2.3370
[iter 1900] loss=2.2244 val_loss=0.0000 scale=1.0000 norm=2.2936
[iter 0] loss=4.2377 val_loss=0.0000 scale=1.0000 norm=13.5205
[iter 100] loss=3.7833 val_loss=0.0000 scale=1.0000 norm=8.1835
[iter 200] loss=3.3828 val_loss=0.0000 scale=1.0000 norm=5.5133
[iter 300] loss=3.0751 val_loss=0.0000 scale=2.0000 norm=8.6609
[iter 400] loss=2.9143 val_loss=0.0000 scale=1.0000 norm=3.8490
[iter 500] loss=2.8101 val_loss=0.0000 scale=1.0000 norm=3.5772
[iter 600] loss=2.7330 val_loss=0.0000 scale=1.0000 norm=3.3826
[iter 700] loss=2.6693 val_loss=0.0000 scale=1.0000 norm=3.2236
[iter 800] loss=2.6090 val_loss=0.0000 scale=1.0000 norm=3.0877
[iter 900] loss=2.5718 val_loss=0.0000 scale=1.0000 norm=3.0022
[iter 1000] loss=2.5321 val_loss=0.0000 scale=1.0000 norm=2.9125
[iter 1100] loss=2.4998 val_loss=0.0000 scale=0.5000 norm=1.4183
[iter 1200] loss=2.4642 val_loss=0.0000 scale=1.0000 norm=2.7588
[iter 1300] loss=2.4333 val_loss=0.0000 scale=1.0000 norm=2.6903
[iter 1400] loss=2.4034 val_loss=0.0000 scale=1.0000 norm=2.6266
[iter 1500] loss=2.3762 val_loss=0.0000 scale=1.0000 norm=2.5712
[iter 1600] loss=2.3496 val_loss=0.0000 scale=0.5000 norm=1.2565
[iter 1700] loss=2.3237 val_loss=0.0000 scale=1.0000 norm=2.4581
[iter 1800] loss=2.3008 val_loss=0.0000 scale=0.5000 norm=1.2052
[iter 1900] loss=2.2824 val_loss=0.0000 scale=0.2500 norm=0.5924
[2/20] BestIter=2000 RMSE: Val=5.0635 Test=3.8171 NLL: Test=3.5083
[iter 0] loss=4.2424 val_loss=0.0000 scale=1.0000 norm=13.6126
[iter 100] loss=3.7635 val_loss=0.0000 scale=1.0000 norm=8.0210
[iter 200] loss=3.3317 val_loss=0.0000 scale=2.0000 norm=10.5301
[iter 300] loss=3.0075 val_loss=0.0000 scale=1.0000 norm=4.1059
[iter 400] loss=2.8589 val_loss=0.0000 scale=1.0000 norm=3.6931
[iter 500] loss=2.7614 val_loss=0.0000 scale=1.0000 norm=3.4551
[iter 600] loss=2.6878 val_loss=0.0000 scale=1.0000 norm=3.2597
[iter 700] loss=2.6279 val_loss=0.0000 scale=1.0000 norm=3.1018
[iter 800] loss=2.5728 val_loss=0.0000 scale=1.0000 norm=2.9698
[iter 900] loss=2.5278 val_loss=0.0000 scale=1.0000 norm=2.8671
[iter 1000] loss=2.4878 val_loss=0.0000 scale=1.0000 norm=2.7775
[iter 1100] loss=2.4501 val_loss=0.0000 scale=1.0000 norm=2.6962
[iter 1200] loss=2.4181 val_loss=0.0000 scale=1.0000 norm=2.6273
[iter 1300] loss=2.3841 val_loss=0.0000 scale=1.0000 norm=2.5646
[iter 1400] loss=2.3521 val_loss=0.0000 scale=0.5000 norm=1.2539
[iter 1500] loss=2.3255 val_loss=0.0000 scale=1.0000 norm=2.4582
[iter 1600] loss=2.2965 val_loss=0.0000 scale=1.0000 norm=2.4035
[iter 1700] loss=2.2704 val_loss=0.0000 scale=1.0000 norm=2.3508
[iter 1800] loss=2.2449 val_loss=0.0000 scale=0.5000 norm=1.1514
[iter 1900] loss=2.2220 val_loss=0.0000 scale=1.0000 norm=2.2581
[iter 0] loss=4.2311 val_loss=0.0000 scale=1.0000 norm=13.4551
[iter 100] loss=3.7754 val_loss=0.0000 scale=1.0000 norm=8.1273
[iter 200] loss=3.3715 val_loss=0.0000 scale=2.0000 norm=10.8542
[iter 300] loss=3.0662 val_loss=0.0000 scale=2.0000 norm=8.5269
[iter 400] loss=2.9102 val_loss=0.0000 scale=1.0000 norm=3.7906
[iter 500] loss=2.8053 val_loss=0.0000 scale=1.0000 norm=3.5135
[iter 600] loss=2.7329 val_loss=0.0000 scale=1.0000 norm=3.3282
[iter 700] loss=2.6745 val_loss=0.0000 scale=1.0000 norm=3.1854
[iter 800] loss=2.6214 val_loss=0.0000 scale=1.0000 norm=3.0426
[iter 900] loss=2.5723 val_loss=0.0000 scale=1.0000 norm=2.9258
[iter 1000] loss=2.5232 val_loss=0.0000 scale=1.0000 norm=2.8238
[iter 1100] loss=2.4801 val_loss=0.0000 scale=1.0000 norm=2.7326
[iter 1200] loss=2.4402 val_loss=0.0000 scale=1.0000 norm=2.6557
[iter 1300] loss=2.4062 val_loss=0.0000 scale=1.0000 norm=2.5847
[iter 1400] loss=2.3743 val_loss=0.0000 scale=1.0000 norm=2.5228
[iter 1500] loss=2.3447 val_loss=0.0000 scale=1.0000 norm=2.4676
[iter 1600] loss=2.3142 val_loss=0.0000 scale=1.0000 norm=2.4118
[iter 1700] loss=2.2901 val_loss=0.0000 scale=1.0000 norm=2.3685
[iter 1800] loss=2.2680 val_loss=0.0000 scale=1.0000 norm=2.3285
[iter 1900] loss=2.2462 val_loss=0.0000 scale=1.0000 norm=2.2906
[3/20] BestIter=1999 RMSE: Val=4.4834 Test=3.7149 NLL: Test=2.7219
[iter 0] loss=4.2268 val_loss=0.0000 scale=1.0000 norm=13.4181
[iter 100] loss=3.7489 val_loss=0.0000 scale=2.0000 norm=15.7501
[iter 200] loss=3.3096 val_loss=0.0000 scale=2.0000 norm=10.3493
[iter 300] loss=3.0377 val_loss=0.0000 scale=1.0000 norm=4.2372
[iter 400] loss=2.8721 val_loss=0.0000 scale=1.0000 norm=3.7843
[iter 500] loss=2.7611 val_loss=0.0000 scale=1.0000 norm=3.4995
[iter 600] loss=2.6795 val_loss=0.0000 scale=1.0000 norm=3.2870
[iter 700] loss=2.6133 val_loss=0.0000 scale=1.0000 norm=3.1221
[iter 800] loss=2.5554 val_loss=0.0000 scale=1.0000 norm=2.9780
[iter 900] loss=2.5069 val_loss=0.0000 scale=1.0000 norm=2.8588
[iter 1000] loss=2.4628 val_loss=0.0000 scale=1.0000 norm=2.7539
[iter 1100] loss=2.4187 val_loss=0.0000 scale=1.0000 norm=2.6640
[iter 1200] loss=2.3818 val_loss=0.0000 scale=0.5000 norm=1.2954
[iter 1300] loss=2.3459 val_loss=0.0000 scale=1.0000 norm=2.5213
[iter 1400] loss=2.3105 val_loss=0.0000 scale=1.0000 norm=2.4560
[iter 1500] loss=2.2787 val_loss=0.0000 scale=1.0000 norm=2.3957
[iter 1600] loss=2.2519 val_loss=0.0000 scale=1.0000 norm=2.3434
[iter 1700] loss=2.2262 val_loss=0.0000 scale=1.0000 norm=2.2939
[iter 1800] loss=2.2050 val_loss=0.0000 scale=0.5000 norm=1.1251
[iter 1900] loss=2.1844 val_loss=0.0000 scale=0.2500 norm=0.5519
[iter 0] loss=4.2348 val_loss=0.0000 scale=1.0000 norm=13.5025
[iter 100] loss=3.7744 val_loss=0.0000 scale=1.0000 norm=8.1221
[iter 200] loss=3.3545 val_loss=0.0000 scale=2.0000 norm=10.7864
[iter 300] loss=3.0395 val_loss=0.0000 scale=1.0000 norm=4.2111
[iter 400] loss=2.8964 val_loss=0.0000 scale=1.0000 norm=3.7867
[iter 500] loss=2.7963 val_loss=0.0000 scale=1.0000 norm=3.5316
[iter 600] loss=2.7190 val_loss=0.0000 scale=1.0000 norm=3.3471
[iter 700] loss=2.6549 val_loss=0.0000 scale=1.0000 norm=3.1941
[iter 800] loss=2.6047 val_loss=0.0000 scale=1.0000 norm=3.0608
[iter 900] loss=2.5512 val_loss=0.0000 scale=1.0000 norm=2.9382
[iter 1000] loss=2.5067 val_loss=0.0000 scale=1.0000 norm=2.8322
[iter 1100] loss=2.4672 val_loss=0.0000 scale=1.0000 norm=2.7453
[iter 1200] loss=2.4333 val_loss=0.0000 scale=1.0000 norm=2.6648
[iter 1300] loss=2.3994 val_loss=0.0000 scale=1.0000 norm=2.5914
[iter 1400] loss=2.3675 val_loss=0.0000 scale=1.0000 norm=2.5265
[iter 1500] loss=2.3355 val_loss=0.0000 scale=1.0000 norm=2.4686
[iter 1600] loss=2.3096 val_loss=0.0000 scale=1.0000 norm=2.4149
[iter 1700] loss=2.2871 val_loss=0.0000 scale=0.5000 norm=1.1842
[iter 1800] loss=2.2684 val_loss=0.0000 scale=0.5000 norm=1.1659
[iter 1900] loss=2.2492 val_loss=0.0000 scale=1.0000 norm=2.2934
[4/20] BestIter=2000 RMSE: Val=4.1210 Test=4.9507 NLL: Test=4.2394
[iter 0] loss=4.2497 val_loss=0.0000 scale=1.0000 norm=13.6740
[iter 100] loss=3.7595 val_loss=0.0000 scale=1.0000 norm=7.9813
[iter 200] loss=3.3454 val_loss=0.0000 scale=2.0000 norm=10.6925
[iter 300] loss=3.0658 val_loss=0.0000 scale=1.0000 norm=4.2763
[iter 400] loss=2.8995 val_loss=0.0000 scale=1.0000 norm=3.7886
[iter 500] loss=2.7812 val_loss=0.0000 scale=1.0000 norm=3.4758
[iter 600] loss=2.6951 val_loss=0.0000 scale=1.0000 norm=3.2550
[iter 700] loss=2.6276 val_loss=0.0000 scale=2.0000 norm=6.1544
[iter 800] loss=2.5629 val_loss=0.0000 scale=1.0000 norm=2.9295
[iter 900] loss=2.5097 val_loss=0.0000 scale=1.0000 norm=2.8064
[iter 1000] loss=2.4616 val_loss=0.0000 scale=1.0000 norm=2.7018
[iter 1100] loss=2.4124 val_loss=0.0000 scale=1.0000 norm=2.6069
[iter 1200] loss=2.3728 val_loss=0.0000 scale=1.0000 norm=2.5245
[iter 1300] loss=2.3332 val_loss=0.0000 scale=1.0000 norm=2.4418
[iter 1400] loss=2.2967 val_loss=0.0000 scale=0.5000 norm=1.1856
[iter 1500] loss=2.2673 val_loss=0.0000 scale=1.0000 norm=2.3261
[iter 1600] loss=2.2393 val_loss=0.0000 scale=0.5000 norm=1.1409
[iter 1700] loss=2.2150 val_loss=0.0000 scale=0.2500 norm=0.5612
[iter 1800] loss=2.1967 val_loss=0.0000 scale=0.5000 norm=1.1059
[iter 1900] loss=2.1740 val_loss=0.0000 scale=1.0000 norm=2.1778
[iter 0] loss=4.2419 val_loss=0.0000 scale=1.0000 norm=13.5683
[iter 100] loss=3.7735 val_loss=0.0000 scale=1.0000 norm=8.1392
[iter 200] loss=3.3805 val_loss=0.0000 scale=2.0000 norm=11.0715
[iter 300] loss=3.0689 val_loss=0.0000 scale=1.0000 norm=4.3093
[iter 400] loss=2.9145 val_loss=0.0000 scale=1.0000 norm=3.8467
[iter 500] loss=2.8183 val_loss=0.0000 scale=1.0000 norm=3.5789
[iter 600] loss=2.7424 val_loss=0.0000 scale=1.0000 norm=3.3734
[iter 700] loss=2.6769 val_loss=0.0000 scale=1.0000 norm=3.2104
[iter 800] loss=2.6201 val_loss=0.0000 scale=1.0000 norm=3.0700
[iter 900] loss=2.5680 val_loss=0.0000 scale=1.0000 norm=2.9428
[iter 1000] loss=2.5232 val_loss=0.0000 scale=1.0000 norm=2.8370
[iter 1100] loss=2.4834 val_loss=0.0000 scale=1.0000 norm=2.7519
[iter 1200] loss=2.4466 val_loss=0.0000 scale=1.0000 norm=2.6766
[iter 1300] loss=2.4130 val_loss=0.0000 scale=1.0000 norm=2.6126
[iter 1400] loss=2.3818 val_loss=0.0000 scale=1.0000 norm=2.5514
[iter 1500] loss=2.3511 val_loss=0.0000 scale=0.5000 norm=1.2468
[iter 1600] loss=2.3233 val_loss=0.0000 scale=1.0000 norm=2.4404
[iter 1700] loss=2.3029 val_loss=0.0000 scale=1.0000 norm=2.3968
[iter 1800] loss=2.2802 val_loss=0.0000 scale=1.0000 norm=2.3529
[iter 1900] loss=2.2557 val_loss=0.0000 scale=1.0000 norm=2.3048
[5/20] BestIter=1999 RMSE: Val=4.3360 Test=4.7684 NLL: Test=3.5051
[iter 0] loss=4.2382 val_loss=0.0000 scale=1.0000 norm=13.4974
[iter 100] loss=3.7765 val_loss=0.0000 scale=1.0000 norm=8.1561
[iter 200] loss=3.3696 val_loss=0.0000 scale=2.0000 norm=10.9477
[iter 300] loss=3.0838 val_loss=0.0000 scale=1.0000 norm=4.3497
[iter 400] loss=2.9116 val_loss=0.0000 scale=1.0000 norm=3.8320
[iter 500] loss=2.7974 val_loss=0.0000 scale=1.0000 norm=3.5274
[iter 600] loss=2.7206 val_loss=0.0000 scale=1.0000 norm=3.3420
[iter 700] loss=2.6584 val_loss=0.0000 scale=1.0000 norm=3.1913
[iter 800] loss=2.6037 val_loss=0.0000 scale=1.0000 norm=3.0654
[iter 900] loss=2.5545 val_loss=0.0000 scale=1.0000 norm=2.9521
[iter 1000] loss=2.5126 val_loss=0.0000 scale=1.0000 norm=2.8568
[iter 1100] loss=2.4774 val_loss=0.0000 scale=1.0000 norm=2.7770
[iter 1200] loss=2.4469 val_loss=0.0000 scale=1.0000 norm=2.7055
[iter 1300] loss=2.4141 val_loss=0.0000 scale=1.0000 norm=2.6384
[iter 1400] loss=2.3854 val_loss=0.0000 scale=1.0000 norm=2.5800
[iter 1500] loss=2.3589 val_loss=0.0000 scale=0.5000 norm=1.2627
[iter 1600] loss=2.3292 val_loss=0.0000 scale=1.0000 norm=2.4721
[iter 1700] loss=2.3014 val_loss=0.0000 scale=1.0000 norm=2.4207
[iter 1800] loss=2.2769 val_loss=0.0000 scale=1.0000 norm=2.3764
[iter 1900] loss=2.2531 val_loss=0.0000 scale=1.0000 norm=2.3320
[iter 0] loss=4.2370 val_loss=0.0000 scale=1.0000 norm=13.4977
[iter 100] loss=3.7759 val_loss=0.0000 scale=1.0000 norm=8.1517
[iter 200] loss=3.3718 val_loss=0.0000 scale=2.0000 norm=10.9971
[iter 300] loss=3.0956 val_loss=0.0000 scale=1.0000 norm=4.4394
[iter 400] loss=2.9374 val_loss=0.0000 scale=1.0000 norm=3.9419
[iter 500] loss=2.8345 val_loss=0.0000 scale=1.0000 norm=3.6661
[iter 600] loss=2.7611 val_loss=0.0000 scale=2.0000 norm=6.9625
[iter 700] loss=2.6972 val_loss=0.0000 scale=1.0000 norm=3.3137
[iter 800] loss=2.6444 val_loss=0.0000 scale=1.0000 norm=3.1745
[iter 900] loss=2.6005 val_loss=0.0000 scale=1.0000 norm=3.0565
[iter 1000] loss=2.5632 val_loss=0.0000 scale=1.0000 norm=2.9628
[iter 1100] loss=2.5292 val_loss=0.0000 scale=1.0000 norm=2.8832
[iter 1200] loss=2.4949 val_loss=0.0000 scale=1.0000 norm=2.8100
[iter 1300] loss=2.4682 val_loss=0.0000 scale=1.0000 norm=2.7443
[iter 1400] loss=2.4388 val_loss=0.0000 scale=1.0000 norm=2.6810
[iter 1500] loss=2.4061 val_loss=0.0000 scale=2.0000 norm=5.2240
[iter 1600] loss=2.3749 val_loss=0.0000 scale=1.0000 norm=2.5476
[iter 1700] loss=2.3436 val_loss=0.0000 scale=1.0000 norm=2.4894
[iter 1800] loss=2.3191 val_loss=0.0000 scale=0.5000 norm=1.2206
[iter 1900] loss=2.2987 val_loss=0.0000 scale=1.0000 norm=2.4013
[6/20] BestIter=2000 RMSE: Val=4.3950 Test=4.0683 NLL: Test=3.1538
[iter 0] loss=4.2347 val_loss=0.0000 scale=1.0000 norm=13.5187
[iter 100] loss=3.7773 val_loss=0.0000 scale=1.0000 norm=8.1508
[iter 200] loss=3.3936 val_loss=0.0000 scale=1.0000 norm=5.4932
[iter 300] loss=3.0580 val_loss=0.0000 scale=2.0000 norm=8.3605
[iter 400] loss=2.8796 val_loss=0.0000 scale=1.0000 norm=3.6545
[iter 500] loss=2.7498 val_loss=0.0000 scale=1.0000 norm=3.3490
[iter 600] loss=2.6576 val_loss=0.0000 scale=1.0000 norm=3.1398
[iter 700] loss=2.5882 val_loss=0.0000 scale=1.0000 norm=2.9731
[iter 800] loss=2.5318 val_loss=0.0000 scale=1.0000 norm=2.8349
[iter 900] loss=2.4841 val_loss=0.0000 scale=1.0000 norm=2.7284
[iter 1000] loss=2.4397 val_loss=0.0000 scale=1.0000 norm=2.6296
[iter 1100] loss=2.3959 val_loss=0.0000 scale=0.5000 norm=1.2734
[iter 1200] loss=2.3563 val_loss=0.0000 scale=1.0000 norm=2.4717
[iter 1300] loss=2.3179 val_loss=0.0000 scale=1.0000 norm=2.3974
[iter 1400] loss=2.2833 val_loss=0.0000 scale=1.0000 norm=2.3368
[iter 1500] loss=2.2594 val_loss=0.0000 scale=1.0000 norm=2.2864
[iter 1600] loss=2.2356 val_loss=0.0000 scale=0.5000 norm=1.1206
[iter 1700] loss=2.2056 val_loss=0.0000 scale=1.0000 norm=2.1917
[iter 1800] loss=2.1769 val_loss=0.0000 scale=1.0000 norm=2.1478
[iter 1900] loss=2.1517 val_loss=0.0000 scale=1.0000 norm=2.1080
[iter 0] loss=4.2308 val_loss=0.0000 scale=1.0000 norm=13.4381
[iter 100] loss=3.7590 val_loss=0.0000 scale=1.0000 norm=7.9765
[iter 200] loss=3.3372 val_loss=0.0000 scale=2.0000 norm=10.6154
[iter 300] loss=3.0348 val_loss=0.0000 scale=1.0000 norm=4.1832
[iter 400] loss=2.8783 val_loss=0.0000 scale=1.0000 norm=3.7202
[iter 500] loss=2.7784 val_loss=0.0000 scale=1.0000 norm=3.4557
[iter 600] loss=2.7020 val_loss=0.0000 scale=1.0000 norm=3.2618
[iter 700] loss=2.6438 val_loss=0.0000 scale=1.0000 norm=3.1091
[iter 800] loss=2.5983 val_loss=0.0000 scale=1.0000 norm=2.9989
[iter 900] loss=2.5483 val_loss=0.0000 scale=1.0000 norm=2.8913
[iter 1000] loss=2.5041 val_loss=0.0000 scale=1.0000 norm=2.7955
[iter 1100] loss=2.4667 val_loss=0.0000 scale=1.0000 norm=2.7117
[iter 1200] loss=2.4333 val_loss=0.0000 scale=1.0000 norm=2.6459
[iter 1300] loss=2.3943 val_loss=0.0000 scale=1.0000 norm=2.5786
[iter 1400] loss=2.3651 val_loss=0.0000 scale=0.2500 norm=0.6298
[iter 1500] loss=2.3421 val_loss=0.0000 scale=0.5000 norm=1.2355
[iter 1600] loss=2.3204 val_loss=0.0000 scale=0.5000 norm=1.2121
[iter 1700] loss=2.3023 val_loss=0.0000 scale=0.5000 norm=1.1935
[iter 1800] loss=2.2857 val_loss=0.0000 scale=0.5000 norm=1.1770
[iter 1900] loss=2.2659 val_loss=0.0000 scale=0.0625 norm=0.1449
[7/20] BestIter=1993 RMSE: Val=5.7545 Test=5.0294 NLL: Test=3.2894
[iter 0] loss=4.2416 val_loss=0.0000 scale=1.0000 norm=13.6476
[iter 100] loss=3.7744 val_loss=0.0000 scale=1.0000 norm=8.1770
[iter 200] loss=3.3291 val_loss=0.0000 scale=2.0000 norm=10.5262
[iter 300] loss=3.0356 val_loss=0.0000 scale=1.0000 norm=4.1850
[iter 400] loss=2.8707 val_loss=0.0000 scale=2.0000 norm=7.3880
[iter 500] loss=2.7601 val_loss=0.0000 scale=1.0000 norm=3.4080
[iter 600] loss=2.6783 val_loss=0.0000 scale=1.0000 norm=3.1974
[iter 700] loss=2.6183 val_loss=0.0000 scale=1.0000 norm=3.0425
[iter 800] loss=2.5686 val_loss=0.0000 scale=1.0000 norm=2.9245
[iter 900] loss=2.5228 val_loss=0.0000 scale=1.0000 norm=2.8210
[iter 1000] loss=2.4805 val_loss=0.0000 scale=1.0000 norm=2.7286
[iter 1100] loss=2.4390 val_loss=0.0000 scale=1.0000 norm=2.6361
[iter 1200] loss=2.4051 val_loss=0.0000 scale=1.0000 norm=2.5641
[iter 1300] loss=2.3700 val_loss=0.0000 scale=1.0000 norm=2.5004
[iter 1400] loss=2.3323 val_loss=0.0000 scale=1.0000 norm=2.4355
[iter 1500] loss=2.2979 val_loss=0.0000 scale=1.0000 norm=2.3736
[iter 1600] loss=2.2690 val_loss=0.0000 scale=1.0000 norm=2.3192
[iter 1700] loss=2.2447 val_loss=0.0000 scale=0.5000 norm=1.1375
[iter 1800] loss=2.2194 val_loss=0.0000 scale=0.5000 norm=1.1153
[iter 1900] loss=2.1958 val_loss=0.0000 scale=2.0000 norm=4.3745
[iter 0] loss=4.2361 val_loss=0.0000 scale=1.0000 norm=13.5006
[iter 100] loss=3.7813 val_loss=0.0000 scale=1.0000 norm=8.1471
[iter 200] loss=3.3828 val_loss=0.0000 scale=2.0000 norm=10.9994
[iter 300] loss=3.0769 val_loss=0.0000 scale=1.0000 norm=4.3130
[iter 400] loss=2.9181 val_loss=0.0000 scale=1.0000 norm=3.8345
[iter 500] loss=2.8102 val_loss=0.0000 scale=1.0000 norm=3.5450
[iter 600] loss=2.7372 val_loss=0.0000 scale=1.0000 norm=3.3568
[iter 700] loss=2.6713 val_loss=0.0000 scale=1.0000 norm=3.1815
[iter 800] loss=2.6133 val_loss=0.0000 scale=1.0000 norm=3.0398
[iter 900] loss=2.5683 val_loss=0.0000 scale=1.0000 norm=2.9342
[iter 1000] loss=2.5266 val_loss=0.0000 scale=1.0000 norm=2.8335
[iter 1100] loss=2.4890 val_loss=0.0000 scale=1.0000 norm=2.7421
[iter 1200] loss=2.4577 val_loss=0.0000 scale=1.0000 norm=2.6691
[iter 1300] loss=2.4268 val_loss=0.0000 scale=1.0000 norm=2.6012
[iter 1400] loss=2.3977 val_loss=0.0000 scale=1.0000 norm=2.5376
[iter 1500] loss=2.3690 val_loss=0.0000 scale=1.0000 norm=2.4858
[iter 1600] loss=2.3427 val_loss=0.0000 scale=1.0000 norm=2.4366
[iter 1700] loss=2.3118 val_loss=0.0000 scale=1.0000 norm=2.3851
[iter 1800] loss=2.2820 val_loss=0.0000 scale=1.0000 norm=2.3331
[iter 1900] loss=2.2555 val_loss=0.0000 scale=1.0000 norm=2.2849
[8/20] BestIter=1997 RMSE: Val=4.9661 Test=5.0605 NLL: Test=3.4149
[iter 0] loss=4.2262 val_loss=0.0000 scale=1.0000 norm=13.4251
[iter 100] loss=3.7689 val_loss=0.0000 scale=1.0000 norm=8.1231
[iter 200] loss=3.3665 val_loss=0.0000 scale=2.0000 norm=10.7566
[iter 300] loss=3.0569 val_loss=0.0000 scale=1.0000 norm=4.2212
[iter 400] loss=2.8988 val_loss=0.0000 scale=1.0000 norm=3.7604
[iter 500] loss=2.7835 val_loss=0.0000 scale=1.0000 norm=3.4583
[iter 600] loss=2.7040 val_loss=0.0000 scale=1.0000 norm=3.2369
[iter 700] loss=2.6382 val_loss=0.0000 scale=1.0000 norm=3.0726
[iter 800] loss=2.5810 val_loss=0.0000 scale=1.0000 norm=2.9360
[iter 900] loss=2.5287 val_loss=0.0000 scale=1.0000 norm=2.8148
[iter 1000] loss=2.4761 val_loss=0.0000 scale=1.0000 norm=2.7007
[iter 1100] loss=2.4298 val_loss=0.0000 scale=1.0000 norm=2.6056
[iter 1200] loss=2.3887 val_loss=0.0000 scale=0.5000 norm=1.2606
[iter 1300] loss=2.3537 val_loss=0.0000 scale=1.0000 norm=2.4492
[iter 1400] loss=2.3203 val_loss=0.0000 scale=1.0000 norm=2.3860
[iter 1500] loss=2.2858 val_loss=0.0000 scale=1.0000 norm=2.3229
[iter 1600] loss=2.2596 val_loss=0.0000 scale=1.0000 norm=2.2741
[iter 1700] loss=2.2364 val_loss=0.0000 scale=0.5000 norm=1.1163
[iter 1800] loss=2.2153 val_loss=0.0000 scale=1.0000 norm=2.1978
[iter 1900] loss=2.1918 val_loss=0.0000 scale=1.0000 norm=2.1615
[iter 0] loss=4.2313 val_loss=0.0000 scale=1.0000 norm=13.4582
[iter 100] loss=3.7784 val_loss=0.0000 scale=1.0000 norm=8.2159
[iter 200] loss=3.4092 val_loss=0.0000 scale=2.0000 norm=11.2716
[iter 300] loss=3.0967 val_loss=0.0000 scale=1.0000 norm=4.3957
[iter 400] loss=2.9339 val_loss=0.0000 scale=1.0000 norm=3.8794
[iter 500] loss=2.8320 val_loss=0.0000 scale=2.0000 norm=7.1903
[iter 600] loss=2.7527 val_loss=0.0000 scale=1.0000 norm=3.3891
[iter 700] loss=2.6927 val_loss=0.0000 scale=1.0000 norm=3.2391
[iter 800] loss=2.6444 val_loss=0.0000 scale=1.0000 norm=3.1139
[iter 900] loss=2.5984 val_loss=0.0000 scale=1.0000 norm=3.0060
[iter 1000] loss=2.5565 val_loss=0.0000 scale=1.0000 norm=2.9050
[iter 1100] loss=2.5142 val_loss=0.0000 scale=1.0000 norm=2.8127
[iter 1200] loss=2.4773 val_loss=0.0000 scale=1.0000 norm=2.7369
[iter 1300] loss=2.4453 val_loss=0.0000 scale=1.0000 norm=2.6743
[iter 1400] loss=2.4145 val_loss=0.0000 scale=0.5000 norm=1.3082
[iter 1500] loss=2.3847 val_loss=0.0000 scale=0.5000 norm=1.2803
[iter 1600] loss=2.3604 val_loss=0.0000 scale=0.5000 norm=1.2572
[iter 1700] loss=2.3318 val_loss=0.0000 scale=1.0000 norm=2.4680
[iter 1800] loss=2.3026 val_loss=0.0000 scale=1.0000 norm=2.4200
[iter 1900] loss=2.2796 val_loss=0.0000 scale=0.5000 norm=1.1898
[9/20] BestIter=2000 RMSE: Val=5.8486 Test=4.3129 NLL: Test=2.8646
[iter 0] loss=4.2383 val_loss=0.0000 scale=1.0000 norm=13.5207
[iter 100] loss=3.7704 val_loss=0.0000 scale=1.0000 norm=8.0226
[iter 200] loss=3.3139 val_loss=0.0000 scale=2.0000 norm=10.1691
[iter 300] loss=2.9934 val_loss=0.0000 scale=1.0000 norm=4.0096
[iter 400] loss=2.8170 val_loss=0.0000 scale=1.0000 norm=3.5464
[iter 500] loss=2.7026 val_loss=0.0000 scale=2.0000 norm=6.5897
[iter 600] loss=2.6272 val_loss=0.0000 scale=1.0000 norm=3.1301
[iter 700] loss=2.5684 val_loss=0.0000 scale=1.0000 norm=2.9983
[iter 800] loss=2.5176 val_loss=0.0000 scale=1.0000 norm=2.8809
[iter 900] loss=2.4688 val_loss=0.0000 scale=0.5000 norm=1.3855
[iter 1000] loss=2.4260 val_loss=0.0000 scale=1.0000 norm=2.6731
[iter 1100] loss=2.3846 val_loss=0.0000 scale=1.0000 norm=2.5832
[iter 1200] loss=2.3462 val_loss=0.0000 scale=0.5000 norm=1.2517
[iter 1300] loss=2.3093 val_loss=0.0000 scale=0.5000 norm=1.2145
[iter 1400] loss=2.2785 val_loss=0.0000 scale=1.0000 norm=2.3715
[iter 1500] loss=2.2484 val_loss=0.0000 scale=0.5000 norm=1.1589
[iter 1600] loss=2.2241 val_loss=0.0000 scale=1.0000 norm=2.2729
[iter 1700] loss=2.1962 val_loss=0.0000 scale=0.5000 norm=1.1133
[iter 1800] loss=2.1706 val_loss=0.0000 scale=0.5000 norm=1.0923
[iter 1900] loss=2.1532 val_loss=0.0000 scale=0.5000 norm=1.0762
[iter 0] loss=4.2318 val_loss=0.0000 scale=1.0000 norm=13.4577
[iter 100] loss=3.7695 val_loss=0.0000 scale=1.0000 norm=8.0794
[iter 200] loss=3.3413 val_loss=0.0000 scale=1.0000 norm=5.3203
[iter 300] loss=3.0513 val_loss=0.0000 scale=2.0000 norm=8.5038
[iter 400] loss=2.8922 val_loss=0.0000 scale=1.0000 norm=3.7707
[iter 500] loss=2.7866 val_loss=0.0000 scale=1.0000 norm=3.4989
[iter 600] loss=2.7128 val_loss=0.0000 scale=1.0000 norm=3.3217
[iter 700] loss=2.6585 val_loss=0.0000 scale=1.0000 norm=3.1936
[iter 800] loss=2.6093 val_loss=0.0000 scale=1.0000 norm=3.0773
[iter 900] loss=2.5659 val_loss=0.0000 scale=1.0000 norm=2.9672
[iter 1000] loss=2.5242 val_loss=0.0000 scale=1.0000 norm=2.8708
[iter 1100] loss=2.4822 val_loss=0.0000 scale=1.0000 norm=2.7729
[iter 1200] loss=2.4379 val_loss=0.0000 scale=1.0000 norm=2.6791
[iter 1300] loss=2.4031 val_loss=0.0000 scale=1.0000 norm=2.6070
[iter 1400] loss=2.3740 val_loss=0.0000 scale=1.0000 norm=2.5447
[iter 1500] loss=2.3486 val_loss=0.0000 scale=1.0000 norm=2.4919
[iter 1600] loss=2.3231 val_loss=0.0000 scale=0.5000 norm=1.2198
[iter 1700] loss=2.3013 val_loss=0.0000 scale=1.0000 norm=2.3954
[iter 1800] loss=2.2796 val_loss=0.0000 scale=0.2500 norm=0.5879
[iter 1900] loss=2.2591 val_loss=0.0000 scale=0.5000 norm=1.1575
[10/20] BestIter=2000 RMSE: Val=5.5470 Test=5.3455 NLL: Test=4.0504
[iter 0] loss=4.2437 val_loss=0.0000 scale=1.0000 norm=13.5658
[iter 100] loss=3.7940 val_loss=0.0000 scale=1.0000 norm=8.2495
[iter 200] loss=3.3519 val_loss=0.0000 scale=2.0000 norm=10.6635
[iter 300] loss=3.0379 val_loss=0.0000 scale=1.0000 norm=4.1477
[iter 400] loss=2.8767 val_loss=0.0000 scale=1.0000 norm=3.6824
[iter 500] loss=2.7672 val_loss=0.0000 scale=2.0000 norm=6.8275
[iter 600] loss=2.6769 val_loss=0.0000 scale=1.0000 norm=3.2038
[iter 700] loss=2.6098 val_loss=0.0000 scale=1.0000 norm=3.0392
[iter 800] loss=2.5485 val_loss=0.0000 scale=1.0000 norm=2.9028
[iter 900] loss=2.4954 val_loss=0.0000 scale=1.0000 norm=2.7903
[iter 1000] loss=2.4498 val_loss=0.0000 scale=1.0000 norm=2.6899
[iter 1100] loss=2.4046 val_loss=0.0000 scale=1.0000 norm=2.5989
[iter 1200] loss=2.3614 val_loss=0.0000 scale=1.0000 norm=2.5154
[iter 1300] loss=2.3317 val_loss=0.0000 scale=1.0000 norm=2.4545
[iter 1400] loss=2.2992 val_loss=0.0000 scale=1.0000 norm=2.3895
[iter 1500] loss=2.2699 val_loss=0.0000 scale=1.0000 norm=2.3313
[iter 1600] loss=2.2415 val_loss=0.0000 scale=0.2500 norm=0.5689
[iter 1700] loss=2.2105 val_loss=0.0000 scale=1.0000 norm=2.2232
[iter 1800] loss=2.1856 val_loss=0.0000 scale=0.2500 norm=0.5446
[iter 1900] loss=2.1647 val_loss=0.0000 scale=1.0000 norm=2.1408
[iter 0] loss=4.2404 val_loss=0.0000 scale=1.0000 norm=13.5769
[iter 100] loss=3.7796 val_loss=0.0000 scale=1.0000 norm=8.1966
[iter 200] loss=3.3762 val_loss=0.0000 scale=2.0000 norm=11.0564
[iter 300] loss=3.0919 val_loss=0.0000 scale=2.0000 norm=8.8092
[iter 400] loss=2.9447 val_loss=0.0000 scale=1.0000 norm=3.9334
[iter 500] loss=2.8433 val_loss=0.0000 scale=2.0000 norm=7.2916
[iter 600] loss=2.7656 val_loss=0.0000 scale=1.0000 norm=3.4495
[iter 700] loss=2.7007 val_loss=0.0000 scale=1.0000 norm=3.2776
[iter 800] loss=2.6456 val_loss=0.0000 scale=1.0000 norm=3.1312
[iter 900] loss=2.5965 val_loss=0.0000 scale=1.0000 norm=3.0165
[iter 1000] loss=2.5552 val_loss=0.0000 scale=1.0000 norm=2.9210
[iter 1100] loss=2.5155 val_loss=0.0000 scale=1.0000 norm=2.8284
[iter 1200] loss=2.4778 val_loss=0.0000 scale=1.0000 norm=2.7489
[iter 1300] loss=2.4463 val_loss=0.0000 scale=1.0000 norm=2.6811
[iter 1400] loss=2.4174 val_loss=0.0000 scale=1.0000 norm=2.6191
[iter 1500] loss=2.3893 val_loss=0.0000 scale=1.0000 norm=2.5587
[iter 1600] loss=2.3624 val_loss=0.0000 scale=1.0000 norm=2.5103
[iter 1700] loss=2.3408 val_loss=0.0000 scale=1.0000 norm=2.4624
[iter 1800] loss=2.3206 val_loss=0.0000 scale=0.5000 norm=1.2108
[iter 1900] loss=2.3003 val_loss=0.0000 scale=1.0000 norm=2.3819
[11/20] BestIter=2000 RMSE: Val=5.5255 Test=4.0437 NLL: Test=2.8760
[iter 0] loss=4.2344 val_loss=0.0000 scale=1.0000 norm=13.3810
[iter 100] loss=3.7620 val_loss=0.0000 scale=1.0000 norm=8.0224
[iter 200] loss=3.3375 val_loss=0.0000 scale=2.0000 norm=10.4622
[iter 300] loss=3.0146 val_loss=0.0000 scale=1.0000 norm=4.0306
[iter 400] loss=2.8459 val_loss=0.0000 scale=1.0000 norm=3.5560
[iter 500] loss=2.7442 val_loss=0.0000 scale=1.0000 norm=3.3265
[iter 600] loss=2.6602 val_loss=0.0000 scale=1.0000 norm=3.1595
[iter 700] loss=2.5965 val_loss=0.0000 scale=1.0000 norm=3.0276
[iter 800] loss=2.5453 val_loss=0.0000 scale=1.0000 norm=2.9201
[iter 900] loss=2.4982 val_loss=0.0000 scale=1.0000 norm=2.8182
[iter 1000] loss=2.4590 val_loss=0.0000 scale=1.0000 norm=2.7338
[iter 1100] loss=2.4185 val_loss=0.0000 scale=1.0000 norm=2.6461
[iter 1200] loss=2.3850 val_loss=0.0000 scale=1.0000 norm=2.5728
[iter 1300] loss=2.3524 val_loss=0.0000 scale=1.0000 norm=2.5037
[iter 1400] loss=2.3219 val_loss=0.0000 scale=1.0000 norm=2.4437
[iter 1500] loss=2.2938 val_loss=0.0000 scale=0.2500 norm=0.5978
[iter 1600] loss=2.2663 val_loss=0.0000 scale=1.0000 norm=2.3422
[iter 1700] loss=2.2403 val_loss=0.0000 scale=0.5000 norm=1.1489
[iter 1800] loss=2.2192 val_loss=0.0000 scale=0.5000 norm=1.1291
[iter 1900] loss=2.1958 val_loss=0.0000 scale=1.0000 norm=2.2197
[iter 0] loss=4.2354 val_loss=0.0000 scale=1.0000 norm=13.4462
[iter 100] loss=3.7844 val_loss=0.0000 scale=1.0000 norm=8.2185
[iter 200] loss=3.3526 val_loss=0.0000 scale=2.0000 norm=10.7891
[iter 300] loss=3.0457 val_loss=0.0000 scale=1.0000 norm=4.1836
[iter 400] loss=2.8952 val_loss=0.0000 scale=1.0000 norm=3.7244
[iter 500] loss=2.7954 val_loss=0.0000 scale=1.0000 norm=3.4620
[iter 600] loss=2.7247 val_loss=0.0000 scale=1.0000 norm=3.2988
[iter 700] loss=2.6661 val_loss=0.0000 scale=1.0000 norm=3.1592
[iter 800] loss=2.6217 val_loss=0.0000 scale=1.0000 norm=3.0490
[iter 900] loss=2.5778 val_loss=0.0000 scale=1.0000 norm=2.9460
[iter 1000] loss=2.5317 val_loss=0.0000 scale=1.0000 norm=2.8489
[iter 1100] loss=2.4991 val_loss=0.0000 scale=1.0000 norm=2.7704
[iter 1200] loss=2.4676 val_loss=0.0000 scale=1.0000 norm=2.6939
[iter 1300] loss=2.4313 val_loss=0.0000 scale=1.0000 norm=2.6157
[iter 1400] loss=2.3976 val_loss=0.0000 scale=1.0000 norm=2.5470
[iter 1500] loss=2.3651 val_loss=0.0000 scale=1.0000 norm=2.4891
[iter 1600] loss=2.3355 val_loss=0.0000 scale=1.0000 norm=2.4362
[iter 1700] loss=2.3105 val_loss=0.0000 scale=1.0000 norm=2.3914
[iter 1800] loss=2.2830 val_loss=0.0000 scale=1.0000 norm=2.3458
[iter 1900] loss=2.2600 val_loss=0.0000 scale=0.2500 norm=0.5764
[12/20] BestIter=2000 RMSE: Val=4.7319 Test=4.7677 NLL: Test=3.7655
[iter 0] loss=4.2300 val_loss=0.0000 scale=1.0000 norm=13.3642
[iter 100] loss=3.7461 val_loss=0.0000 scale=2.0000 norm=15.7496
[iter 200] loss=3.2923 val_loss=0.0000 scale=2.0000 norm=10.1014
[iter 300] loss=2.9956 val_loss=0.0000 scale=1.0000 norm=4.0143
[iter 400] loss=2.8347 val_loss=0.0000 scale=1.0000 norm=3.6126
[iter 500] loss=2.7305 val_loss=0.0000 scale=1.0000 norm=3.3603
[iter 600] loss=2.6561 val_loss=0.0000 scale=2.0000 norm=6.3742
[iter 700] loss=2.5990 val_loss=0.0000 scale=1.0000 norm=3.0493
[iter 800] loss=2.5450 val_loss=0.0000 scale=1.0000 norm=2.9303
[iter 900] loss=2.4972 val_loss=0.0000 scale=1.0000 norm=2.8218
[iter 1000] loss=2.4583 val_loss=0.0000 scale=1.0000 norm=2.7366
[iter 1100] loss=2.4134 val_loss=0.0000 scale=1.0000 norm=2.6476
[iter 1200] loss=2.3801 val_loss=0.0000 scale=1.0000 norm=2.5749
[iter 1300] loss=2.3422 val_loss=0.0000 scale=1.0000 norm=2.4998
[iter 1400] loss=2.3117 val_loss=0.0000 scale=1.0000 norm=2.4406
[iter 1500] loss=2.2820 val_loss=0.0000 scale=1.0000 norm=2.3886
[iter 1600] loss=2.2520 val_loss=0.0000 scale=1.0000 norm=2.3343
[iter 1700] loss=2.2262 val_loss=0.0000 scale=1.0000 norm=2.2900
[iter 1800] loss=2.2043 val_loss=0.0000 scale=1.0000 norm=2.2492
[iter 1900] loss=2.1790 val_loss=0.0000 scale=1.0000 norm=2.2055
[iter 0] loss=4.2319 val_loss=0.0000 scale=1.0000 norm=13.4813
[iter 100] loss=3.7700 val_loss=0.0000 scale=1.0000 norm=8.0759
[iter 200] loss=3.3351 val_loss=0.0000 scale=1.0000 norm=5.3057
[iter 300] loss=3.0519 val_loss=0.0000 scale=1.0000 norm=4.2252
[iter 400] loss=2.9006 val_loss=0.0000 scale=1.0000 norm=3.7928
[iter 500] loss=2.8006 val_loss=0.0000 scale=1.0000 norm=3.5444
[iter 600] loss=2.7283 val_loss=0.0000 scale=1.0000 norm=3.3739
[iter 700] loss=2.6705 val_loss=0.0000 scale=1.0000 norm=3.2326
[iter 800] loss=2.6182 val_loss=0.0000 scale=1.0000 norm=3.1068
[iter 900] loss=2.5705 val_loss=0.0000 scale=1.0000 norm=3.0065
[iter 1000] loss=2.5305 val_loss=0.0000 scale=1.0000 norm=2.9145
[iter 1100] loss=2.4952 val_loss=0.0000 scale=1.0000 norm=2.8379
[iter 1200] loss=2.4632 val_loss=0.0000 scale=1.0000 norm=2.7672
[iter 1300] loss=2.4360 val_loss=0.0000 scale=1.0000 norm=2.7060
[iter 1400] loss=2.4101 val_loss=0.0000 scale=1.0000 norm=2.6498
[iter 1500] loss=2.3855 val_loss=0.0000 scale=0.5000 norm=1.3001
[iter 1600] loss=2.3617 val_loss=0.0000 scale=1.0000 norm=2.5535
[iter 1700] loss=2.3408 val_loss=0.0000 scale=1.0000 norm=2.5111
[iter 1800] loss=2.3203 val_loss=0.0000 scale=1.0000 norm=2.4658
[iter 1900] loss=2.2937 val_loss=0.0000 scale=0.5000 norm=1.2090
[13/20] BestIter=1999 RMSE: Val=5.0421 Test=4.4186 NLL: Test=2.9309
[iter 0] loss=4.2350 val_loss=0.0000 scale=1.0000 norm=13.4334
[iter 100] loss=3.7433 val_loss=0.0000 scale=2.0000 norm=15.6937
[iter 200] loss=3.2996 val_loss=0.0000 scale=2.0000 norm=10.1938
[iter 300] loss=3.0160 val_loss=0.0000 scale=2.0000 norm=8.2131
[iter 400] loss=2.8690 val_loss=0.0000 scale=1.0000 norm=3.6830
[iter 500] loss=2.7618 val_loss=0.0000 scale=1.0000 norm=3.4144
[iter 600] loss=2.6805 val_loss=0.0000 scale=1.0000 norm=3.2167
[iter 700] loss=2.6130 val_loss=0.0000 scale=1.0000 norm=3.0554
[iter 800] loss=2.5597 val_loss=0.0000 scale=1.0000 norm=2.9265
[iter 900] loss=2.5069 val_loss=0.0000 scale=1.0000 norm=2.8150
[iter 1000] loss=2.4591 val_loss=0.0000 scale=1.0000 norm=2.7119
[iter 1100] loss=2.4143 val_loss=0.0000 scale=1.0000 norm=2.6156
[iter 1200] loss=2.3789 val_loss=0.0000 scale=1.0000 norm=2.5367
[iter 1300] loss=2.3435 val_loss=0.0000 scale=1.0000 norm=2.4696
[iter 1400] loss=2.3066 val_loss=0.0000 scale=1.0000 norm=2.4026
[iter 1500] loss=2.2689 val_loss=0.0000 scale=1.0000 norm=2.3397
[iter 1600] loss=2.2383 val_loss=0.0000 scale=1.0000 norm=2.2908
[iter 1700] loss=2.2088 val_loss=0.0000 scale=1.0000 norm=2.2443
[iter 1800] loss=2.1814 val_loss=0.0000 scale=1.0000 norm=2.2010
[iter 1900] loss=2.1569 val_loss=0.0000 scale=0.5000 norm=1.0804
[iter 0] loss=4.2401 val_loss=0.0000 scale=1.0000 norm=13.5498
[iter 100] loss=3.7786 val_loss=0.0000 scale=2.0000 norm=16.3116
[iter 200] loss=3.3220 val_loss=0.0000 scale=1.0000 norm=5.2374
[iter 300] loss=3.0496 val_loss=0.0000 scale=1.0000 norm=4.2335
[iter 400] loss=2.9186 val_loss=0.0000 scale=1.0000 norm=3.8461
[iter 500] loss=2.8271 val_loss=0.0000 scale=1.0000 norm=3.6069
[iter 600] loss=2.7502 val_loss=0.0000 scale=1.0000 norm=3.4123
[iter 700] loss=2.6812 val_loss=0.0000 scale=1.0000 norm=3.2299
[iter 800] loss=2.6337 val_loss=0.0000 scale=1.0000 norm=3.1105
[iter 900] loss=2.5924 val_loss=0.0000 scale=1.0000 norm=3.0137
[iter 1000] loss=2.5480 val_loss=0.0000 scale=1.0000 norm=2.9039
[iter 1100] loss=2.5135 val_loss=0.0000 scale=1.0000 norm=2.8172
[iter 1200] loss=2.4738 val_loss=0.0000 scale=1.0000 norm=2.7307
[iter 1300] loss=2.4386 val_loss=0.0000 scale=1.0000 norm=2.6527
[iter 1400] loss=2.4059 val_loss=0.0000 scale=1.0000 norm=2.5819
[iter 1500] loss=2.3775 val_loss=0.0000 scale=1.0000 norm=2.5250
[iter 1600] loss=2.3504 val_loss=0.0000 scale=0.5000 norm=1.2355
[iter 1700] loss=2.3232 val_loss=0.0000 scale=1.0000 norm=2.4151
[iter 1800] loss=2.3024 val_loss=0.0000 scale=0.5000 norm=1.1875
[iter 1900] loss=2.2789 val_loss=0.0000 scale=1.0000 norm=2.3309
[14/20] BestIter=2000 RMSE: Val=4.7040 Test=3.6917 NLL: Test=2.8968
[iter 0] loss=4.2502 val_loss=0.0000 scale=1.0000 norm=13.6712
[iter 100] loss=3.7793 val_loss=0.0000 scale=1.0000 norm=8.0787
[iter 200] loss=3.3560 val_loss=0.0000 scale=2.0000 norm=10.6056
[iter 300] loss=3.0195 val_loss=0.0000 scale=2.0000 norm=8.2095
[iter 400] loss=2.8613 val_loss=0.0000 scale=1.0000 norm=3.6484
[iter 500] loss=2.7570 val_loss=0.0000 scale=1.0000 norm=3.3890
[iter 600] loss=2.6657 val_loss=0.0000 scale=1.0000 norm=3.1735
[iter 700] loss=2.5936 val_loss=0.0000 scale=1.0000 norm=3.0117
[iter 800] loss=2.5313 val_loss=0.0000 scale=2.0000 norm=5.7295
[iter 900] loss=2.4749 val_loss=0.0000 scale=0.5000 norm=1.3697
[iter 1000] loss=2.4305 val_loss=0.0000 scale=1.0000 norm=2.6446
[iter 1100] loss=2.3894 val_loss=0.0000 scale=1.0000 norm=2.5573
[iter 1200] loss=2.3531 val_loss=0.0000 scale=1.0000 norm=2.4831
[iter 1300] loss=2.3211 val_loss=0.0000 scale=1.0000 norm=2.4189
[iter 1400] loss=2.2906 val_loss=0.0000 scale=1.0000 norm=2.3586
[iter 1500] loss=2.2622 val_loss=0.0000 scale=0.2500 norm=0.5751
[iter 1600] loss=2.2368 val_loss=0.0000 scale=1.0000 norm=2.2508
[iter 1700] loss=2.2121 val_loss=0.0000 scale=1.0000 norm=2.2035
[iter 1800] loss=2.1877 val_loss=0.0000 scale=2.0000 norm=4.3188
[iter 1900] loss=2.1712 val_loss=0.0000 scale=1.0000 norm=2.1299
[iter 0] loss=4.2474 val_loss=0.0000 scale=1.0000 norm=13.6846
[iter 100] loss=3.7824 val_loss=0.0000 scale=1.0000 norm=8.1332
[iter 200] loss=3.3365 val_loss=0.0000 scale=2.0000 norm=10.5138
[iter 300] loss=3.0226 val_loss=0.0000 scale=1.0000 norm=4.1430
[iter 400] loss=2.8786 val_loss=0.0000 scale=2.0000 norm=7.4251
[iter 500] loss=2.7792 val_loss=0.0000 scale=1.0000 norm=3.4520
[iter 600] loss=2.6968 val_loss=0.0000 scale=1.0000 norm=3.2530
[iter 700] loss=2.6340 val_loss=0.0000 scale=1.0000 norm=3.0991
[iter 800] loss=2.5814 val_loss=0.0000 scale=1.0000 norm=2.9708
[iter 900] loss=2.5301 val_loss=0.0000 scale=1.0000 norm=2.8652
[iter 1000] loss=2.4875 val_loss=0.0000 scale=1.0000 norm=2.7734
[iter 1100] loss=2.4505 val_loss=0.0000 scale=1.0000 norm=2.6908
[iter 1200] loss=2.4170 val_loss=0.0000 scale=1.0000 norm=2.6171
[iter 1300] loss=2.3763 val_loss=0.0000 scale=1.0000 norm=2.5384
[iter 1400] loss=2.3462 val_loss=0.0000 scale=2.0000 norm=4.9533
[iter 1500] loss=2.3206 val_loss=0.0000 scale=1.0000 norm=2.4205
[iter 1600] loss=2.2995 val_loss=0.0000 scale=1.0000 norm=2.3749
[iter 1700] loss=2.2775 val_loss=0.0000 scale=1.0000 norm=2.3307
[iter 1800] loss=2.2583 val_loss=0.0000 scale=0.5000 norm=1.1473
[iter 1900] loss=2.2383 val_loss=0.0000 scale=1.0000 norm=2.2588
[15/20] BestIter=1991 RMSE: Val=4.6667 Test=4.7484 NLL: Test=3.9362
[iter 0] loss=4.2266 val_loss=0.0000 scale=1.0000 norm=13.4705
[iter 100] loss=3.7724 val_loss=0.0000 scale=1.0000 norm=8.2039
[iter 200] loss=3.3750 val_loss=0.0000 scale=2.0000 norm=10.8656
[iter 300] loss=3.0353 val_loss=0.0000 scale=1.0000 norm=4.1245
[iter 400] loss=2.8830 val_loss=0.0000 scale=1.0000 norm=3.6652
[iter 500] loss=2.7690 val_loss=0.0000 scale=1.0000 norm=3.3769
[iter 600] loss=2.6810 val_loss=0.0000 scale=1.0000 norm=3.1802
[iter 700] loss=2.6103 val_loss=0.0000 scale=1.0000 norm=3.0249
[iter 800] loss=2.5542 val_loss=0.0000 scale=1.0000 norm=2.9046
[iter 900] loss=2.5052 val_loss=0.0000 scale=1.0000 norm=2.7995
[iter 1000] loss=2.4613 val_loss=0.0000 scale=1.0000 norm=2.7070
[iter 1100] loss=2.4237 val_loss=0.0000 scale=1.0000 norm=2.6284
[iter 1200] loss=2.3902 val_loss=0.0000 scale=1.0000 norm=2.5571
[iter 1300] loss=2.3559 val_loss=0.0000 scale=1.0000 norm=2.4889
[iter 1400] loss=2.3274 val_loss=0.0000 scale=0.5000 norm=1.2156
[iter 1500] loss=2.3029 val_loss=0.0000 scale=1.0000 norm=2.3775
[iter 1600] loss=2.2762 val_loss=0.0000 scale=0.5000 norm=1.1603
[iter 1700] loss=2.2481 val_loss=0.0000 scale=1.0000 norm=2.2647
[iter 1800] loss=2.2224 val_loss=0.0000 scale=0.5000 norm=1.1086
[iter 1900] loss=2.2002 val_loss=0.0000 scale=0.5000 norm=1.0880
[iter 0] loss=4.2448 val_loss=0.0000 scale=1.0000 norm=13.6766
[iter 100] loss=3.7931 val_loss=0.0000 scale=1.0000 norm=8.3305
[iter 200] loss=3.4008 val_loss=0.0000 scale=1.0000 norm=5.6245
[iter 300] loss=3.1065 val_loss=0.0000 scale=1.0000 norm=4.4335
[iter 400] loss=2.9410 val_loss=0.0000 scale=1.0000 norm=3.9040
[iter 500] loss=2.8297 val_loss=0.0000 scale=1.0000 norm=3.5957
[iter 600] loss=2.7470 val_loss=0.0000 scale=1.0000 norm=3.3807
[iter 700] loss=2.6816 val_loss=0.0000 scale=1.0000 norm=3.2299
[iter 800] loss=2.6270 val_loss=0.0000 scale=1.0000 norm=3.1053
[iter 900] loss=2.5833 val_loss=0.0000 scale=1.0000 norm=3.0009
[iter 1000] loss=2.5470 val_loss=0.0000 scale=1.0000 norm=2.9093
[iter 1100] loss=2.5131 val_loss=0.0000 scale=1.0000 norm=2.8255
[iter 1200] loss=2.4810 val_loss=0.0000 scale=1.0000 norm=2.7438
[iter 1300] loss=2.4471 val_loss=0.0000 scale=0.5000 norm=1.3343
[iter 1400] loss=2.4127 val_loss=0.0000 scale=1.0000 norm=2.6000
[iter 1500] loss=2.3869 val_loss=0.0000 scale=1.0000 norm=2.5476
[iter 1600] loss=2.3553 val_loss=0.0000 scale=2.0000 norm=4.9654
[iter 1700] loss=2.3290 val_loss=0.0000 scale=0.5000 norm=1.2162
[iter 1800] loss=2.3021 val_loss=0.0000 scale=1.0000 norm=2.3812
[iter 1900] loss=2.2761 val_loss=0.0000 scale=1.0000 norm=2.3341
[16/20] BestIter=1998 RMSE: Val=5.3209 Test=5.0570 NLL: Test=3.4220
[iter 0] loss=4.2418 val_loss=0.0000 scale=1.0000 norm=13.5897
[iter 100] loss=3.7455 val_loss=0.0000 scale=1.0000 norm=7.8724
[iter 200] loss=3.2902 val_loss=0.0000 scale=2.0000 norm=10.1528
[iter 300] loss=2.9820 val_loss=0.0000 scale=1.0000 norm=3.9671
[iter 400] loss=2.8287 val_loss=0.0000 scale=1.0000 norm=3.5712
[iter 500] loss=2.7292 val_loss=0.0000 scale=1.0000 norm=3.3408
[iter 600] loss=2.6562 val_loss=0.0000 scale=1.0000 norm=3.1713
[iter 700] loss=2.5973 val_loss=0.0000 scale=1.0000 norm=3.0410
[iter 800] loss=2.5462 val_loss=0.0000 scale=1.0000 norm=2.9255
[iter 900] loss=2.5045 val_loss=0.0000 scale=1.0000 norm=2.8336
[iter 1000] loss=2.4660 val_loss=0.0000 scale=1.0000 norm=2.7442
[iter 1100] loss=2.4296 val_loss=0.0000 scale=0.5000 norm=1.3300
[iter 1200] loss=2.3933 val_loss=0.0000 scale=1.0000 norm=2.5819
[iter 1300] loss=2.3647 val_loss=0.0000 scale=1.0000 norm=2.5175
[iter 1400] loss=2.3460 val_loss=0.0000 scale=2.0000 norm=4.9507
[iter 1500] loss=2.3263 val_loss=0.0000 scale=0.2500 norm=0.6084
[iter 1600] loss=2.3136 val_loss=0.0000 scale=1.0000 norm=2.4077
[iter 1700] loss=2.3011 val_loss=0.0000 scale=0.0625 norm=0.1490
[iter 1800] loss=2.2770 val_loss=0.0000 scale=0.5000 norm=1.1707
[iter 1900] loss=2.2479 val_loss=0.0000 scale=1.0000 norm=2.2898
[iter 0] loss=4.2385 val_loss=0.0000 scale=1.0000 norm=13.5395
[iter 100] loss=3.7689 val_loss=0.0000 scale=1.0000 norm=8.0657
[iter 200] loss=3.3400 val_loss=0.0000 scale=2.0000 norm=10.6036
[iter 300] loss=3.0333 val_loss=0.0000 scale=1.0000 norm=4.1699
[iter 400] loss=2.8813 val_loss=0.0000 scale=1.0000 norm=3.7232
[iter 500] loss=2.7794 val_loss=0.0000 scale=1.0000 norm=3.4629
[iter 600] loss=2.7005 val_loss=0.0000 scale=1.0000 norm=3.2783
[iter 700] loss=2.6427 val_loss=0.0000 scale=1.0000 norm=3.1401
[iter 800] loss=2.5934 val_loss=0.0000 scale=1.0000 norm=3.0193
[iter 900] loss=2.5477 val_loss=0.0000 scale=1.0000 norm=2.9221
[iter 1000] loss=2.5042 val_loss=0.0000 scale=1.0000 norm=2.8295
[iter 1100] loss=2.4688 val_loss=0.0000 scale=1.0000 norm=2.7538
[iter 1200] loss=2.4344 val_loss=0.0000 scale=1.0000 norm=2.6816
[iter 1300] loss=2.4007 val_loss=0.0000 scale=1.0000 norm=2.6112
[iter 1400] loss=2.3692 val_loss=0.0000 scale=1.0000 norm=2.5438
[iter 1500] loss=2.3396 val_loss=0.0000 scale=1.0000 norm=2.4837
[iter 1600] loss=2.3174 val_loss=0.0000 scale=1.0000 norm=2.4340
[iter 1700] loss=2.2953 val_loss=0.0000 scale=0.0156 norm=0.0373
[iter 1800] loss=2.2811 val_loss=0.0000 scale=0.0005 norm=0.0012
[iter 1900] loss=2.2795 val_loss=0.0000 scale=0.0005 norm=0.0012
[17/20] BestIter=1998 RMSE: Val=4.8778 Test=4.5125 NLL: Test=3.7792
[iter 0] loss=4.2306 val_loss=0.0000 scale=1.0000 norm=13.3545
[iter 100] loss=3.7756 val_loss=0.0000 scale=1.0000 norm=8.1600
[iter 200] loss=3.3943 val_loss=0.0000 scale=2.0000 norm=11.2170
[iter 300] loss=3.0861 val_loss=0.0000 scale=1.0000 norm=4.3882
[iter 400] loss=2.9095 val_loss=0.0000 scale=1.0000 norm=3.8282
[iter 500] loss=2.8038 val_loss=0.0000 scale=1.0000 norm=3.5569
[iter 600] loss=2.7246 val_loss=0.0000 scale=1.0000 norm=3.3684
[iter 700] loss=2.6501 val_loss=0.0000 scale=1.0000 norm=3.1934
[iter 800] loss=2.5868 val_loss=0.0000 scale=1.0000 norm=3.0502
[iter 900] loss=2.5338 val_loss=0.0000 scale=1.0000 norm=2.9300
[iter 1000] loss=2.4857 val_loss=0.0000 scale=1.0000 norm=2.8246
[iter 1100] loss=2.4473 val_loss=0.0000 scale=0.5000 norm=1.3703
[iter 1200] loss=2.4120 val_loss=0.0000 scale=0.5000 norm=1.3338
[iter 1300] loss=2.3815 val_loss=0.0000 scale=1.0000 norm=2.5972
[iter 1400] loss=2.3531 val_loss=0.0000 scale=0.5000 norm=1.2705
[iter 1500] loss=2.3271 val_loss=0.0000 scale=0.2500 norm=0.6221
[iter 1600] loss=2.3030 val_loss=0.0000 scale=1.0000 norm=2.4377
[iter 1700] loss=2.2772 val_loss=0.0000 scale=0.5000 norm=1.1925
[iter 1800] loss=2.2521 val_loss=0.0000 scale=0.5000 norm=1.1691
[iter 1900] loss=2.2288 val_loss=0.0000 scale=0.5000 norm=1.1472
[iter 0] loss=4.2379 val_loss=0.0000 scale=1.0000 norm=13.5587
[iter 100] loss=3.7489 val_loss=0.0000 scale=1.0000 norm=7.9112
[iter 200] loss=3.3231 val_loss=0.0000 scale=2.0000 norm=10.4745
[iter 300] loss=3.0447 val_loss=0.0000 scale=1.0000 norm=4.2358
[iter 400] loss=2.8928 val_loss=0.0000 scale=1.0000 norm=3.7921
[iter 500] loss=2.7939 val_loss=0.0000 scale=1.0000 norm=3.5348
[iter 600] loss=2.7195 val_loss=0.0000 scale=1.0000 norm=3.3441
[iter 700] loss=2.6570 val_loss=0.0000 scale=1.0000 norm=3.1915
[iter 800] loss=2.6082 val_loss=0.0000 scale=1.0000 norm=3.0714
[iter 900] loss=2.5669 val_loss=0.0000 scale=1.0000 norm=2.9739
[iter 1000] loss=2.5312 val_loss=0.0000 scale=1.0000 norm=2.8910
[iter 1100] loss=2.4911 val_loss=0.0000 scale=1.0000 norm=2.8039
[iter 1200] loss=2.4517 val_loss=0.0000 scale=1.0000 norm=2.7197
[iter 1300] loss=2.4189 val_loss=0.0000 scale=0.5000 norm=1.3257
[iter 1400] loss=2.3934 val_loss=0.0000 scale=1.0000 norm=2.5874
[iter 1500] loss=2.3638 val_loss=0.0000 scale=1.0000 norm=2.5273
[iter 1600] loss=2.3366 val_loss=0.0000 scale=1.0000 norm=2.4721
[iter 1700] loss=2.3125 val_loss=0.0000 scale=1.0000 norm=2.4205
[iter 1800] loss=2.2921 val_loss=0.0000 scale=1.0000 norm=2.3787
[iter 1900] loss=2.2718 val_loss=0.0000 scale=0.5000 norm=1.1694
[18/20] BestIter=2000 RMSE: Val=3.7354 Test=4.6411 NLL: Test=3.3187
[iter 0] loss=4.2186 val_loss=0.0000 scale=1.0000 norm=13.1716
[iter 100] loss=3.7598 val_loss=0.0000 scale=1.0000 norm=7.9226
[iter 200] loss=3.3213 val_loss=0.0000 scale=2.0000 norm=10.3137
[iter 300] loss=3.0317 val_loss=0.0000 scale=1.0000 norm=4.1544
[iter 400] loss=2.8592 val_loss=0.0000 scale=1.0000 norm=3.6932
[iter 500] loss=2.7556 val_loss=0.0000 scale=1.0000 norm=3.4287
[iter 600] loss=2.6830 val_loss=0.0000 scale=1.0000 norm=3.2460
[iter 700] loss=2.6150 val_loss=0.0000 scale=1.0000 norm=3.0779
[iter 800] loss=2.5599 val_loss=0.0000 scale=1.0000 norm=2.9449
[iter 900] loss=2.5113 val_loss=0.0000 scale=1.0000 norm=2.8296
[iter 1000] loss=2.4657 val_loss=0.0000 scale=1.0000 norm=2.7286
[iter 1100] loss=2.4238 val_loss=0.0000 scale=1.0000 norm=2.6372
[iter 1200] loss=2.3802 val_loss=0.0000 scale=1.0000 norm=2.5483
[iter 1300] loss=2.3389 val_loss=0.0000 scale=1.0000 norm=2.4697
[iter 1400] loss=2.3060 val_loss=0.0000 scale=0.5000 norm=1.2031
[iter 1500] loss=2.2744 val_loss=0.0000 scale=1.0000 norm=2.3400
[iter 1600] loss=2.2440 val_loss=0.0000 scale=1.0000 norm=2.2792
[iter 1700] loss=2.2193 val_loss=0.0000 scale=0.2500 norm=0.5576
[iter 1800] loss=2.1952 val_loss=0.0000 scale=0.5000 norm=1.0934
[iter 1900] loss=2.1678 val_loss=0.0000 scale=0.2500 norm=0.5352
[iter 0] loss=4.2294 val_loss=0.0000 scale=1.0000 norm=13.3959
[iter 100] loss=3.7543 val_loss=0.0000 scale=1.0000 norm=7.9175
[iter 200] loss=3.3291 val_loss=0.0000 scale=2.0000 norm=10.4592
[iter 300] loss=3.0533 val_loss=0.0000 scale=1.0000 norm=4.2450
[iter 400] loss=2.9093 val_loss=0.0000 scale=1.0000 norm=3.8088
[iter 500] loss=2.8055 val_loss=0.0000 scale=1.0000 norm=3.5227
[iter 600] loss=2.7256 val_loss=0.0000 scale=1.0000 norm=3.3222
[iter 700] loss=2.6575 val_loss=0.0000 scale=1.0000 norm=3.1622
[iter 800] loss=2.6017 val_loss=0.0000 scale=1.0000 norm=3.0346
[iter 900] loss=2.5547 val_loss=0.0000 scale=1.0000 norm=2.9361
[iter 1000] loss=2.5198 val_loss=0.0000 scale=1.0000 norm=2.8547
[iter 1100] loss=2.4863 val_loss=0.0000 scale=1.0000 norm=2.7783
[iter 1200] loss=2.4540 val_loss=0.0000 scale=1.0000 norm=2.7047
[iter 1300] loss=2.4184 val_loss=0.0000 scale=1.0000 norm=2.6305
[iter 1400] loss=2.3816 val_loss=0.0000 scale=1.0000 norm=2.5592
[iter 1500] loss=2.3514 val_loss=0.0000 scale=1.0000 norm=2.5032
[iter 1600] loss=2.3220 val_loss=0.0000 scale=1.0000 norm=2.4505
[iter 1700] loss=2.2992 val_loss=0.0000 scale=1.0000 norm=2.4101
[iter 1800] loss=2.2743 val_loss=0.0000 scale=1.0000 norm=2.3658
[iter 1900] loss=2.2503 val_loss=0.0000 scale=1.0000 norm=2.3229
[19/20] BestIter=2000 RMSE: Val=4.2433 Test=5.5600 NLL: Test=3.5620
[iter 0] loss=4.2468 val_loss=0.0000 scale=1.0000 norm=13.6815
[iter 100] loss=3.7743 val_loss=0.0000 scale=1.0000 norm=8.1519
[iter 200] loss=3.3572 val_loss=0.0000 scale=2.0000 norm=10.8375
[iter 300] loss=3.0476 val_loss=0.0000 scale=2.0000 norm=8.4749
[iter 400] loss=2.8827 val_loss=0.0000 scale=1.0000 norm=3.7505
[iter 500] loss=2.7723 val_loss=0.0000 scale=1.0000 norm=3.4791
[iter 600] loss=2.6907 val_loss=0.0000 scale=1.0000 norm=3.2811
[iter 700] loss=2.6207 val_loss=0.0000 scale=1.0000 norm=3.1223
[iter 800] loss=2.5640 val_loss=0.0000 scale=2.0000 norm=5.9681
[iter 900] loss=2.5104 val_loss=0.0000 scale=1.0000 norm=2.8665
[iter 1000] loss=2.4661 val_loss=0.0000 scale=1.0000 norm=2.7679
[iter 1100] loss=2.4203 val_loss=0.0000 scale=1.0000 norm=2.6710
[iter 1200] loss=2.3783 val_loss=0.0000 scale=1.0000 norm=2.5854
[iter 1300] loss=2.3392 val_loss=0.0000 scale=1.0000 norm=2.5120
[iter 1400] loss=2.3067 val_loss=0.0000 scale=1.0000 norm=2.4471
[iter 1500] loss=2.2810 val_loss=0.0000 scale=1.0000 norm=2.3977
[iter 1600] loss=2.2490 val_loss=0.0000 scale=1.0000 norm=2.3437
[iter 1700] loss=2.2196 val_loss=0.0000 scale=1.0000 norm=2.2886
[iter 1800] loss=2.1903 val_loss=0.0000 scale=1.0000 norm=2.2365
[iter 1900] loss=2.1687 val_loss=0.0000 scale=0.2500 norm=0.5489
[iter 0] loss=4.2417 val_loss=0.0000 scale=1.0000 norm=13.6385
[iter 100] loss=3.7665 val_loss=0.0000 scale=1.0000 norm=8.0423
[iter 200] loss=3.3356 val_loss=0.0000 scale=2.0000 norm=10.6339
[iter 300] loss=3.0504 val_loss=0.0000 scale=2.0000 norm=8.5027
[iter 400] loss=2.8930 val_loss=0.0000 scale=2.0000 norm=7.5807
[iter 500] loss=2.7922 val_loss=0.0000 scale=1.0000 norm=3.5146
[iter 600] loss=2.7133 val_loss=0.0000 scale=2.0000 norm=6.6183
[iter 700] loss=2.6493 val_loss=0.0000 scale=1.0000 norm=3.1464
[iter 800] loss=2.5982 val_loss=0.0000 scale=1.0000 norm=3.0246
[iter 900] loss=2.5461 val_loss=0.0000 scale=1.0000 norm=2.9208
[iter 1000] loss=2.4994 val_loss=0.0000 scale=1.0000 norm=2.8235
[iter 1100] loss=2.4620 val_loss=0.0000 scale=1.0000 norm=2.7401
[iter 1200] loss=2.4277 val_loss=0.0000 scale=1.0000 norm=2.6642
[iter 1300] loss=2.3971 val_loss=0.0000 scale=1.0000 norm=2.5941
[iter 1400] loss=2.3715 val_loss=0.0000 scale=0.2500 norm=0.6345
[iter 1500] loss=2.3491 val_loss=0.0000 scale=1.0000 norm=2.4915
[iter 1600] loss=2.3292 val_loss=0.0000 scale=0.2500 norm=0.6119
[iter 1700] loss=2.3098 val_loss=0.0000 scale=0.5000 norm=1.2035
[iter 1800] loss=2.2906 val_loss=0.0000 scale=1.0000 norm=2.3700
[iter 1900] loss=2.2751 val_loss=0.0000 scale=1.0000 norm=2.3385
[20/20] BestIter=2000 RMSE: Val=4.1955 Test=4.2880 NLL: Test=3.5671
Concrete Compression Strength
== GBM=0.0000 +/- 0.0000, RMSE NGBOOST =4.6077 ± 0.5429, NLL NGBOOST=3.4255 ± 0.4139, TIME = 59.4564
