Lmod has detected the following error: A different version of the 'GCCcore'
module is already loaded (see output of 'ml').
You should load another 'GCC' module that is compatible with the currently
loaded version of 'GCCcore'.
Use 'ml spider GCC' to get an overview of the available versions.


If you don't understand the warning or error, contact the helpdesk at
hpc@vub.be 
While processing the following module(s):
    Module fullname        Module Filename
    ---------------        ---------------
    GCC/12.3.0             /apps/brussel/RL8/skylake/modules/2023a/all/GCC/12.3.0.lua
    gfbf/2023a             /apps/brussel/RL8/skylake/modules/2023a/all/gfbf/2023a.lua
    sympy/1.12-gfbf-2023a  /apps/brussel/RL8/skylake/modules/2023a/all/sympy/1.12-gfbf-2023a.lua


Due to MODULEPATH changes, the following have been reloaded:
  1) OpenSSL/1.1

== Dataset=Year Prediciton MSD X.shape=(515344, 90) MLE/Normal
Best iteration: 1236
[1/20] BestIter=0 RMSE: Val=3.0059 Test=9.1134 NLL: Test=3.4195
Year Prediciton MSD
== GBM=0.0000 +/- 0.0000, RMSE GBMLSS=9.1134 ± 0.0000, NLL GBMLSS=3.4195 ± 0.0000, TIME = 721.4328
