Lmod has detected the following error: A different version of the 'GCCcore'
module is already loaded (see output of 'ml').
You should load another 'GCC' module that is compatible with the currently
loaded version of 'GCCcore'.
Use 'ml spider GCC' to get an overview of the available versions.


If you don't understand the warning or error, contact the helpdesk at
hpc@vub.be 
While processing the following module(s):
    Module fullname        Module Filename
    ---------------        ---------------
    GCC/12.3.0             /apps/brussel/RL8/skylake/modules/2023a/all/GCC/12.3.0.lua
    gfbf/2023a             /apps/brussel/RL8/skylake/modules/2023a/all/gfbf/2023a.lua
    sympy/1.12-gfbf-2023a  /apps/brussel/RL8/skylake/modules/2023a/all/sympy/1.12-gfbf-2023a.lua


Due to MODULEPATH changes, the following have been reloaded:
  1) OpenSSL/1.1

== Dataset=Boston Housing X.shape=(506, 13) MLE/Normal
Best iteration: 206
[1/20] BestIter=0 RMSE: Val=2.0102 Test=2.8190 NLL: Test=2.3739
Best iteration: 130
[2/20] BestIter=0 RMSE: Val=2.2024 Test=4.1995 NLL: Test=2.7560
Best iteration: 174
[3/20] BestIter=0 RMSE: Val=1.8498 Test=3.6449 NLL: Test=2.5738
Best iteration: 145
[4/20] BestIter=0 RMSE: Val=1.9959 Test=4.5682 NLL: Test=2.6049
Best iteration: 67
[5/20] BestIter=0 RMSE: Val=2.6306 Test=7.9107 NLL: Test=3.0752
Best iteration: 181
[6/20] BestIter=0 RMSE: Val=2.3156 Test=3.4140 NLL: Test=2.6503
Best iteration: 253
[7/20] BestIter=0 RMSE: Val=2.2484 Test=1.8492 NLL: Test=2.2017
Best iteration: 159
[8/20] BestIter=0 RMSE: Val=1.9811 Test=5.3425 NLL: Test=2.5654
Best iteration: 88
[9/20] BestIter=0 RMSE: Val=2.4481 Test=5.0630 NLL: Test=2.9423
Best iteration: 176
[10/20] BestIter=0 RMSE: Val=1.8579 Test=5.4387 NLL: Test=2.5936
Best iteration: 145
[11/20] BestIter=0 RMSE: Val=2.1509 Test=4.8401 NLL: Test=2.7456
Best iteration: 191
[12/20] BestIter=0 RMSE: Val=1.9364 Test=4.7826 NLL: Test=2.7009
Best iteration: 123
[13/20] BestIter=0 RMSE: Val=2.2961 Test=4.0642 NLL: Test=2.5582
Best iteration: 202
[14/20] BestIter=0 RMSE: Val=1.7143 Test=5.1886 NLL: Test=2.8896
Best iteration: 156
[15/20] BestIter=0 RMSE: Val=1.9311 Test=4.0125 NLL: Test=2.6387
Best iteration: 206
[16/20] BestIter=0 RMSE: Val=1.5995 Test=3.5023 NLL: Test=2.4673
Best iteration: 129
[17/20] BestIter=0 RMSE: Val=2.1623 Test=3.9969 NLL: Test=2.6871
Best iteration: 170
[18/20] BestIter=0 RMSE: Val=2.0296 Test=3.8432 NLL: Test=2.6847
Best iteration: 162
[19/20] BestIter=0 RMSE: Val=2.1799 Test=3.8235 NLL: Test=2.5173
Best iteration: 188
[20/20] BestIter=0 RMSE: Val=2.0474 Test=6.7886 NLL: Test=2.7145
Boston Housing
== GBM=0.0000 +/- 0.0000, RMSE GBMLSS=4.4546 ± 1.3006, NLL GBMLSS=2.6471 ± 0.1882, TIME = 2.4842
