Lmod has detected the following error: A different version of the 'GCCcore'
module is already loaded (see output of 'ml').
You should load another 'GCC' module that is compatible with the currently
loaded version of 'GCCcore'.
Use 'ml spider GCC' to get an overview of the available versions.


If you don't understand the warning or error, contact the helpdesk at
hpc@vub.be 
While processing the following module(s):
    Module fullname        Module Filename
    ---------------        ---------------
    GCC/12.3.0             /apps/brussel/RL8/skylake/modules/2023a/all/GCC/12.3.0.lua
    gfbf/2023a             /apps/brussel/RL8/skylake/modules/2023a/all/gfbf/2023a.lua
    sympy/1.12-gfbf-2023a  /apps/brussel/RL8/skylake/modules/2023a/all/sympy/1.12-gfbf-2023a.lua


Due to MODULEPATH changes, the following have been reloaded:
  1) OpenSSL/1.1

== Dataset=Yacht Hydrodynamics X.shape=(308, 6) MLE/Normal
Best iteration: 556
[1/20] BestIter=0 RMSE: Val=2.5224 Test=7.5484 NLL: Test=0.4340
Best iteration: 562
[2/20] BestIter=0 RMSE: Val=2.6768 Test=6.5713 NLL: Test=0.5156
Best iteration: 645
[3/20] BestIter=0 RMSE: Val=3.1450 Test=4.8216 NLL: Test=0.1420
Best iteration: 1048
[4/20] BestIter=0 RMSE: Val=3.2558 Test=11.6453 NLL: Test=0.6837
Best iteration: 740
[5/20] BestIter=0 RMSE: Val=2.8382 Test=10.2010 NLL: Test=0.8589
Best iteration: 506
[6/20] BestIter=0 RMSE: Val=2.9394 Test=4.6997 NLL: Test=0.4416
Best iteration: 735
[7/20] BestIter=0 RMSE: Val=2.2114 Test=0.5861 NLL: Test=-0.3035
Best iteration: 615
[8/20] BestIter=0 RMSE: Val=3.3008 Test=9.5668 NLL: Test=0.2874
Best iteration: 635
[9/20] BestIter=0 RMSE: Val=2.8788 Test=6.1398 NLL: Test=0.3076
Best iteration: 786
[10/20] BestIter=0 RMSE: Val=2.5244 Test=3.5249 NLL: Test=-0.2124
Best iteration: 579
[11/20] BestIter=0 RMSE: Val=2.5641 Test=10.4733 NLL: Test=1.4572
Best iteration: 683
[12/20] BestIter=0 RMSE: Val=2.8888 Test=6.0244 NLL: Test=0.3379
Best iteration: 660
[13/20] BestIter=0 RMSE: Val=3.1950 Test=10.9056 NLL: Test=0.9783
Best iteration: 846
[14/20] BestIter=0 RMSE: Val=2.9685 Test=10.7203 NLL: Test=1.5960
Best iteration: 787
[15/20] BestIter=0 RMSE: Val=2.6485 Test=9.0113 NLL: Test=0.6683
Best iteration: 863
[16/20] BestIter=0 RMSE: Val=2.7773 Test=7.1340 NLL: Test=0.3659
Best iteration: 578
[17/20] BestIter=0 RMSE: Val=2.3217 Test=6.2214 NLL: Test=0.3567
Best iteration: 684
[18/20] BestIter=0 RMSE: Val=2.9678 Test=7.1555 NLL: Test=0.4659
Best iteration: 748
[19/20] BestIter=0 RMSE: Val=2.8432 Test=8.4639 NLL: Test=0.4018
Best iteration: 711
[20/20] BestIter=0 RMSE: Val=2.8249 Test=12.7650 NLL: Test=1.7525
Yacht Hydrodynamics
== GBM=0.0000 +/- 0.0000, RMSE GBMLSS=7.7090 ± 2.9582, NLL GBMLSS=0.5768 ± 0.5213, TIME = 4.0612
