Lmod has detected the following error: A different version of the 'GCCcore'
module is already loaded (see output of 'ml').
You should load another 'GCC' module that is compatible with the currently
loaded version of 'GCCcore'.
Use 'ml spider GCC' to get an overview of the available versions.


If you don't understand the warning or error, contact the helpdesk at
hpc@vub.be 
While processing the following module(s):
    Module fullname        Module Filename
    ---------------        ---------------
    GCC/12.3.0             /apps/brussel/RL8/skylake/modules/2023a/all/GCC/12.3.0.lua
    gfbf/2023a             /apps/brussel/RL8/skylake/modules/2023a/all/gfbf/2023a.lua
    sympy/1.12-gfbf-2023a  /apps/brussel/RL8/skylake/modules/2023a/all/sympy/1.12-gfbf-2023a.lua


Due to MODULEPATH changes, the following have been reloaded:
  1) OpenSSL/1.1

== Dataset=Combined Cycle Power Plant X.shape=(9568, 4) LogScore/Normal
[iter 0] loss=4.2566 val_loss=0.0000 scale=1.0000 norm=14.8566
[iter 100] loss=3.3045 val_loss=0.0000 scale=2.0000 norm=8.1474
[iter 200] loss=2.8401 val_loss=0.0000 scale=2.0000 norm=6.2907
[iter 300] loss=2.7143 val_loss=0.0000 scale=2.0000 norm=6.0368
[iter 400] loss=2.6811 val_loss=0.0000 scale=1.0000 norm=2.9710
[iter 500] loss=2.6634 val_loss=0.0000 scale=1.0000 norm=2.9407
[iter 600] loss=2.6424 val_loss=0.0000 scale=2.0000 norm=5.8138
[iter 700] loss=2.6282 val_loss=0.0000 scale=1.0000 norm=2.8800
[iter 800] loss=2.6122 val_loss=0.0000 scale=1.0000 norm=2.8500
[iter 900] loss=2.5990 val_loss=0.0000 scale=1.0000 norm=2.8224
[iter 1000] loss=2.5865 val_loss=0.0000 scale=1.0000 norm=2.7970
[iter 1100] loss=2.5732 val_loss=0.0000 scale=1.0000 norm=2.7723
[iter 1200] loss=2.5645 val_loss=0.0000 scale=1.0000 norm=2.7527
[iter 1300] loss=2.5444 val_loss=0.0000 scale=1.0000 norm=2.7240
[iter 1400] loss=2.5312 val_loss=0.0000 scale=1.0000 norm=2.7005
[iter 1500] loss=2.5212 val_loss=0.0000 scale=2.0000 norm=5.3624
[iter 1600] loss=2.5082 val_loss=0.0000 scale=1.0000 norm=2.6618
[iter 1700] loss=2.4980 val_loss=0.0000 scale=0.5000 norm=1.3215
[iter 1800] loss=2.4884 val_loss=0.0000 scale=1.0000 norm=2.6221
[iter 1900] loss=2.4774 val_loss=0.0000 scale=1.0000 norm=2.6013
[iter 0] loss=4.2586 val_loss=0.0000 scale=1.0000 norm=14.9014
[iter 100] loss=3.3032 val_loss=0.0000 scale=2.0000 norm=8.1430
[iter 200] loss=2.8420 val_loss=0.0000 scale=2.0000 norm=6.2952
[iter 300] loss=2.7154 val_loss=0.0000 scale=2.0000 norm=6.0469
[iter 400] loss=2.6782 val_loss=0.0000 scale=1.0000 norm=2.9747
[iter 500] loss=2.6586 val_loss=0.0000 scale=2.0000 norm=5.8804
[iter 600] loss=2.6410 val_loss=0.0000 scale=1.0000 norm=2.9073
[iter 700] loss=2.6262 val_loss=0.0000 scale=1.0000 norm=2.8801
[iter 800] loss=2.6126 val_loss=0.0000 scale=1.0000 norm=2.8529
[iter 900] loss=2.6009 val_loss=0.0000 scale=1.0000 norm=2.8265
[iter 1000] loss=2.5873 val_loss=0.0000 scale=1.0000 norm=2.7985
[iter 1100] loss=2.5727 val_loss=0.0000 scale=1.0000 norm=2.7726
[iter 1200] loss=2.5621 val_loss=0.0000 scale=1.0000 norm=2.7510
[iter 1300] loss=2.5513 val_loss=0.0000 scale=1.0000 norm=2.7294
[iter 1400] loss=2.5376 val_loss=0.0000 scale=1.0000 norm=2.7078
[iter 1500] loss=2.5285 val_loss=0.0000 scale=1.0000 norm=2.6893
[iter 1600] loss=2.5173 val_loss=0.0000 scale=1.0000 norm=2.6684
[iter 1700] loss=2.5092 val_loss=0.0000 scale=1.0000 norm=2.6509
[iter 1800] loss=2.5010 val_loss=0.0000 scale=1.0000 norm=2.6325
[iter 1900] loss=2.4914 val_loss=0.0000 scale=1.0000 norm=2.6146
[1/20] BestIter=2000 RMSE: Val=3.6692 Test=3.6991 NLL: Test=2.7504
[iter 0] loss=4.2528 val_loss=0.0000 scale=1.0000 norm=14.7776
[iter 100] loss=3.2991 val_loss=0.0000 scale=2.0000 norm=8.1204
[iter 200] loss=2.8396 val_loss=0.0000 scale=2.0000 norm=6.2897
[iter 300] loss=2.7129 val_loss=0.0000 scale=2.0000 norm=6.0411
[iter 400] loss=2.6745 val_loss=0.0000 scale=1.0000 norm=2.9718
[iter 500] loss=2.6557 val_loss=0.0000 scale=1.0000 norm=2.9380
[iter 600] loss=2.6407 val_loss=0.0000 scale=2.0000 norm=5.8236
[iter 700] loss=2.6259 val_loss=0.0000 scale=1.0000 norm=2.8875
[iter 800] loss=2.6108 val_loss=0.0000 scale=2.0000 norm=5.7208
[iter 900] loss=2.5978 val_loss=0.0000 scale=1.0000 norm=2.8339
[iter 1000] loss=2.5869 val_loss=0.0000 scale=1.0000 norm=2.8123
[iter 1100] loss=2.5735 val_loss=0.0000 scale=1.0000 norm=2.7885
[iter 1200] loss=2.5593 val_loss=0.0000 scale=1.0000 norm=2.7646
[iter 1300] loss=2.5493 val_loss=0.0000 scale=1.0000 norm=2.7469
[iter 1400] loss=2.5396 val_loss=0.0000 scale=1.0000 norm=2.7274
[iter 1500] loss=2.5287 val_loss=0.0000 scale=1.0000 norm=2.7055
[iter 1600] loss=2.5180 val_loss=0.0000 scale=1.0000 norm=2.6851
[iter 1700] loss=2.5070 val_loss=0.0000 scale=1.0000 norm=2.6665
[iter 1800] loss=2.4981 val_loss=0.0000 scale=1.0000 norm=2.6479
[iter 1900] loss=2.4898 val_loss=0.0000 scale=1.0000 norm=2.6275
[iter 0] loss=4.2549 val_loss=0.0000 scale=1.0000 norm=14.8208
[iter 100] loss=3.3117 val_loss=0.0000 scale=2.0000 norm=8.2250
[iter 200] loss=2.8464 val_loss=0.0000 scale=2.0000 norm=6.3091
[iter 300] loss=2.7252 val_loss=0.0000 scale=2.0000 norm=6.0664
[iter 400] loss=2.6845 val_loss=0.0000 scale=2.0000 norm=5.9676
[iter 500] loss=2.6639 val_loss=0.0000 scale=1.0000 norm=2.9463
[iter 600] loss=2.6488 val_loss=0.0000 scale=1.0000 norm=2.9215
[iter 700] loss=2.6334 val_loss=0.0000 scale=2.0000 norm=5.7865
[iter 800] loss=2.6212 val_loss=0.0000 scale=1.0000 norm=2.8687
[iter 900] loss=2.6101 val_loss=0.0000 scale=2.0000 norm=5.6912
[iter 1000] loss=2.5970 val_loss=0.0000 scale=1.0000 norm=2.8210
[iter 1100] loss=2.5838 val_loss=0.0000 scale=1.0000 norm=2.7932
[iter 1200] loss=2.5714 val_loss=0.0000 scale=1.0000 norm=2.7675
[iter 1300] loss=2.5582 val_loss=0.0000 scale=1.0000 norm=2.7433
[iter 1400] loss=2.5463 val_loss=0.0000 scale=1.0000 norm=2.7174
[iter 1500] loss=2.5338 val_loss=0.0000 scale=1.0000 norm=2.6908
[iter 1600] loss=2.5239 val_loss=0.0000 scale=1.0000 norm=2.6726
[iter 1700] loss=2.5141 val_loss=0.0000 scale=1.0000 norm=2.6510
[iter 1800] loss=2.5064 val_loss=0.0000 scale=1.0000 norm=2.6335
[iter 1900] loss=2.4951 val_loss=0.0000 scale=1.0000 norm=2.6147
[2/20] BestIter=2000 RMSE: Val=3.6389 Test=3.6488 NLL: Test=2.8448
[iter 0] loss=4.2522 val_loss=0.0000 scale=1.0000 norm=14.7751
[iter 100] loss=3.3046 val_loss=0.0000 scale=2.0000 norm=8.2032
[iter 200] loss=2.8364 val_loss=0.0000 scale=2.0000 norm=6.3143
[iter 300] loss=2.7094 val_loss=0.0000 scale=2.0000 norm=6.0484
[iter 400] loss=2.6740 val_loss=0.0000 scale=1.0000 norm=2.9746
[iter 500] loss=2.6538 val_loss=0.0000 scale=2.0000 norm=5.8666
[iter 600] loss=2.6372 val_loss=0.0000 scale=1.0000 norm=2.9009
[iter 700] loss=2.6220 val_loss=0.0000 scale=1.0000 norm=2.8751
[iter 800] loss=2.6052 val_loss=0.0000 scale=1.0000 norm=2.8480
[iter 900] loss=2.5906 val_loss=0.0000 scale=1.0000 norm=2.8214
[iter 1000] loss=2.5771 val_loss=0.0000 scale=1.0000 norm=2.7949
[iter 1100] loss=2.5651 val_loss=0.0000 scale=1.0000 norm=2.7692
[iter 1200] loss=2.5534 val_loss=0.0000 scale=1.0000 norm=2.7454
[iter 1300] loss=2.5421 val_loss=0.0000 scale=1.0000 norm=2.7233
[iter 1400] loss=2.5337 val_loss=0.0000 scale=1.0000 norm=2.7049
[iter 1500] loss=2.5243 val_loss=0.0000 scale=1.0000 norm=2.6874
[iter 1600] loss=2.5147 val_loss=0.0000 scale=1.0000 norm=2.6676
[iter 1700] loss=2.5046 val_loss=0.0000 scale=1.0000 norm=2.6482
[iter 1800] loss=2.4951 val_loss=0.0000 scale=1.0000 norm=2.6276
[iter 1900] loss=2.4863 val_loss=0.0000 scale=1.0000 norm=2.6089
[iter 0] loss=4.2539 val_loss=0.0000 scale=1.0000 norm=14.8102
[iter 100] loss=3.3157 val_loss=0.0000 scale=2.0000 norm=8.2764
[iter 200] loss=2.8504 val_loss=0.0000 scale=2.0000 norm=6.3423
[iter 300] loss=2.7240 val_loss=0.0000 scale=1.0000 norm=3.0449
[iter 400] loss=2.6867 val_loss=0.0000 scale=2.0000 norm=5.9855
[iter 500] loss=2.6658 val_loss=0.0000 scale=2.0000 norm=5.9064
[iter 600] loss=2.6507 val_loss=0.0000 scale=1.0000 norm=2.9271
[iter 700] loss=2.6376 val_loss=0.0000 scale=1.0000 norm=2.9004
[iter 800] loss=2.6253 val_loss=0.0000 scale=1.0000 norm=2.8759
[iter 900] loss=2.6090 val_loss=0.0000 scale=2.0000 norm=5.6982
[iter 1000] loss=2.5960 val_loss=0.0000 scale=1.0000 norm=2.8228
[iter 1100] loss=2.5859 val_loss=0.0000 scale=1.0000 norm=2.8022
[iter 1200] loss=2.5757 val_loss=0.0000 scale=1.0000 norm=2.7817
[iter 1300] loss=2.5629 val_loss=0.0000 scale=1.0000 norm=2.7586
[iter 1400] loss=2.5539 val_loss=0.0000 scale=1.0000 norm=2.7360
[iter 1500] loss=2.5460 val_loss=0.0000 scale=1.0000 norm=2.7165
[iter 1600] loss=2.5385 val_loss=0.0000 scale=1.0000 norm=2.6994
[iter 1700] loss=2.5288 val_loss=0.0000 scale=1.0000 norm=2.6801
[iter 1800] loss=2.5194 val_loss=0.0000 scale=1.0000 norm=2.6599
[iter 1900] loss=2.5097 val_loss=0.0000 scale=2.0000 norm=5.2820
[3/20] BestIter=2000 RMSE: Val=3.7854 Test=3.4671 NLL: Test=2.6416
[iter 0] loss=4.2621 val_loss=0.0000 scale=1.0000 norm=14.9440
[iter 100] loss=3.3041 val_loss=0.0000 scale=2.0000 norm=8.1385
[iter 200] loss=2.8392 val_loss=0.0000 scale=2.0000 norm=6.2807
[iter 300] loss=2.7115 val_loss=0.0000 scale=2.0000 norm=6.0193
[iter 400] loss=2.6767 val_loss=0.0000 scale=1.0000 norm=2.9639
[iter 500] loss=2.6561 val_loss=0.0000 scale=1.0000 norm=2.9267
[iter 600] loss=2.6404 val_loss=0.0000 scale=1.0000 norm=2.8997
[iter 700] loss=2.6278 val_loss=0.0000 scale=1.0000 norm=2.8757
[iter 800] loss=2.6129 val_loss=0.0000 scale=1.0000 norm=2.8436
[iter 900] loss=2.5932 val_loss=0.0000 scale=1.0000 norm=2.8099
[iter 1000] loss=2.5787 val_loss=0.0000 scale=1.0000 norm=2.7804
[iter 1100] loss=2.5656 val_loss=0.0000 scale=1.0000 norm=2.7549
[iter 1200] loss=2.5537 val_loss=0.0000 scale=1.0000 norm=2.7336
[iter 1300] loss=2.5425 val_loss=0.0000 scale=1.0000 norm=2.7115
[iter 1400] loss=2.5314 val_loss=0.0000 scale=1.0000 norm=2.6890
[iter 1500] loss=2.5176 val_loss=0.0000 scale=1.0000 norm=2.6682
[iter 1600] loss=2.5046 val_loss=0.0000 scale=2.0000 norm=5.2883
[iter 1700] loss=2.4962 val_loss=0.0000 scale=1.0000 norm=2.6300
[iter 1800] loss=2.4859 val_loss=0.0000 scale=1.0000 norm=2.6112
[iter 1900] loss=2.4744 val_loss=0.0000 scale=1.0000 norm=2.5898
[iter 0] loss=4.2594 val_loss=0.0000 scale=1.0000 norm=14.9091
[iter 100] loss=3.3085 val_loss=0.0000 scale=2.0000 norm=8.2058
[iter 200] loss=2.8447 val_loss=0.0000 scale=2.0000 norm=6.3350
[iter 300] loss=2.7214 val_loss=0.0000 scale=2.0000 norm=6.0786
[iter 400] loss=2.6862 val_loss=0.0000 scale=2.0000 norm=5.9791
[iter 500] loss=2.6670 val_loss=0.0000 scale=1.0000 norm=2.9548
[iter 600] loss=2.6520 val_loss=0.0000 scale=1.0000 norm=2.9261
[iter 700] loss=2.6372 val_loss=0.0000 scale=1.0000 norm=2.8983
[iter 800] loss=2.6233 val_loss=0.0000 scale=2.0000 norm=5.7496
[iter 900] loss=2.6112 val_loss=0.0000 scale=1.0000 norm=2.8526
[iter 1000] loss=2.5979 val_loss=0.0000 scale=1.0000 norm=2.8266
[iter 1100] loss=2.5869 val_loss=0.0000 scale=1.0000 norm=2.8024
[iter 1200] loss=2.5734 val_loss=0.0000 scale=1.0000 norm=2.7778
[iter 1300] loss=2.5603 val_loss=0.0000 scale=2.0000 norm=5.5098
[iter 1400] loss=2.5474 val_loss=0.0000 scale=2.0000 norm=5.4605
[iter 1500] loss=2.5386 val_loss=0.0000 scale=1.0000 norm=2.7096
[iter 1600] loss=2.5268 val_loss=0.0000 scale=1.0000 norm=2.6888
[iter 1700] loss=2.5155 val_loss=0.0000 scale=1.0000 norm=2.6656
[iter 1800] loss=2.5061 val_loss=0.0000 scale=1.0000 norm=2.6470
[iter 1900] loss=2.4988 val_loss=0.0000 scale=1.0000 norm=2.6301
[4/20] BestIter=2000 RMSE: Val=3.7912 Test=3.4858 NLL: Test=2.6804
[iter 0] loss=4.2508 val_loss=0.0000 scale=1.0000 norm=14.7671
[iter 100] loss=3.3046 val_loss=0.0000 scale=2.0000 norm=8.2103
[iter 200] loss=2.8378 val_loss=0.0000 scale=2.0000 norm=6.3125
[iter 300] loss=2.7136 val_loss=0.0000 scale=2.0000 norm=6.0592
[iter 400] loss=2.6824 val_loss=0.0000 scale=2.0000 norm=5.9703
[iter 500] loss=2.6666 val_loss=0.0000 scale=1.0000 norm=2.9568
[iter 600] loss=2.6521 val_loss=0.0000 scale=2.0000 norm=5.8650
[iter 700] loss=2.6362 val_loss=0.0000 scale=1.0000 norm=2.9034
[iter 800] loss=2.6216 val_loss=0.0000 scale=1.0000 norm=2.8735
[iter 900] loss=2.6080 val_loss=0.0000 scale=1.0000 norm=2.8435
[iter 1000] loss=2.5949 val_loss=0.0000 scale=1.0000 norm=2.8167
[iter 1100] loss=2.5826 val_loss=0.0000 scale=1.0000 norm=2.7913
[iter 1200] loss=2.5727 val_loss=0.0000 scale=1.0000 norm=2.7681
[iter 1300] loss=2.5602 val_loss=0.0000 scale=1.0000 norm=2.7443
[iter 1400] loss=2.5482 val_loss=0.0000 scale=1.0000 norm=2.7206
[iter 1500] loss=2.5361 val_loss=0.0000 scale=1.0000 norm=2.6997
[iter 1600] loss=2.5263 val_loss=0.0000 scale=1.0000 norm=2.6796
[iter 1700] loss=2.5170 val_loss=0.0000 scale=1.0000 norm=2.6610
[iter 1800] loss=2.5085 val_loss=0.0000 scale=1.0000 norm=2.6446
[iter 1900] loss=2.4988 val_loss=0.0000 scale=1.0000 norm=2.6260
[iter 0] loss=4.2541 val_loss=0.0000 scale=1.0000 norm=14.8262
[iter 100] loss=3.2989 val_loss=0.0000 scale=2.0000 norm=8.1293
[iter 200] loss=2.8335 val_loss=0.0000 scale=2.0000 norm=6.2790
[iter 300] loss=2.7108 val_loss=0.0000 scale=2.0000 norm=6.0221
[iter 400] loss=2.6775 val_loss=0.0000 scale=1.0000 norm=2.9611
[iter 500] loss=2.6593 val_loss=0.0000 scale=1.0000 norm=2.9276
[iter 600] loss=2.6417 val_loss=0.0000 scale=1.0000 norm=2.8955
[iter 700] loss=2.6283 val_loss=0.0000 scale=1.0000 norm=2.8708
[iter 800] loss=2.6158 val_loss=0.0000 scale=1.0000 norm=2.8451
[iter 900] loss=2.6023 val_loss=0.0000 scale=1.0000 norm=2.8160
[iter 1000] loss=2.5901 val_loss=0.0000 scale=1.0000 norm=2.7885
[iter 1100] loss=2.5779 val_loss=0.0000 scale=1.0000 norm=2.7635
[iter 1200] loss=2.5682 val_loss=0.0000 scale=1.0000 norm=2.7412
[iter 1300] loss=2.5565 val_loss=0.0000 scale=1.0000 norm=2.7175
[iter 1400] loss=2.5452 val_loss=0.0000 scale=1.0000 norm=2.6944
[iter 1500] loss=2.5350 val_loss=0.0000 scale=1.0000 norm=2.6724
[iter 1600] loss=2.5237 val_loss=0.0000 scale=1.0000 norm=2.6532
[iter 1700] loss=2.5141 val_loss=0.0000 scale=1.0000 norm=2.6351
[iter 1800] loss=2.5062 val_loss=0.0000 scale=1.0000 norm=2.6193
[iter 1900] loss=2.4976 val_loss=0.0000 scale=1.0000 norm=2.6025
[5/20] BestIter=1998 RMSE: Val=3.5475 Test=3.9981 NLL: Test=2.8906
[iter 0] loss=4.2532 val_loss=0.0000 scale=1.0000 norm=14.7924
[iter 100] loss=3.3107 val_loss=0.0000 scale=2.0000 norm=8.2343
[iter 200] loss=2.8376 val_loss=0.0000 scale=2.0000 norm=6.2913
[iter 300] loss=2.7065 val_loss=0.0000 scale=1.0000 norm=3.0107
[iter 400] loss=2.6720 val_loss=0.0000 scale=2.0000 norm=5.9273
[iter 500] loss=2.6512 val_loss=0.0000 scale=1.0000 norm=2.9289
[iter 600] loss=2.6364 val_loss=0.0000 scale=1.0000 norm=2.9021
[iter 700] loss=2.6209 val_loss=0.0000 scale=2.0000 norm=5.7511
[iter 800] loss=2.6074 val_loss=0.0000 scale=1.0000 norm=2.8499
[iter 900] loss=2.5913 val_loss=0.0000 scale=2.0000 norm=5.6347
[iter 1000] loss=2.5779 val_loss=0.0000 scale=1.0000 norm=2.7885
[iter 1100] loss=2.5654 val_loss=0.0000 scale=1.0000 norm=2.7617
[iter 1200] loss=2.5531 val_loss=0.0000 scale=1.0000 norm=2.7378
[iter 1300] loss=2.5419 val_loss=0.0000 scale=1.0000 norm=2.7143
[iter 1400] loss=2.5306 val_loss=0.0000 scale=1.0000 norm=2.6912
[iter 1500] loss=2.5204 val_loss=0.0000 scale=0.2500 norm=0.6671
[iter 1600] loss=2.5120 val_loss=0.0000 scale=1.0000 norm=2.6517
[iter 1700] loss=2.5024 val_loss=0.0000 scale=1.0000 norm=2.6312
[iter 1800] loss=2.4936 val_loss=0.0000 scale=1.0000 norm=2.6135
[iter 1900] loss=2.4852 val_loss=0.0000 scale=2.0000 norm=5.1915
[iter 0] loss=4.2557 val_loss=0.0000 scale=1.0000 norm=14.8461
[iter 100] loss=3.3094 val_loss=0.0000 scale=2.0000 norm=8.2083
[iter 200] loss=2.8374 val_loss=0.0000 scale=2.0000 norm=6.3096
[iter 300] loss=2.7101 val_loss=0.0000 scale=1.0000 norm=3.0252
[iter 400] loss=2.6740 val_loss=0.0000 scale=2.0000 norm=5.9505
[iter 500] loss=2.6541 val_loss=0.0000 scale=2.0000 norm=5.8848
[iter 600] loss=2.6384 val_loss=0.0000 scale=1.0000 norm=2.9152
[iter 700] loss=2.6245 val_loss=0.0000 scale=1.0000 norm=2.8894
[iter 800] loss=2.6089 val_loss=0.0000 scale=1.0000 norm=2.8568
[iter 900] loss=2.5975 val_loss=0.0000 scale=1.0000 norm=2.8312
[iter 1000] loss=2.5858 val_loss=0.0000 scale=1.0000 norm=2.8040
[iter 1100] loss=2.5725 val_loss=0.0000 scale=1.0000 norm=2.7749
[iter 1200] loss=2.5625 val_loss=0.0000 scale=2.0000 norm=5.5067
[iter 1300] loss=2.5518 val_loss=0.0000 scale=1.0000 norm=2.7298
[iter 1400] loss=2.5393 val_loss=0.0000 scale=1.0000 norm=2.7053
[iter 1500] loss=2.5285 val_loss=0.0000 scale=1.0000 norm=2.6856
[iter 1600] loss=2.5191 val_loss=0.0000 scale=1.0000 norm=2.6662
[iter 1700] loss=2.5099 val_loss=0.0000 scale=1.0000 norm=2.6478
[iter 1800] loss=2.5002 val_loss=0.0000 scale=1.0000 norm=2.6275
[iter 1900] loss=2.4908 val_loss=0.0000 scale=1.0000 norm=2.6082
[6/20] BestIter=2000 RMSE: Val=3.5817 Test=3.8784 NLL: Test=2.8777
[iter 0] loss=4.2609 val_loss=0.0000 scale=1.0000 norm=14.9303
[iter 100] loss=3.3074 val_loss=0.0000 scale=2.0000 norm=8.1518
[iter 200] loss=2.8399 val_loss=0.0000 scale=2.0000 norm=6.2733
[iter 300] loss=2.7105 val_loss=0.0000 scale=1.0000 norm=3.0062
[iter 400] loss=2.6726 val_loss=0.0000 scale=1.0000 norm=2.9632
[iter 500] loss=2.6508 val_loss=0.0000 scale=1.0000 norm=2.9287
[iter 600] loss=2.6324 val_loss=0.0000 scale=1.0000 norm=2.8963
[iter 700] loss=2.6148 val_loss=0.0000 scale=1.0000 norm=2.8650
[iter 800] loss=2.6014 val_loss=0.0000 scale=1.0000 norm=2.8394
[iter 900] loss=2.5873 val_loss=0.0000 scale=1.0000 norm=2.8126
[iter 1000] loss=2.5755 val_loss=0.0000 scale=1.0000 norm=2.7876
[iter 1100] loss=2.5624 val_loss=0.0000 scale=1.0000 norm=2.7639
[iter 1200] loss=2.5536 val_loss=0.0000 scale=2.0000 norm=5.4916
[iter 1300] loss=2.5440 val_loss=0.0000 scale=1.0000 norm=2.7250
[iter 1400] loss=2.5328 val_loss=0.0000 scale=1.0000 norm=2.7029
[iter 1500] loss=2.5212 val_loss=0.0000 scale=1.0000 norm=2.6792
[iter 1600] loss=2.5113 val_loss=0.0000 scale=1.0000 norm=2.6607
[iter 1700] loss=2.5026 val_loss=0.0000 scale=0.5000 norm=1.3219
[iter 1800] loss=2.4932 val_loss=0.0000 scale=1.0000 norm=2.6254
[iter 1900] loss=2.4818 val_loss=0.0000 scale=1.0000 norm=2.6078
[iter 0] loss=4.2572 val_loss=0.0000 scale=1.0000 norm=14.8725
[iter 100] loss=3.3101 val_loss=0.0000 scale=2.0000 norm=8.2080
[iter 200] loss=2.8443 val_loss=0.0000 scale=2.0000 norm=6.3254
[iter 300] loss=2.7193 val_loss=0.0000 scale=2.0000 norm=6.0766
[iter 400] loss=2.6846 val_loss=0.0000 scale=2.0000 norm=5.9898
[iter 500] loss=2.6661 val_loss=0.0000 scale=1.0000 norm=2.9626
[iter 600] loss=2.6492 val_loss=0.0000 scale=1.0000 norm=2.9311
[iter 700] loss=2.6345 val_loss=0.0000 scale=1.0000 norm=2.9030
[iter 800] loss=2.6198 val_loss=0.0000 scale=1.0000 norm=2.8713
[iter 900] loss=2.6077 val_loss=0.0000 scale=1.0000 norm=2.8464
[iter 1000] loss=2.5957 val_loss=0.0000 scale=1.0000 norm=2.8196
[iter 1100] loss=2.5855 val_loss=0.0000 scale=1.0000 norm=2.7963
[iter 1200] loss=2.5735 val_loss=0.0000 scale=1.0000 norm=2.7724
[iter 1300] loss=2.5619 val_loss=0.0000 scale=1.0000 norm=2.7470
[iter 1400] loss=2.5507 val_loss=0.0000 scale=1.0000 norm=2.7230
[iter 1500] loss=2.5392 val_loss=0.0000 scale=1.0000 norm=2.6991
[iter 1600] loss=2.5291 val_loss=0.0000 scale=1.0000 norm=2.6774
[iter 1700] loss=2.5186 val_loss=0.0000 scale=1.0000 norm=2.6577
[iter 1800] loss=2.5103 val_loss=0.0000 scale=1.0000 norm=2.6399
[iter 1900] loss=2.4980 val_loss=0.0000 scale=1.0000 norm=2.6198
[7/20] BestIter=2000 RMSE: Val=3.6223 Test=3.5357 NLL: Test=2.6777
[iter 0] loss=4.2547 val_loss=0.0000 scale=1.0000 norm=14.8467
[iter 100] loss=3.3265 val_loss=0.0000 scale=2.0000 norm=8.3403
[iter 200] loss=2.8510 val_loss=0.0000 scale=2.0000 norm=6.3308
[iter 300] loss=2.7199 val_loss=0.0000 scale=2.0000 norm=6.0678
[iter 400] loss=2.6804 val_loss=0.0000 scale=2.0000 norm=5.9626
[iter 500] loss=2.6611 val_loss=0.0000 scale=2.0000 norm=5.8938
[iter 600] loss=2.6468 val_loss=0.0000 scale=1.0000 norm=2.9187
[iter 700] loss=2.6306 val_loss=0.0000 scale=1.0000 norm=2.8875
[iter 800] loss=2.6136 val_loss=0.0000 scale=2.0000 norm=5.7146
[iter 900] loss=2.5990 val_loss=0.0000 scale=1.0000 norm=2.8292
[iter 1000] loss=2.5867 val_loss=0.0000 scale=1.0000 norm=2.8002
[iter 1100] loss=2.5750 val_loss=0.0000 scale=1.0000 norm=2.7766
[iter 1200] loss=2.5647 val_loss=0.0000 scale=1.0000 norm=2.7539
[iter 1300] loss=2.5514 val_loss=0.0000 scale=1.0000 norm=2.7289
[iter 1400] loss=2.5418 val_loss=0.0000 scale=1.0000 norm=2.7072
[iter 1500] loss=2.5326 val_loss=0.0000 scale=1.0000 norm=2.6881
[iter 1600] loss=2.5227 val_loss=0.0000 scale=1.0000 norm=2.6677
[iter 1700] loss=2.5126 val_loss=0.0000 scale=1.0000 norm=2.6487
[iter 1800] loss=2.5035 val_loss=0.0000 scale=1.0000 norm=2.6313
[iter 1900] loss=2.4954 val_loss=0.0000 scale=1.0000 norm=2.6161
[iter 0] loss=4.2551 val_loss=0.0000 scale=1.0000 norm=14.8308
[iter 100] loss=3.2990 val_loss=0.0000 scale=2.0000 norm=8.1367
[iter 200] loss=2.8426 val_loss=0.0000 scale=2.0000 norm=6.3167
[iter 300] loss=2.7201 val_loss=0.0000 scale=2.0000 norm=6.0654
[iter 400] loss=2.6864 val_loss=0.0000 scale=1.0000 norm=2.9869
[iter 500] loss=2.6672 val_loss=0.0000 scale=1.0000 norm=2.9538
[iter 600] loss=2.6500 val_loss=0.0000 scale=1.0000 norm=2.9181
[iter 700] loss=2.6333 val_loss=0.0000 scale=1.0000 norm=2.8903
[iter 800] loss=2.6213 val_loss=0.0000 scale=2.0000 norm=5.7315
[iter 900] loss=2.6082 val_loss=0.0000 scale=1.0000 norm=2.8399
[iter 1000] loss=2.5962 val_loss=0.0000 scale=1.0000 norm=2.8135
[iter 1100] loss=2.5842 val_loss=0.0000 scale=1.0000 norm=2.7851
[iter 1200] loss=2.5721 val_loss=0.0000 scale=1.0000 norm=2.7587
[iter 1300] loss=2.5610 val_loss=0.0000 scale=1.0000 norm=2.7359
[iter 1400] loss=2.5513 val_loss=0.0000 scale=1.0000 norm=2.7121
[iter 1500] loss=2.5396 val_loss=0.0000 scale=1.0000 norm=2.6902
[iter 1600] loss=2.5269 val_loss=0.0000 scale=1.0000 norm=2.6675
[iter 1700] loss=2.5166 val_loss=0.0000 scale=1.0000 norm=2.6493
[iter 1800] loss=2.5063 val_loss=0.0000 scale=1.0000 norm=2.6312
[iter 1900] loss=2.4971 val_loss=0.0000 scale=1.0000 norm=2.6144
[8/20] BestIter=2000 RMSE: Val=3.6838 Test=3.5555 NLL: Test=2.8797
[iter 0] loss=4.2603 val_loss=0.0000 scale=1.0000 norm=14.8917
[iter 100] loss=3.3147 val_loss=0.0000 scale=2.0000 norm=8.2100
[iter 200] loss=2.8464 val_loss=0.0000 scale=2.0000 norm=6.3000
[iter 300] loss=2.7198 val_loss=0.0000 scale=2.0000 norm=6.0520
[iter 400] loss=2.6842 val_loss=0.0000 scale=1.0000 norm=2.9781
[iter 500] loss=2.6651 val_loss=0.0000 scale=1.0000 norm=2.9422
[iter 600] loss=2.6462 val_loss=0.0000 scale=2.0000 norm=5.8162
[iter 700] loss=2.6290 val_loss=0.0000 scale=1.0000 norm=2.8757
[iter 800] loss=2.6117 val_loss=0.0000 scale=1.0000 norm=2.8476
[iter 900] loss=2.5993 val_loss=0.0000 scale=1.0000 norm=2.8198
[iter 1000] loss=2.5869 val_loss=0.0000 scale=1.0000 norm=2.7932
[iter 1100] loss=2.5715 val_loss=0.0000 scale=1.0000 norm=2.7670
[iter 1200] loss=2.5588 val_loss=0.0000 scale=1.0000 norm=2.7459
[iter 1300] loss=2.5482 val_loss=0.0000 scale=1.0000 norm=2.7275
[iter 1400] loss=2.5376 val_loss=0.0000 scale=1.0000 norm=2.7078
[iter 1500] loss=2.5260 val_loss=0.0000 scale=1.0000 norm=2.6858
[iter 1600] loss=2.5149 val_loss=0.0000 scale=1.0000 norm=2.6637
[iter 1700] loss=2.5054 val_loss=0.0000 scale=1.0000 norm=2.6425
[iter 1800] loss=2.4946 val_loss=0.0000 scale=1.0000 norm=2.6234
[iter 1900] loss=2.4852 val_loss=0.0000 scale=1.0000 norm=2.6070
[iter 0] loss=4.2548 val_loss=0.0000 scale=1.0000 norm=14.8152
[iter 100] loss=3.3144 val_loss=0.0000 scale=2.0000 norm=8.2554
[iter 200] loss=2.8459 val_loss=0.0000 scale=2.0000 norm=6.3339
[iter 300] loss=2.7196 val_loss=0.0000 scale=2.0000 norm=6.0805
[iter 400] loss=2.6861 val_loss=0.0000 scale=1.0000 norm=2.9929
[iter 500] loss=2.6694 val_loss=0.0000 scale=1.0000 norm=2.9633
[iter 600] loss=2.6557 val_loss=0.0000 scale=1.0000 norm=2.9375
[iter 700] loss=2.6384 val_loss=0.0000 scale=1.0000 norm=2.9023
[iter 800] loss=2.6231 val_loss=0.0000 scale=1.0000 norm=2.8747
[iter 900] loss=2.6046 val_loss=0.0000 scale=1.0000 norm=2.8387
[iter 1000] loss=2.5924 val_loss=0.0000 scale=1.0000 norm=2.8132
[iter 1100] loss=2.5822 val_loss=0.0000 scale=1.0000 norm=2.7916
[iter 1200] loss=2.5684 val_loss=0.0000 scale=1.0000 norm=2.7663
[iter 1300] loss=2.5557 val_loss=0.0000 scale=1.0000 norm=2.7418
[iter 1400] loss=2.5439 val_loss=0.0000 scale=1.0000 norm=2.7195
[iter 1500] loss=2.5345 val_loss=0.0000 scale=1.0000 norm=2.7009
[iter 1600] loss=2.5246 val_loss=0.0000 scale=2.0000 norm=5.3619
[iter 1700] loss=2.5165 val_loss=0.0000 scale=1.0000 norm=2.6629
[iter 1800] loss=2.5090 val_loss=0.0000 scale=1.0000 norm=2.6466
[iter 1900] loss=2.5004 val_loss=0.0000 scale=1.0000 norm=2.6301
[9/20] BestIter=1999 RMSE: Val=3.5411 Test=3.8170 NLL: Test=2.8195
[iter 0] loss=4.2557 val_loss=0.0000 scale=1.0000 norm=14.8109
[iter 100] loss=3.3242 val_loss=0.0000 scale=2.0000 norm=8.3243
[iter 200] loss=2.8456 val_loss=0.0000 scale=2.0000 norm=6.3050
[iter 300] loss=2.7137 val_loss=0.0000 scale=1.0000 norm=3.0176
[iter 400] loss=2.6805 val_loss=0.0000 scale=1.0000 norm=2.9731
[iter 500] loss=2.6605 val_loss=0.0000 scale=2.0000 norm=5.8727
[iter 600] loss=2.6455 val_loss=0.0000 scale=1.0000 norm=2.9071
[iter 700] loss=2.6302 val_loss=0.0000 scale=2.0000 norm=5.7637
[iter 800] loss=2.6142 val_loss=0.0000 scale=1.0000 norm=2.8543
[iter 900] loss=2.5993 val_loss=0.0000 scale=1.0000 norm=2.8244
[iter 1000] loss=2.5851 val_loss=0.0000 scale=1.0000 norm=2.7959
[iter 1100] loss=2.5731 val_loss=0.0000 scale=1.0000 norm=2.7699
[iter 1200] loss=2.5605 val_loss=0.0000 scale=1.0000 norm=2.7431
[iter 1300] loss=2.5466 val_loss=0.0000 scale=1.0000 norm=2.7142
[iter 1400] loss=2.5330 val_loss=0.0000 scale=1.0000 norm=2.6875
[iter 1500] loss=2.5214 val_loss=0.0000 scale=2.0000 norm=5.3286
[iter 1600] loss=2.5138 val_loss=0.0000 scale=2.0000 norm=5.2918
[iter 1700] loss=2.5050 val_loss=0.0000 scale=1.0000 norm=2.6280
[iter 1800] loss=2.4959 val_loss=0.0000 scale=1.0000 norm=2.6127
[iter 1900] loss=2.4854 val_loss=0.0000 scale=1.0000 norm=2.5968
[iter 0] loss=4.2571 val_loss=0.0000 scale=1.0000 norm=14.8787
[iter 100] loss=3.3202 val_loss=0.0000 scale=2.0000 norm=8.2913
[iter 200] loss=2.8496 val_loss=0.0000 scale=2.0000 norm=6.3380
[iter 300] loss=2.7220 val_loss=0.0000 scale=2.0000 norm=6.0848
[iter 400] loss=2.6867 val_loss=0.0000 scale=2.0000 norm=5.9894
[iter 500] loss=2.6681 val_loss=0.0000 scale=1.0000 norm=2.9614
[iter 600] loss=2.6501 val_loss=0.0000 scale=1.0000 norm=2.9257
[iter 700] loss=2.6356 val_loss=0.0000 scale=1.0000 norm=2.8972
[iter 800] loss=2.6230 val_loss=0.0000 scale=1.0000 norm=2.8721
[iter 900] loss=2.6109 val_loss=0.0000 scale=2.0000 norm=5.6919
[iter 1000] loss=2.5988 val_loss=0.0000 scale=1.0000 norm=2.8174
[iter 1100] loss=2.5863 val_loss=0.0000 scale=2.0000 norm=5.5843
[iter 1200] loss=2.5727 val_loss=0.0000 scale=1.0000 norm=2.7602
[iter 1300] loss=2.5597 val_loss=0.0000 scale=1.0000 norm=2.7343
[iter 1400] loss=2.5469 val_loss=0.0000 scale=1.0000 norm=2.7102
[iter 1500] loss=2.5379 val_loss=0.0000 scale=1.0000 norm=2.6908
[iter 1600] loss=2.5240 val_loss=0.0000 scale=1.0000 norm=2.6696
[iter 1700] loss=2.5128 val_loss=0.0000 scale=1.0000 norm=2.6451
[iter 1800] loss=2.5035 val_loss=0.0000 scale=1.0000 norm=2.6246
[iter 1900] loss=2.4955 val_loss=0.0000 scale=1.0000 norm=2.6082
[10/20] BestIter=2000 RMSE: Val=3.6742 Test=3.6929 NLL: Test=2.7794
[iter 0] loss=4.2524 val_loss=0.0000 scale=1.0000 norm=14.7871
[iter 100] loss=3.3030 val_loss=0.0000 scale=2.0000 norm=8.1700
[iter 200] loss=2.8398 val_loss=0.0000 scale=2.0000 norm=6.2899
[iter 300] loss=2.7135 val_loss=0.0000 scale=2.0000 norm=6.0338
[iter 400] loss=2.6783 val_loss=0.0000 scale=2.0000 norm=5.9361
[iter 500] loss=2.6595 val_loss=0.0000 scale=1.0000 norm=2.9362
[iter 600] loss=2.6440 val_loss=0.0000 scale=1.0000 norm=2.9091
[iter 700] loss=2.6277 val_loss=0.0000 scale=1.0000 norm=2.8765
[iter 800] loss=2.6135 val_loss=0.0000 scale=1.0000 norm=2.8488
[iter 900] loss=2.6003 val_loss=0.0000 scale=1.0000 norm=2.8219
[iter 1000] loss=2.5890 val_loss=0.0000 scale=1.0000 norm=2.7980
[iter 1100] loss=2.5758 val_loss=0.0000 scale=1.0000 norm=2.7719
[iter 1200] loss=2.5631 val_loss=0.0000 scale=1.0000 norm=2.7466
[iter 1300] loss=2.5523 val_loss=0.0000 scale=1.0000 norm=2.7268
[iter 1400] loss=2.5397 val_loss=0.0000 scale=1.0000 norm=2.7039
[iter 1500] loss=2.5292 val_loss=0.0000 scale=1.0000 norm=2.6828
[iter 1600] loss=2.5189 val_loss=0.0000 scale=1.0000 norm=2.6626
[iter 1700] loss=2.5101 val_loss=0.0000 scale=1.0000 norm=2.6434
[iter 1800] loss=2.5006 val_loss=0.0000 scale=1.0000 norm=2.6261
[iter 1900] loss=2.4909 val_loss=0.0000 scale=1.0000 norm=2.6079
[iter 0] loss=4.2572 val_loss=0.0000 scale=1.0000 norm=14.8710
[iter 100] loss=3.3177 val_loss=0.0000 scale=2.0000 norm=8.2747
[iter 200] loss=2.8482 val_loss=0.0000 scale=2.0000 norm=6.3258
[iter 300] loss=2.7221 val_loss=0.0000 scale=2.0000 norm=6.0728
[iter 400] loss=2.6884 val_loss=0.0000 scale=1.0000 norm=2.9896
[iter 500] loss=2.6697 val_loss=0.0000 scale=1.0000 norm=2.9565
[iter 600] loss=2.6545 val_loss=0.0000 scale=1.0000 norm=2.9288
[iter 700] loss=2.6410 val_loss=0.0000 scale=1.0000 norm=2.9041
[iter 800] loss=2.6282 val_loss=0.0000 scale=1.0000 norm=2.8785
[iter 900] loss=2.6176 val_loss=0.0000 scale=1.0000 norm=2.8573
[iter 1000] loss=2.6046 val_loss=0.0000 scale=1.0000 norm=2.8332
[iter 1100] loss=2.5926 val_loss=0.0000 scale=1.0000 norm=2.8073
[iter 1200] loss=2.5796 val_loss=0.0000 scale=1.0000 norm=2.7818
[iter 1300] loss=2.5685 val_loss=0.0000 scale=1.0000 norm=2.7602
[iter 1400] loss=2.5559 val_loss=0.0000 scale=2.0000 norm=5.4776
[iter 1500] loss=2.5453 val_loss=0.0000 scale=1.0000 norm=2.7174
[iter 1600] loss=2.5352 val_loss=0.0000 scale=1.0000 norm=2.6980
[iter 1700] loss=2.5255 val_loss=0.0000 scale=1.0000 norm=2.6792
[iter 1800] loss=2.5161 val_loss=0.0000 scale=1.0000 norm=2.6613
[iter 1900] loss=2.5080 val_loss=0.0000 scale=1.0000 norm=2.6439
[11/20] BestIter=2000 RMSE: Val=3.7582 Test=3.4802 NLL: Test=2.6612
[iter 0] loss=4.2597 val_loss=0.0000 scale=1.0000 norm=14.8995
[iter 100] loss=3.3052 val_loss=0.0000 scale=2.0000 norm=8.1843
[iter 200] loss=2.8463 val_loss=0.0000 scale=2.0000 norm=6.3147
[iter 300] loss=2.7204 val_loss=0.0000 scale=2.0000 norm=6.0572
[iter 400] loss=2.6813 val_loss=0.0000 scale=1.0000 norm=2.9756
[iter 500] loss=2.6623 val_loss=0.0000 scale=2.0000 norm=5.8904
[iter 600] loss=2.6459 val_loss=0.0000 scale=1.0000 norm=2.9146
[iter 700] loss=2.6314 val_loss=0.0000 scale=1.0000 norm=2.8884
[iter 800] loss=2.6172 val_loss=0.0000 scale=1.0000 norm=2.8612
[iter 900] loss=2.6010 val_loss=0.0000 scale=1.0000 norm=2.8338
[iter 1000] loss=2.5868 val_loss=0.0000 scale=1.0000 norm=2.8080
[iter 1100] loss=2.5750 val_loss=0.0000 scale=2.0000 norm=5.5720
[iter 1200] loss=2.5648 val_loss=0.0000 scale=1.0000 norm=2.7659
[iter 1300] loss=2.5545 val_loss=0.0000 scale=1.0000 norm=2.7460
[iter 1400] loss=2.5435 val_loss=0.0000 scale=1.0000 norm=2.7264
[iter 1500] loss=2.5284 val_loss=0.0000 scale=0.5000 norm=1.3499
[iter 1600] loss=2.5178 val_loss=0.0000 scale=1.0000 norm=2.6775
[iter 1700] loss=2.5081 val_loss=0.0000 scale=1.0000 norm=2.6579
[iter 1800] loss=2.4972 val_loss=0.0000 scale=1.0000 norm=2.6356
[iter 1900] loss=2.4861 val_loss=0.0000 scale=1.0000 norm=2.6169
[iter 0] loss=4.2548 val_loss=0.0000 scale=1.0000 norm=14.8268
[iter 100] loss=3.3070 val_loss=0.0000 scale=2.0000 norm=8.1888
[iter 200] loss=2.8428 val_loss=0.0000 scale=2.0000 norm=6.3037
[iter 300] loss=2.7187 val_loss=0.0000 scale=2.0000 norm=6.0624
[iter 400] loss=2.6847 val_loss=0.0000 scale=2.0000 norm=5.9714
[iter 500] loss=2.6635 val_loss=0.0000 scale=1.0000 norm=2.9459
[iter 600] loss=2.6461 val_loss=0.0000 scale=2.0000 norm=5.8242
[iter 700] loss=2.6326 val_loss=0.0000 scale=1.0000 norm=2.8836
[iter 800] loss=2.6214 val_loss=0.0000 scale=2.0000 norm=5.7192
[iter 900] loss=2.6085 val_loss=0.0000 scale=1.0000 norm=2.8338
[iter 1000] loss=2.5977 val_loss=0.0000 scale=1.0000 norm=2.8091
[iter 1100] loss=2.5840 val_loss=0.0000 scale=1.0000 norm=2.7811
[iter 1200] loss=2.5714 val_loss=0.0000 scale=1.0000 norm=2.7555
[iter 1300] loss=2.5587 val_loss=0.0000 scale=1.0000 norm=2.7334
[iter 1400] loss=2.5479 val_loss=0.0000 scale=1.0000 norm=2.7129
[iter 1500] loss=2.5368 val_loss=0.0000 scale=1.0000 norm=2.6924
[iter 1600] loss=2.5259 val_loss=0.0000 scale=1.0000 norm=2.6718
[iter 1700] loss=2.5165 val_loss=0.0000 scale=1.0000 norm=2.6525
[iter 1800] loss=2.5076 val_loss=0.0000 scale=1.0000 norm=2.6347
[iter 1900] loss=2.5003 val_loss=0.0000 scale=2.0000 norm=5.2377
[12/20] BestIter=2000 RMSE: Val=3.4248 Test=3.7923 NLL: Test=2.8193
[iter 0] loss=4.2578 val_loss=0.0000 scale=1.0000 norm=14.8593
[iter 100] loss=3.3104 val_loss=0.0000 scale=2.0000 norm=8.2038
[iter 200] loss=2.8413 val_loss=0.0000 scale=2.0000 norm=6.2957
[iter 300] loss=2.7150 val_loss=0.0000 scale=1.0000 norm=3.0246
[iter 400] loss=2.6785 val_loss=0.0000 scale=1.0000 norm=2.9790
[iter 500] loss=2.6595 val_loss=0.0000 scale=1.0000 norm=2.9449
[iter 600] loss=2.6440 val_loss=0.0000 scale=1.0000 norm=2.9152
[iter 700] loss=2.6303 val_loss=0.0000 scale=2.0000 norm=5.7830
[iter 800] loss=2.6145 val_loss=0.0000 scale=1.0000 norm=2.8649
[iter 900] loss=2.6013 val_loss=0.0000 scale=1.0000 norm=2.8400
[iter 1000] loss=2.5867 val_loss=0.0000 scale=1.0000 norm=2.8149
[iter 1100] loss=2.5716 val_loss=0.0000 scale=1.0000 norm=2.7897
[iter 1200] loss=2.5583 val_loss=0.0000 scale=1.0000 norm=2.7623
[iter 1300] loss=2.5469 val_loss=0.0000 scale=1.0000 norm=2.7392
[iter 1400] loss=2.5364 val_loss=0.0000 scale=1.0000 norm=2.7181
[iter 1500] loss=2.5261 val_loss=0.0000 scale=2.0000 norm=5.3880
[iter 1600] loss=2.5136 val_loss=0.0000 scale=1.0000 norm=2.6696
[iter 1700] loss=2.5016 val_loss=0.0000 scale=1.0000 norm=2.6473
[iter 1800] loss=2.4910 val_loss=0.0000 scale=1.0000 norm=2.6269
[iter 1900] loss=2.4820 val_loss=0.0000 scale=1.0000 norm=2.6091
[iter 0] loss=4.2548 val_loss=0.0000 scale=1.0000 norm=14.8215
[iter 100] loss=3.3118 val_loss=0.0000 scale=2.0000 norm=8.2240
[iter 200] loss=2.8446 val_loss=0.0000 scale=2.0000 norm=6.3056
[iter 300] loss=2.7190 val_loss=0.0000 scale=2.0000 norm=6.0500
[iter 400] loss=2.6836 val_loss=0.0000 scale=2.0000 norm=5.9564
[iter 500] loss=2.6607 val_loss=0.0000 scale=1.0000 norm=2.9373
[iter 600] loss=2.6408 val_loss=0.0000 scale=1.0000 norm=2.9001
[iter 700] loss=2.6261 val_loss=0.0000 scale=1.0000 norm=2.8750
[iter 800] loss=2.6150 val_loss=0.0000 scale=1.0000 norm=2.8544
[iter 900] loss=2.6038 val_loss=0.0000 scale=1.0000 norm=2.8289
[iter 1000] loss=2.5917 val_loss=0.0000 scale=1.0000 norm=2.8048
[iter 1100] loss=2.5803 val_loss=0.0000 scale=1.0000 norm=2.7851
[iter 1200] loss=2.5705 val_loss=0.0000 scale=1.0000 norm=2.7663
[iter 1300] loss=2.5552 val_loss=0.0000 scale=1.0000 norm=2.7404
[iter 1400] loss=2.5418 val_loss=0.0000 scale=1.0000 norm=2.7161
[iter 1500] loss=2.5312 val_loss=0.0000 scale=1.0000 norm=2.6927
[iter 1600] loss=2.5225 val_loss=0.0000 scale=1.0000 norm=2.6753
[iter 1700] loss=2.5140 val_loss=0.0000 scale=1.0000 norm=2.6583
[iter 1800] loss=2.5049 val_loss=0.0000 scale=1.0000 norm=2.6418
[iter 1900] loss=2.4972 val_loss=0.0000 scale=1.0000 norm=2.6264
[13/20] BestIter=2000 RMSE: Val=3.5109 Test=3.5271 NLL: Test=2.6708
[iter 0] loss=4.2538 val_loss=0.0000 scale=1.0000 norm=14.8088
[iter 100] loss=3.3103 val_loss=0.0000 scale=2.0000 norm=8.2239
[iter 200] loss=2.8471 val_loss=0.0000 scale=2.0000 norm=6.3279
[iter 300] loss=2.7276 val_loss=0.0000 scale=2.0000 norm=6.0779
[iter 400] loss=2.6890 val_loss=0.0000 scale=1.0000 norm=2.9890
[iter 500] loss=2.6697 val_loss=0.0000 scale=1.0000 norm=2.9549
[iter 600] loss=2.6541 val_loss=0.0000 scale=1.0000 norm=2.9270
[iter 700] loss=2.6395 val_loss=0.0000 scale=1.0000 norm=2.8962
[iter 800] loss=2.6270 val_loss=0.0000 scale=1.0000 norm=2.8722
[iter 900] loss=2.6108 val_loss=0.0000 scale=1.0000 norm=2.8445
[iter 1000] loss=2.5965 val_loss=0.0000 scale=1.0000 norm=2.8170
[iter 1100] loss=2.5846 val_loss=0.0000 scale=1.0000 norm=2.7911
[iter 1200] loss=2.5703 val_loss=0.0000 scale=1.0000 norm=2.7654
[iter 1300] loss=2.5536 val_loss=0.0000 scale=1.0000 norm=2.7411
[iter 1400] loss=2.5416 val_loss=0.0000 scale=1.0000 norm=2.7162
[iter 1500] loss=2.5311 val_loss=0.0000 scale=1.0000 norm=2.6928
[iter 1600] loss=2.5222 val_loss=0.0000 scale=1.0000 norm=2.6731
[iter 1700] loss=2.5119 val_loss=0.0000 scale=1.0000 norm=2.6527
[iter 1800] loss=2.5023 val_loss=0.0000 scale=1.0000 norm=2.6318
[iter 1900] loss=2.4940 val_loss=0.0000 scale=1.0000 norm=2.6127
[iter 0] loss=4.2566 val_loss=0.0000 scale=1.0000 norm=14.8586
[iter 100] loss=3.3178 val_loss=0.0000 scale=2.0000 norm=8.2871
[iter 200] loss=2.8512 val_loss=0.0000 scale=2.0000 norm=6.3628
[iter 300] loss=2.7276 val_loss=0.0000 scale=2.0000 norm=6.1055
[iter 400] loss=2.6922 val_loss=0.0000 scale=2.0000 norm=6.0035
[iter 500] loss=2.6732 val_loss=0.0000 scale=1.0000 norm=2.9672
[iter 600] loss=2.6581 val_loss=0.0000 scale=2.0000 norm=5.8806
[iter 700] loss=2.6430 val_loss=0.0000 scale=1.0000 norm=2.9134
[iter 800] loss=2.6287 val_loss=0.0000 scale=1.0000 norm=2.8846
[iter 900] loss=2.6133 val_loss=0.0000 scale=1.0000 norm=2.8541
[iter 1000] loss=2.5998 val_loss=0.0000 scale=1.0000 norm=2.8278
[iter 1100] loss=2.5892 val_loss=0.0000 scale=1.0000 norm=2.8045
[iter 1200] loss=2.5770 val_loss=0.0000 scale=1.0000 norm=2.7804
[iter 1300] loss=2.5624 val_loss=0.0000 scale=2.0000 norm=5.5140
[iter 1400] loss=2.5524 val_loss=0.0000 scale=1.0000 norm=2.7354
[iter 1500] loss=2.5430 val_loss=0.0000 scale=1.0000 norm=2.7143
[iter 1600] loss=2.5339 val_loss=0.0000 scale=1.0000 norm=2.6942
[iter 1700] loss=2.5242 val_loss=0.0000 scale=1.0000 norm=2.6745
[iter 1800] loss=2.5149 val_loss=0.0000 scale=1.0000 norm=2.6537
[iter 1900] loss=2.5065 val_loss=0.0000 scale=1.0000 norm=2.6350
[14/20] BestIter=2000 RMSE: Val=3.6475 Test=3.3249 NLL: Test=2.5937
[iter 0] loss=4.2591 val_loss=0.0000 scale=1.0000 norm=14.9201
[iter 100] loss=3.3339 val_loss=0.0000 scale=2.0000 norm=8.4047
[iter 200] loss=2.8566 val_loss=0.0000 scale=2.0000 norm=6.3532
[iter 300] loss=2.7266 val_loss=0.0000 scale=2.0000 norm=6.0848
[iter 400] loss=2.6867 val_loss=0.0000 scale=1.0000 norm=2.9899
[iter 500] loss=2.6685 val_loss=0.0000 scale=1.0000 norm=2.9584
[iter 600] loss=2.6478 val_loss=0.0000 scale=1.0000 norm=2.9261
[iter 700] loss=2.6314 val_loss=0.0000 scale=1.0000 norm=2.8983
[iter 800] loss=2.6164 val_loss=0.0000 scale=1.0000 norm=2.8714
[iter 900] loss=2.6040 val_loss=0.0000 scale=1.0000 norm=2.8452
[iter 1000] loss=2.5931 val_loss=0.0000 scale=1.0000 norm=2.8214
[iter 1100] loss=2.5787 val_loss=0.0000 scale=2.0000 norm=5.5844
[iter 1200] loss=2.5663 val_loss=0.0000 scale=1.0000 norm=2.7649
[iter 1300] loss=2.5549 val_loss=0.0000 scale=1.0000 norm=2.7412
[iter 1400] loss=2.5417 val_loss=0.0000 scale=1.0000 norm=2.7165
[iter 1500] loss=2.5290 val_loss=0.0000 scale=1.0000 norm=2.6936
[iter 1600] loss=2.5212 val_loss=0.0000 scale=1.0000 norm=2.6747
[iter 1700] loss=2.5127 val_loss=0.0000 scale=1.0000 norm=2.6578
[iter 1800] loss=2.5042 val_loss=0.0000 scale=1.0000 norm=2.6433
[iter 1900] loss=2.4939 val_loss=0.0000 scale=1.0000 norm=2.6272
[iter 0] loss=4.2582 val_loss=0.0000 scale=1.0000 norm=14.8990
[iter 100] loss=3.3123 val_loss=0.0000 scale=2.0000 norm=8.2358
[iter 200] loss=2.8498 val_loss=0.0000 scale=2.0000 norm=6.3580
[iter 300] loss=2.7278 val_loss=0.0000 scale=2.0000 norm=6.1024
[iter 400] loss=2.6942 val_loss=0.0000 scale=2.0000 norm=6.0062
[iter 500] loss=2.6746 val_loss=0.0000 scale=1.0000 norm=2.9673
[iter 600] loss=2.6592 val_loss=0.0000 scale=1.0000 norm=2.9367
[iter 700] loss=2.6441 val_loss=0.0000 scale=1.0000 norm=2.9087
[iter 800] loss=2.6316 val_loss=0.0000 scale=1.0000 norm=2.8832
[iter 900] loss=2.6187 val_loss=0.0000 scale=2.0000 norm=5.7117
[iter 1000] loss=2.6057 val_loss=0.0000 scale=1.0000 norm=2.8291
[iter 1100] loss=2.5935 val_loss=0.0000 scale=1.0000 norm=2.8033
[iter 1200] loss=2.5786 val_loss=0.0000 scale=1.0000 norm=2.7784
[iter 1300] loss=2.5665 val_loss=0.0000 scale=1.0000 norm=2.7553
[iter 1400] loss=2.5549 val_loss=0.0000 scale=0.5000 norm=1.3665
[iter 1500] loss=2.5461 val_loss=0.0000 scale=2.0000 norm=5.4282
[iter 1600] loss=2.5364 val_loss=0.0000 scale=1.0000 norm=2.6924
[iter 1700] loss=2.5207 val_loss=0.0000 scale=1.0000 norm=2.6705
[iter 1800] loss=2.5104 val_loss=0.0000 scale=1.0000 norm=2.6480
[iter 1900] loss=2.5001 val_loss=0.0000 scale=2.0000 norm=5.2582
[15/20] BestIter=2000 RMSE: Val=3.5378 Test=3.5792 NLL: Test=2.7192
[iter 0] loss=4.2544 val_loss=0.0000 scale=1.0000 norm=14.8400
[iter 100] loss=3.3191 val_loss=0.0000 scale=2.0000 norm=8.2845
[iter 200] loss=2.8474 val_loss=0.0000 scale=2.0000 norm=6.2900
[iter 300] loss=2.7151 val_loss=0.0000 scale=2.0000 norm=6.0306
[iter 400] loss=2.6763 val_loss=0.0000 scale=1.0000 norm=2.9623
[iter 500] loss=2.6556 val_loss=0.0000 scale=2.0000 norm=5.8555
[iter 600] loss=2.6381 val_loss=0.0000 scale=2.0000 norm=5.7903
[iter 700] loss=2.6207 val_loss=0.0000 scale=1.0000 norm=2.8656
[iter 800] loss=2.6073 val_loss=0.0000 scale=1.0000 norm=2.8375
[iter 900] loss=2.5954 val_loss=0.0000 scale=1.0000 norm=2.8161
[iter 1000] loss=2.5825 val_loss=0.0000 scale=2.0000 norm=5.5861
[iter 1100] loss=2.5713 val_loss=0.0000 scale=1.0000 norm=2.7719
[iter 1200] loss=2.5592 val_loss=0.0000 scale=1.0000 norm=2.7470
[iter 1300] loss=2.5478 val_loss=0.0000 scale=1.0000 norm=2.7253
[iter 1400] loss=2.5382 val_loss=0.0000 scale=1.0000 norm=2.7062
[iter 1500] loss=2.5282 val_loss=0.0000 scale=1.0000 norm=2.6850
[iter 1600] loss=2.5174 val_loss=0.0000 scale=1.0000 norm=2.6629
[iter 1700] loss=2.5030 val_loss=0.0000 scale=1.0000 norm=2.6382
[iter 1800] loss=2.4922 val_loss=0.0000 scale=2.0000 norm=5.2342
[iter 1900] loss=2.4836 val_loss=0.0000 scale=1.0000 norm=2.5996
[iter 0] loss=4.2551 val_loss=0.0000 scale=1.0000 norm=14.8555
[iter 100] loss=3.3102 val_loss=0.0000 scale=2.0000 norm=8.2274
[iter 200] loss=2.8502 val_loss=0.0000 scale=2.0000 norm=6.3542
[iter 300] loss=2.7288 val_loss=0.0000 scale=2.0000 norm=6.1092
[iter 400] loss=2.6930 val_loss=0.0000 scale=1.0000 norm=3.0074
[iter 500] loss=2.6740 val_loss=0.0000 scale=1.0000 norm=2.9733
[iter 600] loss=2.6572 val_loss=0.0000 scale=1.0000 norm=2.9395
[iter 700] loss=2.6446 val_loss=0.0000 scale=2.0000 norm=5.8310
[iter 800] loss=2.6271 val_loss=0.0000 scale=1.0000 norm=2.8809
[iter 900] loss=2.6121 val_loss=0.0000 scale=1.0000 norm=2.8478
[iter 1000] loss=2.5997 val_loss=0.0000 scale=1.0000 norm=2.8206
[iter 1100] loss=2.5884 val_loss=0.0000 scale=1.0000 norm=2.7958
[iter 1200] loss=2.5759 val_loss=0.0000 scale=1.0000 norm=2.7715
[iter 1300] loss=2.5652 val_loss=0.0000 scale=1.0000 norm=2.7488
[iter 1400] loss=2.5551 val_loss=0.0000 scale=1.0000 norm=2.7284
[iter 1500] loss=2.5455 val_loss=0.0000 scale=1.0000 norm=2.7100
[iter 1600] loss=2.5357 val_loss=0.0000 scale=2.0000 norm=5.3745
[iter 1700] loss=2.5251 val_loss=0.0000 scale=1.0000 norm=2.6665
[iter 1800] loss=2.5155 val_loss=0.0000 scale=1.0000 norm=2.6473
[iter 1900] loss=2.5052 val_loss=0.0000 scale=1.0000 norm=2.6278
[16/20] BestIter=2000 RMSE: Val=3.6364 Test=3.2850 NLL: Test=2.5951
[iter 0] loss=4.2593 val_loss=0.0000 scale=1.0000 norm=14.9165
[iter 100] loss=3.2963 val_loss=0.0000 scale=2.0000 norm=8.0876
[iter 200] loss=2.8354 val_loss=0.0000 scale=2.0000 norm=6.3083
[iter 300] loss=2.7102 val_loss=0.0000 scale=1.0000 norm=3.0309
[iter 400] loss=2.6806 val_loss=0.0000 scale=1.0000 norm=2.9883
[iter 500] loss=2.6627 val_loss=0.0000 scale=1.0000 norm=2.9548
[iter 600] loss=2.6468 val_loss=0.0000 scale=1.0000 norm=2.9250
[iter 700] loss=2.6320 val_loss=0.0000 scale=1.0000 norm=2.8984
[iter 800] loss=2.6189 val_loss=0.0000 scale=1.0000 norm=2.8757
[iter 900] loss=2.6079 val_loss=0.0000 scale=1.0000 norm=2.8519
[iter 1000] loss=2.5939 val_loss=0.0000 scale=1.0000 norm=2.8189
[iter 1100] loss=2.5803 val_loss=0.0000 scale=1.0000 norm=2.7897
[iter 1200] loss=2.5673 val_loss=0.0000 scale=1.0000 norm=2.7657
[iter 1300] loss=2.5560 val_loss=0.0000 scale=1.0000 norm=2.7455
[iter 1400] loss=2.5468 val_loss=0.0000 scale=1.0000 norm=2.7244
[iter 1500] loss=2.5360 val_loss=0.0000 scale=1.0000 norm=2.7007
[iter 1600] loss=2.5238 val_loss=0.0000 scale=1.0000 norm=2.6774
[iter 1700] loss=2.5120 val_loss=0.0000 scale=1.0000 norm=2.6568
[iter 1800] loss=2.5027 val_loss=0.0000 scale=1.0000 norm=2.6396
[iter 1900] loss=2.4949 val_loss=0.0000 scale=1.0000 norm=2.6224
[iter 0] loss=4.2560 val_loss=0.0000 scale=1.0000 norm=14.8479
[iter 100] loss=3.3127 val_loss=0.0000 scale=2.0000 norm=8.2337
[iter 200] loss=2.8480 val_loss=0.0000 scale=2.0000 norm=6.3416
[iter 300] loss=2.7224 val_loss=0.0000 scale=2.0000 norm=6.0937
[iter 400] loss=2.6859 val_loss=0.0000 scale=2.0000 norm=5.9973
[iter 500] loss=2.6663 val_loss=0.0000 scale=2.0000 norm=5.9248
[iter 600] loss=2.6510 val_loss=0.0000 scale=1.0000 norm=2.9359
[iter 700] loss=2.6397 val_loss=0.0000 scale=1.0000 norm=2.9125
[iter 800] loss=2.6292 val_loss=0.0000 scale=2.0000 norm=5.7800
[iter 900] loss=2.6150 val_loss=0.0000 scale=1.0000 norm=2.8633
[iter 1000] loss=2.5982 val_loss=0.0000 scale=1.0000 norm=2.8313
[iter 1100] loss=2.5860 val_loss=0.0000 scale=2.0000 norm=5.6106
[iter 1200] loss=2.5755 val_loss=0.0000 scale=1.0000 norm=2.7818
[iter 1300] loss=2.5639 val_loss=0.0000 scale=2.0000 norm=5.5217
[iter 1400] loss=2.5534 val_loss=0.0000 scale=2.0000 norm=5.4773
[iter 1500] loss=2.5424 val_loss=0.0000 scale=1.0000 norm=2.7163
[iter 1600] loss=2.5335 val_loss=0.0000 scale=1.0000 norm=2.6951
[iter 1700] loss=2.5232 val_loss=0.0000 scale=1.0000 norm=2.6728
[iter 1800] loss=2.5143 val_loss=0.0000 scale=1.0000 norm=2.6530
[iter 1900] loss=2.5057 val_loss=0.0000 scale=1.0000 norm=2.6344
[17/20] BestIter=2000 RMSE: Val=3.7817 Test=3.4670 NLL: Test=2.6530
[iter 0] loss=4.2571 val_loss=0.0000 scale=1.0000 norm=14.8730
[iter 100] loss=3.3045 val_loss=0.0000 scale=2.0000 norm=8.1300
[iter 200] loss=2.8331 val_loss=0.0000 scale=2.0000 norm=6.2351
[iter 300] loss=2.7059 val_loss=0.0000 scale=2.0000 norm=5.9940
[iter 400] loss=2.6738 val_loss=0.0000 scale=2.0000 norm=5.9033
[iter 500] loss=2.6532 val_loss=0.0000 scale=1.0000 norm=2.9185
[iter 600] loss=2.6362 val_loss=0.0000 scale=2.0000 norm=5.7879
[iter 700] loss=2.6193 val_loss=0.0000 scale=1.0000 norm=2.8589
[iter 800] loss=2.6027 val_loss=0.0000 scale=1.0000 norm=2.8290
[iter 900] loss=2.5892 val_loss=0.0000 scale=1.0000 norm=2.8038
[iter 1000] loss=2.5763 val_loss=0.0000 scale=1.0000 norm=2.7782
[iter 1100] loss=2.5643 val_loss=0.0000 scale=1.0000 norm=2.7563
[iter 1200] loss=2.5520 val_loss=0.0000 scale=1.0000 norm=2.7328
[iter 1300] loss=2.5375 val_loss=0.0000 scale=1.0000 norm=2.7093
[iter 1400] loss=2.5232 val_loss=0.0000 scale=1.0000 norm=2.6831
[iter 1500] loss=2.5101 val_loss=0.0000 scale=1.0000 norm=2.6579
[iter 1600] loss=2.4986 val_loss=0.0000 scale=1.0000 norm=2.6349
[iter 1700] loss=2.4898 val_loss=0.0000 scale=1.0000 norm=2.6160
[iter 1800] loss=2.4825 val_loss=0.0000 scale=2.0000 norm=5.1969
[iter 1900] loss=2.4740 val_loss=0.0000 scale=1.0000 norm=2.5804
[iter 0] loss=4.2548 val_loss=0.0000 scale=1.0000 norm=14.8351
[iter 100] loss=3.3027 val_loss=0.0000 scale=2.0000 norm=8.1503
[iter 200] loss=2.8363 val_loss=0.0000 scale=2.0000 norm=6.2836
[iter 300] loss=2.7148 val_loss=0.0000 scale=2.0000 norm=6.0432
[iter 400] loss=2.6808 val_loss=0.0000 scale=2.0000 norm=5.9437
[iter 500] loss=2.6617 val_loss=0.0000 scale=1.0000 norm=2.9367
[iter 600] loss=2.6447 val_loss=0.0000 scale=1.0000 norm=2.9091
[iter 700] loss=2.6273 val_loss=0.0000 scale=1.0000 norm=2.8785
[iter 800] loss=2.6105 val_loss=0.0000 scale=1.0000 norm=2.8486
[iter 900] loss=2.5982 val_loss=0.0000 scale=1.0000 norm=2.8229
[iter 1000] loss=2.5851 val_loss=0.0000 scale=1.0000 norm=2.7983
[iter 1100] loss=2.5737 val_loss=0.0000 scale=1.0000 norm=2.7751
[iter 1200] loss=2.5610 val_loss=0.0000 scale=1.0000 norm=2.7492
[iter 1300] loss=2.5481 val_loss=0.0000 scale=2.0000 norm=5.4461
[iter 1400] loss=2.5387 val_loss=0.0000 scale=1.0000 norm=2.7039
[iter 1500] loss=2.5272 val_loss=0.0000 scale=1.0000 norm=2.6822
[iter 1600] loss=2.5165 val_loss=0.0000 scale=1.0000 norm=2.6610
[iter 1700] loss=2.5087 val_loss=0.0000 scale=1.0000 norm=2.6435
[iter 1800] loss=2.5004 val_loss=0.0000 scale=1.0000 norm=2.6260
[iter 1900] loss=2.4911 val_loss=0.0000 scale=1.0000 norm=2.6062
[18/20] BestIter=2000 RMSE: Val=3.5326 Test=3.9135 NLL: Test=3.4283
[iter 0] loss=4.2562 val_loss=0.0000 scale=1.0000 norm=14.8540
[iter 100] loss=3.3101 val_loss=0.0000 scale=2.0000 norm=8.2068
[iter 200] loss=2.8384 val_loss=0.0000 scale=2.0000 norm=6.3046
[iter 300] loss=2.7111 val_loss=0.0000 scale=2.0000 norm=6.0566
[iter 400] loss=2.6789 val_loss=0.0000 scale=1.0000 norm=2.9817
[iter 500] loss=2.6592 val_loss=0.0000 scale=1.0000 norm=2.9475
[iter 600] loss=2.6422 val_loss=0.0000 scale=2.0000 norm=5.8377
[iter 700] loss=2.6273 val_loss=0.0000 scale=1.0000 norm=2.8869
[iter 800] loss=2.6149 val_loss=0.0000 scale=1.0000 norm=2.8590
[iter 900] loss=2.5989 val_loss=0.0000 scale=1.0000 norm=2.8318
[iter 1000] loss=2.5833 val_loss=0.0000 scale=1.0000 norm=2.8026
[iter 1100] loss=2.5713 val_loss=0.0000 scale=1.0000 norm=2.7785
[iter 1200] loss=2.5583 val_loss=0.0000 scale=1.0000 norm=2.7546
[iter 1300] loss=2.5483 val_loss=0.0000 scale=1.0000 norm=2.7330
[iter 1400] loss=2.5394 val_loss=0.0000 scale=1.0000 norm=2.7129
[iter 1500] loss=2.5299 val_loss=0.0000 scale=1.0000 norm=2.6933
[iter 1600] loss=2.5209 val_loss=0.0000 scale=1.0000 norm=2.6745
[iter 1700] loss=2.5117 val_loss=0.0000 scale=1.0000 norm=2.6566
[iter 1800] loss=2.5018 val_loss=0.0000 scale=1.0000 norm=2.6381
[iter 1900] loss=2.4916 val_loss=0.0000 scale=1.0000 norm=2.6202
[iter 0] loss=4.2549 val_loss=0.0000 scale=1.0000 norm=14.8320
[iter 100] loss=3.3041 val_loss=0.0000 scale=2.0000 norm=8.1774
[iter 200] loss=2.8433 val_loss=0.0000 scale=2.0000 norm=6.3401
[iter 300] loss=2.7238 val_loss=0.0000 scale=2.0000 norm=6.1053
[iter 400] loss=2.6891 val_loss=0.0000 scale=1.0000 norm=3.0022
[iter 500] loss=2.6707 val_loss=0.0000 scale=1.0000 norm=2.9682
[iter 600] loss=2.6551 val_loss=0.0000 scale=1.0000 norm=2.9387
[iter 700] loss=2.6427 val_loss=0.0000 scale=2.0000 norm=5.8269
[iter 800] loss=2.6292 val_loss=0.0000 scale=1.0000 norm=2.8858
[iter 900] loss=2.6163 val_loss=0.0000 scale=1.0000 norm=2.8565
[iter 1000] loss=2.6028 val_loss=0.0000 scale=1.0000 norm=2.8257
[iter 1100] loss=2.5863 val_loss=0.0000 scale=1.0000 norm=2.7930
[iter 1200] loss=2.5726 val_loss=0.0000 scale=1.0000 norm=2.7660
[iter 1300] loss=2.5599 val_loss=0.0000 scale=1.0000 norm=2.7409
[iter 1400] loss=2.5514 val_loss=0.0000 scale=1.0000 norm=2.7221
[iter 1500] loss=2.5431 val_loss=0.0000 scale=1.0000 norm=2.7045
[iter 1600] loss=2.5336 val_loss=0.0000 scale=1.0000 norm=2.6825
[iter 1700] loss=2.5246 val_loss=0.0000 scale=1.0000 norm=2.6647
[iter 1800] loss=2.5161 val_loss=0.0000 scale=1.0000 norm=2.6498
[iter 1900] loss=2.5079 val_loss=0.0000 scale=1.0000 norm=2.6343
[19/20] BestIter=2000 RMSE: Val=3.7608 Test=3.8223 NLL: Test=3.2110
[iter 0] loss=4.2590 val_loss=0.0000 scale=1.0000 norm=14.8985
[iter 100] loss=3.3196 val_loss=0.0000 scale=2.0000 norm=8.3246
[iter 200] loss=2.8500 val_loss=0.0000 scale=2.0000 norm=6.3588
[iter 300] loss=2.7251 val_loss=0.0000 scale=2.0000 norm=6.1027
[iter 400] loss=2.6844 val_loss=0.0000 scale=1.0000 norm=3.0001
[iter 500] loss=2.6636 val_loss=0.0000 scale=1.0000 norm=2.9668
[iter 600] loss=2.6447 val_loss=0.0000 scale=1.0000 norm=2.9318
[iter 700] loss=2.6268 val_loss=0.0000 scale=1.0000 norm=2.9040
[iter 800] loss=2.6139 val_loss=0.0000 scale=1.0000 norm=2.8766
[iter 900] loss=2.6006 val_loss=0.0000 scale=1.0000 norm=2.8460
[iter 1000] loss=2.5862 val_loss=0.0000 scale=1.0000 norm=2.8171
[iter 1100] loss=2.5731 val_loss=0.0000 scale=1.0000 norm=2.7965
[iter 1200] loss=2.5616 val_loss=0.0000 scale=1.0000 norm=2.7728
[iter 1300] loss=2.5464 val_loss=0.0000 scale=1.0000 norm=2.7492
[iter 1400] loss=2.5359 val_loss=0.0000 scale=1.0000 norm=2.7275
[iter 1500] loss=2.5271 val_loss=0.0000 scale=1.0000 norm=2.7089
[iter 1600] loss=2.5168 val_loss=0.0000 scale=1.0000 norm=2.6888
[iter 1700] loss=2.5072 val_loss=0.0000 scale=1.0000 norm=2.6708
[iter 1800] loss=2.4969 val_loss=0.0000 scale=1.0000 norm=2.6500
[iter 1900] loss=2.4900 val_loss=0.0000 scale=0.5000 norm=1.3190
[iter 0] loss=4.2574 val_loss=0.0000 scale=1.0000 norm=14.8677
[iter 100] loss=3.3175 val_loss=0.0000 scale=2.0000 norm=8.2906
[iter 200] loss=2.8491 val_loss=0.0000 scale=2.0000 norm=6.3557
[iter 300] loss=2.7273 val_loss=0.0000 scale=2.0000 norm=6.1046
[iter 400] loss=2.6899 val_loss=0.0000 scale=2.0000 norm=6.0033
[iter 500] loss=2.6686 val_loss=0.0000 scale=1.0000 norm=2.9638
[iter 600] loss=2.6518 val_loss=0.0000 scale=1.0000 norm=2.9336
[iter 700] loss=2.6388 val_loss=0.0000 scale=1.0000 norm=2.9066
[iter 800] loss=2.6265 val_loss=0.0000 scale=1.0000 norm=2.8798
[iter 900] loss=2.6124 val_loss=0.0000 scale=1.0000 norm=2.8496
[iter 1000] loss=2.6002 val_loss=0.0000 scale=1.0000 norm=2.8203
[iter 1100] loss=2.5879 val_loss=0.0000 scale=1.0000 norm=2.7959
[iter 1200] loss=2.5760 val_loss=0.0000 scale=1.0000 norm=2.7707
[iter 1300] loss=2.5639 val_loss=0.0000 scale=1.0000 norm=2.7439
[iter 1400] loss=2.5523 val_loss=0.0000 scale=1.0000 norm=2.7228
[iter 1500] loss=2.5427 val_loss=0.0000 scale=1.0000 norm=2.7048
[iter 1600] loss=2.5323 val_loss=0.0000 scale=1.0000 norm=2.6849
[iter 1700] loss=2.5241 val_loss=0.0000 scale=1.0000 norm=2.6674
[iter 1800] loss=2.5143 val_loss=0.0000 scale=1.0000 norm=2.6483
[iter 1900] loss=2.5056 val_loss=0.0000 scale=1.0000 norm=2.6301
[20/20] BestIter=2000 RMSE: Val=3.5428 Test=3.4307 NLL: Test=2.6566
Combined Cycle Power Plant
== GBM=0.0000 +/- 0.0000, RMSE NGBOOST =3.6200 ± 0.1948, NLL NGBOOST=2.7925 ± 0.2015, TIME = 135.7582
