Lmod has detected the following error: A different version of the 'GCCcore'
module is already loaded (see output of 'ml').
You should load another 'GCC' module that is compatible with the currently
loaded version of 'GCCcore'.
Use 'ml spider GCC' to get an overview of the available versions.


If you don't understand the warning or error, contact the helpdesk at
hpc@vub.be 
While processing the following module(s):
    Module fullname        Module Filename
    ---------------        ---------------
    GCC/12.3.0             /apps/brussel/RL8/skylake/modules/2023a/all/GCC/12.3.0.lua
    gfbf/2023a             /apps/brussel/RL8/skylake/modules/2023a/all/gfbf/2023a.lua
    sympy/1.12-gfbf-2023a  /apps/brussel/RL8/skylake/modules/2023a/all/sympy/1.12-gfbf-2023a.lua


Due to MODULEPATH changes, the following have been reloaded:
  1) OpenSSL/1.1

== Dataset=Energy Efficiency X.shape=(768, 8) LogScore/Normal
[iter 0] loss=3.7303 val_loss=0.0000 scale=1.0000 norm=9.1322
[iter 100] loss=2.7981 val_loss=0.0000 scale=2.0000 norm=4.6486
[iter 200] loss=1.9269 val_loss=0.0000 scale=2.0000 norm=1.9954
[iter 300] loss=1.1442 val_loss=0.0000 scale=2.0000 norm=1.3741
[iter 400] loss=0.6127 val_loss=0.0000 scale=1.0000 norm=0.5872
[iter 500] loss=0.3702 val_loss=0.0000 scale=1.0000 norm=0.5625
[iter 600] loss=0.2568 val_loss=0.0000 scale=1.0000 norm=0.5624
[iter 700] loss=0.2050 val_loss=0.0000 scale=1.0000 norm=0.5645
[iter 800] loss=0.1756 val_loss=0.0000 scale=0.5000 norm=0.2813
[iter 900] loss=0.1613 val_loss=0.0000 scale=0.1250 norm=0.0697
[iter 1000] loss=0.1562 val_loss=0.0000 scale=0.5000 norm=0.2780
[iter 1100] loss=0.1540 val_loss=0.0000 scale=0.0078 norm=0.0043
[iter 1200] loss=0.1532 val_loss=0.0000 scale=0.0005 norm=0.0003
[iter 1300] loss=0.1532 val_loss=0.0000 scale=0.0005 norm=0.0003
[iter 1400] loss=0.1532 val_loss=0.0000 scale=0.0005 norm=0.0003
[iter 1500] loss=0.1532 val_loss=0.0000 scale=0.0005 norm=0.0003
[iter 1600] loss=0.1532 val_loss=0.0000 scale=0.0005 norm=0.0003
[iter 1700] loss=0.1532 val_loss=0.0000 scale=0.0005 norm=0.0003
[iter 1800] loss=0.1532 val_loss=0.0000 scale=0.0005 norm=0.0003
[iter 1900] loss=0.1532 val_loss=0.0000 scale=0.0005 norm=0.0003
[iter 0] loss=3.7297 val_loss=0.0000 scale=1.0000 norm=9.1446
[iter 100] loss=2.8182 val_loss=0.0000 scale=2.0000 norm=4.7533
[iter 200] loss=1.9451 val_loss=0.0000 scale=2.0000 norm=2.0272
[iter 300] loss=1.1662 val_loss=0.0000 scale=2.0000 norm=1.3914
[iter 400] loss=0.6358 val_loss=0.0000 scale=2.0000 norm=1.1930
[iter 500] loss=0.4114 val_loss=0.0000 scale=2.0000 norm=1.1476
[iter 600] loss=0.2949 val_loss=0.0000 scale=2.0000 norm=1.1462
[iter 700] loss=0.2429 val_loss=0.0000 scale=0.5000 norm=0.2886
[iter 800] loss=0.2145 val_loss=0.0000 scale=0.5000 norm=0.2863
[iter 900] loss=0.1972 val_loss=0.0000 scale=0.2500 norm=0.1431
[iter 1000] loss=0.1813 val_loss=0.0000 scale=0.2500 norm=0.1431
[iter 1100] loss=0.1743 val_loss=0.0000 scale=1.0000 norm=0.5724
[iter 1200] loss=0.1740 val_loss=0.0000 scale=0.0010 norm=0.0006
[iter 1300] loss=0.1722 val_loss=0.0000 scale=0.0010 norm=0.0006
[iter 1400] loss=0.1711 val_loss=0.0000 scale=0.0010 norm=0.0006
[iter 1500] loss=0.1711 val_loss=0.0000 scale=0.0010 norm=0.0006
[iter 1600] loss=0.1699 val_loss=0.0000 scale=0.0010 norm=0.0006
[iter 1700] loss=0.1699 val_loss=0.0000 scale=0.0010 norm=0.0006
[iter 1800] loss=0.1699 val_loss=0.0000 scale=0.0010 norm=0.0006
[iter 1900] loss=0.1699 val_loss=0.0000 scale=0.0010 norm=0.0006
[1/20] BestIter=2000 RMSE: Val=0.5168 Test=0.4012 NLL: Test=0.3469
[iter 0] loss=3.7316 val_loss=0.0000 scale=1.0000 norm=9.1751
[iter 100] loss=2.7875 val_loss=0.0000 scale=2.0000 norm=4.5162
[iter 200] loss=1.9138 val_loss=0.0000 scale=2.0000 norm=1.9767
[iter 300] loss=1.1171 val_loss=0.0000 scale=2.0000 norm=1.3372
[iter 400] loss=0.5602 val_loss=0.0000 scale=2.0000 norm=1.1406
[iter 500] loss=0.3055 val_loss=0.0000 scale=1.0000 norm=0.5509
[iter 600] loss=0.1879 val_loss=0.0000 scale=0.5000 norm=0.2763
[iter 700] loss=0.1370 val_loss=0.0000 scale=1.0000 norm=0.5537
[iter 800] loss=0.1121 val_loss=0.0000 scale=0.0312 norm=0.0174
[iter 900] loss=0.1050 val_loss=0.0000 scale=0.0010 norm=0.0005
[iter 1000] loss=0.1050 val_loss=0.0000 scale=0.0010 norm=0.0005
[iter 1100] loss=0.0947 val_loss=0.0000 scale=0.5000 norm=0.2769
[iter 1200] loss=0.0751 val_loss=0.0000 scale=0.2500 norm=0.1377
[iter 1300] loss=0.0641 val_loss=0.0000 scale=0.5000 norm=0.2752
[iter 1400] loss=0.0503 val_loss=0.0000 scale=1.0000 norm=0.5495
[iter 1500] loss=0.0408 val_loss=0.0000 scale=1.0000 norm=0.5486
[iter 1600] loss=0.0321 val_loss=0.0000 scale=1.0000 norm=0.5481
[iter 1700] loss=0.0242 val_loss=0.0000 scale=0.0010 norm=0.0005
[iter 1800] loss=0.0243 val_loss=0.0000 scale=0.1250 norm=0.0683
[iter 1900] loss=0.0230 val_loss=0.0000 scale=0.0010 norm=0.0005
[iter 0] loss=3.7279 val_loss=0.0000 scale=1.0000 norm=9.1260
[iter 100] loss=2.7789 val_loss=0.0000 scale=2.0000 norm=4.5053
[iter 200] loss=1.9089 val_loss=0.0000 scale=2.0000 norm=2.0052
[iter 300] loss=1.1298 val_loss=0.0000 scale=2.0000 norm=1.3656
[iter 400] loss=0.5944 val_loss=0.0000 scale=2.0000 norm=1.1573
[iter 500] loss=0.3527 val_loss=0.0000 scale=2.0000 norm=1.1066
[iter 600] loss=0.2488 val_loss=0.0000 scale=1.0000 norm=0.5588
[iter 700] loss=0.2095 val_loss=0.0000 scale=0.2500 norm=0.1405
[iter 800] loss=0.1927 val_loss=0.0000 scale=0.1250 norm=0.0705
[iter 900] loss=0.1883 val_loss=0.0000 scale=0.0312 norm=0.0177
[iter 1000] loss=0.1839 val_loss=0.0000 scale=0.0078 norm=0.0044
[iter 1100] loss=0.1833 val_loss=0.0000 scale=0.0010 norm=0.0006
[iter 1200] loss=0.1833 val_loss=0.0000 scale=0.0010 norm=0.0006
[iter 1300] loss=0.1833 val_loss=0.0000 scale=0.0010 norm=0.0006
[iter 1400] loss=0.1833 val_loss=0.0000 scale=0.0010 norm=0.0006
[iter 1500] loss=0.1833 val_loss=0.0000 scale=0.0010 norm=0.0006
[iter 1600] loss=0.1807 val_loss=0.0000 scale=0.0010 norm=0.0006
[iter 1700] loss=0.1807 val_loss=0.0000 scale=0.0010 norm=0.0006
[iter 1800] loss=0.1807 val_loss=0.0000 scale=0.0010 norm=0.0006
[iter 1900] loss=0.1807 val_loss=0.0000 scale=0.0010 norm=0.0006
[2/20] BestIter=2000 RMSE: Val=0.4500 Test=0.5656 NLL: Test=1.9459
[iter 0] loss=3.7343 val_loss=0.0000 scale=1.0000 norm=9.1674
[iter 100] loss=2.8193 val_loss=0.0000 scale=2.0000 norm=4.7651
[iter 200] loss=1.9502 val_loss=0.0000 scale=2.0000 norm=2.0375
[iter 300] loss=1.1799 val_loss=0.0000 scale=2.0000 norm=1.4034
[iter 400] loss=0.6888 val_loss=0.0000 scale=1.0000 norm=0.6084
[iter 500] loss=0.4720 val_loss=0.0000 scale=1.0000 norm=0.5803
[iter 600] loss=0.3589 val_loss=0.0000 scale=1.0000 norm=0.5732
[iter 700] loss=0.3003 val_loss=0.0000 scale=1.0000 norm=0.5797
[iter 800] loss=0.2633 val_loss=0.0000 scale=1.0000 norm=0.5809
[iter 900] loss=0.2281 val_loss=0.0000 scale=1.0000 norm=0.5746
[iter 1000] loss=0.2107 val_loss=0.0000 scale=0.0625 norm=0.0358
[iter 1100] loss=0.2097 val_loss=0.0000 scale=0.5000 norm=0.2863
[iter 1200] loss=0.2032 val_loss=0.0000 scale=0.0312 norm=0.0179
[iter 1300] loss=0.2014 val_loss=0.0000 scale=0.0078 norm=0.0045
[iter 1400] loss=0.2010 val_loss=0.0000 scale=0.0010 norm=0.0006
[iter 1500] loss=0.2008 val_loss=0.0000 scale=0.0010 norm=0.0006
[iter 1600] loss=0.2008 val_loss=0.0000 scale=0.0010 norm=0.0006
[iter 1700] loss=0.2007 val_loss=0.0000 scale=0.0010 norm=0.0006
[iter 1800] loss=0.2007 val_loss=0.0000 scale=0.0010 norm=0.0006
[iter 1900] loss=0.2007 val_loss=0.0000 scale=0.0010 norm=0.0006
[iter 0] loss=3.7325 val_loss=0.0000 scale=1.0000 norm=9.1677
[iter 100] loss=2.8173 val_loss=0.0000 scale=2.0000 norm=4.7525
[iter 200] loss=1.9464 val_loss=0.0000 scale=2.0000 norm=2.0444
[iter 300] loss=1.1696 val_loss=0.0000 scale=2.0000 norm=1.3942
[iter 400] loss=0.6441 val_loss=0.0000 scale=1.0000 norm=0.5936
[iter 500] loss=0.4061 val_loss=0.0000 scale=2.0000 norm=1.1501
[iter 600] loss=0.3016 val_loss=0.0000 scale=1.0000 norm=0.5756
[iter 700] loss=0.2347 val_loss=0.0000 scale=1.0000 norm=0.5691
[iter 800] loss=0.1948 val_loss=0.0000 scale=1.0000 norm=0.5648
[iter 900] loss=0.1765 val_loss=0.0000 scale=0.2500 norm=0.1409
[iter 1000] loss=0.1658 val_loss=0.0000 scale=0.5000 norm=0.2818
[iter 1100] loss=0.1586 val_loss=0.0000 scale=0.0010 norm=0.0006
[iter 1200] loss=0.1583 val_loss=0.0000 scale=0.0010 norm=0.0006
[iter 1300] loss=0.1582 val_loss=0.0000 scale=0.0010 norm=0.0006
[iter 1400] loss=0.1582 val_loss=0.0000 scale=0.0010 norm=0.0006
[iter 1500] loss=0.1581 val_loss=0.0000 scale=0.0010 norm=0.0006
[iter 1600] loss=0.1581 val_loss=0.0000 scale=0.0010 norm=0.0006
[iter 1700] loss=0.1581 val_loss=0.0000 scale=0.0010 norm=0.0006
[iter 1800] loss=0.1568 val_loss=0.0000 scale=0.0010 norm=0.0006
[iter 1900] loss=0.1567 val_loss=0.0000 scale=0.0010 norm=0.0006
[3/20] BestIter=2000 RMSE: Val=0.3865 Test=0.4329 NLL: Test=0.3470
[iter 0] loss=3.7513 val_loss=0.0000 scale=1.0000 norm=9.3772
[iter 100] loss=2.8402 val_loss=0.0000 scale=2.0000 norm=4.8323
[iter 200] loss=1.9640 val_loss=0.0000 scale=2.0000 norm=2.0190
[iter 300] loss=1.1903 val_loss=0.0000 scale=2.0000 norm=1.3991
[iter 400] loss=0.6577 val_loss=0.0000 scale=1.0000 norm=0.5980
[iter 500] loss=0.4473 val_loss=0.0000 scale=1.0000 norm=0.5805
[iter 600] loss=0.3654 val_loss=0.0000 scale=0.5000 norm=0.2904
[iter 700] loss=0.3181 val_loss=0.0000 scale=1.0000 norm=0.5780
[iter 800] loss=0.2742 val_loss=0.0000 scale=0.5000 norm=0.2882
[iter 900] loss=0.2347 val_loss=0.0000 scale=0.2500 norm=0.1427
[iter 1000] loss=0.2265 val_loss=0.0000 scale=0.0312 norm=0.0179
[iter 1100] loss=0.2250 val_loss=0.0000 scale=0.0010 norm=0.0006
[iter 1200] loss=0.2250 val_loss=0.0000 scale=0.0010 norm=0.0006
[iter 1300] loss=0.2250 val_loss=0.0000 scale=0.0010 norm=0.0006
[iter 1400] loss=0.2247 val_loss=0.0000 scale=0.0156 norm=0.0089
[iter 1500] loss=0.2228 val_loss=0.0000 scale=0.5000 norm=0.2861
[iter 1600] loss=0.2218 val_loss=0.0000 scale=0.0010 norm=0.0006
[iter 1700] loss=0.2218 val_loss=0.0000 scale=0.0010 norm=0.0006
[iter 1800] loss=0.2218 val_loss=0.0000 scale=0.0010 norm=0.0006
[iter 1900] loss=0.2217 val_loss=0.0000 scale=0.0010 norm=0.0006
[iter 0] loss=3.7383 val_loss=0.0000 scale=1.0000 norm=9.2591
[iter 100] loss=2.8174 val_loss=0.0000 scale=2.0000 norm=4.7049
[iter 200] loss=1.9448 val_loss=0.0000 scale=2.0000 norm=2.0184
[iter 300] loss=1.1651 val_loss=0.0000 scale=2.0000 norm=1.3844
[iter 400] loss=0.6483 val_loss=0.0000 scale=2.0000 norm=1.1860
[iter 500] loss=0.4434 val_loss=0.0000 scale=2.0000 norm=1.1587
[iter 600] loss=0.3489 val_loss=0.0000 scale=1.0000 norm=0.5790
[iter 700] loss=0.2775 val_loss=0.0000 scale=1.0000 norm=0.5728
[iter 800] loss=0.2304 val_loss=0.0000 scale=0.2500 norm=0.1416
[iter 900] loss=0.2062 val_loss=0.0000 scale=0.2500 norm=0.1411
[iter 1000] loss=0.1986 val_loss=0.0000 scale=0.0312 norm=0.0176
[iter 1100] loss=0.1986 val_loss=0.0000 scale=0.0010 norm=0.0006
[iter 1200] loss=0.1803 val_loss=0.0000 scale=1.0000 norm=0.5616
[iter 1300] loss=0.1666 val_loss=0.0000 scale=1.0000 norm=0.5609
[iter 1400] loss=0.1575 val_loss=0.0000 scale=1.0000 norm=0.5600
[iter 1500] loss=0.1500 val_loss=0.0000 scale=1.0000 norm=0.5588
[iter 1600] loss=0.1467 val_loss=0.0000 scale=0.0156 norm=0.0087
[iter 1700] loss=0.1454 val_loss=0.0000 scale=0.0039 norm=0.0022
[iter 1800] loss=0.1454 val_loss=0.0000 scale=0.0010 norm=0.0005
[iter 1900] loss=0.1454 val_loss=0.0000 scale=0.0010 norm=0.0005
[4/20] BestIter=1869 RMSE: Val=0.4340 Test=0.4225 NLL: Test=0.3141
[iter 0] loss=3.7161 val_loss=0.0000 scale=1.0000 norm=9.0177
[iter 100] loss=2.7163 val_loss=0.0000 scale=2.0000 norm=4.1753
[iter 200] loss=1.8422 val_loss=0.0000 scale=2.0000 norm=1.8830
[iter 300] loss=1.0813 val_loss=0.0000 scale=2.0000 norm=1.3503
[iter 400] loss=0.5978 val_loss=0.0000 scale=2.0000 norm=1.1809
[iter 500] loss=0.3887 val_loss=0.0000 scale=1.0000 norm=0.5800
[iter 600] loss=0.2797 val_loss=0.0000 scale=1.0000 norm=0.5786
[iter 700] loss=0.2253 val_loss=0.0000 scale=0.5000 norm=0.2882
[iter 800] loss=0.1688 val_loss=0.0000 scale=0.5000 norm=0.2796
[iter 900] loss=0.1340 val_loss=0.0000 scale=0.5000 norm=0.2747
[iter 1000] loss=0.1138 val_loss=0.0000 scale=0.0625 norm=0.0341
[iter 1100] loss=0.1103 val_loss=0.0000 scale=0.0039 norm=0.0021
[iter 1200] loss=0.1102 val_loss=0.0000 scale=0.0010 norm=0.0005
[iter 1300] loss=0.1097 val_loss=0.0000 scale=1.0000 norm=0.5453
[iter 1400] loss=0.1092 val_loss=0.0000 scale=0.0010 norm=0.0005
[iter 1500] loss=0.1092 val_loss=0.0000 scale=0.0010 norm=0.0005
[iter 1600] loss=0.1092 val_loss=0.0000 scale=0.0010 norm=0.0005
[iter 1700] loss=0.1080 val_loss=0.0000 scale=0.0010 norm=0.0005
[iter 1800] loss=0.1080 val_loss=0.0000 scale=0.0010 norm=0.0005
[iter 1900] loss=0.1080 val_loss=0.0000 scale=0.0010 norm=0.0005
[iter 0] loss=3.7235 val_loss=0.0000 scale=1.0000 norm=9.0928
[iter 100] loss=2.7799 val_loss=0.0000 scale=2.0000 norm=4.5171
[iter 200] loss=1.9056 val_loss=0.0000 scale=2.0000 norm=1.9576
[iter 300] loss=1.1307 val_loss=0.0000 scale=2.0000 norm=1.3661
[iter 400] loss=0.5762 val_loss=0.0000 scale=2.0000 norm=1.1625
[iter 500] loss=0.3411 val_loss=0.0000 scale=1.0000 norm=0.5685
[iter 600] loss=0.2481 val_loss=0.0000 scale=0.5000 norm=0.2859
[iter 700] loss=0.1987 val_loss=0.0000 scale=0.5000 norm=0.2872
[iter 800] loss=0.1693 val_loss=0.0000 scale=0.5000 norm=0.2863
[iter 900] loss=0.1427 val_loss=0.0000 scale=0.5000 norm=0.2827
[iter 1000] loss=0.1255 val_loss=0.0000 scale=1.0000 norm=0.5605
[iter 1100] loss=0.1193 val_loss=0.0000 scale=0.1250 norm=0.0698
[iter 1200] loss=0.1184 val_loss=0.0000 scale=0.0010 norm=0.0005
[iter 1300] loss=0.1184 val_loss=0.0000 scale=0.0010 norm=0.0005
[iter 1400] loss=0.1164 val_loss=0.0000 scale=0.0010 norm=0.0005
[iter 1500] loss=0.1164 val_loss=0.0000 scale=0.0010 norm=0.0005
[iter 1600] loss=0.1164 val_loss=0.0000 scale=0.0010 norm=0.0005
[iter 1700] loss=0.1164 val_loss=0.0000 scale=0.0010 norm=0.0005
[iter 1800] loss=0.1164 val_loss=0.0000 scale=0.0010 norm=0.0005
[iter 1900] loss=0.1164 val_loss=0.0000 scale=0.0010 norm=0.0005
[5/20] BestIter=2000 RMSE: Val=0.3990 Test=0.5008 NLL: Test=0.5829
[iter 0] loss=3.7583 val_loss=0.0000 scale=1.0000 norm=9.4706
[iter 100] loss=2.8086 val_loss=0.0000 scale=2.0000 norm=4.5378
[iter 200] loss=1.9359 val_loss=0.0000 scale=2.0000 norm=1.9873
[iter 300] loss=1.1568 val_loss=0.0000 scale=2.0000 norm=1.3738
[iter 400] loss=0.6176 val_loss=0.0000 scale=1.0000 norm=0.5855
[iter 500] loss=0.4012 val_loss=0.0000 scale=1.0000 norm=0.5648
[iter 600] loss=0.2929 val_loss=0.0000 scale=1.0000 norm=0.5592
[iter 700] loss=0.2388 val_loss=0.0000 scale=1.0000 norm=0.5602
[iter 800] loss=0.2042 val_loss=0.0000 scale=1.0000 norm=0.5640
[iter 900] loss=0.1735 val_loss=0.0000 scale=1.0000 norm=0.5646
[iter 1000] loss=0.1393 val_loss=0.0000 scale=1.0000 norm=0.5588
[iter 1100] loss=0.1093 val_loss=0.0000 scale=2.0000 norm=1.1073
[iter 1200] loss=0.0912 val_loss=0.0000 scale=0.5000 norm=0.2758
[iter 1300] loss=0.0739 val_loss=0.0000 scale=0.2500 norm=0.1377
[iter 1400] loss=0.0676 val_loss=0.0000 scale=0.0010 norm=0.0005
[iter 1500] loss=0.0676 val_loss=0.0000 scale=0.0010 norm=0.0005
[iter 1600] loss=0.0676 val_loss=0.0000 scale=0.0010 norm=0.0005
[iter 1700] loss=0.0674 val_loss=0.0000 scale=0.0010 norm=0.0005
[iter 1800] loss=0.0674 val_loss=0.0000 scale=0.0010 norm=0.0005
[iter 1900] loss=0.0674 val_loss=0.0000 scale=0.0010 norm=0.0005
[iter 0] loss=3.7320 val_loss=0.0000 scale=1.0000 norm=9.1692
[iter 100] loss=2.8334 val_loss=0.0000 scale=2.0000 norm=4.8274
[iter 200] loss=1.9586 val_loss=0.0000 scale=2.0000 norm=2.0135
[iter 300] loss=1.1760 val_loss=0.0000 scale=2.0000 norm=1.3891
[iter 400] loss=0.6535 val_loss=0.0000 scale=1.0000 norm=0.5987
[iter 500] loss=0.4244 val_loss=0.0000 scale=1.0000 norm=0.5724
[iter 600] loss=0.3230 val_loss=0.0000 scale=1.0000 norm=0.5707
[iter 700] loss=0.2694 val_loss=0.0000 scale=2.0000 norm=1.1443
[iter 800] loss=0.2278 val_loss=0.0000 scale=1.0000 norm=0.5682
[iter 900] loss=0.2041 val_loss=0.0000 scale=0.2500 norm=0.1419
[iter 1000] loss=0.1990 val_loss=0.0000 scale=0.0010 norm=0.0006
[iter 1100] loss=0.1922 val_loss=0.0000 scale=0.0020 norm=0.0011
[iter 1200] loss=0.1922 val_loss=0.0000 scale=0.0010 norm=0.0006
[iter 1300] loss=0.1922 val_loss=0.0000 scale=0.0010 norm=0.0006
[iter 1400] loss=0.1922 val_loss=0.0000 scale=0.0010 norm=0.0006
[iter 1500] loss=0.1922 val_loss=0.0000 scale=0.0010 norm=0.0006
[iter 1600] loss=0.1916 val_loss=0.0000 scale=2.0000 norm=1.1361
[iter 1700] loss=0.1867 val_loss=0.0000 scale=0.0625 norm=0.0355
[iter 1800] loss=0.1831 val_loss=0.0000 scale=0.0010 norm=0.0006
[iter 1900] loss=0.1828 val_loss=0.0000 scale=0.0010 norm=0.0006
[6/20] BestIter=2000 RMSE: Val=0.7473 Test=0.4127 NLL: Test=0.3262
[iter 0] loss=3.7178 val_loss=0.0000 scale=1.0000 norm=9.0138
[iter 100] loss=2.7727 val_loss=0.0000 scale=2.0000 norm=4.4652
[iter 200] loss=1.9002 val_loss=0.0000 scale=2.0000 norm=1.9624
[iter 300] loss=1.1276 val_loss=0.0000 scale=2.0000 norm=1.3714
[iter 400] loss=0.6199 val_loss=0.0000 scale=2.0000 norm=1.1882
[iter 500] loss=0.4170 val_loss=0.0000 scale=1.0000 norm=0.5770
[iter 600] loss=0.3055 val_loss=0.0000 scale=1.0000 norm=0.5770
[iter 700] loss=0.2504 val_loss=0.0000 scale=0.5000 norm=0.2903
[iter 800] loss=0.2171 val_loss=0.0000 scale=2.0000 norm=1.1573
[iter 900] loss=0.1978 val_loss=0.0000 scale=0.2500 norm=0.1436
[iter 1000] loss=0.1878 val_loss=0.0000 scale=0.1250 norm=0.0717
[iter 1100] loss=0.1833 val_loss=0.0000 scale=0.0156 norm=0.0090
[iter 1200] loss=0.1827 val_loss=0.0000 scale=0.0010 norm=0.0006
[iter 1300] loss=0.1827 val_loss=0.0000 scale=0.0010 norm=0.0006
[iter 1400] loss=0.1826 val_loss=0.0000 scale=0.0010 norm=0.0006
[iter 1500] loss=0.1824 val_loss=0.0000 scale=0.0010 norm=0.0006
[iter 1600] loss=0.1815 val_loss=0.0000 scale=0.0010 norm=0.0006
[iter 1700] loss=0.1815 val_loss=0.0000 scale=0.0010 norm=0.0006
[iter 1800] loss=0.1814 val_loss=0.0000 scale=0.0010 norm=0.0006
[iter 1900] loss=0.1814 val_loss=0.0000 scale=0.0010 norm=0.0006
[iter 0] loss=3.7234 val_loss=0.0000 scale=1.0000 norm=9.0831
[iter 100] loss=2.7734 val_loss=0.0000 scale=2.0000 norm=4.4479
[iter 200] loss=1.9010 val_loss=0.0000 scale=2.0000 norm=1.9578
[iter 300] loss=1.1283 val_loss=0.0000 scale=2.0000 norm=1.3703
[iter 400] loss=0.6195 val_loss=0.0000 scale=1.0000 norm=0.5903
[iter 500] loss=0.3727 val_loss=0.0000 scale=2.0000 norm=1.1408
[iter 600] loss=0.2759 val_loss=0.0000 scale=2.0000 norm=1.1522
[iter 700] loss=0.2307 val_loss=0.0000 scale=0.5000 norm=0.2883
[iter 800] loss=0.2007 val_loss=0.0000 scale=0.5000 norm=0.2863
[iter 900] loss=0.1801 val_loss=0.0000 scale=0.0039 norm=0.0022
[iter 1000] loss=0.1723 val_loss=0.0000 scale=0.5000 norm=0.2841
[iter 1100] loss=0.1680 val_loss=0.0000 scale=0.0010 norm=0.0006
[iter 1200] loss=0.1652 val_loss=0.0000 scale=0.0039 norm=0.0022
[iter 1300] loss=0.1652 val_loss=0.0000 scale=0.0010 norm=0.0006
[iter 1400] loss=0.1650 val_loss=0.0000 scale=0.0039 norm=0.0022
[iter 1500] loss=0.1650 val_loss=0.0000 scale=0.0010 norm=0.0006
[iter 1600] loss=0.1650 val_loss=0.0000 scale=0.0010 norm=0.0006
[iter 1700] loss=0.1648 val_loss=0.0000 scale=0.0010 norm=0.0006
[iter 1800] loss=0.1648 val_loss=0.0000 scale=0.0010 norm=0.0006
[iter 1900] loss=0.1648 val_loss=0.0000 scale=0.0010 norm=0.0006
[7/20] BestIter=2000 RMSE: Val=0.4099 Test=0.4437 NLL: Test=0.4151
[iter 0] loss=3.7185 val_loss=0.0000 scale=1.0000 norm=9.0504
[iter 100] loss=2.7282 val_loss=0.0000 scale=2.0000 norm=4.2129
[iter 200] loss=1.8569 val_loss=0.0000 scale=2.0000 norm=1.9026
[iter 300] loss=1.0755 val_loss=0.0000 scale=2.0000 norm=1.3232
[iter 400] loss=0.5339 val_loss=0.0000 scale=2.0000 norm=1.1501
[iter 500] loss=0.3027 val_loss=0.0000 scale=1.0000 norm=0.5590
[iter 600] loss=0.2227 val_loss=0.0000 scale=0.5000 norm=0.2825
[iter 700] loss=0.1815 val_loss=0.0000 scale=2.0000 norm=1.1376
[iter 800] loss=0.1568 val_loss=0.0000 scale=1.0000 norm=0.5682
[iter 900] loss=0.1444 val_loss=0.0000 scale=0.0010 norm=0.0006
[iter 1000] loss=0.1444 val_loss=0.0000 scale=0.0010 norm=0.0006
[iter 1100] loss=0.1410 val_loss=0.0000 scale=0.0010 norm=0.0006
[iter 1200] loss=0.1410 val_loss=0.0000 scale=0.0010 norm=0.0006
[iter 1300] loss=0.1410 val_loss=0.0000 scale=0.0010 norm=0.0006
[iter 1400] loss=0.1410 val_loss=0.0000 scale=0.0010 norm=0.0006
[iter 1500] loss=0.1399 val_loss=0.0000 scale=0.0010 norm=0.0006
[iter 1600] loss=0.1399 val_loss=0.0000 scale=0.0010 norm=0.0006
[iter 1700] loss=0.1399 val_loss=0.0000 scale=0.0010 norm=0.0006
[iter 1800] loss=0.1399 val_loss=0.0000 scale=0.0010 norm=0.0006
[iter 1900] loss=0.1399 val_loss=0.0000 scale=0.0010 norm=0.0006
[iter 0] loss=3.7290 val_loss=0.0000 scale=1.0000 norm=9.1693
[iter 100] loss=2.7457 val_loss=0.0000 scale=2.0000 norm=4.3005
[iter 200] loss=1.8749 val_loss=0.0000 scale=2.0000 norm=1.9331
[iter 300] loss=1.1018 val_loss=0.0000 scale=2.0000 norm=1.3557
[iter 400] loss=0.5636 val_loss=0.0000 scale=1.0000 norm=0.5818
[iter 500] loss=0.3512 val_loss=0.0000 scale=2.0000 norm=1.1444
[iter 600] loss=0.2522 val_loss=0.0000 scale=1.0000 norm=0.5758
[iter 700] loss=0.2030 val_loss=0.0000 scale=1.0000 norm=0.5781
[iter 800] loss=0.1743 val_loss=0.0000 scale=1.0000 norm=0.5764
[iter 900] loss=0.1584 val_loss=0.0000 scale=0.0010 norm=0.0006
[iter 1000] loss=0.1584 val_loss=0.0000 scale=0.0010 norm=0.0006
[iter 1100] loss=0.1583 val_loss=0.0000 scale=0.2500 norm=0.1438
[iter 1200] loss=0.1502 val_loss=0.0000 scale=0.0010 norm=0.0006
[iter 1300] loss=0.1502 val_loss=0.0000 scale=0.0010 norm=0.0006
[iter 1400] loss=0.1502 val_loss=0.0000 scale=0.0010 norm=0.0006
[iter 1500] loss=0.1383 val_loss=0.0000 scale=0.2500 norm=0.1430
[iter 1600] loss=0.1249 val_loss=0.0000 scale=0.2500 norm=0.1424
[iter 1700] loss=0.1144 val_loss=0.0000 scale=1.0000 norm=0.5663
[iter 1800] loss=0.1100 val_loss=0.0000 scale=0.0078 norm=0.0044
[iter 1900] loss=0.1094 val_loss=0.0000 scale=0.0020 norm=0.0011
[8/20] BestIter=855 RMSE: Val=0.4507 Test=0.4699 NLL: Test=0.4185
[iter 0] loss=3.7305 val_loss=0.0000 scale=1.0000 norm=9.1498
[iter 100] loss=2.7817 val_loss=0.0000 scale=2.0000 norm=4.5119
[iter 200] loss=1.9119 val_loss=0.0000 scale=2.0000 norm=1.9944
[iter 300] loss=1.1345 val_loss=0.0000 scale=2.0000 norm=1.3640
[iter 400] loss=0.6111 val_loss=0.0000 scale=1.0000 norm=0.5863
[iter 500] loss=0.3948 val_loss=0.0000 scale=1.0000 norm=0.5655
[iter 600] loss=0.2809 val_loss=0.0000 scale=1.0000 norm=0.5541
[iter 700] loss=0.2212 val_loss=0.0000 scale=1.0000 norm=0.5545
[iter 800] loss=0.1787 val_loss=0.0000 scale=0.5000 norm=0.2763
[iter 900] loss=0.1560 val_loss=0.0000 scale=0.5000 norm=0.2746
[iter 1000] loss=0.1420 val_loss=0.0000 scale=0.1250 norm=0.0683
[iter 1100] loss=0.1384 val_loss=0.0000 scale=0.0625 norm=0.0341
[iter 1200] loss=0.1380 val_loss=0.0000 scale=0.0156 norm=0.0085
[iter 1300] loss=0.1378 val_loss=0.0000 scale=0.0039 norm=0.0021
[iter 1400] loss=0.1377 val_loss=0.0000 scale=0.0010 norm=0.0005
[iter 1500] loss=0.1377 val_loss=0.0000 scale=0.0010 norm=0.0005
[iter 1600] loss=0.1377 val_loss=0.0000 scale=0.0010 norm=0.0005
[iter 1700] loss=0.1377 val_loss=0.0000 scale=0.0010 norm=0.0005
[iter 1800] loss=0.1377 val_loss=0.0000 scale=0.0010 norm=0.0005
[iter 1900] loss=0.1377 val_loss=0.0000 scale=0.0010 norm=0.0005
[iter 0] loss=3.7315 val_loss=0.0000 scale=1.0000 norm=9.1487
[iter 100] loss=2.8185 val_loss=0.0000 scale=2.0000 norm=4.7480
[iter 200] loss=1.9447 val_loss=0.0000 scale=2.0000 norm=2.0338
[iter 300] loss=1.1631 val_loss=0.0000 scale=2.0000 norm=1.3861
[iter 400] loss=0.6240 val_loss=0.0000 scale=1.0000 norm=0.5880
[iter 500] loss=0.3931 val_loss=0.0000 scale=1.0000 norm=0.5689
[iter 600] loss=0.2966 val_loss=0.0000 scale=1.0000 norm=0.5722
[iter 700] loss=0.2427 val_loss=0.0000 scale=1.0000 norm=0.5722
[iter 800] loss=0.2148 val_loss=0.0000 scale=0.2500 norm=0.1423
[iter 900] loss=0.1966 val_loss=0.0000 scale=0.2500 norm=0.1419
[iter 1000] loss=0.1885 val_loss=0.0000 scale=0.1250 norm=0.0708
[iter 1100] loss=0.1820 val_loss=0.0000 scale=0.0625 norm=0.0353
[iter 1200] loss=0.1776 val_loss=0.0000 scale=0.1250 norm=0.0706
[iter 1300] loss=0.1772 val_loss=0.0000 scale=0.0039 norm=0.0022
[iter 1400] loss=0.1768 val_loss=0.0000 scale=0.0039 norm=0.0022
[iter 1500] loss=0.1764 val_loss=0.0000 scale=0.5000 norm=0.2823
[iter 1600] loss=0.1752 val_loss=0.0000 scale=0.0010 norm=0.0006
[iter 1700] loss=0.1751 val_loss=0.0000 scale=0.0010 norm=0.0006
[iter 1800] loss=0.1748 val_loss=0.0000 scale=0.0010 norm=0.0006
[iter 1900] loss=0.1748 val_loss=0.0000 scale=0.0010 norm=0.0006
[9/20] BestIter=2000 RMSE: Val=0.3784 Test=0.5334 NLL: Test=2.1099
[iter 0] loss=3.7330 val_loss=0.0000 scale=1.0000 norm=9.1818
[iter 100] loss=2.7288 val_loss=0.0000 scale=2.0000 norm=4.1020
[iter 200] loss=1.8497 val_loss=0.0000 scale=2.0000 norm=1.8621
[iter 300] loss=1.0753 val_loss=0.0000 scale=2.0000 norm=1.3300
[iter 400] loss=0.5599 val_loss=0.0000 scale=2.0000 norm=1.1662
[iter 500] loss=0.3572 val_loss=0.0000 scale=2.0000 norm=1.1504
[iter 600] loss=0.2625 val_loss=0.0000 scale=1.0000 norm=0.5779
[iter 700] loss=0.2094 val_loss=0.0000 scale=1.0000 norm=0.5761
[iter 800] loss=0.1756 val_loss=0.0000 scale=0.5000 norm=0.2867
[iter 900] loss=0.1442 val_loss=0.0000 scale=1.0000 norm=0.5651
[iter 1000] loss=0.1118 val_loss=0.0000 scale=1.0000 norm=0.5603
[iter 1100] loss=0.0910 val_loss=0.0000 scale=0.5000 norm=0.2787
[iter 1200] loss=0.0721 val_loss=0.0000 scale=1.0000 norm=0.5538
[iter 1300] loss=0.0710 val_loss=0.0000 scale=0.0010 norm=0.0005
[iter 1400] loss=0.0710 val_loss=0.0000 scale=0.0010 norm=0.0005
[iter 1500] loss=0.0710 val_loss=0.0000 scale=0.0010 norm=0.0005
[iter 1600] loss=0.0709 val_loss=0.0000 scale=0.0010 norm=0.0005
[iter 1700] loss=0.0709 val_loss=0.0000 scale=0.0010 norm=0.0005
[iter 1800] loss=0.0686 val_loss=0.0000 scale=0.0010 norm=0.0005
[iter 1900] loss=0.0583 val_loss=0.0000 scale=0.0625 norm=0.0345
[iter 0] loss=3.7269 val_loss=0.0000 scale=1.0000 norm=9.1270
[iter 100] loss=2.7539 val_loss=0.0000 scale=2.0000 norm=4.3284
[iter 200] loss=1.8832 val_loss=0.0000 scale=2.0000 norm=1.9528
[iter 300] loss=1.1170 val_loss=0.0000 scale=2.0000 norm=1.3743
[iter 400] loss=0.6093 val_loss=0.0000 scale=2.0000 norm=1.1871
[iter 500] loss=0.4013 val_loss=0.0000 scale=1.0000 norm=0.5782
[iter 600] loss=0.2982 val_loss=0.0000 scale=1.0000 norm=0.5811
[iter 700] loss=0.2437 val_loss=0.0000 scale=0.5000 norm=0.2905
[iter 800] loss=0.2180 val_loss=0.0000 scale=0.5000 norm=0.2878
[iter 900] loss=0.2045 val_loss=0.0000 scale=0.0625 norm=0.0359
[iter 1000] loss=0.2033 val_loss=0.0000 scale=0.0010 norm=0.0006
[iter 1100] loss=0.2033 val_loss=0.0000 scale=0.0010 norm=0.0006
[iter 1200] loss=0.2023 val_loss=0.0000 scale=0.0010 norm=0.0006
[iter 1300] loss=0.2017 val_loss=0.0000 scale=0.0010 norm=0.0006
[iter 1400] loss=0.2017 val_loss=0.0000 scale=0.0010 norm=0.0006
[iter 1500] loss=0.2017 val_loss=0.0000 scale=0.0010 norm=0.0006
[iter 1600] loss=0.2014 val_loss=0.0000 scale=0.0010 norm=0.0006
[iter 1700] loss=0.2013 val_loss=0.0000 scale=0.0010 norm=0.0006
[iter 1800] loss=0.2013 val_loss=0.0000 scale=0.0010 norm=0.0006
[iter 1900] loss=0.2013 val_loss=0.0000 scale=0.0010 norm=0.0006
[10/20] BestIter=2000 RMSE: Val=0.4949 Test=0.4251 NLL: Test=0.3976
[iter 0] loss=3.7257 val_loss=0.0000 scale=1.0000 norm=9.1353
[iter 100] loss=2.8387 val_loss=0.0000 scale=2.0000 norm=4.8999
[iter 200] loss=1.9584 val_loss=0.0000 scale=2.0000 norm=1.9995
[iter 300] loss=1.1564 val_loss=0.0000 scale=2.0000 norm=1.3579
[iter 400] loss=0.5861 val_loss=0.0000 scale=1.0000 norm=0.5728
[iter 500] loss=0.3276 val_loss=0.0000 scale=1.0000 norm=0.5441
[iter 600] loss=0.2116 val_loss=0.0000 scale=1.0000 norm=0.5377
[iter 700] loss=0.1534 val_loss=0.0000 scale=1.0000 norm=0.5365
[iter 800] loss=0.1142 val_loss=0.0000 scale=0.2500 norm=0.1340
[iter 900] loss=0.0960 val_loss=0.0000 scale=0.0625 norm=0.0336
[iter 1000] loss=0.0881 val_loss=0.0000 scale=0.0010 norm=0.0005
[iter 1100] loss=0.0881 val_loss=0.0000 scale=0.0010 norm=0.0005
[iter 1200] loss=0.0881 val_loss=0.0000 scale=0.0020 norm=0.0011
[iter 1300] loss=0.0881 val_loss=0.0000 scale=0.0010 norm=0.0005
[iter 1400] loss=0.0881 val_loss=0.0000 scale=0.0010 norm=0.0005
[iter 1500] loss=0.0881 val_loss=0.0000 scale=0.0010 norm=0.0005
[iter 1600] loss=0.0880 val_loss=0.0000 scale=0.0010 norm=0.0005
[iter 1700] loss=0.0880 val_loss=0.0000 scale=0.0010 norm=0.0005
[iter 1800] loss=0.0880 val_loss=0.0000 scale=0.0010 norm=0.0005
[iter 1900] loss=0.0879 val_loss=0.0000 scale=0.0010 norm=0.0005
[iter 0] loss=3.7236 val_loss=0.0000 scale=1.0000 norm=9.1059
[iter 100] loss=2.7501 val_loss=0.0000 scale=2.0000 norm=4.3337
[iter 200] loss=1.8815 val_loss=0.0000 scale=2.0000 norm=1.9555
[iter 300] loss=1.1159 val_loss=0.0000 scale=2.0000 norm=1.3773
[iter 400] loss=0.6100 val_loss=0.0000 scale=1.0000 norm=0.5907
[iter 500] loss=0.3874 val_loss=0.0000 scale=1.0000 norm=0.5694
[iter 600] loss=0.2666 val_loss=0.0000 scale=1.0000 norm=0.5662
[iter 700] loss=0.2121 val_loss=0.0000 scale=1.0000 norm=0.5727
[iter 800] loss=0.1713 val_loss=0.0000 scale=0.5000 norm=0.2871
[iter 900] loss=0.1531 val_loss=0.0000 scale=0.0010 norm=0.0006
[iter 1000] loss=0.1531 val_loss=0.0000 scale=0.0010 norm=0.0006
[iter 1100] loss=0.1531 val_loss=0.0000 scale=0.0010 norm=0.0006
[iter 1200] loss=0.1531 val_loss=0.0000 scale=0.0010 norm=0.0006
[iter 1300] loss=0.1483 val_loss=0.0000 scale=1.0000 norm=0.5760
[iter 1400] loss=0.1454 val_loss=0.0000 scale=0.0312 norm=0.0180
[iter 1500] loss=0.1454 val_loss=0.0000 scale=0.0010 norm=0.0006
[iter 1600] loss=0.1436 val_loss=0.0000 scale=0.0010 norm=0.0006
[iter 1700] loss=0.1424 val_loss=0.0000 scale=0.0078 norm=0.0045
[iter 1800] loss=0.1424 val_loss=0.0000 scale=0.0010 norm=0.0006
[iter 1900] loss=0.1424 val_loss=0.0000 scale=0.0010 norm=0.0006
[11/20] BestIter=2000 RMSE: Val=0.5585 Test=0.4743 NLL: Test=0.4626
[iter 0] loss=3.7497 val_loss=0.0000 scale=1.0000 norm=9.3339
[iter 100] loss=2.8375 val_loss=0.0000 scale=2.0000 norm=4.8081
[iter 200] loss=1.9629 val_loss=0.0000 scale=2.0000 norm=2.0130
[iter 300] loss=1.1847 val_loss=0.0000 scale=2.0000 norm=1.4066
[iter 400] loss=0.6364 val_loss=0.0000 scale=2.0000 norm=1.1946
[iter 500] loss=0.3906 val_loss=0.0000 scale=1.0000 norm=0.5773
[iter 600] loss=0.2918 val_loss=0.0000 scale=0.5000 norm=0.2887
[iter 700] loss=0.2351 val_loss=0.0000 scale=1.0000 norm=0.5770
[iter 800] loss=0.2028 val_loss=0.0000 scale=1.0000 norm=0.5703
[iter 900] loss=0.1784 val_loss=0.0000 scale=1.0000 norm=0.5685
[iter 1000] loss=0.1635 val_loss=0.0000 scale=1.0000 norm=0.5689
[iter 1100] loss=0.1576 val_loss=0.0000 scale=0.0010 norm=0.0006
[iter 1200] loss=0.1576 val_loss=0.0000 scale=0.0010 norm=0.0006
[iter 1300] loss=0.1560 val_loss=0.0000 scale=0.0010 norm=0.0006
[iter 1400] loss=0.1560 val_loss=0.0000 scale=0.0010 norm=0.0006
[iter 1500] loss=0.1557 val_loss=0.0000 scale=0.0010 norm=0.0006
[iter 1600] loss=0.1557 val_loss=0.0000 scale=0.0010 norm=0.0006
[iter 1700] loss=0.1525 val_loss=0.0000 scale=0.2500 norm=0.1429
[iter 1800] loss=0.1524 val_loss=0.0000 scale=0.0010 norm=0.0006
[iter 1900] loss=0.1519 val_loss=0.0000 scale=0.0010 norm=0.0006
[iter 0] loss=3.7342 val_loss=0.0000 scale=1.0000 norm=9.1873
[iter 100] loss=2.8135 val_loss=0.0000 scale=2.0000 norm=4.6878
[iter 200] loss=1.9394 val_loss=0.0000 scale=2.0000 norm=1.9982
[iter 300] loss=1.1625 val_loss=0.0000 scale=2.0000 norm=1.3918
[iter 400] loss=0.6308 val_loss=0.0000 scale=2.0000 norm=1.1867
[iter 500] loss=0.3954 val_loss=0.0000 scale=1.0000 norm=0.5690
[iter 600] loss=0.2924 val_loss=0.0000 scale=1.0000 norm=0.5695
[iter 700] loss=0.2280 val_loss=0.0000 scale=1.0000 norm=0.5699
[iter 800] loss=0.1968 val_loss=0.0000 scale=1.0000 norm=0.5704
[iter 900] loss=0.1804 val_loss=0.0000 scale=0.0625 norm=0.0356
[iter 1000] loss=0.1726 val_loss=0.0000 scale=0.0078 norm=0.0044
[iter 1100] loss=0.1704 val_loss=0.0000 scale=0.0156 norm=0.0089
[iter 1200] loss=0.1701 val_loss=0.0000 scale=0.0010 norm=0.0006
[iter 1300] loss=0.1701 val_loss=0.0000 scale=0.0010 norm=0.0006
[iter 1400] loss=0.1679 val_loss=0.0000 scale=0.0010 norm=0.0006
[iter 1500] loss=0.1679 val_loss=0.0000 scale=0.0010 norm=0.0006
[iter 1600] loss=0.1668 val_loss=0.0000 scale=0.5000 norm=0.2842
[iter 1700] loss=0.1661 val_loss=0.0000 scale=0.0010 norm=0.0006
[iter 1800] loss=0.1661 val_loss=0.0000 scale=0.0010 norm=0.0006
[iter 1900] loss=0.1654 val_loss=0.0000 scale=0.0010 norm=0.0006
[12/20] BestIter=1812 RMSE: Val=0.3658 Test=0.4018 NLL: Test=0.3175
[iter 0] loss=3.7266 val_loss=0.0000 scale=1.0000 norm=9.1078
[iter 100] loss=2.8100 val_loss=0.0000 scale=2.0000 norm=4.7174
[iter 200] loss=1.9291 val_loss=0.0000 scale=2.0000 norm=1.9500
[iter 300] loss=1.1409 val_loss=0.0000 scale=2.0000 norm=1.3615
[iter 400] loss=0.6137 val_loss=0.0000 scale=1.0000 norm=0.5913
[iter 500] loss=0.3914 val_loss=0.0000 scale=1.0000 norm=0.5727
[iter 600] loss=0.2768 val_loss=0.0000 scale=0.5000 norm=0.2828
[iter 700] loss=0.2249 val_loss=0.0000 scale=1.0000 norm=0.5626
[iter 800] loss=0.2023 val_loss=0.0000 scale=0.2500 norm=0.1407
[iter 900] loss=0.1985 val_loss=0.0000 scale=0.0010 norm=0.0005
[iter 1000] loss=0.1985 val_loss=0.0000 scale=0.0010 norm=0.0005
[iter 1100] loss=0.1985 val_loss=0.0000 scale=0.0010 norm=0.0005
[iter 1200] loss=0.1985 val_loss=0.0000 scale=0.0010 norm=0.0005
[iter 1300] loss=0.1985 val_loss=0.0000 scale=0.0010 norm=0.0005
[iter 1400] loss=0.1969 val_loss=0.0000 scale=0.0010 norm=0.0005
[iter 1500] loss=0.1969 val_loss=0.0000 scale=0.0010 norm=0.0005
[iter 1600] loss=0.1969 val_loss=0.0000 scale=0.0010 norm=0.0005
[iter 1700] loss=0.1969 val_loss=0.0000 scale=0.2500 norm=0.1407
[iter 1800] loss=0.1929 val_loss=0.0000 scale=0.0010 norm=0.0005
[iter 1900] loss=0.1925 val_loss=0.0000 scale=0.0010 norm=0.0005
[iter 0] loss=3.7304 val_loss=0.0000 scale=1.0000 norm=9.1637
[iter 100] loss=2.8054 val_loss=0.0000 scale=2.0000 norm=4.6609
[iter 200] loss=1.9270 val_loss=0.0000 scale=2.0000 norm=1.9692
[iter 300] loss=1.1415 val_loss=0.0000 scale=2.0000 norm=1.3669
[iter 400] loss=0.6037 val_loss=0.0000 scale=1.0000 norm=0.5852
[iter 500] loss=0.3804 val_loss=0.0000 scale=1.0000 norm=0.5644
[iter 600] loss=0.2697 val_loss=0.0000 scale=1.0000 norm=0.5633
[iter 700] loss=0.2191 val_loss=0.0000 scale=0.2500 norm=0.1405
[iter 800] loss=0.1965 val_loss=0.0000 scale=0.1250 norm=0.0703
[iter 900] loss=0.1843 val_loss=0.0000 scale=0.0312 norm=0.0176
[iter 1000] loss=0.1802 val_loss=0.0000 scale=0.0010 norm=0.0005
[iter 1100] loss=0.1796 val_loss=0.0000 scale=0.0010 norm=0.0005
[iter 1200] loss=0.1796 val_loss=0.0000 scale=0.0010 norm=0.0005
[iter 1300] loss=0.1796 val_loss=0.0000 scale=0.0010 norm=0.0005
[iter 1400] loss=0.1771 val_loss=0.0000 scale=0.5000 norm=0.2818
[iter 1500] loss=0.1764 val_loss=0.0000 scale=0.0010 norm=0.0006
[iter 1600] loss=0.1763 val_loss=0.0000 scale=0.0010 norm=0.0006
[iter 1700] loss=0.1758 val_loss=0.0000 scale=0.0010 norm=0.0006
[iter 1800] loss=0.1749 val_loss=0.0000 scale=0.0010 norm=0.0006
[iter 1900] loss=0.1749 val_loss=0.0000 scale=0.0010 norm=0.0006
[13/20] BestIter=2000 RMSE: Val=0.4240 Test=0.5404 NLL: Test=2.0121
[iter 0] loss=3.7377 val_loss=0.0000 scale=1.0000 norm=9.2667
[iter 100] loss=2.7697 val_loss=0.0000 scale=2.0000 norm=4.3407
[iter 200] loss=1.8914 val_loss=0.0000 scale=2.0000 norm=1.9215
[iter 300] loss=1.1150 val_loss=0.0000 scale=2.0000 norm=1.3422
[iter 400] loss=0.5883 val_loss=0.0000 scale=2.0000 norm=1.1375
[iter 500] loss=0.3708 val_loss=0.0000 scale=2.0000 norm=1.0948
[iter 600] loss=0.2771 val_loss=0.0000 scale=1.0000 norm=0.5441
[iter 700] loss=0.2146 val_loss=0.0000 scale=1.0000 norm=0.5442
[iter 800] loss=0.1832 val_loss=0.0000 scale=0.5000 norm=0.2718
[iter 900] loss=0.1594 val_loss=0.0000 scale=1.0000 norm=0.5430
[iter 1000] loss=0.1527 val_loss=0.0000 scale=0.0010 norm=0.0005
[iter 1100] loss=0.1527 val_loss=0.0000 scale=0.0010 norm=0.0005
[iter 1200] loss=0.1527 val_loss=0.0000 scale=0.0010 norm=0.0005
[iter 1300] loss=0.1527 val_loss=0.0000 scale=0.0010 norm=0.0005
[iter 1400] loss=0.1527 val_loss=0.0000 scale=0.0010 norm=0.0005
[iter 1500] loss=0.1526 val_loss=0.0000 scale=0.0010 norm=0.0005
[iter 1600] loss=0.1526 val_loss=0.0000 scale=0.0010 norm=0.0005
[iter 1700] loss=0.1526 val_loss=0.0000 scale=0.0010 norm=0.0005
[iter 1800] loss=0.1526 val_loss=0.0000 scale=0.0010 norm=0.0005
[iter 1900] loss=0.1522 val_loss=0.0000 scale=0.0010 norm=0.0005
[iter 0] loss=3.7324 val_loss=0.0000 scale=1.0000 norm=9.1977
[iter 100] loss=2.7821 val_loss=0.0000 scale=2.0000 norm=4.4773
[iter 200] loss=1.9085 val_loss=0.0000 scale=2.0000 norm=1.9721
[iter 300] loss=1.1374 val_loss=0.0000 scale=2.0000 norm=1.3771
[iter 400] loss=0.6130 val_loss=0.0000 scale=1.0000 norm=0.5894
[iter 500] loss=0.3852 val_loss=0.0000 scale=1.0000 norm=0.5702
[iter 600] loss=0.2806 val_loss=0.0000 scale=0.5000 norm=0.2860
[iter 700] loss=0.2325 val_loss=0.0000 scale=0.5000 norm=0.2868
[iter 800] loss=0.2012 val_loss=0.0000 scale=1.0000 norm=0.5750
[iter 900] loss=0.1881 val_loss=0.0000 scale=0.5000 norm=0.2872
[iter 1000] loss=0.1872 val_loss=0.0000 scale=0.0010 norm=0.0006
[iter 1100] loss=0.1872 val_loss=0.0000 scale=0.0010 norm=0.0006
[iter 1200] loss=0.1872 val_loss=0.0000 scale=0.0010 norm=0.0006
[iter 1300] loss=0.1872 val_loss=0.0000 scale=0.0010 norm=0.0006
[iter 1400] loss=0.1872 val_loss=0.0000 scale=0.0010 norm=0.0006
[iter 1500] loss=0.1768 val_loss=0.0000 scale=1.0000 norm=0.5713
[iter 1600] loss=0.1623 val_loss=0.0000 scale=0.0010 norm=0.0006
[iter 1700] loss=0.1623 val_loss=0.0000 scale=0.0010 norm=0.0006
[iter 1800] loss=0.1611 val_loss=0.0000 scale=0.5000 norm=0.2827
[iter 1900] loss=0.1488 val_loss=0.0000 scale=0.0625 norm=0.0351
[14/20] BestIter=2000 RMSE: Val=0.5736 Test=0.4055 NLL: Test=0.3504
[iter 0] loss=3.7269 val_loss=0.0000 scale=1.0000 norm=9.1748
[iter 100] loss=2.8521 val_loss=0.0000 scale=2.0000 norm=5.0051
[iter 200] loss=1.9801 val_loss=0.0000 scale=2.0000 norm=2.0841
[iter 300] loss=1.2006 val_loss=0.0000 scale=2.0000 norm=1.4095
[iter 400] loss=0.6707 val_loss=0.0000 scale=1.0000 norm=0.5949
[iter 500] loss=0.4319 val_loss=0.0000 scale=2.0000 norm=1.1320
[iter 600] loss=0.3018 val_loss=0.0000 scale=1.0000 norm=0.5521
[iter 700] loss=0.2390 val_loss=0.0000 scale=1.0000 norm=0.5477
[iter 800] loss=0.2008 val_loss=0.0000 scale=1.0000 norm=0.5478
[iter 900] loss=0.1764 val_loss=0.0000 scale=0.2500 norm=0.1373
[iter 1000] loss=0.1583 val_loss=0.0000 scale=0.0625 norm=0.0343
[iter 1100] loss=0.1401 val_loss=0.0000 scale=0.0625 norm=0.0341
[iter 1200] loss=0.1324 val_loss=0.0000 scale=0.0078 norm=0.0043
[iter 1300] loss=0.1285 val_loss=0.0000 scale=0.0010 norm=0.0005
[iter 1400] loss=0.1285 val_loss=0.0000 scale=0.0010 norm=0.0005
[iter 1500] loss=0.1285 val_loss=0.0000 scale=0.0010 norm=0.0005
[iter 1600] loss=0.1279 val_loss=0.0000 scale=0.0010 norm=0.0005
[iter 1700] loss=0.1279 val_loss=0.0000 scale=0.0010 norm=0.0005
[iter 1800] loss=0.1270 val_loss=0.0000 scale=0.0010 norm=0.0005
[iter 1900] loss=0.1270 val_loss=0.0000 scale=0.0010 norm=0.0005
[iter 0] loss=3.7305 val_loss=0.0000 scale=1.0000 norm=9.1731
[iter 100] loss=2.8160 val_loss=0.0000 scale=2.0000 norm=4.7212
[iter 200] loss=1.9441 val_loss=0.0000 scale=2.0000 norm=2.0224
[iter 300] loss=1.1608 val_loss=0.0000 scale=2.0000 norm=1.3846
[iter 400] loss=0.6413 val_loss=0.0000 scale=2.0000 norm=1.1878
[iter 500] loss=0.4145 val_loss=0.0000 scale=1.0000 norm=0.5693
[iter 600] loss=0.2995 val_loss=0.0000 scale=1.0000 norm=0.5669
[iter 700] loss=0.2401 val_loss=0.0000 scale=1.0000 norm=0.5678
[iter 800] loss=0.2062 val_loss=0.0000 scale=0.5000 norm=0.2842
[iter 900] loss=0.1839 val_loss=0.0000 scale=0.2500 norm=0.1405
[iter 1000] loss=0.1693 val_loss=0.0000 scale=0.1250 norm=0.0698
[iter 1100] loss=0.1578 val_loss=0.0000 scale=0.5000 norm=0.2789
[iter 1200] loss=0.1521 val_loss=0.0000 scale=0.1250 norm=0.0698
[iter 1300] loss=0.1502 val_loss=0.0000 scale=0.0010 norm=0.0005
[iter 1400] loss=0.1500 val_loss=0.0000 scale=0.0010 norm=0.0005
[iter 1500] loss=0.1500 val_loss=0.0000 scale=0.0010 norm=0.0005
[iter 1600] loss=0.1500 val_loss=0.0000 scale=0.0010 norm=0.0005
[iter 1700] loss=0.1500 val_loss=0.0000 scale=0.0010 norm=0.0005
[iter 1800] loss=0.1500 val_loss=0.0000 scale=0.0010 norm=0.0005
[iter 1900] loss=0.1495 val_loss=0.0000 scale=0.0010 norm=0.0005
[15/20] BestIter=2000 RMSE: Val=0.4872 Test=0.4012 NLL: Test=0.3025
[iter 0] loss=3.7213 val_loss=0.0000 scale=1.0000 norm=9.0648
[iter 100] loss=2.7394 val_loss=0.0000 scale=2.0000 norm=4.3122
[iter 200] loss=1.8661 val_loss=0.0000 scale=2.0000 norm=1.9150
[iter 300] loss=1.0959 val_loss=0.0000 scale=2.0000 norm=1.3417
[iter 400] loss=0.5841 val_loss=0.0000 scale=2.0000 norm=1.1604
[iter 500] loss=0.3881 val_loss=0.0000 scale=2.0000 norm=1.1340
[iter 600] loss=0.2727 val_loss=0.0000 scale=1.0000 norm=0.5656
[iter 700] loss=0.2132 val_loss=0.0000 scale=0.5000 norm=0.2827
[iter 800] loss=0.1816 val_loss=0.0000 scale=1.0000 norm=0.5644
[iter 900] loss=0.1719 val_loss=0.0000 scale=0.0625 norm=0.0353
[iter 1000] loss=0.1706 val_loss=0.0000 scale=0.0010 norm=0.0006
[iter 1100] loss=0.1706 val_loss=0.0000 scale=0.0010 norm=0.0006
[iter 1200] loss=0.1706 val_loss=0.0000 scale=0.0010 norm=0.0006
[iter 1300] loss=0.1706 val_loss=0.0000 scale=0.0010 norm=0.0006
[iter 1400] loss=0.1694 val_loss=0.0000 scale=0.0010 norm=0.0006
[iter 1500] loss=0.1694 val_loss=0.0000 scale=0.0010 norm=0.0006
[iter 1600] loss=0.1694 val_loss=0.0000 scale=0.0010 norm=0.0006
[iter 1700] loss=0.1694 val_loss=0.0000 scale=0.0010 norm=0.0006
[iter 1800] loss=0.1684 val_loss=0.0000 scale=0.0010 norm=0.0006
[iter 1900] loss=0.1684 val_loss=0.0000 scale=0.0010 norm=0.0006
[iter 0] loss=3.7229 val_loss=0.0000 scale=1.0000 norm=9.0809
[iter 100] loss=2.8040 val_loss=0.0000 scale=2.0000 norm=4.6993
[iter 200] loss=1.9342 val_loss=0.0000 scale=2.0000 norm=2.0397
[iter 300] loss=1.1619 val_loss=0.0000 scale=2.0000 norm=1.3948
[iter 400] loss=0.6512 val_loss=0.0000 scale=2.0000 norm=1.1935
[iter 500] loss=0.4136 val_loss=0.0000 scale=1.0000 norm=0.5811
[iter 600] loss=0.3140 val_loss=0.0000 scale=1.0000 norm=0.5838
[iter 700] loss=0.2648 val_loss=0.0000 scale=1.0000 norm=0.5844
[iter 800] loss=0.2276 val_loss=0.0000 scale=0.5000 norm=0.2895
[iter 900] loss=0.2013 val_loss=0.0000 scale=0.5000 norm=0.2867
[iter 1000] loss=0.1900 val_loss=0.0000 scale=0.1250 norm=0.0716
[iter 1100] loss=0.1796 val_loss=0.0000 scale=1.0000 norm=0.5694
[iter 1200] loss=0.1687 val_loss=0.0000 scale=0.0312 norm=0.0177
[iter 1300] loss=0.1675 val_loss=0.0000 scale=0.0020 norm=0.0011
[iter 1400] loss=0.1675 val_loss=0.0000 scale=0.0010 norm=0.0006
[iter 1500] loss=0.1669 val_loss=0.0000 scale=0.0625 norm=0.0354
[iter 1600] loss=0.1669 val_loss=0.0000 scale=0.0010 norm=0.0006
[iter 1700] loss=0.1669 val_loss=0.0000 scale=0.0010 norm=0.0006
[iter 1800] loss=0.1668 val_loss=0.0000 scale=0.0010 norm=0.0006
[iter 1900] loss=0.1668 val_loss=0.0000 scale=0.0010 norm=0.0006
[16/20] BestIter=2000 RMSE: Val=0.5260 Test=0.3955 NLL: Test=0.3066
[iter 0] loss=3.7153 val_loss=0.0000 scale=1.0000 norm=9.0658
[iter 100] loss=2.7284 val_loss=0.0000 scale=2.0000 norm=4.2342
[iter 200] loss=1.8564 val_loss=0.0000 scale=2.0000 norm=1.9176
[iter 300] loss=1.0895 val_loss=0.0000 scale=2.0000 norm=1.3639
[iter 400] loss=0.5859 val_loss=0.0000 scale=1.0000 norm=0.5795
[iter 500] loss=0.3600 val_loss=0.0000 scale=1.0000 norm=0.5532
[iter 600] loss=0.2464 val_loss=0.0000 scale=1.0000 norm=0.5487
[iter 700] loss=0.1951 val_loss=0.0000 scale=1.0000 norm=0.5435
[iter 800] loss=0.1673 val_loss=0.0000 scale=1.0000 norm=0.5435
[iter 900] loss=0.1541 val_loss=0.0000 scale=0.5000 norm=0.2723
[iter 1000] loss=0.1374 val_loss=0.0000 scale=0.0010 norm=0.0005
[iter 1100] loss=0.1373 val_loss=0.0000 scale=0.0010 norm=0.0005
[iter 1200] loss=0.1373 val_loss=0.0000 scale=0.0010 norm=0.0005
[iter 1300] loss=0.1373 val_loss=0.0000 scale=0.0010 norm=0.0005
[iter 1400] loss=0.1373 val_loss=0.0000 scale=0.0010 norm=0.0005
[iter 1500] loss=0.1365 val_loss=0.0000 scale=0.0010 norm=0.0005
[iter 1600] loss=0.1364 val_loss=0.0000 scale=0.0010 norm=0.0005
[iter 1700] loss=0.1364 val_loss=0.0000 scale=0.0010 norm=0.0005
[iter 1800] loss=0.1364 val_loss=0.0000 scale=0.0010 norm=0.0005
[iter 1900] loss=0.1336 val_loss=0.0000 scale=0.0010 norm=0.0005
[iter 0] loss=3.7216 val_loss=0.0000 scale=1.0000 norm=9.0781
[iter 100] loss=2.7351 val_loss=0.0000 scale=2.0000 norm=4.2808
[iter 200] loss=1.8636 val_loss=0.0000 scale=2.0000 norm=1.9307
[iter 300] loss=1.0955 val_loss=0.0000 scale=2.0000 norm=1.3573
[iter 400] loss=0.5918 val_loss=0.0000 scale=2.0000 norm=1.1676
[iter 500] loss=0.3494 val_loss=0.0000 scale=1.0000 norm=0.5618
[iter 600] loss=0.2530 val_loss=0.0000 scale=2.0000 norm=1.1240
[iter 700] loss=0.2068 val_loss=0.0000 scale=0.5000 norm=0.2792
[iter 800] loss=0.1807 val_loss=0.0000 scale=0.2500 norm=0.1390
[iter 900] loss=0.1635 val_loss=0.0000 scale=1.0000 norm=0.5530
[iter 1000] loss=0.1591 val_loss=0.0000 scale=0.0078 norm=0.0043
[iter 1100] loss=0.1590 val_loss=0.0000 scale=0.2500 norm=0.1380
[iter 1200] loss=0.1586 val_loss=0.0000 scale=0.0010 norm=0.0005
[iter 1300] loss=0.1581 val_loss=0.0000 scale=0.5000 norm=0.2761
[iter 1400] loss=0.1579 val_loss=0.0000 scale=0.0010 norm=0.0005
[iter 1500] loss=0.1576 val_loss=0.0000 scale=0.0010 norm=0.0005
[iter 1600] loss=0.1574 val_loss=0.0000 scale=0.0010 norm=0.0005
[iter 1700] loss=0.1574 val_loss=0.0000 scale=0.0010 norm=0.0005
[iter 1800] loss=0.1571 val_loss=0.0000 scale=0.0010 norm=0.0005
[iter 1900] loss=0.1571 val_loss=0.0000 scale=0.0010 norm=0.0005
[17/20] BestIter=2000 RMSE: Val=0.4212 Test=0.5612 NLL: Test=2.1392
[iter 0] loss=3.7239 val_loss=0.0000 scale=1.0000 norm=9.0679
[iter 100] loss=2.8171 val_loss=0.0000 scale=2.0000 norm=4.7940
[iter 200] loss=1.9419 val_loss=0.0000 scale=2.0000 norm=2.0181
[iter 300] loss=1.1661 val_loss=0.0000 scale=2.0000 norm=1.3921
[iter 400] loss=0.6508 val_loss=0.0000 scale=2.0000 norm=1.1980
[iter 500] loss=0.4153 val_loss=0.0000 scale=1.0000 norm=0.5703
[iter 600] loss=0.3104 val_loss=0.0000 scale=1.0000 norm=0.5724
[iter 700] loss=0.2584 val_loss=0.0000 scale=0.5000 norm=0.2858
[iter 800] loss=0.2291 val_loss=0.0000 scale=0.1250 norm=0.0713
[iter 900] loss=0.2238 val_loss=0.0000 scale=0.0010 norm=0.0006
[iter 1000] loss=0.2177 val_loss=0.0000 scale=0.0010 norm=0.0006
[iter 1100] loss=0.2177 val_loss=0.0000 scale=0.0010 norm=0.0006
[iter 1200] loss=0.2177 val_loss=0.0000 scale=0.0010 norm=0.0006
[iter 1300] loss=0.2177 val_loss=0.0000 scale=0.0010 norm=0.0006
[iter 1400] loss=0.2175 val_loss=0.0000 scale=0.0010 norm=0.0006
[iter 1500] loss=0.1985 val_loss=0.0000 scale=1.0000 norm=0.5646
[iter 1600] loss=0.1724 val_loss=0.0000 scale=1.0000 norm=0.5545
[iter 1700] loss=0.1594 val_loss=0.0000 scale=0.0625 norm=0.0345
[iter 1800] loss=0.1581 val_loss=0.0000 scale=0.0156 norm=0.0086
[iter 1900] loss=0.1568 val_loss=0.0000 scale=0.0039 norm=0.0021
[iter 0] loss=3.7299 val_loss=0.0000 scale=1.0000 norm=9.1601
[iter 100] loss=2.8248 val_loss=0.0000 scale=2.0000 norm=4.8147
[iter 200] loss=1.9523 val_loss=0.0000 scale=2.0000 norm=2.0481
[iter 300] loss=1.1736 val_loss=0.0000 scale=2.0000 norm=1.3913
[iter 400] loss=0.6333 val_loss=0.0000 scale=2.0000 norm=1.1786
[iter 500] loss=0.3880 val_loss=0.0000 scale=1.0000 norm=0.5751
[iter 600] loss=0.2908 val_loss=0.0000 scale=1.0000 norm=0.5789
[iter 700] loss=0.2460 val_loss=0.0000 scale=0.5000 norm=0.2842
[iter 800] loss=0.2254 val_loss=0.0000 scale=0.1250 norm=0.0704
[iter 900] loss=0.2159 val_loss=0.0000 scale=2.0000 norm=1.1227
[iter 1000] loss=0.2050 val_loss=0.0000 scale=0.0010 norm=0.0005
[iter 1100] loss=0.2050 val_loss=0.0000 scale=0.0010 norm=0.0005
[iter 1200] loss=0.2050 val_loss=0.0000 scale=0.0010 norm=0.0005
[iter 1300] loss=0.2026 val_loss=0.0000 scale=0.0010 norm=0.0005
[iter 1400] loss=0.2026 val_loss=0.0000 scale=0.0039 norm=0.0022
[iter 1500] loss=0.2025 val_loss=0.0000 scale=0.0010 norm=0.0005
[iter 1600] loss=0.2025 val_loss=0.0000 scale=0.0010 norm=0.0005
[iter 1700] loss=0.2025 val_loss=0.0000 scale=0.0010 norm=0.0005
[iter 1800] loss=0.2025 val_loss=0.0000 scale=0.0010 norm=0.0005
[iter 1900] loss=0.2025 val_loss=0.0000 scale=0.0010 norm=0.0005
[18/20] BestIter=2000 RMSE: Val=0.4177 Test=0.4069 NLL: Test=0.2001
[iter 0] loss=3.7370 val_loss=0.0000 scale=1.0000 norm=9.2386
[iter 100] loss=2.8061 val_loss=0.0000 scale=2.0000 norm=4.6166
[iter 200] loss=1.9287 val_loss=0.0000 scale=2.0000 norm=1.9853
[iter 300] loss=1.1511 val_loss=0.0000 scale=2.0000 norm=1.3768
[iter 400] loss=0.6179 val_loss=0.0000 scale=2.0000 norm=1.1670
[iter 500] loss=0.3664 val_loss=0.0000 scale=1.0000 norm=0.5639
[iter 600] loss=0.2705 val_loss=0.0000 scale=1.0000 norm=0.5641
[iter 700] loss=0.2117 val_loss=0.0000 scale=1.0000 norm=0.5636
[iter 800] loss=0.1773 val_loss=0.0000 scale=1.0000 norm=0.5620
[iter 900] loss=0.1530 val_loss=0.0000 scale=0.5000 norm=0.2789
[iter 1000] loss=0.1277 val_loss=0.0000 scale=1.0000 norm=0.5523
[iter 1100] loss=0.1046 val_loss=0.0000 scale=0.1250 norm=0.0680
[iter 1200] loss=0.0986 val_loss=0.0000 scale=0.0156 norm=0.0085
[iter 1300] loss=0.0967 val_loss=0.0000 scale=0.0010 norm=0.0005
[iter 1400] loss=0.0862 val_loss=0.0000 scale=0.5000 norm=0.2688
[iter 1500] loss=0.0824 val_loss=0.0000 scale=0.2500 norm=0.1343
[iter 1600] loss=0.0738 val_loss=0.0000 scale=0.5000 norm=0.2682
[iter 1700] loss=0.0714 val_loss=0.0000 scale=0.0010 norm=0.0005
[iter 1800] loss=0.0627 val_loss=0.0000 scale=0.1250 norm=0.0667
[iter 1900] loss=0.0595 val_loss=0.0000 scale=0.0010 norm=0.0005
[iter 0] loss=3.7415 val_loss=0.0000 scale=1.0000 norm=9.2717
[iter 100] loss=2.7919 val_loss=0.0000 scale=2.0000 norm=4.5231
[iter 200] loss=1.9172 val_loss=0.0000 scale=2.0000 norm=1.9767
[iter 300] loss=1.1437 val_loss=0.0000 scale=2.0000 norm=1.3850
[iter 400] loss=0.6170 val_loss=0.0000 scale=1.0000 norm=0.5815
[iter 500] loss=0.3747 val_loss=0.0000 scale=1.0000 norm=0.5592
[iter 600] loss=0.2791 val_loss=0.0000 scale=1.0000 norm=0.5628
[iter 700] loss=0.2348 val_loss=0.0000 scale=1.0000 norm=0.5632
[iter 800] loss=0.2000 val_loss=0.0000 scale=1.0000 norm=0.5594
[iter 900] loss=0.1796 val_loss=0.0000 scale=0.0625 norm=0.0350
[iter 1000] loss=0.1762 val_loss=0.0000 scale=0.0625 norm=0.0350
[iter 1100] loss=0.1739 val_loss=0.0000 scale=0.0010 norm=0.0005
[iter 1200] loss=0.1739 val_loss=0.0000 scale=0.0010 norm=0.0005
[iter 1300] loss=0.1734 val_loss=0.0000 scale=0.0010 norm=0.0005
[iter 1400] loss=0.1715 val_loss=0.0000 scale=0.0156 norm=0.0088
[iter 1500] loss=0.1704 val_loss=0.0000 scale=0.0010 norm=0.0005
[iter 1600] loss=0.1704 val_loss=0.0000 scale=0.0010 norm=0.0005
[iter 1700] loss=0.1704 val_loss=0.0000 scale=0.0010 norm=0.0005
[iter 1800] loss=0.1703 val_loss=0.0000 scale=0.0010 norm=0.0005
[iter 1900] loss=0.1703 val_loss=0.0000 scale=0.0010 norm=0.0005
[19/20] BestIter=2000 RMSE: Val=0.4476 Test=0.5260 NLL: Test=1.1744
[iter 0] loss=3.7399 val_loss=0.0000 scale=1.0000 norm=9.2454
[iter 100] loss=2.8004 val_loss=0.0000 scale=2.0000 norm=4.5879
[iter 200] loss=1.9240 val_loss=0.0000 scale=2.0000 norm=1.9724
[iter 300] loss=1.1470 val_loss=0.0000 scale=2.0000 norm=1.3747
[iter 400] loss=0.6271 val_loss=0.0000 scale=2.0000 norm=1.1770
[iter 500] loss=0.3882 val_loss=0.0000 scale=2.0000 norm=1.1315
[iter 600] loss=0.2819 val_loss=0.0000 scale=1.0000 norm=0.5632
[iter 700] loss=0.2184 val_loss=0.0000 scale=1.0000 norm=0.5658
[iter 800] loss=0.1831 val_loss=0.0000 scale=1.0000 norm=0.5702
[iter 900] loss=0.1624 val_loss=0.0000 scale=0.2500 norm=0.1428
[iter 1000] loss=0.1502 val_loss=0.0000 scale=0.5000 norm=0.2852
[iter 1100] loss=0.1442 val_loss=0.0000 scale=0.1250 norm=0.0712
[iter 1200] loss=0.1424 val_loss=0.0000 scale=0.0625 norm=0.0356
[iter 1300] loss=0.1421 val_loss=0.0000 scale=0.0010 norm=0.0006
[iter 1400] loss=0.1421 val_loss=0.0000 scale=0.0625 norm=0.0356
[iter 1500] loss=0.1414 val_loss=0.0000 scale=0.0010 norm=0.0006
[iter 1600] loss=0.1397 val_loss=0.0000 scale=0.0156 norm=0.0089
[iter 1700] loss=0.1387 val_loss=0.0000 scale=0.0078 norm=0.0044
[iter 1800] loss=0.1384 val_loss=0.0000 scale=0.0010 norm=0.0006
[iter 1900] loss=0.1384 val_loss=0.0000 scale=0.0010 norm=0.0006
[iter 0] loss=3.7306 val_loss=0.0000 scale=1.0000 norm=9.1573
[iter 100] loss=2.7593 val_loss=0.0000 scale=2.0000 norm=4.3654
[iter 200] loss=1.8818 val_loss=0.0000 scale=2.0000 norm=1.9096
[iter 300] loss=1.1094 val_loss=0.0000 scale=2.0000 norm=1.3550
[iter 400] loss=0.5861 val_loss=0.0000 scale=1.0000 norm=0.5799
[iter 500] loss=0.3670 val_loss=0.0000 scale=1.0000 norm=0.5629
[iter 600] loss=0.2661 val_loss=0.0000 scale=1.0000 norm=0.5646
[iter 700] loss=0.2136 val_loss=0.0000 scale=0.5000 norm=0.2838
[iter 800] loss=0.1729 val_loss=0.0000 scale=0.5000 norm=0.2822
[iter 900] loss=0.1506 val_loss=0.0000 scale=1.0000 norm=0.5609
[iter 1000] loss=0.1393 val_loss=0.0000 scale=1.0000 norm=0.5594
[iter 1100] loss=0.1252 val_loss=0.0000 scale=0.0625 norm=0.0348
[iter 1200] loss=0.1194 val_loss=0.0000 scale=0.0312 norm=0.0174
[iter 1300] loss=0.1156 val_loss=0.0000 scale=1.0000 norm=0.5555
[iter 1400] loss=0.1149 val_loss=0.0000 scale=0.0010 norm=0.0005
[iter 1500] loss=0.1149 val_loss=0.0000 scale=0.0010 norm=0.0005
[iter 1600] loss=0.1149 val_loss=0.0000 scale=0.0010 norm=0.0005
[iter 1700] loss=0.1149 val_loss=0.0000 scale=0.0010 norm=0.0005
[iter 1800] loss=0.1149 val_loss=0.0000 scale=0.0010 norm=0.0005
[iter 1900] loss=0.1149 val_loss=0.0000 scale=0.0010 norm=0.0005
[20/20] BestIter=2000 RMSE: Val=0.3971 Test=0.5141 NLL: Test=0.4316
Energy Efficiency
== GBM=0.0000 +/- 0.0000, RMSE NGBOOST =0.4617 ± 0.0585, NLL NGBOOST=0.7451 ± 0.6812, TIME = 69.3976
