Lmod has detected the following error: A different version of the 'GCCcore'
module is already loaded (see output of 'ml').
You should load another 'GCC' module that is compatible with the currently
loaded version of 'GCCcore'.
Use 'ml spider GCC' to get an overview of the available versions.


If you don't understand the warning or error, contact the helpdesk at
hpc@vub.be 
While processing the following module(s):
    Module fullname        Module Filename
    ---------------        ---------------
    GCC/12.3.0             /apps/brussel/RL8/skylake/modules/2023a/all/GCC/12.3.0.lua
    gfbf/2023a             /apps/brussel/RL8/skylake/modules/2023a/all/gfbf/2023a.lua
    sympy/1.12-gfbf-2023a  /apps/brussel/RL8/skylake/modules/2023a/all/sympy/1.12-gfbf-2023a.lua


Due to MODULEPATH changes, the following have been reloaded:
  1) OpenSSL/1.1

== Dataset=Boston Housing X.shape=(506, 13) MLE/Normal
Best iteration: 240
[1/20] BestIter=0 RMSE: Val=2.0401 Test=2.9243 NLL: Test=2.3713
Best iteration: 135
[2/20] BestIter=0 RMSE: Val=2.2499 Test=4.2489 NLL: Test=2.7766
Best iteration: 218
[3/20] BestIter=0 RMSE: Val=1.8963 Test=3.5751 NLL: Test=2.5086
Best iteration: 181
[4/20] BestIter=0 RMSE: Val=1.9931 Test=4.4986 NLL: Test=2.6221
Best iteration: 265
[5/20] BestIter=0 RMSE: Val=2.3107 Test=6.0793 NLL: Test=2.5919
Best iteration: 190
[6/20] BestIter=0 RMSE: Val=2.3440 Test=3.6741 NLL: Test=2.6568
Best iteration: 296
[7/20] BestIter=0 RMSE: Val=2.3068 Test=1.9131 NLL: Test=2.1727
Best iteration: 208
[8/20] BestIter=0 RMSE: Val=1.9871 Test=5.3077 NLL: Test=2.6375
Best iteration: 134
[9/20] BestIter=0 RMSE: Val=2.3482 Test=4.4227 NLL: Test=2.8596
Best iteration: 281
[10/20] BestIter=0 RMSE: Val=1.8248 Test=5.3528 NLL: Test=2.6451
Best iteration: 271
[11/20] BestIter=0 RMSE: Val=2.1004 Test=4.4961 NLL: Test=2.8366
Best iteration: 300
[12/20] BestIter=0 RMSE: Val=1.8666 Test=4.4496 NLL: Test=2.4187
Best iteration: 157
[13/20] BestIter=0 RMSE: Val=2.2546 Test=3.7772 NLL: Test=2.5510
Best iteration: 310
[14/20] BestIter=0 RMSE: Val=1.6606 Test=5.2140 NLL: Test=2.6775
Best iteration: 257
[15/20] BestIter=0 RMSE: Val=1.8263 Test=3.4737 NLL: Test=2.5170
Best iteration: 258
[16/20] BestIter=0 RMSE: Val=1.6424 Test=3.7262 NLL: Test=2.4988
Best iteration: 199
[17/20] BestIter=0 RMSE: Val=2.0597 Test=3.8407 NLL: Test=2.7080
Best iteration: 209
[18/20] BestIter=0 RMSE: Val=2.0391 Test=3.6528 NLL: Test=2.5518
Best iteration: 242
[19/20] BestIter=0 RMSE: Val=2.1403 Test=3.6121 NLL: Test=2.4732
Best iteration: 232
[20/20] BestIter=0 RMSE: Val=2.0663 Test=6.7187 NLL: Test=2.7142
Boston Housing
== GBM=0.0000 +/- 0.0000, RMSE GBMLSS=4.2479 ± 1.0709, NLL GBMLSS=2.5895 ± 0.1588, TIME = 2.7690
