Lmod has detected the following error: A different version of the 'GCCcore'
module is already loaded (see output of 'ml').
You should load another 'GCC' module that is compatible with the currently
loaded version of 'GCCcore'.
Use 'ml spider GCC' to get an overview of the available versions.


If you don't understand the warning or error, contact the helpdesk at
hpc@vub.be 
While processing the following module(s):
    Module fullname        Module Filename
    ---------------        ---------------
    GCC/12.3.0             /apps/brussel/RL8/skylake/modules/2023a/all/GCC/12.3.0.lua
    gfbf/2023a             /apps/brussel/RL8/skylake/modules/2023a/all/gfbf/2023a.lua
    sympy/1.12-gfbf-2023a  /apps/brussel/RL8/skylake/modules/2023a/all/sympy/1.12-gfbf-2023a.lua


Due to MODULEPATH changes, the following have been reloaded:
  1) OpenSSL/1.1

== Dataset=Wine Quality Red X.shape=(1599, 11) LogScore/Normal
[iter 0] loss=1.1860 val_loss=0.0000 scale=1.0000 norm=0.8512
[iter 100] loss=0.9343 val_loss=0.0000 scale=1.0000 norm=0.6873
[iter 200] loss=0.8045 val_loss=0.0000 scale=2.0000 norm=1.3033
[iter 300] loss=0.7092 val_loss=0.0000 scale=1.0000 norm=0.6415
[iter 400] loss=0.6446 val_loss=0.0000 scale=1.0000 norm=0.6358
[iter 500] loss=0.5996 val_loss=0.0000 scale=2.0000 norm=1.2520
[iter 600] loss=0.5554 val_loss=0.0000 scale=1.0000 norm=0.6135
[iter 700] loss=0.5234 val_loss=0.0000 scale=1.0000 norm=0.6039
[iter 800] loss=0.4938 val_loss=0.0000 scale=1.0000 norm=0.5964
[iter 900] loss=0.4671 val_loss=0.0000 scale=1.0000 norm=0.5904
[iter 1000] loss=0.4432 val_loss=0.0000 scale=0.5000 norm=0.2923
[iter 1100] loss=0.4221 val_loss=0.0000 scale=0.2500 norm=0.1450
[iter 1200] loss=0.4022 val_loss=0.0000 scale=1.0000 norm=0.5748
[iter 1300] loss=0.3765 val_loss=0.0000 scale=1.0000 norm=0.5659
[iter 1400] loss=0.3541 val_loss=0.0000 scale=1.0000 norm=0.5598
[iter 1500] loss=0.3292 val_loss=0.0000 scale=1.0000 norm=0.5520
[iter 1600] loss=0.3071 val_loss=0.0000 scale=2.0000 norm=1.0942
[iter 1700] loss=0.2882 val_loss=0.0000 scale=0.5000 norm=0.2715
[iter 1800] loss=0.2714 val_loss=0.0000 scale=0.5000 norm=0.2696
[iter 1900] loss=0.2551 val_loss=0.0000 scale=0.5000 norm=0.2678
[iter 0] loss=1.1977 val_loss=0.0000 scale=1.0000 norm=0.8584
[iter 100] loss=0.9554 val_loss=0.0000 scale=1.0000 norm=0.6982
[iter 200] loss=0.8339 val_loss=0.0000 scale=2.0000 norm=1.3346
[iter 300] loss=0.7512 val_loss=0.0000 scale=2.0000 norm=1.3233
[iter 400] loss=0.6959 val_loss=0.0000 scale=2.0000 norm=1.3120
[iter 500] loss=0.6558 val_loss=0.0000 scale=1.0000 norm=0.6474
[iter 600] loss=0.6230 val_loss=0.0000 scale=2.0000 norm=1.2784
[iter 700] loss=0.5989 val_loss=0.0000 scale=1.0000 norm=0.6327
[iter 800] loss=0.5711 val_loss=0.0000 scale=1.0000 norm=0.6234
[iter 900] loss=0.5477 val_loss=0.0000 scale=1.0000 norm=0.6165
[iter 1000] loss=0.5290 val_loss=0.0000 scale=2.0000 norm=1.2237
[iter 1100] loss=0.5106 val_loss=0.0000 scale=1.0000 norm=0.6067
[iter 1200] loss=0.4913 val_loss=0.0000 scale=1.0000 norm=0.6004
[iter 1300] loss=0.4738 val_loss=0.0000 scale=0.2500 norm=0.1487
[iter 1400] loss=0.4581 val_loss=0.0000 scale=1.0000 norm=0.5914
[iter 1500] loss=0.4422 val_loss=0.0000 scale=0.5000 norm=0.2935
[iter 1600] loss=0.4290 val_loss=0.0000 scale=0.2500 norm=0.1460
[iter 1700] loss=0.4141 val_loss=0.0000 scale=0.5000 norm=0.2900
[iter 1800] loss=0.3984 val_loss=0.0000 scale=0.5000 norm=0.2877
[iter 1900] loss=0.3811 val_loss=0.0000 scale=0.5000 norm=0.2852
[1/20] BestIter=299 RMSE: Val=0.6727 Test=0.6296 NLL: Test=0.9047
[iter 0] loss=1.2083 val_loss=0.0000 scale=1.0000 norm=0.8652
[iter 100] loss=0.9601 val_loss=0.0000 scale=1.0000 norm=0.6975
[iter 200] loss=0.8343 val_loss=0.0000 scale=1.0000 norm=0.6618
[iter 300] loss=0.7428 val_loss=0.0000 scale=2.0000 norm=1.3038
[iter 400] loss=0.6770 val_loss=0.0000 scale=2.0000 norm=1.2805
[iter 500] loss=0.6323 val_loss=0.0000 scale=2.0000 norm=1.2609
[iter 600] loss=0.5947 val_loss=0.0000 scale=1.0000 norm=0.6204
[iter 700] loss=0.5604 val_loss=0.0000 scale=1.0000 norm=0.6106
[iter 800] loss=0.5345 val_loss=0.0000 scale=1.0000 norm=0.6052
[iter 900] loss=0.5119 val_loss=0.0000 scale=0.5000 norm=0.3000
[iter 1000] loss=0.4895 val_loss=0.0000 scale=1.0000 norm=0.5940
[iter 1100] loss=0.4659 val_loss=0.0000 scale=1.0000 norm=0.5877
[iter 1200] loss=0.4432 val_loss=0.0000 scale=1.0000 norm=0.5813
[iter 1300] loss=0.4235 val_loss=0.0000 scale=0.2500 norm=0.1441
[iter 1400] loss=0.4055 val_loss=0.0000 scale=1.0000 norm=0.5717
[iter 1500] loss=0.3841 val_loss=0.0000 scale=0.2500 norm=0.1413
[iter 1600] loss=0.3647 val_loss=0.0000 scale=1.0000 norm=0.5600
[iter 1700] loss=0.3484 val_loss=0.0000 scale=0.5000 norm=0.2782
[iter 1800] loss=0.3269 val_loss=0.0000 scale=0.5000 norm=0.2752
[iter 1900] loss=0.3096 val_loss=0.0000 scale=0.2500 norm=0.1366
[iter 0] loss=1.2077 val_loss=0.0000 scale=1.0000 norm=0.8645
[iter 100] loss=0.9627 val_loss=0.0000 scale=1.0000 norm=0.7006
[iter 200] loss=0.8388 val_loss=0.0000 scale=1.0000 norm=0.6687
[iter 300] loss=0.7575 val_loss=0.0000 scale=2.0000 norm=1.3250
[iter 400] loss=0.7024 val_loss=0.0000 scale=1.0000 norm=0.6551
[iter 500] loss=0.6530 val_loss=0.0000 scale=1.0000 norm=0.6445
[iter 600] loss=0.6213 val_loss=0.0000 scale=1.0000 norm=0.6384
[iter 700] loss=0.5915 val_loss=0.0000 scale=0.5000 norm=0.3158
[iter 800] loss=0.5653 val_loss=0.0000 scale=1.0000 norm=0.6241
[iter 900] loss=0.5366 val_loss=0.0000 scale=1.0000 norm=0.6151
[iter 1000] loss=0.5105 val_loss=0.0000 scale=1.0000 norm=0.6083
[iter 1100] loss=0.4891 val_loss=0.0000 scale=0.5000 norm=0.3019
[iter 1200] loss=0.4695 val_loss=0.0000 scale=0.5000 norm=0.2995
[iter 1300] loss=0.4522 val_loss=0.0000 scale=0.5000 norm=0.2974
[iter 1400] loss=0.4353 val_loss=0.0000 scale=2.0000 norm=1.1777
[iter 1500] loss=0.4206 val_loss=0.0000 scale=0.2500 norm=0.1464
[iter 1600] loss=0.4062 val_loss=0.0000 scale=0.5000 norm=0.2909
[iter 1700] loss=0.3938 val_loss=0.0000 scale=0.5000 norm=0.2896
[iter 1800] loss=0.3761 val_loss=0.0000 scale=0.5000 norm=0.2872
[iter 1900] loss=0.3611 val_loss=0.0000 scale=0.2500 norm=0.1429
[2/20] BestIter=1113 RMSE: Val=0.6177 Test=0.5685 NLL: Test=0.9599
[iter 0] loss=1.1848 val_loss=0.0000 scale=1.0000 norm=0.8502
[iter 100] loss=0.9274 val_loss=0.0000 scale=1.0000 norm=0.6784
[iter 200] loss=0.7833 val_loss=0.0000 scale=2.0000 norm=1.2868
[iter 300] loss=0.6937 val_loss=0.0000 scale=2.0000 norm=1.2719
[iter 400] loss=0.6466 val_loss=0.0000 scale=2.0000 norm=1.2568
[iter 500] loss=0.6022 val_loss=0.0000 scale=1.0000 norm=0.6170
[iter 600] loss=0.5695 val_loss=0.0000 scale=0.5000 norm=0.3044
[iter 700] loss=0.5457 val_loss=0.0000 scale=0.5000 norm=0.3014
[iter 800] loss=0.5256 val_loss=0.0000 scale=0.5000 norm=0.2981
[iter 900] loss=0.5018 val_loss=0.0000 scale=0.5000 norm=0.2956
[iter 1000] loss=0.4834 val_loss=0.0000 scale=0.5000 norm=0.2935
[iter 1100] loss=0.4623 val_loss=0.0000 scale=0.5000 norm=0.2899
[iter 1200] loss=0.4488 val_loss=0.0000 scale=0.2500 norm=0.1442
[iter 1300] loss=0.4340 val_loss=0.0000 scale=0.5000 norm=0.2869
[iter 1400] loss=0.4172 val_loss=0.0000 scale=0.2500 norm=0.1424
[iter 1500] loss=0.3953 val_loss=0.0000 scale=0.2500 norm=0.1406
[iter 1600] loss=0.3806 val_loss=0.0000 scale=0.2500 norm=0.1399
[iter 1700] loss=0.3712 val_loss=0.0000 scale=0.5000 norm=0.2790
[iter 1800] loss=0.3640 val_loss=0.0000 scale=0.5000 norm=0.2782
[iter 1900] loss=0.3564 val_loss=0.0000 scale=0.0156 norm=0.0087
[iter 0] loss=1.1843 val_loss=0.0000 scale=1.0000 norm=0.8491
[iter 100] loss=0.9398 val_loss=0.0000 scale=1.0000 norm=0.6867
[iter 200] loss=0.8112 val_loss=0.0000 scale=1.0000 norm=0.6537
[iter 300] loss=0.7227 val_loss=0.0000 scale=2.0000 norm=1.2977
[iter 400] loss=0.6709 val_loss=0.0000 scale=1.0000 norm=0.6432
[iter 500] loss=0.6342 val_loss=0.0000 scale=1.0000 norm=0.6339
[iter 600] loss=0.6071 val_loss=0.0000 scale=0.5000 norm=0.3137
[iter 700] loss=0.5869 val_loss=0.0000 scale=1.0000 norm=0.6229
[iter 800] loss=0.5655 val_loss=0.0000 scale=1.0000 norm=0.6172
[iter 900] loss=0.5449 val_loss=0.0000 scale=0.5000 norm=0.3055
[iter 1000] loss=0.5267 val_loss=0.0000 scale=0.5000 norm=0.3037
[iter 1100] loss=0.5085 val_loss=0.0000 scale=0.5000 norm=0.3018
[iter 1200] loss=0.4898 val_loss=0.0000 scale=0.5000 norm=0.2994
[iter 1300] loss=0.4707 val_loss=0.0000 scale=2.0000 norm=1.1879
[iter 1400] loss=0.4540 val_loss=0.0000 scale=2.0000 norm=1.1818
[iter 1500] loss=0.4413 val_loss=0.0000 scale=0.1250 norm=0.0736
[iter 1600] loss=0.4287 val_loss=0.0000 scale=1.0000 norm=0.5850
[iter 1700] loss=0.4166 val_loss=0.0000 scale=0.2500 norm=0.1456
[iter 1800] loss=0.4089 val_loss=0.0000 scale=0.2500 norm=0.1453
[iter 1900] loss=0.4028 val_loss=0.0000 scale=0.2500 norm=0.1450
[3/20] BestIter=1327 RMSE: Val=0.6256 Test=0.7104 NLL: Test=1.6585
[iter 0] loss=1.1910 val_loss=0.0000 scale=1.0000 norm=0.8556
[iter 100] loss=0.9412 val_loss=0.0000 scale=1.0000 norm=0.6900
[iter 200] loss=0.8111 val_loss=0.0000 scale=2.0000 norm=1.3084
[iter 300] loss=0.7166 val_loss=0.0000 scale=2.0000 norm=1.2886
[iter 400] loss=0.6597 val_loss=0.0000 scale=1.0000 norm=0.6342
[iter 500] loss=0.6164 val_loss=0.0000 scale=1.0000 norm=0.6231
[iter 600] loss=0.5767 val_loss=0.0000 scale=0.5000 norm=0.3064
[iter 700] loss=0.5454 val_loss=0.0000 scale=1.0000 norm=0.6046
[iter 800] loss=0.5220 val_loss=0.0000 scale=1.0000 norm=0.6002
[iter 900] loss=0.5004 val_loss=0.0000 scale=0.2500 norm=0.1488
[iter 1000] loss=0.4787 val_loss=0.0000 scale=1.0000 norm=0.5900
[iter 1100] loss=0.4581 val_loss=0.0000 scale=1.0000 norm=0.5852
[iter 1200] loss=0.4380 val_loss=0.0000 scale=1.0000 norm=0.5811
[iter 1300] loss=0.4202 val_loss=0.0000 scale=1.0000 norm=0.5772
[iter 1400] loss=0.4028 val_loss=0.0000 scale=0.5000 norm=0.2865
[iter 1500] loss=0.3875 val_loss=0.0000 scale=1.0000 norm=0.5683
[iter 1600] loss=0.3729 val_loss=0.0000 scale=0.5000 norm=0.2825
[iter 1700] loss=0.3601 val_loss=0.0000 scale=1.0000 norm=0.5618
[iter 1800] loss=0.3466 val_loss=0.0000 scale=0.2500 norm=0.1395
[iter 1900] loss=0.3328 val_loss=0.0000 scale=0.5000 norm=0.2769
[iter 0] loss=1.2064 val_loss=0.0000 scale=1.0000 norm=0.8642
[iter 100] loss=0.9649 val_loss=0.0000 scale=1.0000 norm=0.7024
[iter 200] loss=0.8441 val_loss=0.0000 scale=2.0000 norm=1.3377
[iter 300] loss=0.7550 val_loss=0.0000 scale=1.0000 norm=0.6594
[iter 400] loss=0.7011 val_loss=0.0000 scale=1.0000 norm=0.6515
[iter 500] loss=0.6558 val_loss=0.0000 scale=1.0000 norm=0.6408
[iter 600] loss=0.6177 val_loss=0.0000 scale=1.0000 norm=0.6323
[iter 700] loss=0.5839 val_loss=0.0000 scale=1.0000 norm=0.6249
[iter 800] loss=0.5571 val_loss=0.0000 scale=1.0000 norm=0.6197
[iter 900] loss=0.5355 val_loss=0.0000 scale=0.5000 norm=0.3075
[iter 1000] loss=0.5131 val_loss=0.0000 scale=0.5000 norm=0.3043
[iter 1100] loss=0.4924 val_loss=0.0000 scale=1.0000 norm=0.6024
[iter 1200] loss=0.4733 val_loss=0.0000 scale=0.5000 norm=0.2980
[iter 1300] loss=0.4580 val_loss=0.0000 scale=0.5000 norm=0.2963
[iter 1400] loss=0.4429 val_loss=0.0000 scale=0.5000 norm=0.2940
[iter 1500] loss=0.4262 val_loss=0.0000 scale=0.5000 norm=0.2919
[iter 1600] loss=0.4111 val_loss=0.0000 scale=1.0000 norm=0.5801
[iter 1700] loss=0.3926 val_loss=0.0000 scale=1.0000 norm=0.5739
[iter 1800] loss=0.3769 val_loss=0.0000 scale=1.0000 norm=0.5702
[iter 1900] loss=0.3621 val_loss=0.0000 scale=1.0000 norm=0.5668
[4/20] BestIter=355 RMSE: Val=0.6730 Test=0.5821 NLL: Test=0.8156
[iter 0] loss=1.2040 val_loss=0.0000 scale=1.0000 norm=0.8625
[iter 100] loss=0.9505 val_loss=0.0000 scale=1.0000 norm=0.6908
[iter 200] loss=0.8287 val_loss=0.0000 scale=2.0000 norm=1.3095
[iter 300] loss=0.7370 val_loss=0.0000 scale=1.0000 norm=0.6418
[iter 400] loss=0.6853 val_loss=0.0000 scale=1.0000 norm=0.6350
[iter 500] loss=0.6492 val_loss=0.0000 scale=1.0000 norm=0.6276
[iter 600] loss=0.6186 val_loss=0.0000 scale=1.0000 norm=0.6205
[iter 700] loss=0.5912 val_loss=0.0000 scale=0.5000 norm=0.3065
[iter 800] loss=0.5657 val_loss=0.0000 scale=1.0000 norm=0.6048
[iter 900] loss=0.5453 val_loss=0.0000 scale=1.0000 norm=0.5979
[iter 1000] loss=0.5212 val_loss=0.0000 scale=0.5000 norm=0.2956
[iter 1100] loss=0.5027 val_loss=0.0000 scale=0.1250 norm=0.0733
[iter 1200] loss=0.4840 val_loss=0.0000 scale=0.5000 norm=0.2915
[iter 1300] loss=0.4680 val_loss=0.0000 scale=1.0000 norm=0.5799
[iter 1400] loss=0.4514 val_loss=0.0000 scale=1.0000 norm=0.5756
[iter 1500] loss=0.4365 val_loss=0.0000 scale=1.0000 norm=0.5719
[iter 1600] loss=0.4257 val_loss=0.0000 scale=1.0000 norm=0.5697
[iter 1700] loss=0.4141 val_loss=0.0000 scale=0.5000 norm=0.2832
[iter 1800] loss=0.3988 val_loss=0.0000 scale=0.5000 norm=0.2811
[iter 1900] loss=0.3866 val_loss=0.0000 scale=0.1250 norm=0.0700
[iter 0] loss=1.2124 val_loss=0.0000 scale=1.0000 norm=0.8677
[iter 100] loss=0.9672 val_loss=0.0000 scale=1.0000 norm=0.7023
[iter 200] loss=0.8406 val_loss=0.0000 scale=2.0000 norm=1.3396
[iter 300] loss=0.7558 val_loss=0.0000 scale=2.0000 norm=1.3229
[iter 400] loss=0.7007 val_loss=0.0000 scale=1.0000 norm=0.6523
[iter 500] loss=0.6634 val_loss=0.0000 scale=2.0000 norm=1.2880
[iter 600] loss=0.6317 val_loss=0.0000 scale=2.0000 norm=1.2724
[iter 700] loss=0.6056 val_loss=0.0000 scale=0.5000 norm=0.3153
[iter 800] loss=0.5841 val_loss=0.0000 scale=1.0000 norm=0.6257
[iter 900] loss=0.5637 val_loss=0.0000 scale=2.0000 norm=1.2416
[iter 1000] loss=0.5430 val_loss=0.0000 scale=1.0000 norm=0.6149
[iter 1100] loss=0.5230 val_loss=0.0000 scale=1.0000 norm=0.6099
[iter 1200] loss=0.5029 val_loss=0.0000 scale=0.5000 norm=0.3017
[iter 1300] loss=0.4842 val_loss=0.0000 scale=1.0000 norm=0.5988
[iter 1400] loss=0.4661 val_loss=0.0000 scale=1.0000 norm=0.5948
[iter 1500] loss=0.4499 val_loss=0.0000 scale=0.2500 norm=0.1480
[iter 1600] loss=0.4349 val_loss=0.0000 scale=1.0000 norm=0.5891
[iter 1700] loss=0.4205 val_loss=0.0000 scale=0.5000 norm=0.2925
[iter 1800] loss=0.4042 val_loss=0.0000 scale=0.5000 norm=0.2904
[iter 1900] loss=0.3875 val_loss=0.0000 scale=0.5000 norm=0.2884
[5/20] BestIter=291 RMSE: Val=0.6439 Test=0.5755 NLL: Test=0.8301
[iter 0] loss=1.2129 val_loss=0.0000 scale=1.0000 norm=0.8680
[iter 100] loss=0.9644 val_loss=0.0000 scale=2.0000 norm=1.4022
[iter 200] loss=0.8293 val_loss=0.0000 scale=2.0000 norm=1.3275
[iter 300] loss=0.7416 val_loss=0.0000 scale=2.0000 norm=1.3120
[iter 400] loss=0.6810 val_loss=0.0000 scale=1.0000 norm=0.6448
[iter 500] loss=0.6399 val_loss=0.0000 scale=1.0000 norm=0.6350
[iter 600] loss=0.6098 val_loss=0.0000 scale=1.0000 norm=0.6279
[iter 700] loss=0.5834 val_loss=0.0000 scale=1.0000 norm=0.6223
[iter 800] loss=0.5594 val_loss=0.0000 scale=1.0000 norm=0.6171
[iter 900] loss=0.5337 val_loss=0.0000 scale=1.0000 norm=0.6099
[iter 1000] loss=0.5090 val_loss=0.0000 scale=1.0000 norm=0.6033
[iter 1100] loss=0.4807 val_loss=0.0000 scale=1.0000 norm=0.5969
[iter 1200] loss=0.4587 val_loss=0.0000 scale=0.5000 norm=0.2959
[iter 1300] loss=0.4402 val_loss=0.0000 scale=0.5000 norm=0.2941
[iter 1400] loss=0.4232 val_loss=0.0000 scale=0.2500 norm=0.1459
[iter 1500] loss=0.4055 val_loss=0.0000 scale=1.0000 norm=0.5782
[iter 1600] loss=0.3887 val_loss=0.0000 scale=1.0000 norm=0.5737
[iter 1700] loss=0.3737 val_loss=0.0000 scale=0.5000 norm=0.2852
[iter 1800] loss=0.3570 val_loss=0.0000 scale=0.5000 norm=0.2828
[iter 1900] loss=0.3433 val_loss=0.0000 scale=0.5000 norm=0.2816
[iter 0] loss=1.2056 val_loss=0.0000 scale=1.0000 norm=0.8634
[iter 100] loss=0.9598 val_loss=0.0000 scale=1.0000 norm=0.6986
[iter 200] loss=0.8361 val_loss=0.0000 scale=1.0000 norm=0.6632
[iter 300] loss=0.7502 val_loss=0.0000 scale=2.0000 norm=1.3096
[iter 400] loss=0.6941 val_loss=0.0000 scale=2.0000 norm=1.2953
[iter 500] loss=0.6536 val_loss=0.0000 scale=1.0000 norm=0.6382
[iter 600] loss=0.6183 val_loss=0.0000 scale=1.0000 norm=0.6305
[iter 700] loss=0.5955 val_loss=0.0000 scale=1.0000 norm=0.6264
[iter 800] loss=0.5734 val_loss=0.0000 scale=2.0000 norm=1.2420
[iter 900] loss=0.5522 val_loss=0.0000 scale=0.2500 norm=0.1537
[iter 1000] loss=0.5341 val_loss=0.0000 scale=0.5000 norm=0.3050
[iter 1100] loss=0.5161 val_loss=0.0000 scale=0.1250 norm=0.0756
[iter 1200] loss=0.4919 val_loss=0.0000 scale=1.0000 norm=0.5975
[iter 1300] loss=0.4753 val_loss=0.0000 scale=0.5000 norm=0.2968
[iter 1400] loss=0.4617 val_loss=0.0000 scale=0.5000 norm=0.2951
[iter 1500] loss=0.4572 val_loss=0.0000 scale=0.0020 norm=0.0012
[iter 1600] loss=0.4569 val_loss=0.0000 scale=0.0020 norm=0.0012
[iter 1700] loss=0.4563 val_loss=0.0000 scale=0.0020 norm=0.0012
[iter 1800] loss=0.4543 val_loss=0.0000 scale=1.0000 norm=0.5887
[iter 1900] loss=0.4519 val_loss=0.0000 scale=0.0020 norm=0.0011
[6/20] BestIter=368 RMSE: Val=0.5873 Test=0.6103 NLL: Test=0.9054
[iter 0] loss=1.1890 val_loss=0.0000 scale=1.0000 norm=0.8546
[iter 100] loss=0.9355 val_loss=0.0000 scale=1.0000 norm=0.6894
[iter 200] loss=0.8174 val_loss=0.0000 scale=1.0000 norm=0.6577
[iter 300] loss=0.7226 val_loss=0.0000 scale=1.0000 norm=0.6483
[iter 400] loss=0.6627 val_loss=0.0000 scale=1.0000 norm=0.6419
[iter 500] loss=0.6065 val_loss=0.0000 scale=1.0000 norm=0.6298
[iter 600] loss=0.5617 val_loss=0.0000 scale=1.0000 norm=0.6188
[iter 700] loss=0.5241 val_loss=0.0000 scale=0.5000 norm=0.3065
[iter 800] loss=0.4923 val_loss=0.0000 scale=1.0000 norm=0.6077
[iter 900] loss=0.4645 val_loss=0.0000 scale=1.0000 norm=0.6023
[iter 1000] loss=0.4331 val_loss=0.0000 scale=0.5000 norm=0.2955
[iter 1100] loss=0.4072 val_loss=0.0000 scale=0.5000 norm=0.2924
[iter 1200] loss=0.3842 val_loss=0.0000 scale=0.5000 norm=0.2892
[iter 1300] loss=0.3614 val_loss=0.0000 scale=1.0000 norm=0.5724
[iter 1400] loss=0.3401 val_loss=0.0000 scale=1.0000 norm=0.5676
[iter 1500] loss=0.3213 val_loss=0.0000 scale=0.5000 norm=0.2818
[iter 1600] loss=0.3018 val_loss=0.0000 scale=1.0000 norm=0.5575
[iter 1700] loss=0.2841 val_loss=0.0000 scale=0.5000 norm=0.2765
[iter 1800] loss=0.2693 val_loss=0.0000 scale=0.2500 norm=0.1373
[iter 1900] loss=0.2523 val_loss=0.0000 scale=0.5000 norm=0.2722
[iter 0] loss=1.1951 val_loss=0.0000 scale=1.0000 norm=0.8575
[iter 100] loss=0.9527 val_loss=0.0000 scale=1.0000 norm=0.6959
[iter 200] loss=0.8327 val_loss=0.0000 scale=2.0000 norm=1.3353
[iter 300] loss=0.7456 val_loss=0.0000 scale=2.0000 norm=1.3227
[iter 400] loss=0.6909 val_loss=0.0000 scale=2.0000 norm=1.3084
[iter 500] loss=0.6532 val_loss=0.0000 scale=1.0000 norm=0.6458
[iter 600] loss=0.6181 val_loss=0.0000 scale=1.0000 norm=0.6370
[iter 700] loss=0.5890 val_loss=0.0000 scale=1.0000 norm=0.6302
[iter 800] loss=0.5647 val_loss=0.0000 scale=0.5000 norm=0.3125
[iter 900] loss=0.5425 val_loss=0.0000 scale=0.5000 norm=0.3093
[iter 1000] loss=0.5200 val_loss=0.0000 scale=1.0000 norm=0.6115
[iter 1100] loss=0.4986 val_loss=0.0000 scale=1.0000 norm=0.6063
[iter 1200] loss=0.4814 val_loss=0.0000 scale=0.2500 norm=0.1503
[iter 1300] loss=0.4652 val_loss=0.0000 scale=0.5000 norm=0.2985
[iter 1400] loss=0.4463 val_loss=0.0000 scale=0.5000 norm=0.2962
[iter 1500] loss=0.4319 val_loss=0.0000 scale=1.0000 norm=0.5886
[iter 1600] loss=0.4138 val_loss=0.0000 scale=0.5000 norm=0.2918
[iter 1700] loss=0.3967 val_loss=0.0000 scale=0.5000 norm=0.2890
[iter 1800] loss=0.3833 val_loss=0.0000 scale=0.5000 norm=0.2873
[iter 1900] loss=0.3686 val_loss=0.0000 scale=0.2500 norm=0.1429
[7/20] BestIter=621 RMSE: Val=0.6329 Test=0.6623 NLL: Test=0.9896
[iter 0] loss=1.1984 val_loss=0.0000 scale=1.0000 norm=0.8590
[iter 100] loss=0.9456 val_loss=0.0000 scale=1.0000 norm=0.6895
[iter 200] loss=0.8033 val_loss=0.0000 scale=2.0000 norm=1.2962
[iter 300] loss=0.7171 val_loss=0.0000 scale=2.0000 norm=1.2726
[iter 400] loss=0.6598 val_loss=0.0000 scale=1.0000 norm=0.6280
[iter 500] loss=0.6185 val_loss=0.0000 scale=1.0000 norm=0.6216
[iter 600] loss=0.5842 val_loss=0.0000 scale=1.0000 norm=0.6131
[iter 700] loss=0.5498 val_loss=0.0000 scale=1.0000 norm=0.6028
[iter 800] loss=0.5274 val_loss=0.0000 scale=0.5000 norm=0.2987
[iter 900] loss=0.5062 val_loss=0.0000 scale=0.5000 norm=0.2962
[iter 1000] loss=0.4848 val_loss=0.0000 scale=0.5000 norm=0.2936
[iter 1100] loss=0.4666 val_loss=0.0000 scale=0.2500 norm=0.1460
[iter 1200] loss=0.4532 val_loss=0.0000 scale=0.5000 norm=0.2906
[iter 1300] loss=0.4406 val_loss=0.0000 scale=0.5000 norm=0.2893
[iter 1400] loss=0.4272 val_loss=0.0000 scale=0.5000 norm=0.2876
[iter 1500] loss=0.4113 val_loss=0.0000 scale=0.5000 norm=0.2853
[iter 1600] loss=0.3965 val_loss=0.0000 scale=0.5000 norm=0.2839
[iter 1700] loss=0.3778 val_loss=0.0000 scale=0.5000 norm=0.2812
[iter 1800] loss=0.3657 val_loss=0.0000 scale=0.2500 norm=0.1400
[iter 1900] loss=0.3549 val_loss=0.0000 scale=0.2500 norm=0.1394
[iter 0] loss=1.1951 val_loss=0.0000 scale=1.0000 norm=0.8563
[iter 100] loss=0.9549 val_loss=0.0000 scale=1.0000 norm=0.6954
[iter 200] loss=0.8262 val_loss=0.0000 scale=1.0000 norm=0.6622
[iter 300] loss=0.7380 val_loss=0.0000 scale=1.0000 norm=0.6525
[iter 400] loss=0.6858 val_loss=0.0000 scale=1.0000 norm=0.6465
[iter 500] loss=0.6514 val_loss=0.0000 scale=1.0000 norm=0.6410
[iter 600] loss=0.6194 val_loss=0.0000 scale=1.0000 norm=0.6325
[iter 700] loss=0.5900 val_loss=0.0000 scale=1.0000 norm=0.6247
[iter 800] loss=0.5648 val_loss=0.0000 scale=1.0000 norm=0.6188
[iter 900] loss=0.5421 val_loss=0.0000 scale=0.5000 norm=0.3062
[iter 1000] loss=0.5211 val_loss=0.0000 scale=1.0000 norm=0.6075
[iter 1100] loss=0.5035 val_loss=0.0000 scale=1.0000 norm=0.6029
[iter 1200] loss=0.4903 val_loss=0.0000 scale=0.5000 norm=0.3003
[iter 1300] loss=0.4743 val_loss=0.0000 scale=1.0000 norm=0.5978
[iter 1400] loss=0.4585 val_loss=0.0000 scale=0.5000 norm=0.2973
[iter 1500] loss=0.4421 val_loss=0.0000 scale=1.0000 norm=0.5909
[iter 1600] loss=0.4275 val_loss=0.0000 scale=1.0000 norm=0.5875
[iter 1700] loss=0.4132 val_loss=0.0000 scale=0.5000 norm=0.2920
[iter 1800] loss=0.4028 val_loss=0.0000 scale=0.1250 norm=0.0727
[iter 1900] loss=0.3925 val_loss=0.0000 scale=1.0000 norm=0.5789
[8/20] BestIter=268 RMSE: Val=0.6248 Test=0.6619 NLL: Test=0.9825
[iter 0] loss=1.2067 val_loss=0.0000 scale=1.0000 norm=0.8633
[iter 100] loss=0.9485 val_loss=0.0000 scale=2.0000 norm=1.3899
[iter 200] loss=0.8108 val_loss=0.0000 scale=1.0000 norm=0.6608
[iter 300] loss=0.7176 val_loss=0.0000 scale=1.0000 norm=0.6527
[iter 400] loss=0.6587 val_loss=0.0000 scale=1.0000 norm=0.6455
[iter 500] loss=0.6132 val_loss=0.0000 scale=1.0000 norm=0.6386
[iter 600] loss=0.5841 val_loss=0.0000 scale=1.0000 norm=0.6325
[iter 700] loss=0.5554 val_loss=0.0000 scale=1.0000 norm=0.6264
[iter 800] loss=0.5292 val_loss=0.0000 scale=1.0000 norm=0.6215
[iter 900] loss=0.5086 val_loss=0.0000 scale=0.2500 norm=0.1543
[iter 1000] loss=0.4920 val_loss=0.0000 scale=1.0000 norm=0.6140
[iter 1100] loss=0.4743 val_loss=0.0000 scale=0.5000 norm=0.3053
[iter 1200] loss=0.4626 val_loss=0.0000 scale=0.2500 norm=0.1522
[iter 1300] loss=0.4506 val_loss=0.0000 scale=0.1250 norm=0.0756
[iter 1400] loss=0.4408 val_loss=0.0000 scale=0.1250 norm=0.0753
[iter 1500] loss=0.4258 val_loss=0.0000 scale=0.5000 norm=0.2993
[iter 1600] loss=0.4114 val_loss=0.0000 scale=0.0625 norm=0.0371
[iter 1700] loss=0.4014 val_loss=0.0000 scale=0.5000 norm=0.2961
[iter 1800] loss=0.3898 val_loss=0.0000 scale=0.5000 norm=0.2945
[iter 1900] loss=0.3790 val_loss=0.0000 scale=0.1250 norm=0.0732
[iter 0] loss=1.2069 val_loss=0.0000 scale=1.0000 norm=0.8632
[iter 100] loss=0.9630 val_loss=0.0000 scale=1.0000 norm=0.7016
[iter 200] loss=0.8156 val_loss=0.0000 scale=2.0000 norm=1.3360
[iter 300] loss=0.7338 val_loss=0.0000 scale=1.0000 norm=0.6621
[iter 400] loss=0.6818 val_loss=0.0000 scale=2.0000 norm=1.3088
[iter 500] loss=0.6414 val_loss=0.0000 scale=2.0000 norm=1.2950
[iter 600] loss=0.6110 val_loss=0.0000 scale=2.0000 norm=1.2838
[iter 700] loss=0.5865 val_loss=0.0000 scale=2.0000 norm=1.2729
[iter 800] loss=0.5642 val_loss=0.0000 scale=0.5000 norm=0.3154
[iter 900] loss=0.5507 val_loss=0.0000 scale=1.0000 norm=0.6278
[iter 1000] loss=0.5399 val_loss=0.0000 scale=0.2500 norm=0.1563
[iter 1100] loss=0.5273 val_loss=0.0000 scale=0.2500 norm=0.1556
[iter 1200] loss=0.5160 val_loss=0.0000 scale=0.2500 norm=0.1551
[iter 1300] loss=0.5082 val_loss=0.0000 scale=0.5000 norm=0.3093
[iter 1400] loss=0.5016 val_loss=0.0000 scale=0.0312 norm=0.0193
[iter 1500] loss=0.4987 val_loss=0.0000 scale=0.0020 norm=0.0012
[iter 1600] loss=0.4982 val_loss=0.0000 scale=0.0020 norm=0.0012
[iter 1700] loss=0.4933 val_loss=0.0000 scale=0.0078 norm=0.0048
[iter 1800] loss=0.4911 val_loss=0.0000 scale=0.1250 norm=0.0767
[iter 1900] loss=0.4893 val_loss=0.0000 scale=0.0010 norm=0.0006
[9/20] BestIter=422 RMSE: Val=0.6382 Test=0.5877 NLL: Test=1.2037
[iter 0] loss=1.2048 val_loss=0.0000 scale=1.0000 norm=0.8627
[iter 100] loss=0.9528 val_loss=0.0000 scale=1.0000 norm=0.6928
[iter 200] loss=0.8288 val_loss=0.0000 scale=1.0000 norm=0.6580
[iter 300] loss=0.7290 val_loss=0.0000 scale=1.0000 norm=0.6445
[iter 400] loss=0.6744 val_loss=0.0000 scale=1.0000 norm=0.6391
[iter 500] loss=0.6316 val_loss=0.0000 scale=1.0000 norm=0.6294
[iter 600] loss=0.5877 val_loss=0.0000 scale=1.0000 norm=0.6178
[iter 700] loss=0.5532 val_loss=0.0000 scale=1.0000 norm=0.6085
[iter 800] loss=0.5251 val_loss=0.0000 scale=1.0000 norm=0.6015
[iter 900] loss=0.5015 val_loss=0.0000 scale=1.0000 norm=0.5964
[iter 1000] loss=0.4812 val_loss=0.0000 scale=1.0000 norm=0.5925
[iter 1100] loss=0.4613 val_loss=0.0000 scale=0.2500 norm=0.1469
[iter 1200] loss=0.4413 val_loss=0.0000 scale=0.5000 norm=0.2916
[iter 1300] loss=0.4236 val_loss=0.0000 scale=0.2500 norm=0.1451
[iter 1400] loss=0.4039 val_loss=0.0000 scale=0.5000 norm=0.2883
[iter 1500] loss=0.3820 val_loss=0.0000 scale=1.0000 norm=0.5720
[iter 1600] loss=0.3647 val_loss=0.0000 scale=1.0000 norm=0.5696
[iter 1700] loss=0.3515 val_loss=0.0000 scale=1.0000 norm=0.5679
[iter 1800] loss=0.3374 val_loss=0.0000 scale=2.0000 norm=1.1303
[iter 1900] loss=0.3235 val_loss=0.0000 scale=2.0000 norm=1.1237
[iter 0] loss=1.1952 val_loss=0.0000 scale=1.0000 norm=0.8566
[iter 100] loss=0.9526 val_loss=0.0000 scale=1.0000 norm=0.6949
[iter 200] loss=0.8282 val_loss=0.0000 scale=2.0000 norm=1.3246
[iter 300] loss=0.7406 val_loss=0.0000 scale=1.0000 norm=0.6552
[iter 400] loss=0.6835 val_loss=0.0000 scale=1.0000 norm=0.6479
[iter 500] loss=0.6455 val_loss=0.0000 scale=1.0000 norm=0.6417
[iter 600] loss=0.6102 val_loss=0.0000 scale=1.0000 norm=0.6324
[iter 700] loss=0.5811 val_loss=0.0000 scale=0.5000 norm=0.3134
[iter 800] loss=0.5592 val_loss=0.0000 scale=1.0000 norm=0.6225
[iter 900] loss=0.5400 val_loss=0.0000 scale=0.5000 norm=0.3087
[iter 1000] loss=0.5143 val_loss=0.0000 scale=1.0000 norm=0.6095
[iter 1100] loss=0.4917 val_loss=0.0000 scale=2.0000 norm=1.2070
[iter 1200] loss=0.4735 val_loss=0.0000 scale=2.0000 norm=1.2010
[iter 1300] loss=0.4556 val_loss=0.0000 scale=1.0000 norm=0.5966
[iter 1400] loss=0.4404 val_loss=0.0000 scale=1.0000 norm=0.5926
[iter 1500] loss=0.4251 val_loss=0.0000 scale=1.0000 norm=0.5892
[iter 1600] loss=0.4129 val_loss=0.0000 scale=1.0000 norm=0.5867
[iter 1700] loss=0.4011 val_loss=0.0000 scale=1.0000 norm=0.5832
[iter 1800] loss=0.3894 val_loss=0.0000 scale=0.5000 norm=0.2904
[iter 1900] loss=0.3773 val_loss=0.0000 scale=0.5000 norm=0.2887
[10/20] BestIter=1953 RMSE: Val=0.5750 Test=0.6212 NLL: Test=3.1794
[iter 0] loss=1.1900 val_loss=0.0000 scale=1.0000 norm=0.8542
[iter 100] loss=0.9472 val_loss=0.0000 scale=1.0000 norm=0.6943
[iter 200] loss=0.8246 val_loss=0.0000 scale=1.0000 norm=0.6594
[iter 300] loss=0.7358 val_loss=0.0000 scale=1.0000 norm=0.6491
[iter 400] loss=0.6811 val_loss=0.0000 scale=1.0000 norm=0.6430
[iter 500] loss=0.6430 val_loss=0.0000 scale=2.0000 norm=1.2706
[iter 600] loss=0.6024 val_loss=0.0000 scale=0.5000 norm=0.3108
[iter 700] loss=0.5730 val_loss=0.0000 scale=0.5000 norm=0.3069
[iter 800] loss=0.5457 val_loss=0.0000 scale=1.0000 norm=0.6077
[iter 900] loss=0.5206 val_loss=0.0000 scale=1.0000 norm=0.6025
[iter 1000] loss=0.4972 val_loss=0.0000 scale=0.5000 norm=0.2987
[iter 1100] loss=0.4733 val_loss=0.0000 scale=0.2500 norm=0.1475
[iter 1200] loss=0.4481 val_loss=0.0000 scale=1.0000 norm=0.5839
[iter 1300] loss=0.4266 val_loss=0.0000 scale=0.5000 norm=0.2890
[iter 1400] loss=0.4081 val_loss=0.0000 scale=0.5000 norm=0.2868
[iter 1500] loss=0.3905 val_loss=0.0000 scale=0.5000 norm=0.2849
[iter 1600] loss=0.3714 val_loss=0.0000 scale=1.0000 norm=0.5643
[iter 1700] loss=0.3525 val_loss=0.0000 scale=0.5000 norm=0.2801
[iter 1800] loss=0.3386 val_loss=0.0000 scale=1.0000 norm=0.5564
[iter 1900] loss=0.3240 val_loss=0.0000 scale=1.0000 norm=0.5529
[iter 0] loss=1.1998 val_loss=0.0000 scale=1.0000 norm=0.8600
[iter 100] loss=0.9570 val_loss=0.0000 scale=1.0000 norm=0.6989
[iter 200] loss=0.8323 val_loss=0.0000 scale=1.0000 norm=0.6664
[iter 300] loss=0.7541 val_loss=0.0000 scale=2.0000 norm=1.3193
[iter 400] loss=0.7004 val_loss=0.0000 scale=1.0000 norm=0.6533
[iter 500] loss=0.6624 val_loss=0.0000 scale=2.0000 norm=1.2943
[iter 600] loss=0.6274 val_loss=0.0000 scale=1.0000 norm=0.6376
[iter 700] loss=0.6019 val_loss=0.0000 scale=1.0000 norm=0.6322
[iter 800] loss=0.5785 val_loss=0.0000 scale=1.0000 norm=0.6263
[iter 900] loss=0.5570 val_loss=0.0000 scale=2.0000 norm=1.2408
[iter 1000] loss=0.5347 val_loss=0.0000 scale=1.0000 norm=0.6141
[iter 1100] loss=0.5134 val_loss=0.0000 scale=0.5000 norm=0.3038
[iter 1200] loss=0.4932 val_loss=0.0000 scale=0.5000 norm=0.3010
[iter 1300] loss=0.4775 val_loss=0.0000 scale=0.5000 norm=0.2991
[iter 1400] loss=0.4662 val_loss=0.0000 scale=0.5000 norm=0.2978
[iter 1500] loss=0.4551 val_loss=0.0000 scale=0.2500 norm=0.1481
[iter 1600] loss=0.4444 val_loss=0.0000 scale=1.0000 norm=0.5894
[iter 1700] loss=0.4367 val_loss=0.0000 scale=0.5000 norm=0.2935
[iter 1800] loss=0.4252 val_loss=0.0000 scale=0.5000 norm=0.2920
[iter 1900] loss=0.4147 val_loss=0.0000 scale=0.5000 norm=0.2909
[11/20] BestIter=332 RMSE: Val=0.6202 Test=0.6434 NLL: Test=0.9550
[iter 0] loss=1.2306 val_loss=0.0000 scale=1.0000 norm=0.8762
[iter 100] loss=0.9659 val_loss=0.0000 scale=1.0000 norm=0.6988
[iter 200] loss=0.8090 val_loss=0.0000 scale=2.0000 norm=1.3177
[iter 300] loss=0.7123 val_loss=0.0000 scale=1.0000 norm=0.6478
[iter 400] loss=0.6589 val_loss=0.0000 scale=1.0000 norm=0.6437
[iter 500] loss=0.6173 val_loss=0.0000 scale=2.0000 norm=1.2681
[iter 600] loss=0.5853 val_loss=0.0000 scale=2.0000 norm=1.2518
[iter 700] loss=0.5601 val_loss=0.0000 scale=1.0000 norm=0.6203
[iter 800] loss=0.5364 val_loss=0.0000 scale=1.0000 norm=0.6149
[iter 900] loss=0.5160 val_loss=0.0000 scale=1.0000 norm=0.6111
[iter 1000] loss=0.4948 val_loss=0.0000 scale=0.5000 norm=0.3034
[iter 1100] loss=0.4724 val_loss=0.0000 scale=2.0000 norm=1.2007
[iter 1200] loss=0.4478 val_loss=0.0000 scale=1.0000 norm=0.5933
[iter 1300] loss=0.4274 val_loss=0.0000 scale=1.0000 norm=0.5893
[iter 1400] loss=0.4053 val_loss=0.0000 scale=0.2500 norm=0.1458
[iter 1500] loss=0.3888 val_loss=0.0000 scale=0.1250 norm=0.0726
[iter 1600] loss=0.3778 val_loss=0.0000 scale=0.2500 norm=0.1446
[iter 1700] loss=0.3650 val_loss=0.0000 scale=1.0000 norm=0.5758
[iter 1800] loss=0.3513 val_loss=0.0000 scale=1.0000 norm=0.5726
[iter 1900] loss=0.3382 val_loss=0.0000 scale=0.5000 norm=0.2844
[iter 0] loss=1.2112 val_loss=0.0000 scale=1.0000 norm=0.8655
[iter 100] loss=0.9530 val_loss=0.0000 scale=2.0000 norm=1.3916
[iter 200] loss=0.8015 val_loss=0.0000 scale=1.0000 norm=0.6645
[iter 300] loss=0.7093 val_loss=0.0000 scale=2.0000 norm=1.3108
[iter 400] loss=0.6592 val_loss=0.0000 scale=2.0000 norm=1.2956
[iter 500] loss=0.6216 val_loss=0.0000 scale=1.0000 norm=0.6423
[iter 600] loss=0.5880 val_loss=0.0000 scale=1.0000 norm=0.6347
[iter 700] loss=0.5625 val_loss=0.0000 scale=1.0000 norm=0.6297
[iter 800] loss=0.5437 val_loss=0.0000 scale=1.0000 norm=0.6263
[iter 900] loss=0.5290 val_loss=0.0000 scale=0.5000 norm=0.3115
[iter 1000] loss=0.5143 val_loss=0.0000 scale=1.0000 norm=0.6184
[iter 1100] loss=0.5029 val_loss=0.0000 scale=0.5000 norm=0.3073
[iter 1200] loss=0.4894 val_loss=0.0000 scale=0.0625 norm=0.0382
[iter 1300] loss=0.4816 val_loss=0.0000 scale=0.5000 norm=0.3044
[iter 1400] loss=0.4765 val_loss=0.0000 scale=0.0020 norm=0.0012
[iter 1500] loss=0.4765 val_loss=0.0000 scale=0.0020 norm=0.0012
[iter 1600] loss=0.4762 val_loss=0.0000 scale=0.0020 norm=0.0012
[iter 1700] loss=0.4729 val_loss=0.0000 scale=0.2500 norm=0.1515
[iter 1800] loss=0.4662 val_loss=0.0000 scale=0.0625 norm=0.0378
[iter 1900] loss=0.4660 val_loss=0.0000 scale=0.0020 norm=0.0012
[12/20] BestIter=280 RMSE: Val=0.6039 Test=0.6428 NLL: Test=1.0338
[iter 0] loss=1.2241 val_loss=0.0000 scale=1.0000 norm=0.8741
[iter 100] loss=0.9596 val_loss=0.0000 scale=1.0000 norm=0.6962
[iter 200] loss=0.8184 val_loss=0.0000 scale=1.0000 norm=0.6584
[iter 300] loss=0.7329 val_loss=0.0000 scale=1.0000 norm=0.6472
[iter 400] loss=0.6792 val_loss=0.0000 scale=1.0000 norm=0.6418
[iter 500] loss=0.6356 val_loss=0.0000 scale=2.0000 norm=1.2684
[iter 600] loss=0.5889 val_loss=0.0000 scale=1.0000 norm=0.6244
[iter 700] loss=0.5525 val_loss=0.0000 scale=1.0000 norm=0.6163
[iter 800] loss=0.5202 val_loss=0.0000 scale=0.5000 norm=0.3043
[iter 900] loss=0.4944 val_loss=0.0000 scale=0.5000 norm=0.3016
[iter 1000] loss=0.4687 val_loss=0.0000 scale=1.0000 norm=0.5978
[iter 1100] loss=0.4456 val_loss=0.0000 scale=0.5000 norm=0.2963
[iter 1200] loss=0.4282 val_loss=0.0000 scale=0.5000 norm=0.2945
[iter 1300] loss=0.4124 val_loss=0.0000 scale=0.2500 norm=0.1463
[iter 1400] loss=0.3985 val_loss=0.0000 scale=0.2500 norm=0.1456
[iter 1500] loss=0.3851 val_loss=0.0000 scale=1.0000 norm=0.5801
[iter 1600] loss=0.3732 val_loss=0.0000 scale=1.0000 norm=0.5778
[iter 1700] loss=0.3581 val_loss=0.0000 scale=0.5000 norm=0.2867
[iter 1800] loss=0.3437 val_loss=0.0000 scale=0.5000 norm=0.2848
[iter 1900] loss=0.3328 val_loss=0.0000 scale=0.5000 norm=0.2835
[iter 0] loss=1.2047 val_loss=0.0000 scale=1.0000 norm=0.8624
[iter 100] loss=0.9611 val_loss=0.0000 scale=1.0000 norm=0.6978
[iter 200] loss=0.8381 val_loss=0.0000 scale=1.0000 norm=0.6656
[iter 300] loss=0.7470 val_loss=0.0000 scale=1.0000 norm=0.6545
[iter 400] loss=0.6926 val_loss=0.0000 scale=1.0000 norm=0.6478
[iter 500] loss=0.6473 val_loss=0.0000 scale=2.0000 norm=1.2820
[iter 600] loss=0.6087 val_loss=0.0000 scale=1.0000 norm=0.6299
[iter 700] loss=0.5811 val_loss=0.0000 scale=2.0000 norm=1.2478
[iter 800] loss=0.5616 val_loss=0.0000 scale=0.2500 norm=0.1549
[iter 900] loss=0.5449 val_loss=0.0000 scale=1.0000 norm=0.6154
[iter 1000] loss=0.5268 val_loss=0.0000 scale=1.0000 norm=0.6105
[iter 1100] loss=0.5084 val_loss=0.0000 scale=1.0000 norm=0.6057
[iter 1200] loss=0.4896 val_loss=0.0000 scale=0.5000 norm=0.3006
[iter 1300] loss=0.4753 val_loss=0.0000 scale=1.0000 norm=0.5977
[iter 1400] loss=0.4546 val_loss=0.0000 scale=0.5000 norm=0.2954
[iter 1500] loss=0.4342 val_loss=0.0000 scale=0.5000 norm=0.2929
[iter 1600] loss=0.4192 val_loss=0.0000 scale=0.5000 norm=0.2912
[iter 1700] loss=0.4034 val_loss=0.0000 scale=1.0000 norm=0.5782
[iter 1800] loss=0.3872 val_loss=0.0000 scale=1.0000 norm=0.5723
[iter 1900] loss=0.3727 val_loss=0.0000 scale=0.5000 norm=0.2841
[13/20] BestIter=279 RMSE: Val=0.5832 Test=0.6564 NLL: Test=0.9664
[iter 0] loss=1.2190 val_loss=0.0000 scale=1.0000 norm=0.8704
[iter 100] loss=0.9522 val_loss=0.0000 scale=1.0000 norm=0.6939
[iter 200] loss=0.8235 val_loss=0.0000 scale=1.0000 norm=0.6592
[iter 300] loss=0.7234 val_loss=0.0000 scale=2.0000 norm=1.2988
[iter 400] loss=0.6622 val_loss=0.0000 scale=1.0000 norm=0.6421
[iter 500] loss=0.6189 val_loss=0.0000 scale=1.0000 norm=0.6325
[iter 600] loss=0.5788 val_loss=0.0000 scale=1.0000 norm=0.6214
[iter 700] loss=0.5447 val_loss=0.0000 scale=1.0000 norm=0.6117
[iter 800] loss=0.5122 val_loss=0.0000 scale=0.5000 norm=0.3010
[iter 900] loss=0.4840 val_loss=0.0000 scale=1.0000 norm=0.5956
[iter 1000] loss=0.4606 val_loss=0.0000 scale=1.0000 norm=0.5906
[iter 1100] loss=0.4377 val_loss=0.0000 scale=0.5000 norm=0.2917
[iter 1200] loss=0.4198 val_loss=0.0000 scale=0.5000 norm=0.2893
[iter 1300] loss=0.3989 val_loss=0.0000 scale=0.5000 norm=0.2866
[iter 1400] loss=0.3765 val_loss=0.0000 scale=0.5000 norm=0.2829
[iter 1500] loss=0.3561 val_loss=0.0000 scale=0.5000 norm=0.2803
[iter 1600] loss=0.3402 val_loss=0.0000 scale=0.5000 norm=0.2787
[iter 1700] loss=0.3255 val_loss=0.0000 scale=0.5000 norm=0.2771
[iter 1800] loss=0.3123 val_loss=0.0000 scale=0.5000 norm=0.2756
[iter 1900] loss=0.3032 val_loss=0.0000 scale=1.0000 norm=0.5496
[iter 0] loss=1.2154 val_loss=0.0000 scale=1.0000 norm=0.8690
[iter 100] loss=0.9660 val_loss=0.0000 scale=1.0000 norm=0.7014
[iter 200] loss=0.8331 val_loss=0.0000 scale=2.0000 norm=1.3316
[iter 300] loss=0.7418 val_loss=0.0000 scale=2.0000 norm=1.3191
[iter 400] loss=0.6804 val_loss=0.0000 scale=2.0000 norm=1.3058
[iter 500] loss=0.6372 val_loss=0.0000 scale=1.0000 norm=0.6420
[iter 600] loss=0.6022 val_loss=0.0000 scale=1.0000 norm=0.6323
[iter 700] loss=0.5799 val_loss=0.0000 scale=0.5000 norm=0.3137
[iter 800] loss=0.5619 val_loss=0.0000 scale=1.0000 norm=0.6234
[iter 900] loss=0.5408 val_loss=0.0000 scale=0.5000 norm=0.3085
[iter 1000] loss=0.5221 val_loss=0.0000 scale=1.0000 norm=0.6127
[iter 1100] loss=0.5045 val_loss=0.0000 scale=1.0000 norm=0.6085
[iter 1200] loss=0.4905 val_loss=0.0000 scale=1.0000 norm=0.6048
[iter 1300] loss=0.4777 val_loss=0.0000 scale=2.0000 norm=1.2033
[iter 1400] loss=0.4664 val_loss=0.0000 scale=0.2500 norm=0.1495
[iter 1500] loss=0.4591 val_loss=0.0000 scale=0.0156 norm=0.0093
[iter 1600] loss=0.4576 val_loss=0.0000 scale=2.0000 norm=1.1902
[iter 1700] loss=0.4443 val_loss=0.0000 scale=0.2500 norm=0.1481
[iter 1800] loss=0.4309 val_loss=0.0000 scale=0.5000 norm=0.2944
[iter 1900] loss=0.4118 val_loss=0.0000 scale=1.0000 norm=0.5823
[14/20] BestIter=263 RMSE: Val=0.6344 Test=0.6177 NLL: Test=0.9307
[iter 0] loss=1.1831 val_loss=0.0000 scale=1.0000 norm=0.8499
[iter 100] loss=0.9407 val_loss=0.0000 scale=1.0000 norm=0.6903
[iter 200] loss=0.7975 val_loss=0.0000 scale=2.0000 norm=1.3121
[iter 300] loss=0.7021 val_loss=0.0000 scale=1.0000 norm=0.6449
[iter 400] loss=0.6518 val_loss=0.0000 scale=1.0000 norm=0.6367
[iter 500] loss=0.6083 val_loss=0.0000 scale=1.0000 norm=0.6278
[iter 600] loss=0.5724 val_loss=0.0000 scale=1.0000 norm=0.6193
[iter 700] loss=0.5427 val_loss=0.0000 scale=1.0000 norm=0.6131
[iter 800] loss=0.5146 val_loss=0.0000 scale=1.0000 norm=0.6077
[iter 900] loss=0.4841 val_loss=0.0000 scale=0.5000 norm=0.2995
[iter 1000] loss=0.4583 val_loss=0.0000 scale=1.0000 norm=0.5928
[iter 1100] loss=0.4347 val_loss=0.0000 scale=1.0000 norm=0.5870
[iter 1200] loss=0.4119 val_loss=0.0000 scale=1.0000 norm=0.5806
[iter 1300] loss=0.3951 val_loss=0.0000 scale=0.5000 norm=0.2886
[iter 1400] loss=0.3751 val_loss=0.0000 scale=1.0000 norm=0.5718
[iter 1500] loss=0.3551 val_loss=0.0000 scale=1.0000 norm=0.5660
[iter 1600] loss=0.3410 val_loss=0.0000 scale=0.5000 norm=0.2815
[iter 1700] loss=0.3307 val_loss=0.0000 scale=0.2500 norm=0.1404
[iter 1800] loss=0.3206 val_loss=0.0000 scale=0.5000 norm=0.2797
[iter 1900] loss=0.3045 val_loss=0.0000 scale=0.5000 norm=0.2764
[iter 0] loss=1.1989 val_loss=0.0000 scale=1.0000 norm=0.8596
[iter 100] loss=0.9642 val_loss=0.0000 scale=1.0000 norm=0.7007
[iter 200] loss=0.8283 val_loss=0.0000 scale=2.0000 norm=1.3287
[iter 300] loss=0.7393 val_loss=0.0000 scale=1.0000 norm=0.6548
[iter 400] loss=0.6890 val_loss=0.0000 scale=1.0000 norm=0.6466
[iter 500] loss=0.6533 val_loss=0.0000 scale=1.0000 norm=0.6380
[iter 600] loss=0.6221 val_loss=0.0000 scale=1.0000 norm=0.6308
[iter 700] loss=0.5951 val_loss=0.0000 scale=1.0000 norm=0.6244
[iter 800] loss=0.5741 val_loss=0.0000 scale=1.0000 norm=0.6205
[iter 900] loss=0.5517 val_loss=0.0000 scale=0.5000 norm=0.3078
[iter 1000] loss=0.5295 val_loss=0.0000 scale=1.0000 norm=0.6092
[iter 1100] loss=0.5064 val_loss=0.0000 scale=1.0000 norm=0.6034
[iter 1200] loss=0.4886 val_loss=0.0000 scale=1.0000 norm=0.6001
[iter 1300] loss=0.4733 val_loss=0.0000 scale=0.5000 norm=0.2986
[iter 1400] loss=0.4574 val_loss=0.0000 scale=0.5000 norm=0.2970
[iter 1500] loss=0.4421 val_loss=0.0000 scale=0.2500 norm=0.1477
[iter 1600] loss=0.4285 val_loss=0.0000 scale=0.5000 norm=0.2933
[iter 1700] loss=0.4150 val_loss=0.0000 scale=1.0000 norm=0.5821
[iter 1800] loss=0.4035 val_loss=0.0000 scale=0.0625 norm=0.0362
[iter 1900] loss=0.3961 val_loss=0.0000 scale=0.0625 norm=0.0361
[15/20] BestIter=1001 RMSE: Val=0.6485 Test=0.5749 NLL: Test=1.4269
[iter 0] loss=1.2180 val_loss=0.0000 scale=1.0000 norm=0.8706
[iter 100] loss=0.9613 val_loss=0.0000 scale=1.0000 norm=0.6969
[iter 200] loss=0.8327 val_loss=0.0000 scale=1.0000 norm=0.6624
[iter 300] loss=0.7463 val_loss=0.0000 scale=2.0000 norm=1.3097
[iter 400] loss=0.6903 val_loss=0.0000 scale=1.0000 norm=0.6468
[iter 500] loss=0.6460 val_loss=0.0000 scale=1.0000 norm=0.6366
[iter 600] loss=0.6070 val_loss=0.0000 scale=2.0000 norm=1.2534
[iter 700] loss=0.5737 val_loss=0.0000 scale=1.0000 norm=0.6169
[iter 800] loss=0.5521 val_loss=0.0000 scale=0.1250 norm=0.0764
[iter 900] loss=0.5345 val_loss=0.0000 scale=0.2500 norm=0.1518
[iter 1000] loss=0.5164 val_loss=0.0000 scale=1.0000 norm=0.6024
[iter 1100] loss=0.4992 val_loss=0.0000 scale=1.0000 norm=0.5979
[iter 1200] loss=0.4813 val_loss=0.0000 scale=0.5000 norm=0.2964
[iter 1300] loss=0.4636 val_loss=0.0000 scale=0.2500 norm=0.1468
[iter 1400] loss=0.4463 val_loss=0.0000 scale=0.5000 norm=0.2909
[iter 1500] loss=0.4355 val_loss=0.0000 scale=0.5000 norm=0.2899
[iter 1600] loss=0.4248 val_loss=0.0000 scale=1.0000 norm=0.5770
[iter 1700] loss=0.4234 val_loss=0.0000 scale=0.0020 norm=0.0011
[iter 1800] loss=0.4222 val_loss=0.0000 scale=0.0020 norm=0.0011
[iter 1900] loss=0.4198 val_loss=0.0000 scale=0.0020 norm=0.0011
[iter 0] loss=1.2128 val_loss=0.0000 scale=1.0000 norm=0.8676
[iter 100] loss=0.9658 val_loss=0.0000 scale=1.0000 norm=0.7019
[iter 200] loss=0.8450 val_loss=0.0000 scale=1.0000 norm=0.6705
[iter 300] loss=0.7621 val_loss=0.0000 scale=1.0000 norm=0.6640
[iter 400] loss=0.7081 val_loss=0.0000 scale=1.0000 norm=0.6575
[iter 500] loss=0.6668 val_loss=0.0000 scale=1.0000 norm=0.6504
[iter 600] loss=0.6361 val_loss=0.0000 scale=1.0000 norm=0.6427
[iter 700] loss=0.6073 val_loss=0.0000 scale=0.5000 norm=0.3174
[iter 800] loss=0.5845 val_loss=0.0000 scale=1.0000 norm=0.6287
[iter 900] loss=0.5610 val_loss=0.0000 scale=2.0000 norm=1.2468
[iter 1000] loss=0.5403 val_loss=0.0000 scale=1.0000 norm=0.6188
[iter 1100] loss=0.5183 val_loss=0.0000 scale=0.5000 norm=0.3071
[iter 1200] loss=0.5007 val_loss=0.0000 scale=1.0000 norm=0.6094
[iter 1300] loss=0.4887 val_loss=0.0000 scale=0.5000 norm=0.3033
[iter 1400] loss=0.4811 val_loss=0.0000 scale=0.0020 norm=0.0012
[iter 1500] loss=0.4732 val_loss=0.0000 scale=0.0020 norm=0.0012
[iter 1600] loss=0.4680 val_loss=0.0000 scale=0.5000 norm=0.3010
[iter 1700] loss=0.4652 val_loss=0.0000 scale=0.0020 norm=0.0012
[iter 1800] loss=0.4502 val_loss=0.0000 scale=1.0000 norm=0.5966
[iter 1900] loss=0.4316 val_loss=0.0000 scale=0.1250 norm=0.0737
[16/20] BestIter=1998 RMSE: Val=0.5836 Test=0.5376 NLL: Test=0.9540
[iter 0] loss=1.1976 val_loss=0.0000 scale=1.0000 norm=0.8589
[iter 100] loss=0.9527 val_loss=0.0000 scale=2.0000 norm=1.3944
[iter 200] loss=0.8274 val_loss=0.0000 scale=1.0000 norm=0.6641
[iter 300] loss=0.7323 val_loss=0.0000 scale=1.0000 norm=0.6552
[iter 400] loss=0.6757 val_loss=0.0000 scale=1.0000 norm=0.6476
[iter 500] loss=0.6319 val_loss=0.0000 scale=1.0000 norm=0.6372
[iter 600] loss=0.5936 val_loss=0.0000 scale=1.0000 norm=0.6272
[iter 700] loss=0.5608 val_loss=0.0000 scale=1.0000 norm=0.6190
[iter 800] loss=0.5323 val_loss=0.0000 scale=0.5000 norm=0.3063
[iter 900] loss=0.5086 val_loss=0.0000 scale=0.2500 norm=0.1518
[iter 1000] loss=0.4846 val_loss=0.0000 scale=1.0000 norm=0.6004
[iter 1100] loss=0.4629 val_loss=0.0000 scale=1.0000 norm=0.5955
[iter 1200] loss=0.4446 val_loss=0.0000 scale=1.0000 norm=0.5914
[iter 1300] loss=0.4234 val_loss=0.0000 scale=0.5000 norm=0.2931
[iter 1400] loss=0.4025 val_loss=0.0000 scale=0.5000 norm=0.2901
[iter 1500] loss=0.3832 val_loss=0.0000 scale=1.0000 norm=0.5744
[iter 1600] loss=0.3644 val_loss=0.0000 scale=0.5000 norm=0.2848
[iter 1700] loss=0.3473 val_loss=0.0000 scale=1.0000 norm=0.5654
[iter 1800] loss=0.3288 val_loss=0.0000 scale=0.5000 norm=0.2804
[iter 1900] loss=0.3108 val_loss=0.0000 scale=1.0000 norm=0.5569
[iter 0] loss=1.1997 val_loss=0.0000 scale=1.0000 norm=0.8599
[iter 100] loss=0.9623 val_loss=0.0000 scale=1.0000 norm=0.7025
[iter 200] loss=0.8481 val_loss=0.0000 scale=1.0000 norm=0.6711
[iter 300] loss=0.7641 val_loss=0.0000 scale=1.0000 norm=0.6647
[iter 400] loss=0.7099 val_loss=0.0000 scale=1.0000 norm=0.6588
[iter 500] loss=0.6707 val_loss=0.0000 scale=1.0000 norm=0.6521
[iter 600] loss=0.6364 val_loss=0.0000 scale=1.0000 norm=0.6436
[iter 700] loss=0.6071 val_loss=0.0000 scale=1.0000 norm=0.6354
[iter 800] loss=0.5805 val_loss=0.0000 scale=1.0000 norm=0.6295
[iter 900] loss=0.5581 val_loss=0.0000 scale=1.0000 norm=0.6240
[iter 1000] loss=0.5353 val_loss=0.0000 scale=1.0000 norm=0.6172
[iter 1100] loss=0.5154 val_loss=0.0000 scale=0.5000 norm=0.3064
[iter 1200] loss=0.4998 val_loss=0.0000 scale=0.5000 norm=0.3040
[iter 1300] loss=0.4835 val_loss=0.0000 scale=0.5000 norm=0.3015
[iter 1400] loss=0.4712 val_loss=0.0000 scale=0.5000 norm=0.2998
[iter 1500] loss=0.4590 val_loss=0.0000 scale=0.5000 norm=0.2980
[iter 1600] loss=0.4498 val_loss=0.0000 scale=0.5000 norm=0.2969
[iter 1700] loss=0.4403 val_loss=0.0000 scale=0.2500 norm=0.1477
[iter 1800] loss=0.4287 val_loss=0.0000 scale=1.0000 norm=0.5879
[iter 1900] loss=0.4158 val_loss=0.0000 scale=1.0000 norm=0.5835
[17/20] BestIter=1953 RMSE: Val=0.6175 Test=0.6033 NLL: Test=1.3875
[iter 0] loss=1.1963 val_loss=0.0000 scale=1.0000 norm=0.8580
[iter 100] loss=0.9545 val_loss=0.0000 scale=1.0000 norm=0.6974
[iter 200] loss=0.8260 val_loss=0.0000 scale=2.0000 norm=1.3265
[iter 300] loss=0.7275 val_loss=0.0000 scale=2.0000 norm=1.3012
[iter 400] loss=0.6655 val_loss=0.0000 scale=1.0000 norm=0.6423
[iter 500] loss=0.6219 val_loss=0.0000 scale=0.5000 norm=0.3165
[iter 600] loss=0.5896 val_loss=0.0000 scale=0.5000 norm=0.3123
[iter 700] loss=0.5603 val_loss=0.0000 scale=0.5000 norm=0.3078
[iter 800] loss=0.5397 val_loss=0.0000 scale=0.5000 norm=0.3056
[iter 900] loss=0.5209 val_loss=0.0000 scale=0.1250 norm=0.0758
[iter 1000] loss=0.5040 val_loss=0.0000 scale=0.2500 norm=0.1503
[iter 1100] loss=0.4868 val_loss=0.0000 scale=0.2500 norm=0.1493
[iter 1200] loss=0.4714 val_loss=0.0000 scale=0.1250 norm=0.0743
[iter 1300] loss=0.4549 val_loss=0.0000 scale=0.5000 norm=0.2955
[iter 1400] loss=0.4388 val_loss=0.0000 scale=0.5000 norm=0.2933
[iter 1500] loss=0.4209 val_loss=0.0000 scale=1.0000 norm=0.5820
[iter 1600] loss=0.4041 val_loss=0.0000 scale=1.0000 norm=0.5784
[iter 1700] loss=0.3880 val_loss=0.0000 scale=0.5000 norm=0.2872
[iter 1800] loss=0.3724 val_loss=0.0000 scale=1.0000 norm=0.5703
[iter 1900] loss=0.3593 val_loss=0.0000 scale=0.5000 norm=0.2836
[iter 0] loss=1.2007 val_loss=0.0000 scale=1.0000 norm=0.8598
[iter 100] loss=0.9613 val_loss=0.0000 scale=1.0000 norm=0.6997
[iter 200] loss=0.8348 val_loss=0.0000 scale=1.0000 norm=0.6674
[iter 300] loss=0.7444 val_loss=0.0000 scale=1.0000 norm=0.6573
[iter 400] loss=0.6914 val_loss=0.0000 scale=2.0000 norm=1.2996
[iter 500] loss=0.6496 val_loss=0.0000 scale=1.0000 norm=0.6422
[iter 600] loss=0.6183 val_loss=0.0000 scale=2.0000 norm=1.2701
[iter 700] loss=0.5879 val_loss=0.0000 scale=0.5000 norm=0.3139
[iter 800] loss=0.5621 val_loss=0.0000 scale=0.5000 norm=0.3111
[iter 900] loss=0.5460 val_loss=0.0000 scale=0.2500 norm=0.1549
[iter 1000] loss=0.5340 val_loss=0.0000 scale=0.1250 norm=0.0772
[iter 1100] loss=0.5238 val_loss=0.0000 scale=0.2500 norm=0.1537
[iter 1200] loss=0.5114 val_loss=0.0000 scale=0.5000 norm=0.3060
[iter 1300] loss=0.4966 val_loss=0.0000 scale=1.0000 norm=0.6101
[iter 1400] loss=0.4826 val_loss=0.0000 scale=1.0000 norm=0.6062
[iter 1500] loss=0.4653 val_loss=0.0000 scale=0.5000 norm=0.3002
[iter 1600] loss=0.4506 val_loss=0.0000 scale=0.1250 norm=0.0746
[iter 1700] loss=0.4418 val_loss=0.0000 scale=0.0156 norm=0.0093
[iter 1800] loss=0.4323 val_loss=0.0000 scale=0.1250 norm=0.0742
[iter 1900] loss=0.4257 val_loss=0.0000 scale=0.0039 norm=0.0023
[18/20] BestIter=1683 RMSE: Val=0.6211 Test=0.5880 NLL: Test=1.3703
[iter 0] loss=1.2061 val_loss=0.0000 scale=1.0000 norm=0.8634
[iter 100] loss=0.9561 val_loss=0.0000 scale=1.0000 norm=0.6970
[iter 200] loss=0.8221 val_loss=0.0000 scale=1.0000 norm=0.6618
[iter 300] loss=0.7374 val_loss=0.0000 scale=2.0000 norm=1.3078
[iter 400] loss=0.6718 val_loss=0.0000 scale=1.0000 norm=0.6433
[iter 500] loss=0.6232 val_loss=0.0000 scale=2.0000 norm=1.2658
[iter 600] loss=0.5820 val_loss=0.0000 scale=1.0000 norm=0.6237
[iter 700] loss=0.5499 val_loss=0.0000 scale=0.5000 norm=0.3080
[iter 800] loss=0.5210 val_loss=0.0000 scale=1.0000 norm=0.6077
[iter 900] loss=0.5046 val_loss=0.0000 scale=0.1250 norm=0.0753
[iter 1000] loss=0.4851 val_loss=0.0000 scale=0.2500 norm=0.1492
[iter 1100] loss=0.4637 val_loss=0.0000 scale=0.5000 norm=0.2955
[iter 1200] loss=0.4421 val_loss=0.0000 scale=0.1250 norm=0.0733
[iter 1300] loss=0.4228 val_loss=0.0000 scale=0.5000 norm=0.2903
[iter 1400] loss=0.4038 val_loss=0.0000 scale=1.0000 norm=0.5752
[iter 1500] loss=0.3832 val_loss=0.0000 scale=1.0000 norm=0.5684
[iter 1600] loss=0.3632 val_loss=0.0000 scale=1.0000 norm=0.5624
[iter 1700] loss=0.3449 val_loss=0.0000 scale=1.0000 norm=0.5573
[iter 1800] loss=0.3308 val_loss=0.0000 scale=0.5000 norm=0.2772
[iter 1900] loss=0.3140 val_loss=0.0000 scale=0.5000 norm=0.2755
[iter 0] loss=1.2043 val_loss=0.0000 scale=1.0000 norm=0.8620
[iter 100] loss=0.9573 val_loss=0.0000 scale=1.0000 norm=0.6990
[iter 200] loss=0.8314 val_loss=0.0000 scale=2.0000 norm=1.3377
[iter 300] loss=0.7487 val_loss=0.0000 scale=2.0000 norm=1.3192
[iter 400] loss=0.6908 val_loss=0.0000 scale=1.0000 norm=0.6536
[iter 500] loss=0.6493 val_loss=0.0000 scale=1.0000 norm=0.6453
[iter 600] loss=0.6216 val_loss=0.0000 scale=2.0000 norm=1.2810
[iter 700] loss=0.5995 val_loss=0.0000 scale=0.5000 norm=0.3173
[iter 800] loss=0.5764 val_loss=0.0000 scale=1.0000 norm=0.6266
[iter 900] loss=0.5547 val_loss=0.0000 scale=0.5000 norm=0.3102
[iter 1000] loss=0.5348 val_loss=0.0000 scale=1.0000 norm=0.6151
[iter 1100] loss=0.5185 val_loss=0.0000 scale=0.5000 norm=0.3054
[iter 1200] loss=0.5034 val_loss=0.0000 scale=1.0000 norm=0.6065
[iter 1300] loss=0.4876 val_loss=0.0000 scale=0.5000 norm=0.3009
[iter 1400] loss=0.4757 val_loss=0.0000 scale=0.2500 norm=0.1497
[iter 1500] loss=0.4671 val_loss=0.0000 scale=0.0625 norm=0.0373
[iter 1600] loss=0.4530 val_loss=0.0000 scale=0.5000 norm=0.2959
[iter 1700] loss=0.4412 val_loss=0.0000 scale=1.0000 norm=0.5884
[iter 1800] loss=0.4307 val_loss=0.0000 scale=0.0625 norm=0.0366
[iter 1900] loss=0.4154 val_loss=0.0000 scale=0.5000 norm=0.2905
[19/20] BestIter=723 RMSE: Val=0.6129 Test=0.6123 NLL: Test=0.9523
[iter 0] loss=1.2005 val_loss=0.0000 scale=1.0000 norm=0.8605
[iter 100] loss=0.9543 val_loss=0.0000 scale=1.0000 norm=0.6965
[iter 200] loss=0.8060 val_loss=0.0000 scale=2.0000 norm=1.3177
[iter 300] loss=0.7142 val_loss=0.0000 scale=2.0000 norm=1.2968
[iter 400] loss=0.6582 val_loss=0.0000 scale=2.0000 norm=1.2812
[iter 500] loss=0.6186 val_loss=0.0000 scale=1.0000 norm=0.6326
[iter 600] loss=0.5777 val_loss=0.0000 scale=1.0000 norm=0.6218
[iter 700] loss=0.5409 val_loss=0.0000 scale=1.0000 norm=0.6117
[iter 800] loss=0.5115 val_loss=0.0000 scale=0.5000 norm=0.3017
[iter 900] loss=0.4869 val_loss=0.0000 scale=1.0000 norm=0.5957
[iter 1000] loss=0.4642 val_loss=0.0000 scale=0.5000 norm=0.2944
[iter 1100] loss=0.4403 val_loss=0.0000 scale=0.5000 norm=0.2906
[iter 1200] loss=0.4235 val_loss=0.0000 scale=1.0000 norm=0.5766
[iter 1300] loss=0.4047 val_loss=0.0000 scale=1.0000 norm=0.5718
[iter 1400] loss=0.3866 val_loss=0.0000 scale=1.0000 norm=0.5676
[iter 1500] loss=0.3716 val_loss=0.0000 scale=0.2500 norm=0.1412
[iter 1600] loss=0.3597 val_loss=0.0000 scale=0.2500 norm=0.1408
[iter 1700] loss=0.3508 val_loss=0.0000 scale=0.0625 norm=0.0351
[iter 1800] loss=0.3363 val_loss=0.0000 scale=1.0000 norm=0.5583
[iter 1900] loss=0.3260 val_loss=0.0000 scale=1.0000 norm=0.5566
[iter 0] loss=1.2020 val_loss=0.0000 scale=1.0000 norm=0.8612
[iter 100] loss=0.9579 val_loss=0.0000 scale=1.0000 norm=0.6970
[iter 200] loss=0.8400 val_loss=0.0000 scale=2.0000 norm=1.3290
[iter 300] loss=0.7464 val_loss=0.0000 scale=2.0000 norm=1.3099
[iter 400] loss=0.6911 val_loss=0.0000 scale=1.0000 norm=0.6485
[iter 500] loss=0.6524 val_loss=0.0000 scale=2.0000 norm=1.2772
[iter 600] loss=0.6187 val_loss=0.0000 scale=1.0000 norm=0.6306
[iter 700] loss=0.5925 val_loss=0.0000 scale=1.0000 norm=0.6249
[iter 800] loss=0.5705 val_loss=0.0000 scale=1.0000 norm=0.6203
[iter 900] loss=0.5553 val_loss=0.0000 scale=1.0000 norm=0.6166
[iter 1000] loss=0.5425 val_loss=0.0000 scale=0.2500 norm=0.1535
[iter 1100] loss=0.5266 val_loss=0.0000 scale=0.2500 norm=0.1520
[iter 1200] loss=0.5204 val_loss=0.0000 scale=0.0020 norm=0.0012
[iter 1300] loss=0.5169 val_loss=0.0000 scale=0.2500 norm=0.1512
[iter 1400] loss=0.5014 val_loss=0.0000 scale=1.0000 norm=0.6010
[iter 1500] loss=0.4891 val_loss=0.0000 scale=0.1250 norm=0.0747
[iter 1600] loss=0.4774 val_loss=0.0000 scale=0.0020 norm=0.0012
[iter 1700] loss=0.4773 val_loss=0.0000 scale=0.0020 norm=0.0012
[iter 1800] loss=0.4770 val_loss=0.0000 scale=0.0020 norm=0.0012
[iter 1900] loss=0.4765 val_loss=0.0000 scale=0.0020 norm=0.0012
[20/20] BestIter=578 RMSE: Val=0.6074 Test=0.6032 NLL: Test=1.0580
Wine Quality Red
== GBM=0.0000 +/- 0.0000, RMSE NGBOOST =0.6145 ± 0.0395, NLL NGBOOST=1.1732 ± 0.5096, TIME = 63.2697
