Lmod has detected the following error: A different version of the 'GCCcore'
module is already loaded (see output of 'ml').
You should load another 'GCC' module that is compatible with the currently
loaded version of 'GCCcore'.
Use 'ml spider GCC' to get an overview of the available versions.


If you don't understand the warning or error, contact the helpdesk at
hpc@vub.be 
While processing the following module(s):
    Module fullname        Module Filename
    ---------------        ---------------
    GCC/12.3.0             /apps/brussel/RL8/skylake/modules/2023a/all/GCC/12.3.0.lua
    gfbf/2023a             /apps/brussel/RL8/skylake/modules/2023a/all/gfbf/2023a.lua
    sympy/1.12-gfbf-2023a  /apps/brussel/RL8/skylake/modules/2023a/all/sympy/1.12-gfbf-2023a.lua


Due to MODULEPATH changes, the following have been reloaded:
  1) OpenSSL/1.1

== Dataset=Combined Cycle Power Plant X.shape=(9568, 4) MLE/Normal
Best iteration: 381
[1/20] BestIter=0 RMSE: Val=2.0284 Test=4.1475 NLL: Test=2.8112
Best iteration: 1206
[2/20] BestIter=0 RMSE: Val=1.9398 Test=3.9531 NLL: Test=2.7681
Best iteration: 1123
[3/20] BestIter=0 RMSE: Val=1.9081 Test=3.7973 NLL: Test=2.6925
Best iteration: 287
[4/20] BestIter=0 RMSE: Val=2.1298 Test=4.1991 NLL: Test=2.8596
Best iteration: 620
[5/20] BestIter=0 RMSE: Val=2.0268 Test=4.3639 NLL: Test=2.8397
Best iteration: 300
[6/20] BestIter=0 RMSE: Val=2.0968 Test=4.5715 NLL: Test=2.9583
Best iteration: 309
[7/20] BestIter=0 RMSE: Val=2.0535 Test=4.1997 NLL: Test=2.8455
Best iteration: 772
[8/20] BestIter=0 RMSE: Val=1.9298 Test=3.9470 NLL: Test=2.7341
Best iteration: 1842
[9/20] BestIter=0 RMSE: Val=1.9356 Test=3.9285 NLL: Test=2.7655
Best iteration: 288
[10/20] BestIter=0 RMSE: Val=2.0883 Test=4.4341 NLL: Test=2.8704
Best iteration: 268
[11/20] BestIter=0 RMSE: Val=2.1721 Test=4.3260 NLL: Test=2.8759
Best iteration: 1198
[12/20] BestIter=0 RMSE: Val=1.9354 Test=4.0795 NLL: Test=2.8136
Best iteration: 677
[13/20] BestIter=0 RMSE: Val=1.9635 Test=3.9145 NLL: Test=2.7363
Best iteration: 736
[14/20] BestIter=0 RMSE: Val=1.9153 Test=3.7000 NLL: Test=2.6888
Best iteration: 2000
[15/20] BestIter=0 RMSE: Val=1.9043 Test=3.7790 NLL: Test=2.7020
Best iteration: 1602
[16/20] BestIter=0 RMSE: Val=1.9094 Test=3.5709 NLL: Test=2.6432
Best iteration: 656
[17/20] BestIter=0 RMSE: Val=1.9560 Test=3.9076 NLL: Test=2.7531
Best iteration: 1187
[18/20] BestIter=0 RMSE: Val=1.9144 Test=4.1734 NLL: Test=3.9815
Best iteration: 1097
[19/20] BestIter=0 RMSE: Val=1.9647 Test=4.1211 NLL: Test=3.5608
Best iteration: 849
[20/20] BestIter=0 RMSE: Val=1.9542 Test=3.7532 NLL: Test=2.7265
Combined Cycle Power Plant
== GBM=0.0000 +/- 0.0000, RMSE GBMLSS=4.0434 ± 0.2568, NLL GBMLSS=2.8813 ± 0.3132, TIME = 9.6456
