Lmod has detected the following error: A different version of the 'GCCcore'
module is already loaded (see output of 'ml').
You should load another 'GCC' module that is compatible with the currently
loaded version of 'GCCcore'.
Use 'ml spider GCC' to get an overview of the available versions.


If you don't understand the warning or error, contact the helpdesk at
hpc@vub.be 
While processing the following module(s):
    Module fullname        Module Filename
    ---------------        ---------------
    GCC/12.3.0             /apps/brussel/RL8/skylake/modules/2023a/all/GCC/12.3.0.lua
    gfbf/2023a             /apps/brussel/RL8/skylake/modules/2023a/all/gfbf/2023a.lua
    sympy/1.12-gfbf-2023a  /apps/brussel/RL8/skylake/modules/2023a/all/sympy/1.12-gfbf-2023a.lua


Due to MODULEPATH changes, the following have been reloaded:
  1) OpenSSL/1.1

== Dataset=Naval Propulsion X.shape=(11934, 16) LogScore/Normal
[iter 0] loss=-2.8011 val_loss=0.0000 scale=1.0000 norm=0.3859
[iter 100] loss=-3.0344 val_loss=0.0000 scale=1.0000 norm=0.3332
[iter 200] loss=-3.3003 val_loss=0.0000 scale=1.0000 norm=0.3249
[iter 300] loss=-3.5370 val_loss=0.0000 scale=2.0000 norm=0.6667
[iter 400] loss=-3.7502 val_loss=0.0000 scale=1.0000 norm=0.3444
[iter 500] loss=-3.9459 val_loss=0.0000 scale=1.0000 norm=0.3516
[iter 600] loss=-4.1268 val_loss=0.0000 scale=1.0000 norm=0.3542
[iter 700] loss=-4.2852 val_loss=0.0000 scale=1.0000 norm=0.3600
[iter 800] loss=-4.4166 val_loss=0.0000 scale=1.0000 norm=0.3662
[iter 900] loss=-4.5235 val_loss=0.0000 scale=1.0000 norm=0.3723
[iter 1000] loss=-4.6100 val_loss=0.0000 scale=1.0000 norm=0.3781
[iter 1100] loss=-4.6927 val_loss=0.0000 scale=2.0000 norm=0.7560
[iter 1200] loss=-4.7540 val_loss=0.0000 scale=1.0000 norm=0.3838
[iter 1300] loss=-4.8031 val_loss=0.0000 scale=1.0000 norm=0.3898
[iter 1400] loss=-4.8528 val_loss=0.0000 scale=1.0000 norm=0.3951
[iter 1500] loss=-4.8994 val_loss=0.0000 scale=1.0000 norm=0.3993
[iter 1600] loss=-4.9469 val_loss=0.0000 scale=1.0000 norm=0.4008
[iter 1700] loss=-4.9866 val_loss=0.0000 scale=1.0000 norm=0.4048
[iter 1800] loss=-5.0207 val_loss=0.0000 scale=1.0000 norm=0.4078
[iter 1900] loss=-5.0554 val_loss=0.0000 scale=1.0000 norm=0.4103
[iter 0] loss=-2.8018 val_loss=0.0000 scale=1.0000 norm=0.3856
[iter 100] loss=-3.0296 val_loss=0.0000 scale=1.0000 norm=0.3336
[iter 200] loss=-3.2844 val_loss=0.0000 scale=1.0000 norm=0.3236
[iter 300] loss=-3.5373 val_loss=0.0000 scale=2.0000 norm=0.6584
[iter 400] loss=-3.7429 val_loss=0.0000 scale=1.0000 norm=0.3386
[iter 500] loss=-3.9319 val_loss=0.0000 scale=1.0000 norm=0.3508
[iter 600] loss=-4.1086 val_loss=0.0000 scale=1.0000 norm=0.3582
[iter 700] loss=-4.2575 val_loss=0.0000 scale=2.0000 norm=0.7271
[iter 800] loss=-4.3856 val_loss=0.0000 scale=1.0000 norm=0.3680
[iter 900] loss=-4.4895 val_loss=0.0000 scale=1.0000 norm=0.3732
[iter 1000] loss=-4.5802 val_loss=0.0000 scale=1.0000 norm=0.3783
[iter 1100] loss=-4.6563 val_loss=0.0000 scale=1.0000 norm=0.3856
[iter 1200] loss=-4.7245 val_loss=0.0000 scale=1.0000 norm=0.3885
[iter 1300] loss=-4.7845 val_loss=0.0000 scale=1.0000 norm=0.3914
[iter 1400] loss=-4.8371 val_loss=0.0000 scale=1.0000 norm=0.3954
[iter 1500] loss=-4.8815 val_loss=0.0000 scale=1.0000 norm=0.3996
[iter 1600] loss=-4.9278 val_loss=0.0000 scale=1.0000 norm=0.4004
[iter 1700] loss=-4.9667 val_loss=0.0000 scale=1.0000 norm=0.4045
[iter 1800] loss=-5.0009 val_loss=0.0000 scale=1.0000 norm=0.4062
[iter 1900] loss=-5.0362 val_loss=0.0000 scale=1.0000 norm=0.4095
[1/20] BestIter=2000 RMSE: Val=0.0021 Test=0.0023 NLL: Test=-4.8880
[iter 0] loss=-2.7979 val_loss=0.0000 scale=1.0000 norm=0.3850
[iter 100] loss=-3.0307 val_loss=0.0000 scale=1.0000 norm=0.3324
[iter 200] loss=-3.2982 val_loss=0.0000 scale=2.0000 norm=0.6427
[iter 300] loss=-3.5451 val_loss=0.0000 scale=1.0000 norm=0.3340
[iter 400] loss=-3.7642 val_loss=0.0000 scale=1.0000 norm=0.3440
[iter 500] loss=-3.9641 val_loss=0.0000 scale=1.0000 norm=0.3536
[iter 600] loss=-4.1292 val_loss=0.0000 scale=1.0000 norm=0.3629
[iter 700] loss=-4.2852 val_loss=0.0000 scale=1.0000 norm=0.3674
[iter 800] loss=-4.4246 val_loss=0.0000 scale=1.0000 norm=0.3680
[iter 900] loss=-4.5327 val_loss=0.0000 scale=1.0000 norm=0.3695
[iter 1000] loss=-4.6250 val_loss=0.0000 scale=1.0000 norm=0.3719
[iter 1100] loss=-4.6968 val_loss=0.0000 scale=1.0000 norm=0.3767
[iter 1200] loss=-4.7567 val_loss=0.0000 scale=1.0000 norm=0.3842
[iter 1300] loss=-4.8129 val_loss=0.0000 scale=0.5000 norm=0.1945
[iter 1400] loss=-4.8668 val_loss=0.0000 scale=1.0000 norm=0.3925
[iter 1500] loss=-4.9131 val_loss=0.0000 scale=1.0000 norm=0.3974
[iter 1600] loss=-4.9523 val_loss=0.0000 scale=1.0000 norm=0.4029
[iter 1700] loss=-4.9908 val_loss=0.0000 scale=1.0000 norm=0.4065
[iter 1800] loss=-5.0268 val_loss=0.0000 scale=1.0000 norm=0.4104
[iter 1900] loss=-5.0593 val_loss=0.0000 scale=1.0000 norm=0.4123
[iter 0] loss=-2.8004 val_loss=0.0000 scale=1.0000 norm=0.3860
[iter 100] loss=-3.0345 val_loss=0.0000 scale=1.0000 norm=0.3330
[iter 200] loss=-3.2927 val_loss=0.0000 scale=1.0000 norm=0.3228
[iter 300] loss=-3.5329 val_loss=0.0000 scale=1.0000 norm=0.3339
[iter 400] loss=-3.7410 val_loss=0.0000 scale=2.0000 norm=0.6935
[iter 500] loss=-3.9351 val_loss=0.0000 scale=1.0000 norm=0.3539
[iter 600] loss=-4.1079 val_loss=0.0000 scale=1.0000 norm=0.3606
[iter 700] loss=-4.2675 val_loss=0.0000 scale=1.0000 norm=0.3669
[iter 800] loss=-4.4062 val_loss=0.0000 scale=1.0000 norm=0.3688
[iter 900] loss=-4.5201 val_loss=0.0000 scale=1.0000 norm=0.3760
[iter 1000] loss=-4.6072 val_loss=0.0000 scale=1.0000 norm=0.3823
[iter 1100] loss=-4.6812 val_loss=0.0000 scale=1.0000 norm=0.3848
[iter 1200] loss=-4.7457 val_loss=0.0000 scale=1.0000 norm=0.3915
[iter 1300] loss=-4.8048 val_loss=0.0000 scale=1.0000 norm=0.3956
[iter 1400] loss=-4.8557 val_loss=0.0000 scale=1.0000 norm=0.3981
[iter 1500] loss=-4.9080 val_loss=0.0000 scale=1.0000 norm=0.3970
[iter 1600] loss=-4.9563 val_loss=0.0000 scale=1.0000 norm=0.3974
[iter 1700] loss=-4.9927 val_loss=0.0000 scale=1.0000 norm=0.4037
[iter 1800] loss=-5.0286 val_loss=0.0000 scale=1.0000 norm=0.4067
[iter 1900] loss=-5.0604 val_loss=0.0000 scale=0.5000 norm=0.2047
[2/20] BestIter=2000 RMSE: Val=0.0022 Test=0.0021 NLL: Test=-4.9878
[iter 0] loss=-2.8034 val_loss=0.0000 scale=1.0000 norm=0.3865
[iter 100] loss=-3.0328 val_loss=0.0000 scale=1.0000 norm=0.3353
[iter 200] loss=-3.3105 val_loss=0.0000 scale=1.0000 norm=0.3262
[iter 300] loss=-3.5636 val_loss=0.0000 scale=2.0000 norm=0.6615
[iter 400] loss=-3.7674 val_loss=0.0000 scale=1.0000 norm=0.3446
[iter 500] loss=-3.9503 val_loss=0.0000 scale=1.0000 norm=0.3563
[iter 600] loss=-4.1215 val_loss=0.0000 scale=1.0000 norm=0.3615
[iter 700] loss=-4.2689 val_loss=0.0000 scale=1.0000 norm=0.3633
[iter 800] loss=-4.3980 val_loss=0.0000 scale=1.0000 norm=0.3739
[iter 900] loss=-4.5070 val_loss=0.0000 scale=1.0000 norm=0.3827
[iter 1000] loss=-4.5928 val_loss=0.0000 scale=1.0000 norm=0.3875
[iter 1100] loss=-4.6581 val_loss=0.0000 scale=1.0000 norm=0.3949
[iter 1200] loss=-4.7268 val_loss=0.0000 scale=1.0000 norm=0.3929
[iter 1300] loss=-4.7857 val_loss=0.0000 scale=1.0000 norm=0.3950
[iter 1400] loss=-4.8377 val_loss=0.0000 scale=1.0000 norm=0.3974
[iter 1500] loss=-4.8853 val_loss=0.0000 scale=1.0000 norm=0.3996
[iter 1600] loss=-4.9283 val_loss=0.0000 scale=1.0000 norm=0.3996
[iter 1700] loss=-4.9646 val_loss=0.0000 scale=1.0000 norm=0.4029
[iter 1800] loss=-5.0016 val_loss=0.0000 scale=1.0000 norm=0.4058
[iter 1900] loss=-5.0331 val_loss=0.0000 scale=1.0000 norm=0.4093
[iter 0] loss=-2.8009 val_loss=0.0000 scale=1.0000 norm=0.3866
[iter 100] loss=-3.0293 val_loss=0.0000 scale=2.0000 norm=0.6683
[iter 200] loss=-3.2939 val_loss=0.0000 scale=1.0000 norm=0.3242
[iter 300] loss=-3.5486 val_loss=0.0000 scale=1.0000 norm=0.3330
[iter 400] loss=-3.7552 val_loss=0.0000 scale=1.0000 norm=0.3442
[iter 500] loss=-3.9403 val_loss=0.0000 scale=1.0000 norm=0.3517
[iter 600] loss=-4.1114 val_loss=0.0000 scale=1.0000 norm=0.3614
[iter 700] loss=-4.2677 val_loss=0.0000 scale=1.0000 norm=0.3673
[iter 800] loss=-4.3998 val_loss=0.0000 scale=1.0000 norm=0.3712
[iter 900] loss=-4.5059 val_loss=0.0000 scale=1.0000 norm=0.3760
[iter 1000] loss=-4.5941 val_loss=0.0000 scale=1.0000 norm=0.3811
[iter 1100] loss=-4.6713 val_loss=0.0000 scale=1.0000 norm=0.3854
[iter 1200] loss=-4.7390 val_loss=0.0000 scale=1.0000 norm=0.3925
[iter 1300] loss=-4.7917 val_loss=0.0000 scale=1.0000 norm=0.4018
[iter 1400] loss=-4.8461 val_loss=0.0000 scale=1.0000 norm=0.4039
[iter 1500] loss=-4.8934 val_loss=0.0000 scale=1.0000 norm=0.4081
[iter 1600] loss=-4.9384 val_loss=0.0000 scale=1.0000 norm=0.4111
[iter 1700] loss=-4.9806 val_loss=0.0000 scale=1.0000 norm=0.4132
[iter 1800] loss=-5.0184 val_loss=0.0000 scale=1.0000 norm=0.4173
[iter 1900] loss=-5.0514 val_loss=0.0000 scale=1.0000 norm=0.4209
[3/20] BestIter=2000 RMSE: Val=0.0022 Test=0.0021 NLL: Test=-4.9734
[iter 0] loss=-2.7956 val_loss=0.0000 scale=1.0000 norm=0.3827
[iter 100] loss=-3.0288 val_loss=0.0000 scale=1.0000 norm=0.3326
[iter 200] loss=-3.2949 val_loss=0.0000 scale=1.0000 norm=0.3198
[iter 300] loss=-3.5424 val_loss=0.0000 scale=1.0000 norm=0.3302
[iter 400] loss=-3.7515 val_loss=0.0000 scale=1.0000 norm=0.3427
[iter 500] loss=-3.9521 val_loss=0.0000 scale=1.0000 norm=0.3509
[iter 600] loss=-4.1350 val_loss=0.0000 scale=1.0000 norm=0.3570
[iter 700] loss=-4.2935 val_loss=0.0000 scale=1.0000 norm=0.3617
[iter 800] loss=-4.4265 val_loss=0.0000 scale=1.0000 norm=0.3631
[iter 900] loss=-4.5396 val_loss=0.0000 scale=1.0000 norm=0.3684
[iter 1000] loss=-4.6241 val_loss=0.0000 scale=1.0000 norm=0.3790
[iter 1100] loss=-4.6978 val_loss=0.0000 scale=1.0000 norm=0.3884
[iter 1200] loss=-4.7575 val_loss=0.0000 scale=1.0000 norm=0.3967
[iter 1300] loss=-4.8151 val_loss=0.0000 scale=1.0000 norm=0.4031
[iter 1400] loss=-4.8695 val_loss=0.0000 scale=1.0000 norm=0.4079
[iter 1500] loss=-4.9187 val_loss=0.0000 scale=1.0000 norm=0.4091
[iter 1600] loss=-4.9581 val_loss=0.0000 scale=1.0000 norm=0.4136
[iter 1700] loss=-4.9956 val_loss=0.0000 scale=1.0000 norm=0.4157
[iter 1800] loss=-5.0304 val_loss=0.0000 scale=1.0000 norm=0.4193
[iter 1900] loss=-5.0607 val_loss=0.0000 scale=1.0000 norm=0.4220
[iter 0] loss=-2.7998 val_loss=0.0000 scale=1.0000 norm=0.3855
[iter 100] loss=-3.0321 val_loss=0.0000 scale=1.0000 norm=0.3328
[iter 200] loss=-3.2933 val_loss=0.0000 scale=1.0000 norm=0.3234
[iter 300] loss=-3.5293 val_loss=0.0000 scale=1.0000 norm=0.3341
[iter 400] loss=-3.7339 val_loss=0.0000 scale=1.0000 norm=0.3438
[iter 500] loss=-3.9291 val_loss=0.0000 scale=2.0000 norm=0.7006
[iter 600] loss=-4.1075 val_loss=0.0000 scale=2.0000 norm=0.7139
[iter 700] loss=-4.2633 val_loss=0.0000 scale=2.0000 norm=0.7249
[iter 800] loss=-4.3946 val_loss=0.0000 scale=1.0000 norm=0.3680
[iter 900] loss=-4.5064 val_loss=0.0000 scale=2.0000 norm=0.7486
[iter 1000] loss=-4.5969 val_loss=0.0000 scale=1.0000 norm=0.3808
[iter 1100] loss=-4.6695 val_loss=0.0000 scale=1.0000 norm=0.3872
[iter 1200] loss=-4.7323 val_loss=0.0000 scale=1.0000 norm=0.3967
[iter 1300] loss=-4.7910 val_loss=0.0000 scale=1.0000 norm=0.4004
[iter 1400] loss=-4.8424 val_loss=0.0000 scale=1.0000 norm=0.4051
[iter 1500] loss=-4.9026 val_loss=0.0000 scale=1.0000 norm=0.3997
[iter 1600] loss=-4.9459 val_loss=0.0000 scale=1.0000 norm=0.4065
[iter 1700] loss=-4.9891 val_loss=0.0000 scale=1.0000 norm=0.4088
[iter 1800] loss=-5.0254 val_loss=0.0000 scale=1.0000 norm=0.4113
[iter 1900] loss=-5.0588 val_loss=0.0000 scale=1.0000 norm=0.4132
[4/20] BestIter=2000 RMSE: Val=0.0021 Test=0.0021 NLL: Test=-4.9767
[iter 0] loss=-2.8020 val_loss=0.0000 scale=1.0000 norm=0.3856
[iter 100] loss=-3.0316 val_loss=0.0000 scale=1.0000 norm=0.3320
[iter 200] loss=-3.2937 val_loss=0.0000 scale=1.0000 norm=0.3234
[iter 300] loss=-3.5311 val_loss=0.0000 scale=1.0000 norm=0.3323
[iter 400] loss=-3.7474 val_loss=0.0000 scale=2.0000 norm=0.6879
[iter 500] loss=-3.9432 val_loss=0.0000 scale=1.0000 norm=0.3525
[iter 600] loss=-4.1175 val_loss=0.0000 scale=1.0000 norm=0.3601
[iter 700] loss=-4.2708 val_loss=0.0000 scale=1.0000 norm=0.3663
[iter 800] loss=-4.4084 val_loss=0.0000 scale=2.0000 norm=0.7322
[iter 900] loss=-4.5189 val_loss=0.0000 scale=1.0000 norm=0.3730
[iter 1000] loss=-4.6044 val_loss=0.0000 scale=1.0000 norm=0.3837
[iter 1100] loss=-4.6790 val_loss=0.0000 scale=1.0000 norm=0.3881
[iter 1200] loss=-4.7436 val_loss=0.0000 scale=1.0000 norm=0.3936
[iter 1300] loss=-4.7941 val_loss=0.0000 scale=1.0000 norm=0.4014
[iter 1400] loss=-4.8445 val_loss=0.0000 scale=1.0000 norm=0.4051
[iter 1500] loss=-4.8947 val_loss=0.0000 scale=1.0000 norm=0.4064
[iter 1600] loss=-4.9423 val_loss=0.0000 scale=1.0000 norm=0.4078
[iter 1700] loss=-4.9858 val_loss=0.0000 scale=0.5000 norm=0.2043
[iter 1800] loss=-5.0214 val_loss=0.0000 scale=1.0000 norm=0.4119
[iter 1900] loss=-5.0542 val_loss=0.0000 scale=1.0000 norm=0.4142
[iter 0] loss=-2.7984 val_loss=0.0000 scale=1.0000 norm=0.3844
[iter 100] loss=-3.0269 val_loss=0.0000 scale=1.0000 norm=0.3329
[iter 200] loss=-3.2881 val_loss=0.0000 scale=2.0000 norm=0.6455
[iter 300] loss=-3.5337 val_loss=0.0000 scale=2.0000 norm=0.6640
[iter 400] loss=-3.7445 val_loss=0.0000 scale=1.0000 norm=0.3439
[iter 500] loss=-3.9389 val_loss=0.0000 scale=1.0000 norm=0.3514
[iter 600] loss=-4.1156 val_loss=0.0000 scale=2.0000 norm=0.7138
[iter 700] loss=-4.2705 val_loss=0.0000 scale=1.0000 norm=0.3614
[iter 800] loss=-4.4041 val_loss=0.0000 scale=1.0000 norm=0.3667
[iter 900] loss=-4.5176 val_loss=0.0000 scale=2.0000 norm=0.7507
[iter 1000] loss=-4.6067 val_loss=0.0000 scale=1.0000 norm=0.3836
[iter 1100] loss=-4.6789 val_loss=0.0000 scale=2.0000 norm=0.7803
[iter 1200] loss=-4.7424 val_loss=0.0000 scale=1.0000 norm=0.3965
[iter 1300] loss=-4.8016 val_loss=0.0000 scale=1.0000 norm=0.4014
[iter 1400] loss=-4.8565 val_loss=0.0000 scale=1.0000 norm=0.4028
[iter 1500] loss=-4.9048 val_loss=0.0000 scale=1.0000 norm=0.4083
[iter 1600] loss=-4.9516 val_loss=0.0000 scale=1.0000 norm=0.4105
[iter 1700] loss=-4.9917 val_loss=0.0000 scale=1.0000 norm=0.4130
[iter 1800] loss=-5.0257 val_loss=0.0000 scale=1.0000 norm=0.4161
[iter 1900] loss=-5.0569 val_loss=0.0000 scale=1.0000 norm=0.4183
[5/20] BestIter=2000 RMSE: Val=0.0022 Test=0.0022 NLL: Test=-4.8999
[iter 0] loss=-2.7982 val_loss=0.0000 scale=1.0000 norm=0.3841
[iter 100] loss=-3.0277 val_loss=0.0000 scale=1.0000 norm=0.3321
[iter 200] loss=-3.3210 val_loss=0.0000 scale=1.0000 norm=0.3216
[iter 300] loss=-3.5705 val_loss=0.0000 scale=1.0000 norm=0.3298
[iter 400] loss=-3.7736 val_loss=0.0000 scale=1.0000 norm=0.3424
[iter 500] loss=-3.9553 val_loss=0.0000 scale=1.0000 norm=0.3521
[iter 600] loss=-4.1192 val_loss=0.0000 scale=2.0000 norm=0.7227
[iter 700] loss=-4.2670 val_loss=0.0000 scale=2.0000 norm=0.7339
[iter 800] loss=-4.3926 val_loss=0.0000 scale=1.0000 norm=0.3715
[iter 900] loss=-4.5025 val_loss=0.0000 scale=1.0000 norm=0.3749
[iter 1000] loss=-4.5868 val_loss=0.0000 scale=1.0000 norm=0.3749
[iter 1100] loss=-4.6609 val_loss=0.0000 scale=1.0000 norm=0.3790
[iter 1200] loss=-4.7212 val_loss=0.0000 scale=1.0000 norm=0.3862
[iter 1300] loss=-4.7757 val_loss=0.0000 scale=0.5000 norm=0.1958
[iter 1400] loss=-4.8240 val_loss=0.0000 scale=1.0000 norm=0.3964
[iter 1500] loss=-4.8661 val_loss=0.0000 scale=1.0000 norm=0.4001
[iter 1600] loss=-4.9099 val_loss=0.0000 scale=1.0000 norm=0.3989
[iter 1700] loss=-4.9475 val_loss=0.0000 scale=1.0000 norm=0.4016
[iter 1800] loss=-4.9802 val_loss=0.0000 scale=0.5000 norm=0.2032
[iter 1900] loss=-5.0103 val_loss=0.0000 scale=1.0000 norm=0.4102
[iter 0] loss=-2.7985 val_loss=0.0000 scale=1.0000 norm=0.3854
[iter 100] loss=-3.0286 val_loss=0.0000 scale=1.0000 norm=0.3331
[iter 200] loss=-3.2895 val_loss=0.0000 scale=1.0000 norm=0.3223
[iter 300] loss=-3.5266 val_loss=0.0000 scale=1.0000 norm=0.3321
[iter 400] loss=-3.7398 val_loss=0.0000 scale=1.0000 norm=0.3436
[iter 500] loss=-3.9469 val_loss=0.0000 scale=1.0000 norm=0.3519
[iter 600] loss=-4.1246 val_loss=0.0000 scale=1.0000 norm=0.3599
[iter 700] loss=-4.2811 val_loss=0.0000 scale=1.0000 norm=0.3667
[iter 800] loss=-4.4133 val_loss=0.0000 scale=1.0000 norm=0.3705
[iter 900] loss=-4.5222 val_loss=0.0000 scale=1.0000 norm=0.3787
[iter 1000] loss=-4.6058 val_loss=0.0000 scale=0.5000 norm=0.1928
[iter 1100] loss=-4.6713 val_loss=0.0000 scale=1.0000 norm=0.3914
[iter 1200] loss=-4.7290 val_loss=0.0000 scale=1.0000 norm=0.3960
[iter 1300] loss=-4.7852 val_loss=0.0000 scale=1.0000 norm=0.4004
[iter 1400] loss=-4.8413 val_loss=0.0000 scale=1.0000 norm=0.4016
[iter 1500] loss=-4.8932 val_loss=0.0000 scale=1.0000 norm=0.4032
[iter 1600] loss=-4.9403 val_loss=0.0000 scale=1.0000 norm=0.4046
[iter 1700] loss=-4.9765 val_loss=0.0000 scale=1.0000 norm=0.4089
[iter 1800] loss=-5.0122 val_loss=0.0000 scale=1.0000 norm=0.4106
[iter 1900] loss=-5.0460 val_loss=0.0000 scale=1.0000 norm=0.4119
[6/20] BestIter=2000 RMSE: Val=0.0024 Test=0.0022 NLL: Test=-4.9570
[iter 0] loss=-2.7994 val_loss=0.0000 scale=1.0000 norm=0.3865
[iter 100] loss=-3.0289 val_loss=0.0000 scale=1.0000 norm=0.3330
[iter 200] loss=-3.2904 val_loss=0.0000 scale=2.0000 norm=0.6438
[iter 300] loss=-3.5464 val_loss=0.0000 scale=1.0000 norm=0.3250
[iter 400] loss=-3.7465 val_loss=0.0000 scale=1.0000 norm=0.3348
[iter 500] loss=-3.9301 val_loss=0.0000 scale=1.0000 norm=0.3458
[iter 600] loss=-4.1000 val_loss=0.0000 scale=1.0000 norm=0.3546
[iter 700] loss=-4.2604 val_loss=0.0000 scale=1.0000 norm=0.3599
[iter 800] loss=-4.3852 val_loss=0.0000 scale=1.0000 norm=0.3660
[iter 900] loss=-4.4966 val_loss=0.0000 scale=0.5000 norm=0.1838
[iter 1000] loss=-4.5886 val_loss=0.0000 scale=1.0000 norm=0.3689
[iter 1100] loss=-4.6574 val_loss=0.0000 scale=1.0000 norm=0.3781
[iter 1200] loss=-4.7148 val_loss=0.0000 scale=1.0000 norm=0.3868
[iter 1300] loss=-4.7748 val_loss=0.0000 scale=1.0000 norm=0.3887
[iter 1400] loss=-4.8293 val_loss=0.0000 scale=1.0000 norm=0.3935
[iter 1500] loss=-4.8802 val_loss=0.0000 scale=1.0000 norm=0.3959
[iter 1600] loss=-4.9223 val_loss=0.0000 scale=1.0000 norm=0.4011
[iter 1700] loss=-4.9619 val_loss=0.0000 scale=1.0000 norm=0.4051
[iter 1800] loss=-4.9941 val_loss=0.0000 scale=1.0000 norm=0.4095
[iter 1900] loss=-5.0251 val_loss=0.0000 scale=1.0000 norm=0.4127
[iter 0] loss=-2.7991 val_loss=0.0000 scale=1.0000 norm=0.3855
[iter 100] loss=-3.0196 val_loss=0.0000 scale=1.0000 norm=0.3340
[iter 200] loss=-3.2914 val_loss=0.0000 scale=2.0000 norm=0.6453
[iter 300] loss=-3.5420 val_loss=0.0000 scale=1.0000 norm=0.3278
[iter 400] loss=-3.7451 val_loss=0.0000 scale=1.0000 norm=0.3396
[iter 500] loss=-3.9269 val_loss=0.0000 scale=1.0000 norm=0.3481
[iter 600] loss=-4.0914 val_loss=0.0000 scale=2.0000 norm=0.7115
[iter 700] loss=-4.2437 val_loss=0.0000 scale=1.0000 norm=0.3625
[iter 800] loss=-4.3716 val_loss=0.0000 scale=1.0000 norm=0.3720
[iter 900] loss=-4.4775 val_loss=0.0000 scale=1.0000 norm=0.3745
[iter 1000] loss=-4.5653 val_loss=0.0000 scale=0.5000 norm=0.1891
[iter 1100] loss=-4.6353 val_loss=0.0000 scale=1.0000 norm=0.3852
[iter 1200] loss=-4.6958 val_loss=0.0000 scale=1.0000 norm=0.3902
[iter 1300] loss=-4.7543 val_loss=0.0000 scale=1.0000 norm=0.3937
[iter 1400] loss=-4.8078 val_loss=0.0000 scale=1.0000 norm=0.3980
[iter 1500] loss=-4.8553 val_loss=0.0000 scale=1.0000 norm=0.4039
[iter 1600] loss=-4.8970 val_loss=0.0000 scale=1.0000 norm=0.4075
[iter 1700] loss=-4.9404 val_loss=0.0000 scale=1.0000 norm=0.4076
[iter 1800] loss=-4.9761 val_loss=0.0000 scale=1.0000 norm=0.4107
[iter 1900] loss=-5.0105 val_loss=0.0000 scale=1.0000 norm=0.4126
[7/20] BestIter=2000 RMSE: Val=0.0022 Test=0.0023 NLL: Test=-4.8755
[iter 0] loss=-2.8007 val_loss=0.0000 scale=1.0000 norm=0.3847
[iter 100] loss=-3.0268 val_loss=0.0000 scale=2.0000 norm=0.6677
[iter 200] loss=-3.2986 val_loss=0.0000 scale=2.0000 norm=0.6465
[iter 300] loss=-3.5399 val_loss=0.0000 scale=1.0000 norm=0.3346
[iter 400] loss=-3.7484 val_loss=0.0000 scale=1.0000 norm=0.3455
[iter 500] loss=-3.9466 val_loss=0.0000 scale=1.0000 norm=0.3513
[iter 600] loss=-4.1209 val_loss=0.0000 scale=1.0000 norm=0.3590
[iter 700] loss=-4.2745 val_loss=0.0000 scale=1.0000 norm=0.3634
[iter 800] loss=-4.3986 val_loss=0.0000 scale=2.0000 norm=0.7327
[iter 900] loss=-4.5039 val_loss=0.0000 scale=1.0000 norm=0.3734
[iter 1000] loss=-4.5987 val_loss=0.0000 scale=1.0000 norm=0.3756
[iter 1100] loss=-4.6724 val_loss=0.0000 scale=1.0000 norm=0.3799
[iter 1200] loss=-4.7299 val_loss=0.0000 scale=1.0000 norm=0.3894
[iter 1300] loss=-4.7853 val_loss=0.0000 scale=1.0000 norm=0.3938
[iter 1400] loss=-4.8346 val_loss=0.0000 scale=1.0000 norm=0.3974
[iter 1500] loss=-4.8814 val_loss=0.0000 scale=1.0000 norm=0.4023
[iter 1600] loss=-4.9276 val_loss=0.0000 scale=1.0000 norm=0.4045
[iter 1700] loss=-4.9664 val_loss=0.0000 scale=1.0000 norm=0.4081
[iter 1800] loss=-5.0040 val_loss=0.0000 scale=1.0000 norm=0.4105
[iter 1900] loss=-5.0371 val_loss=0.0000 scale=1.0000 norm=0.4128
[iter 0] loss=-2.7991 val_loss=0.0000 scale=1.0000 norm=0.3844
[iter 100] loss=-3.0315 val_loss=0.0000 scale=1.0000 norm=0.3328
[iter 200] loss=-3.3052 val_loss=0.0000 scale=1.0000 norm=0.3238
[iter 300] loss=-3.5444 val_loss=0.0000 scale=1.0000 norm=0.3357
[iter 400] loss=-3.7543 val_loss=0.0000 scale=1.0000 norm=0.3478
[iter 500] loss=-3.9500 val_loss=0.0000 scale=1.0000 norm=0.3547
[iter 600] loss=-4.1267 val_loss=0.0000 scale=1.0000 norm=0.3625
[iter 700] loss=-4.2801 val_loss=0.0000 scale=1.0000 norm=0.3668
[iter 800] loss=-4.4068 val_loss=0.0000 scale=1.0000 norm=0.3739
[iter 900] loss=-4.5118 val_loss=0.0000 scale=1.0000 norm=0.3803
[iter 1000] loss=-4.6072 val_loss=0.0000 scale=1.0000 norm=0.3803
[iter 1100] loss=-4.6761 val_loss=0.0000 scale=1.0000 norm=0.3877
[iter 1200] loss=-4.7352 val_loss=0.0000 scale=1.0000 norm=0.3966
[iter 1300] loss=-4.7955 val_loss=0.0000 scale=1.0000 norm=0.3988
[iter 1400] loss=-4.8473 val_loss=0.0000 scale=1.0000 norm=0.4036
[iter 1500] loss=-4.9017 val_loss=0.0000 scale=1.0000 norm=0.4007
[iter 1600] loss=-4.9486 val_loss=0.0000 scale=1.0000 norm=0.4040
[iter 1700] loss=-4.9870 val_loss=0.0000 scale=1.0000 norm=0.4084
[iter 1800] loss=-5.0191 val_loss=0.0000 scale=1.0000 norm=0.4132
[iter 1900] loss=-5.0503 val_loss=0.0000 scale=1.0000 norm=0.4144
[8/20] BestIter=2000 RMSE: Val=0.0022 Test=0.0021 NLL: Test=-4.9730
[iter 0] loss=-2.8005 val_loss=0.0000 scale=1.0000 norm=0.3887
[iter 100] loss=-3.0306 val_loss=0.0000 scale=2.0000 norm=0.6637
[iter 200] loss=-3.2954 val_loss=0.0000 scale=1.0000 norm=0.3234
[iter 300] loss=-3.5325 val_loss=0.0000 scale=2.0000 norm=0.6682
[iter 400] loss=-3.7502 val_loss=0.0000 scale=2.0000 norm=0.6903
[iter 500] loss=-3.9496 val_loss=0.0000 scale=1.0000 norm=0.3512
[iter 600] loss=-4.1317 val_loss=0.0000 scale=1.0000 norm=0.3615
[iter 700] loss=-4.2935 val_loss=0.0000 scale=1.0000 norm=0.3624
[iter 800] loss=-4.4208 val_loss=0.0000 scale=1.0000 norm=0.3668
[iter 900] loss=-4.5312 val_loss=0.0000 scale=1.0000 norm=0.3726
[iter 1000] loss=-4.6159 val_loss=0.0000 scale=1.0000 norm=0.3775
[iter 1100] loss=-4.6906 val_loss=0.0000 scale=1.0000 norm=0.3844
[iter 1200] loss=-4.7522 val_loss=0.0000 scale=1.0000 norm=0.3930
[iter 1300] loss=-4.8090 val_loss=0.0000 scale=1.0000 norm=0.3985
[iter 1400] loss=-4.8602 val_loss=0.0000 scale=1.0000 norm=0.4037
[iter 1500] loss=-4.9061 val_loss=0.0000 scale=1.0000 norm=0.4055
[iter 1600] loss=-4.9525 val_loss=0.0000 scale=1.0000 norm=0.4051
[iter 1700] loss=-4.9901 val_loss=0.0000 scale=1.0000 norm=0.4083
[iter 1800] loss=-5.0258 val_loss=0.0000 scale=1.0000 norm=0.4102
[iter 1900] loss=-5.0596 val_loss=0.0000 scale=1.0000 norm=0.4120
[iter 0] loss=-2.7989 val_loss=0.0000 scale=1.0000 norm=0.3869
[iter 100] loss=-3.0237 val_loss=0.0000 scale=1.0000 norm=0.3348
[iter 200] loss=-3.2878 val_loss=0.0000 scale=1.0000 norm=0.3230
[iter 300] loss=-3.5284 val_loss=0.0000 scale=2.0000 norm=0.6687
[iter 400] loss=-3.7462 val_loss=0.0000 scale=1.0000 norm=0.3462
[iter 500] loss=-3.9444 val_loss=0.0000 scale=1.0000 norm=0.3540
[iter 600] loss=-4.1163 val_loss=0.0000 scale=2.0000 norm=0.7219
[iter 700] loss=-4.2811 val_loss=0.0000 scale=1.0000 norm=0.3650
[iter 800] loss=-4.4185 val_loss=0.0000 scale=1.0000 norm=0.3686
[iter 900] loss=-4.5269 val_loss=0.0000 scale=1.0000 norm=0.3768
[iter 1000] loss=-4.6088 val_loss=0.0000 scale=1.0000 norm=0.3835
[iter 1100] loss=-4.6794 val_loss=0.0000 scale=1.0000 norm=0.3891
[iter 1200] loss=-4.7412 val_loss=0.0000 scale=1.0000 norm=0.3962
[iter 1300] loss=-4.7942 val_loss=0.0000 scale=1.0000 norm=0.4023
[iter 1400] loss=-4.8453 val_loss=0.0000 scale=1.0000 norm=0.4046
[iter 1500] loss=-4.8932 val_loss=0.0000 scale=1.0000 norm=0.4071
[iter 1600] loss=-4.9405 val_loss=0.0000 scale=1.0000 norm=0.4076
[iter 1700] loss=-4.9814 val_loss=0.0000 scale=1.0000 norm=0.4106
[iter 1800] loss=-5.0173 val_loss=0.0000 scale=1.0000 norm=0.4130
[iter 1900] loss=-5.0516 val_loss=0.0000 scale=1.0000 norm=0.4134
[9/20] BestIter=2000 RMSE: Val=0.0023 Test=0.0023 NLL: Test=-4.9217
[iter 0] loss=-2.7991 val_loss=0.0000 scale=1.0000 norm=0.3839
[iter 100] loss=-3.0284 val_loss=0.0000 scale=1.0000 norm=0.3317
[iter 200] loss=-3.2941 val_loss=0.0000 scale=1.0000 norm=0.3231
[iter 300] loss=-3.5358 val_loss=0.0000 scale=1.0000 norm=0.3275
[iter 400] loss=-3.7348 val_loss=0.0000 scale=2.0000 norm=0.6780
[iter 500] loss=-3.9201 val_loss=0.0000 scale=1.0000 norm=0.3503
[iter 600] loss=-4.0822 val_loss=0.0000 scale=1.0000 norm=0.3607
[iter 700] loss=-4.2342 val_loss=0.0000 scale=1.0000 norm=0.3699
[iter 800] loss=-4.3814 val_loss=0.0000 scale=1.0000 norm=0.3702
[iter 900] loss=-4.5053 val_loss=0.0000 scale=1.0000 norm=0.3722
[iter 1000] loss=-4.6003 val_loss=0.0000 scale=1.0000 norm=0.3789
[iter 1100] loss=-4.6775 val_loss=0.0000 scale=1.0000 norm=0.3823
[iter 1200] loss=-4.7409 val_loss=0.0000 scale=1.0000 norm=0.3859
[iter 1300] loss=-4.7941 val_loss=0.0000 scale=1.0000 norm=0.3902
[iter 1400] loss=-4.8445 val_loss=0.0000 scale=1.0000 norm=0.3929
[iter 1500] loss=-4.8915 val_loss=0.0000 scale=1.0000 norm=0.3946
[iter 1600] loss=-4.9305 val_loss=0.0000 scale=1.0000 norm=0.3982
[iter 1700] loss=-4.9651 val_loss=0.0000 scale=1.0000 norm=0.4029
[iter 1800] loss=-4.9944 val_loss=0.0000 scale=1.0000 norm=0.4064
[iter 1900] loss=-5.0231 val_loss=0.0000 scale=1.0000 norm=0.4091
[iter 0] loss=-2.8010 val_loss=0.0000 scale=1.0000 norm=0.3850
[iter 100] loss=-3.0255 val_loss=0.0000 scale=2.0000 norm=0.6683
[iter 200] loss=-3.2975 val_loss=0.0000 scale=2.0000 norm=0.6469
[iter 300] loss=-3.5449 val_loss=0.0000 scale=1.0000 norm=0.3293
[iter 400] loss=-3.7433 val_loss=0.0000 scale=2.0000 norm=0.6803
[iter 500] loss=-3.9193 val_loss=0.0000 scale=1.0000 norm=0.3514
[iter 600] loss=-4.0811 val_loss=0.0000 scale=1.0000 norm=0.3595
[iter 700] loss=-4.2303 val_loss=0.0000 scale=1.0000 norm=0.3676
[iter 800] loss=-4.3738 val_loss=0.0000 scale=0.5000 norm=0.1855
[iter 900] loss=-4.4866 val_loss=0.0000 scale=1.0000 norm=0.3759
[iter 1000] loss=-4.5808 val_loss=0.0000 scale=1.0000 norm=0.3777
[iter 1100] loss=-4.6576 val_loss=0.0000 scale=1.0000 norm=0.3802
[iter 1200] loss=-4.7180 val_loss=0.0000 scale=1.0000 norm=0.3865
[iter 1300] loss=-4.7737 val_loss=0.0000 scale=0.5000 norm=0.1954
[iter 1400] loss=-4.8245 val_loss=0.0000 scale=1.0000 norm=0.3912
[iter 1500] loss=-4.8702 val_loss=0.0000 scale=1.0000 norm=0.3952
[iter 1600] loss=-4.9112 val_loss=0.0000 scale=1.0000 norm=0.3986
[iter 1700] loss=-4.9477 val_loss=0.0000 scale=0.5000 norm=0.2003
[iter 1800] loss=-4.9843 val_loss=0.0000 scale=0.5000 norm=0.2002
[iter 1900] loss=-5.0160 val_loss=0.0000 scale=1.0000 norm=0.4033
[10/20] BestIter=2000 RMSE: Val=0.0023 Test=0.0022 NLL: Test=-4.9075
[iter 0] loss=-2.8011 val_loss=0.0000 scale=1.0000 norm=0.3852
[iter 100] loss=-3.0356 val_loss=0.0000 scale=2.0000 norm=0.6651
[iter 200] loss=-3.3016 val_loss=0.0000 scale=1.0000 norm=0.3231
[iter 300] loss=-3.5438 val_loss=0.0000 scale=1.0000 norm=0.3309
[iter 400] loss=-3.7579 val_loss=0.0000 scale=1.0000 norm=0.3400
[iter 500] loss=-3.9570 val_loss=0.0000 scale=1.0000 norm=0.3501
[iter 600] loss=-4.1263 val_loss=0.0000 scale=1.0000 norm=0.3598
[iter 700] loss=-4.2763 val_loss=0.0000 scale=1.0000 norm=0.3649
[iter 800] loss=-4.3984 val_loss=0.0000 scale=1.0000 norm=0.3704
[iter 900] loss=-4.5030 val_loss=0.0000 scale=1.0000 norm=0.3749
[iter 1000] loss=-4.6021 val_loss=0.0000 scale=1.0000 norm=0.3809
[iter 1100] loss=-4.6787 val_loss=0.0000 scale=1.0000 norm=0.3901
[iter 1200] loss=-4.7432 val_loss=0.0000 scale=1.0000 norm=0.3932
[iter 1300] loss=-4.8021 val_loss=0.0000 scale=0.5000 norm=0.1984
[iter 1400] loss=-4.8496 val_loss=0.0000 scale=1.0000 norm=0.4001
[iter 1500] loss=-4.9048 val_loss=0.0000 scale=1.0000 norm=0.3985
[iter 1600] loss=-4.9510 val_loss=0.0000 scale=0.5000 norm=0.2013
[iter 1700] loss=-4.9964 val_loss=0.0000 scale=1.0000 norm=0.4031
[iter 1800] loss=-5.0353 val_loss=0.0000 scale=1.0000 norm=0.4054
[iter 1900] loss=-5.0661 val_loss=0.0000 scale=1.0000 norm=0.4103
[iter 0] loss=-2.7993 val_loss=0.0000 scale=1.0000 norm=0.3852
[iter 100] loss=-3.0233 val_loss=0.0000 scale=1.0000 norm=0.3334
[iter 200] loss=-3.2909 val_loss=0.0000 scale=1.0000 norm=0.3234
[iter 300] loss=-3.5335 val_loss=0.0000 scale=1.0000 norm=0.3317
[iter 400] loss=-3.7444 val_loss=0.0000 scale=1.0000 norm=0.3411
[iter 500] loss=-3.9339 val_loss=0.0000 scale=1.0000 norm=0.3523
[iter 600] loss=-4.1177 val_loss=0.0000 scale=1.0000 norm=0.3587
[iter 700] loss=-4.2674 val_loss=0.0000 scale=1.0000 norm=0.3667
[iter 800] loss=-4.4065 val_loss=0.0000 scale=1.0000 norm=0.3688
[iter 900] loss=-4.5257 val_loss=0.0000 scale=1.0000 norm=0.3728
[iter 1000] loss=-4.6155 val_loss=0.0000 scale=1.0000 norm=0.3801
[iter 1100] loss=-4.6869 val_loss=0.0000 scale=1.0000 norm=0.3869
[iter 1200] loss=-4.7458 val_loss=0.0000 scale=1.0000 norm=0.3932
[iter 1300] loss=-4.8003 val_loss=0.0000 scale=1.0000 norm=0.3983
[iter 1400] loss=-4.8516 val_loss=0.0000 scale=1.0000 norm=0.4026
[iter 1500] loss=-4.9025 val_loss=0.0000 scale=1.0000 norm=0.4032
[iter 1600] loss=-4.9473 val_loss=0.0000 scale=1.0000 norm=0.4042
[iter 1700] loss=-4.9823 val_loss=0.0000 scale=1.0000 norm=0.4091
[iter 1800] loss=-5.0170 val_loss=0.0000 scale=1.0000 norm=0.4117
[iter 1900] loss=-5.0503 val_loss=0.0000 scale=1.0000 norm=0.4131
[11/20] BestIter=2000 RMSE: Val=0.0022 Test=0.0021 NLL: Test=-4.9049
[iter 0] loss=-2.8033 val_loss=0.0000 scale=1.0000 norm=0.3882
[iter 100] loss=-3.0264 val_loss=0.0000 scale=1.0000 norm=0.3373
[iter 200] loss=-3.2987 val_loss=0.0000 scale=1.0000 norm=0.3253
[iter 300] loss=-3.5532 val_loss=0.0000 scale=1.0000 norm=0.3284
[iter 400] loss=-3.7635 val_loss=0.0000 scale=2.0000 norm=0.6787
[iter 500] loss=-3.9501 val_loss=0.0000 scale=2.0000 norm=0.6999
[iter 600] loss=-4.1074 val_loss=0.0000 scale=1.0000 norm=0.3604
[iter 700] loss=-4.2654 val_loss=0.0000 scale=1.0000 norm=0.3642
[iter 800] loss=-4.4031 val_loss=0.0000 scale=1.0000 norm=0.3691
[iter 900] loss=-4.5174 val_loss=0.0000 scale=1.0000 norm=0.3718
[iter 1000] loss=-4.6121 val_loss=0.0000 scale=0.5000 norm=0.1872
[iter 1100] loss=-4.6833 val_loss=0.0000 scale=1.0000 norm=0.3835
[iter 1200] loss=-4.7457 val_loss=0.0000 scale=1.0000 norm=0.3874
[iter 1300] loss=-4.8017 val_loss=0.0000 scale=1.0000 norm=0.3911
[iter 1400] loss=-4.8541 val_loss=0.0000 scale=1.0000 norm=0.3941
[iter 1500] loss=-4.9052 val_loss=0.0000 scale=1.0000 norm=0.3960
[iter 1600] loss=-4.9472 val_loss=0.0000 scale=1.0000 norm=0.4010
[iter 1700] loss=-4.9816 val_loss=0.0000 scale=1.0000 norm=0.4075
[iter 1800] loss=-5.0107 val_loss=0.0000 scale=1.0000 norm=0.4127
[iter 1900] loss=-5.0425 val_loss=0.0000 scale=1.0000 norm=0.4154
[iter 0] loss=-2.8028 val_loss=0.0000 scale=1.0000 norm=0.3872
[iter 100] loss=-3.0268 val_loss=0.0000 scale=1.0000 norm=0.3350
[iter 200] loss=-3.2844 val_loss=0.0000 scale=1.0000 norm=0.3244
[iter 300] loss=-3.5220 val_loss=0.0000 scale=1.0000 norm=0.3297
[iter 400] loss=-3.7350 val_loss=0.0000 scale=1.0000 norm=0.3410
[iter 500] loss=-3.9142 val_loss=0.0000 scale=1.0000 norm=0.3515
[iter 600] loss=-4.0780 val_loss=0.0000 scale=1.0000 norm=0.3586
[iter 700] loss=-4.2367 val_loss=0.0000 scale=1.0000 norm=0.3619
[iter 800] loss=-4.3701 val_loss=0.0000 scale=1.0000 norm=0.3648
[iter 900] loss=-4.4843 val_loss=0.0000 scale=1.0000 norm=0.3650
[iter 1000] loss=-4.5701 val_loss=0.0000 scale=1.0000 norm=0.3707
[iter 1100] loss=-4.6438 val_loss=0.0000 scale=1.0000 norm=0.3772
[iter 1200] loss=-4.6995 val_loss=0.0000 scale=1.0000 norm=0.3857
[iter 1300] loss=-4.7535 val_loss=0.0000 scale=0.5000 norm=0.1951
[iter 1400] loss=-4.8081 val_loss=0.0000 scale=1.0000 norm=0.3924
[iter 1500] loss=-4.8534 val_loss=0.0000 scale=1.0000 norm=0.3968
[iter 1600] loss=-4.8980 val_loss=0.0000 scale=1.0000 norm=0.3986
[iter 1700] loss=-4.9379 val_loss=0.0000 scale=1.0000 norm=0.4014
[iter 1800] loss=-4.9747 val_loss=0.0000 scale=1.0000 norm=0.4041
[iter 1900] loss=-5.0082 val_loss=0.0000 scale=1.0000 norm=0.4065
[12/20] BestIter=2000 RMSE: Val=0.0021 Test=0.0022 NLL: Test=-4.9007
[iter 0] loss=-2.8023 val_loss=0.0000 scale=1.0000 norm=0.3873
[iter 100] loss=-3.0361 val_loss=0.0000 scale=1.0000 norm=0.3342
[iter 200] loss=-3.2952 val_loss=0.0000 scale=1.0000 norm=0.3228
[iter 300] loss=-3.5513 val_loss=0.0000 scale=1.0000 norm=0.3284
[iter 400] loss=-3.7595 val_loss=0.0000 scale=1.0000 norm=0.3385
[iter 500] loss=-3.9406 val_loss=0.0000 scale=1.0000 norm=0.3484
[iter 600] loss=-4.1108 val_loss=0.0000 scale=1.0000 norm=0.3558
[iter 700] loss=-4.2690 val_loss=0.0000 scale=1.0000 norm=0.3649
[iter 800] loss=-4.3977 val_loss=0.0000 scale=1.0000 norm=0.3730
[iter 900] loss=-4.5051 val_loss=0.0000 scale=1.0000 norm=0.3737
[iter 1000] loss=-4.5909 val_loss=0.0000 scale=0.5000 norm=0.1900
[iter 1100] loss=-4.6636 val_loss=0.0000 scale=1.0000 norm=0.3882
[iter 1200] loss=-4.7267 val_loss=0.0000 scale=1.0000 norm=0.3932
[iter 1300] loss=-4.7867 val_loss=0.0000 scale=1.0000 norm=0.3966
[iter 1400] loss=-4.8384 val_loss=0.0000 scale=1.0000 norm=0.4029
[iter 1500] loss=-4.8893 val_loss=0.0000 scale=1.0000 norm=0.4038
[iter 1600] loss=-4.9367 val_loss=0.0000 scale=1.0000 norm=0.4035
[iter 1700] loss=-4.9766 val_loss=0.0000 scale=1.0000 norm=0.4069
[iter 1800] loss=-5.0115 val_loss=0.0000 scale=1.0000 norm=0.4106
[iter 1900] loss=-5.0454 val_loss=0.0000 scale=1.0000 norm=0.4133
[iter 0] loss=-2.8011 val_loss=0.0000 scale=1.0000 norm=0.3853
[iter 100] loss=-3.0258 val_loss=0.0000 scale=1.0000 norm=0.3331
[iter 200] loss=-3.2942 val_loss=0.0000 scale=1.0000 norm=0.3219
[iter 300] loss=-3.5321 val_loss=0.0000 scale=2.0000 norm=0.6579
[iter 400] loss=-3.7466 val_loss=0.0000 scale=1.0000 norm=0.3404
[iter 500] loss=-3.9319 val_loss=0.0000 scale=1.0000 norm=0.3510
[iter 600] loss=-4.0986 val_loss=0.0000 scale=1.0000 norm=0.3597
[iter 700] loss=-4.2524 val_loss=0.0000 scale=1.0000 norm=0.3667
[iter 800] loss=-4.3878 val_loss=0.0000 scale=2.0000 norm=0.7332
[iter 900] loss=-4.5000 val_loss=0.0000 scale=1.0000 norm=0.3675
[iter 1000] loss=-4.5885 val_loss=0.0000 scale=1.0000 norm=0.3734
[iter 1100] loss=-4.6605 val_loss=0.0000 scale=0.5000 norm=0.1904
[iter 1200] loss=-4.7188 val_loss=0.0000 scale=0.5000 norm=0.1949
[iter 1300] loss=-4.7695 val_loss=0.0000 scale=1.0000 norm=0.3932
[iter 1400] loss=-4.8166 val_loss=0.0000 scale=1.0000 norm=0.3967
[iter 1500] loss=-4.8644 val_loss=0.0000 scale=1.0000 norm=0.3998
[iter 1600] loss=-4.9093 val_loss=0.0000 scale=1.0000 norm=0.4020
[iter 1700] loss=-4.9513 val_loss=0.0000 scale=1.0000 norm=0.4036
[iter 1800] loss=-4.9894 val_loss=0.0000 scale=1.0000 norm=0.4068
[iter 1900] loss=-5.0234 val_loss=0.0000 scale=1.0000 norm=0.4095
[13/20] BestIter=2000 RMSE: Val=0.0021 Test=0.0023 NLL: Test=-4.8906
[iter 0] loss=-2.8022 val_loss=0.0000 scale=1.0000 norm=0.3858
[iter 100] loss=-3.0324 val_loss=0.0000 scale=1.0000 norm=0.3344
[iter 200] loss=-3.3004 val_loss=0.0000 scale=1.0000 norm=0.3215
[iter 300] loss=-3.5474 val_loss=0.0000 scale=1.0000 norm=0.3325
[iter 400] loss=-3.7572 val_loss=0.0000 scale=1.0000 norm=0.3437
[iter 500] loss=-3.9465 val_loss=0.0000 scale=1.0000 norm=0.3553
[iter 600] loss=-4.1248 val_loss=0.0000 scale=1.0000 norm=0.3596
[iter 700] loss=-4.2891 val_loss=0.0000 scale=1.0000 norm=0.3674
[iter 800] loss=-4.4202 val_loss=0.0000 scale=1.0000 norm=0.3731
[iter 900] loss=-4.5253 val_loss=0.0000 scale=1.0000 norm=0.3819
[iter 1000] loss=-4.6121 val_loss=0.0000 scale=1.0000 norm=0.3874
[iter 1100] loss=-4.6773 val_loss=0.0000 scale=1.0000 norm=0.3944
[iter 1200] loss=-4.7366 val_loss=0.0000 scale=1.0000 norm=0.3965
[iter 1300] loss=-4.7938 val_loss=0.0000 scale=1.0000 norm=0.3974
[iter 1400] loss=-4.8444 val_loss=0.0000 scale=1.0000 norm=0.4024
[iter 1500] loss=-4.8883 val_loss=0.0000 scale=0.5000 norm=0.2046
[iter 1600] loss=-4.9317 val_loss=0.0000 scale=1.0000 norm=0.4113
[iter 1700] loss=-4.9747 val_loss=0.0000 scale=1.0000 norm=0.4109
[iter 1800] loss=-5.0120 val_loss=0.0000 scale=1.0000 norm=0.4135
[iter 1900] loss=-5.0468 val_loss=0.0000 scale=1.0000 norm=0.4161
[iter 0] loss=-2.7998 val_loss=0.0000 scale=1.0000 norm=0.3856
[iter 100] loss=-3.0276 val_loss=0.0000 scale=1.0000 norm=0.3349
[iter 200] loss=-3.3026 val_loss=0.0000 scale=1.0000 norm=0.3229
[iter 300] loss=-3.5404 val_loss=0.0000 scale=1.0000 norm=0.3289
[iter 400] loss=-3.7381 val_loss=0.0000 scale=1.0000 norm=0.3427
[iter 500] loss=-3.9268 val_loss=0.0000 scale=2.0000 norm=0.7022
[iter 600] loss=-4.0907 val_loss=0.0000 scale=1.0000 norm=0.3583
[iter 700] loss=-4.2441 val_loss=0.0000 scale=1.0000 norm=0.3604
[iter 800] loss=-4.3687 val_loss=0.0000 scale=1.0000 norm=0.3668
[iter 900] loss=-4.4795 val_loss=0.0000 scale=1.0000 norm=0.3698
[iter 1000] loss=-4.5732 val_loss=0.0000 scale=1.0000 norm=0.3708
[iter 1100] loss=-4.6502 val_loss=0.0000 scale=1.0000 norm=0.3751
[iter 1200] loss=-4.7112 val_loss=0.0000 scale=1.0000 norm=0.3818
[iter 1300] loss=-4.7678 val_loss=0.0000 scale=1.0000 norm=0.3859
[iter 1400] loss=-4.8158 val_loss=0.0000 scale=1.0000 norm=0.3909
[iter 1500] loss=-4.8601 val_loss=0.0000 scale=0.5000 norm=0.1978
[iter 1600] loss=-4.9010 val_loss=0.0000 scale=1.0000 norm=0.3987
[iter 1700] loss=-4.9418 val_loss=0.0000 scale=1.0000 norm=0.4002
[iter 1800] loss=-4.9780 val_loss=0.0000 scale=1.0000 norm=0.4027
[iter 1900] loss=-5.0082 val_loss=0.0000 scale=1.0000 norm=0.4074
[14/20] BestIter=2000 RMSE: Val=0.0022 Test=0.0021 NLL: Test=-4.9295
[iter 0] loss=-2.7981 val_loss=0.0000 scale=1.0000 norm=0.3859
[iter 100] loss=-3.0276 val_loss=0.0000 scale=2.0000 norm=0.6672
[iter 200] loss=-3.2912 val_loss=0.0000 scale=1.0000 norm=0.3227
[iter 300] loss=-3.5285 val_loss=0.0000 scale=2.0000 norm=0.6652
[iter 400] loss=-3.7439 val_loss=0.0000 scale=1.0000 norm=0.3432
[iter 500] loss=-3.9525 val_loss=0.0000 scale=1.0000 norm=0.3522
[iter 600] loss=-4.1391 val_loss=0.0000 scale=1.0000 norm=0.3576
[iter 700] loss=-4.3022 val_loss=0.0000 scale=1.0000 norm=0.3620
[iter 800] loss=-4.4354 val_loss=0.0000 scale=1.0000 norm=0.3704
[iter 900] loss=-4.5437 val_loss=0.0000 scale=1.0000 norm=0.3734
[iter 1000] loss=-4.6349 val_loss=0.0000 scale=1.0000 norm=0.3752
[iter 1100] loss=-4.7111 val_loss=0.0000 scale=1.0000 norm=0.3797
[iter 1200] loss=-4.7739 val_loss=0.0000 scale=1.0000 norm=0.3847
[iter 1300] loss=-4.8292 val_loss=0.0000 scale=0.5000 norm=0.1951
[iter 1400] loss=-4.8813 val_loss=0.0000 scale=1.0000 norm=0.3952
[iter 1500] loss=-4.9278 val_loss=0.0000 scale=1.0000 norm=0.4003
[iter 1600] loss=-4.9692 val_loss=0.0000 scale=1.0000 norm=0.4058
[iter 1700] loss=-5.0060 val_loss=0.0000 scale=1.0000 norm=0.4109
[iter 1800] loss=-5.0381 val_loss=0.0000 scale=1.0000 norm=0.4157
[iter 1900] loss=-5.0680 val_loss=0.0000 scale=1.0000 norm=0.4185
[iter 0] loss=-2.7982 val_loss=0.0000 scale=1.0000 norm=0.3854
[iter 100] loss=-3.0282 val_loss=0.0000 scale=1.0000 norm=0.3318
[iter 200] loss=-3.2862 val_loss=0.0000 scale=1.0000 norm=0.3212
[iter 300] loss=-3.5255 val_loss=0.0000 scale=2.0000 norm=0.6596
[iter 400] loss=-3.7398 val_loss=0.0000 scale=2.0000 norm=0.6880
[iter 500] loss=-3.9372 val_loss=0.0000 scale=2.0000 norm=0.7120
[iter 600] loss=-4.1183 val_loss=0.0000 scale=1.0000 norm=0.3591
[iter 700] loss=-4.2742 val_loss=0.0000 scale=1.0000 norm=0.3671
[iter 800] loss=-4.4167 val_loss=0.0000 scale=1.0000 norm=0.3673
[iter 900] loss=-4.5353 val_loss=0.0000 scale=1.0000 norm=0.3699
[iter 1000] loss=-4.6201 val_loss=0.0000 scale=1.0000 norm=0.3789
[iter 1100] loss=-4.6991 val_loss=0.0000 scale=1.0000 norm=0.3831
[iter 1200] loss=-4.7658 val_loss=0.0000 scale=1.0000 norm=0.3878
[iter 1300] loss=-4.8182 val_loss=0.0000 scale=1.0000 norm=0.3965
[iter 1400] loss=-4.8719 val_loss=0.0000 scale=1.0000 norm=0.3984
[iter 1500] loss=-4.9244 val_loss=0.0000 scale=1.0000 norm=0.4005
[iter 1600] loss=-4.9652 val_loss=0.0000 scale=1.0000 norm=0.4066
[iter 1700] loss=-5.0014 val_loss=0.0000 scale=1.0000 norm=0.4117
[iter 1800] loss=-5.0359 val_loss=0.0000 scale=1.0000 norm=0.4129
[iter 1900] loss=-5.0664 val_loss=0.0000 scale=1.0000 norm=0.4164
[15/20] BestIter=2000 RMSE: Val=0.0022 Test=0.0021 NLL: Test=-4.9733
[iter 0] loss=-2.7996 val_loss=0.0000 scale=1.0000 norm=0.3857
[iter 100] loss=-3.0376 val_loss=0.0000 scale=1.0000 norm=0.3342
[iter 200] loss=-3.3016 val_loss=0.0000 scale=1.0000 norm=0.3228
[iter 300] loss=-3.5401 val_loss=0.0000 scale=1.0000 norm=0.3331
[iter 400] loss=-3.7597 val_loss=0.0000 scale=1.0000 norm=0.3431
[iter 500] loss=-3.9622 val_loss=0.0000 scale=1.0000 norm=0.3517
[iter 600] loss=-4.1370 val_loss=0.0000 scale=1.0000 norm=0.3594
[iter 700] loss=-4.2883 val_loss=0.0000 scale=1.0000 norm=0.3651
[iter 800] loss=-4.4177 val_loss=0.0000 scale=2.0000 norm=0.7364
[iter 900] loss=-4.5235 val_loss=0.0000 scale=1.0000 norm=0.3750
[iter 1000] loss=-4.6036 val_loss=0.0000 scale=1.0000 norm=0.3832
[iter 1100] loss=-4.6769 val_loss=0.0000 scale=1.0000 norm=0.3905
[iter 1200] loss=-4.7330 val_loss=0.0000 scale=1.0000 norm=0.3983
[iter 1300] loss=-4.7904 val_loss=0.0000 scale=1.0000 norm=0.3996
[iter 1400] loss=-4.8418 val_loss=0.0000 scale=1.0000 norm=0.4032
[iter 1500] loss=-4.8911 val_loss=0.0000 scale=0.5000 norm=0.2023
[iter 1600] loss=-4.9346 val_loss=0.0000 scale=1.0000 norm=0.4074
[iter 1700] loss=-4.9749 val_loss=0.0000 scale=1.0000 norm=0.4093
[iter 1800] loss=-5.0112 val_loss=0.0000 scale=1.0000 norm=0.4114
[iter 1900] loss=-5.0435 val_loss=0.0000 scale=1.0000 norm=0.4144
[iter 0] loss=-2.7991 val_loss=0.0000 scale=1.0000 norm=0.3865
[iter 100] loss=-3.0319 val_loss=0.0000 scale=2.0000 norm=0.6672
[iter 200] loss=-3.2964 val_loss=0.0000 scale=1.0000 norm=0.3234
[iter 300] loss=-3.5311 val_loss=0.0000 scale=1.0000 norm=0.3328
[iter 400] loss=-3.7393 val_loss=0.0000 scale=1.0000 norm=0.3446
[iter 500] loss=-3.9287 val_loss=0.0000 scale=1.0000 norm=0.3508
[iter 600] loss=-4.1092 val_loss=0.0000 scale=1.0000 norm=0.3571
[iter 700] loss=-4.2639 val_loss=0.0000 scale=2.0000 norm=0.7215
[iter 800] loss=-4.3927 val_loss=0.0000 scale=2.0000 norm=0.7329
[iter 900] loss=-4.5065 val_loss=0.0000 scale=1.0000 norm=0.3744
[iter 1000] loss=-4.5969 val_loss=0.0000 scale=1.0000 norm=0.3788
[iter 1100] loss=-4.6656 val_loss=0.0000 scale=1.0000 norm=0.3860
[iter 1200] loss=-4.7254 val_loss=0.0000 scale=1.0000 norm=0.3953
[iter 1300] loss=-4.7861 val_loss=0.0000 scale=1.0000 norm=0.3968
[iter 1400] loss=-4.8372 val_loss=0.0000 scale=1.0000 norm=0.4029
[iter 1500] loss=-4.8855 val_loss=0.0000 scale=1.0000 norm=0.4076
[iter 1600] loss=-4.9335 val_loss=0.0000 scale=1.0000 norm=0.4064
[iter 1700] loss=-4.9781 val_loss=0.0000 scale=1.0000 norm=0.4073
[iter 1800] loss=-5.0148 val_loss=0.0000 scale=1.0000 norm=0.4114
[iter 1900] loss=-5.0459 val_loss=0.0000 scale=1.0000 norm=0.4155
[16/20] BestIter=2000 RMSE: Val=0.0022 Test=0.0021 NLL: Test=-4.9699
[iter 0] loss=-2.8010 val_loss=0.0000 scale=1.0000 norm=0.3861
[iter 100] loss=-3.0307 val_loss=0.0000 scale=1.0000 norm=0.3339
[iter 200] loss=-3.3110 val_loss=0.0000 scale=1.0000 norm=0.3223
[iter 300] loss=-3.5537 val_loss=0.0000 scale=1.0000 norm=0.3279
[iter 400] loss=-3.7603 val_loss=0.0000 scale=1.0000 norm=0.3366
[iter 500] loss=-3.9371 val_loss=0.0000 scale=1.0000 norm=0.3474
[iter 600] loss=-4.1174 val_loss=0.0000 scale=2.0000 norm=0.7048
[iter 700] loss=-4.2722 val_loss=0.0000 scale=1.0000 norm=0.3637
[iter 800] loss=-4.3935 val_loss=0.0000 scale=1.0000 norm=0.3682
[iter 900] loss=-4.4918 val_loss=0.0000 scale=1.0000 norm=0.3733
[iter 1000] loss=-4.5763 val_loss=0.0000 scale=1.0000 norm=0.3774
[iter 1100] loss=-4.6450 val_loss=0.0000 scale=0.5000 norm=0.1907
[iter 1200] loss=-4.7109 val_loss=0.0000 scale=1.0000 norm=0.3858
[iter 1300] loss=-4.7708 val_loss=0.0000 scale=1.0000 norm=0.3921
[iter 1400] loss=-4.8247 val_loss=0.0000 scale=1.0000 norm=0.3955
[iter 1500] loss=-4.8765 val_loss=0.0000 scale=1.0000 norm=0.3978
[iter 1600] loss=-4.9173 val_loss=0.0000 scale=1.0000 norm=0.4049
[iter 1700] loss=-4.9557 val_loss=0.0000 scale=1.0000 norm=0.4081
[iter 1800] loss=-4.9943 val_loss=0.0000 scale=1.0000 norm=0.4083
[iter 1900] loss=-5.0312 val_loss=0.0000 scale=1.0000 norm=0.4099
[iter 0] loss=-2.8000 val_loss=0.0000 scale=1.0000 norm=0.3855
[iter 100] loss=-3.0289 val_loss=0.0000 scale=1.0000 norm=0.3330
[iter 200] loss=-3.2932 val_loss=0.0000 scale=2.0000 norm=0.6432
[iter 300] loss=-3.5431 val_loss=0.0000 scale=1.0000 norm=0.3266
[iter 400] loss=-3.7508 val_loss=0.0000 scale=1.0000 norm=0.3385
[iter 500] loss=-3.9438 val_loss=0.0000 scale=1.0000 norm=0.3471
[iter 600] loss=-4.1352 val_loss=0.0000 scale=1.0000 norm=0.3569
[iter 700] loss=-4.2919 val_loss=0.0000 scale=1.0000 norm=0.3677
[iter 800] loss=-4.4235 val_loss=0.0000 scale=1.0000 norm=0.3695
[iter 900] loss=-4.5276 val_loss=0.0000 scale=1.0000 norm=0.3735
[iter 1000] loss=-4.6145 val_loss=0.0000 scale=1.0000 norm=0.3774
[iter 1100] loss=-4.6872 val_loss=0.0000 scale=1.0000 norm=0.3822
[iter 1200] loss=-4.7460 val_loss=0.0000 scale=1.0000 norm=0.3871
[iter 1300] loss=-4.8026 val_loss=0.0000 scale=1.0000 norm=0.3848
[iter 1400] loss=-4.8491 val_loss=0.0000 scale=1.0000 norm=0.3880
[iter 1500] loss=-4.8919 val_loss=0.0000 scale=1.0000 norm=0.3907
[iter 1600] loss=-4.9293 val_loss=0.0000 scale=1.0000 norm=0.3972
[iter 1700] loss=-4.9654 val_loss=0.0000 scale=1.0000 norm=0.4023
[iter 1800] loss=-4.9958 val_loss=0.0000 scale=1.0000 norm=0.4060
[iter 1900] loss=-5.0246 val_loss=0.0000 scale=1.0000 norm=0.4080
[17/20] BestIter=2000 RMSE: Val=0.0022 Test=0.0021 NLL: Test=-4.9287
[iter 0] loss=-2.7968 val_loss=0.0000 scale=1.0000 norm=0.3841
[iter 100] loss=-3.0340 val_loss=0.0000 scale=2.0000 norm=0.6560
[iter 200] loss=-3.3062 val_loss=0.0000 scale=1.0000 norm=0.3244
[iter 300] loss=-3.5487 val_loss=0.0000 scale=1.0000 norm=0.3312
[iter 400] loss=-3.7524 val_loss=0.0000 scale=1.0000 norm=0.3388
[iter 500] loss=-3.9395 val_loss=0.0000 scale=1.0000 norm=0.3481
[iter 600] loss=-4.1364 val_loss=0.0000 scale=1.0000 norm=0.3588
[iter 700] loss=-4.2949 val_loss=0.0000 scale=1.0000 norm=0.3670
[iter 800] loss=-4.4283 val_loss=0.0000 scale=1.0000 norm=0.3691
[iter 900] loss=-4.5430 val_loss=0.0000 scale=1.0000 norm=0.3710
[iter 1000] loss=-4.6313 val_loss=0.0000 scale=2.0000 norm=0.7633
[iter 1100] loss=-4.7068 val_loss=0.0000 scale=1.0000 norm=0.3882
[iter 1200] loss=-4.7663 val_loss=0.0000 scale=1.0000 norm=0.3946
[iter 1300] loss=-4.8135 val_loss=0.0000 scale=1.0000 norm=0.3996
[iter 1400] loss=-4.8534 val_loss=0.0000 scale=1.0000 norm=0.4039
[iter 1500] loss=-4.8964 val_loss=0.0000 scale=0.5000 norm=0.2019
[iter 1600] loss=-4.9366 val_loss=0.0000 scale=1.0000 norm=0.4050
[iter 1700] loss=-4.9752 val_loss=0.0000 scale=1.0000 norm=0.4069
[iter 1800] loss=-5.0078 val_loss=0.0000 scale=1.0000 norm=0.4092
[iter 1900] loss=-5.0374 val_loss=0.0000 scale=1.0000 norm=0.4123
[iter 0] loss=-2.7972 val_loss=0.0000 scale=1.0000 norm=0.3845
[iter 100] loss=-3.0320 val_loss=0.0000 scale=1.0000 norm=0.3323
[iter 200] loss=-3.2965 val_loss=0.0000 scale=2.0000 norm=0.6449
[iter 300] loss=-3.5369 val_loss=0.0000 scale=1.0000 norm=0.3332
[iter 400] loss=-3.7422 val_loss=0.0000 scale=1.0000 norm=0.3440
[iter 500] loss=-3.9312 val_loss=0.0000 scale=1.0000 norm=0.3520
[iter 600] loss=-4.1100 val_loss=0.0000 scale=2.0000 norm=0.7173
[iter 700] loss=-4.2721 val_loss=0.0000 scale=1.0000 norm=0.3616
[iter 800] loss=-4.4028 val_loss=0.0000 scale=2.0000 norm=0.7362
[iter 900] loss=-4.5140 val_loss=0.0000 scale=1.0000 norm=0.3736
[iter 1000] loss=-4.6033 val_loss=0.0000 scale=1.0000 norm=0.3799
[iter 1100] loss=-4.6760 val_loss=0.0000 scale=1.0000 norm=0.3878
[iter 1200] loss=-4.7356 val_loss=0.0000 scale=1.0000 norm=0.3956
[iter 1300] loss=-4.7912 val_loss=0.0000 scale=1.0000 norm=0.3983
[iter 1400] loss=-4.8465 val_loss=0.0000 scale=1.0000 norm=0.3990
[iter 1500] loss=-4.8956 val_loss=0.0000 scale=1.0000 norm=0.4014
[iter 1600] loss=-4.9437 val_loss=0.0000 scale=1.0000 norm=0.4023
[iter 1700] loss=-4.9814 val_loss=0.0000 scale=1.0000 norm=0.4076
[iter 1800] loss=-5.0165 val_loss=0.0000 scale=1.0000 norm=0.4103
[iter 1900] loss=-5.0517 val_loss=0.0000 scale=1.0000 norm=0.4120
[18/20] BestIter=2000 RMSE: Val=0.0022 Test=0.0021 NLL: Test=-4.9728
[iter 0] loss=-2.8007 val_loss=0.0000 scale=1.0000 norm=0.3858
[iter 100] loss=-3.0299 val_loss=0.0000 scale=1.0000 norm=0.3332
[iter 200] loss=-3.3014 val_loss=0.0000 scale=1.0000 norm=0.3214
[iter 300] loss=-3.5468 val_loss=0.0000 scale=1.0000 norm=0.3269
[iter 400] loss=-3.7498 val_loss=0.0000 scale=1.0000 norm=0.3389
[iter 500] loss=-3.9260 val_loss=0.0000 scale=1.0000 norm=0.3503
[iter 600] loss=-4.0914 val_loss=0.0000 scale=1.0000 norm=0.3563
[iter 700] loss=-4.2516 val_loss=0.0000 scale=2.0000 norm=0.7209
[iter 800] loss=-4.3777 val_loss=0.0000 scale=1.0000 norm=0.3664
[iter 900] loss=-4.4837 val_loss=0.0000 scale=1.0000 norm=0.3722
[iter 1000] loss=-4.5843 val_loss=0.0000 scale=1.0000 norm=0.3718
[iter 1100] loss=-4.6578 val_loss=0.0000 scale=1.0000 norm=0.3780
[iter 1200] loss=-4.7179 val_loss=0.0000 scale=1.0000 norm=0.3864
[iter 1300] loss=-4.7739 val_loss=0.0000 scale=1.0000 norm=0.3897
[iter 1400] loss=-4.8228 val_loss=0.0000 scale=1.0000 norm=0.3934
[iter 1500] loss=-4.8745 val_loss=0.0000 scale=0.5000 norm=0.1966
[iter 1600] loss=-4.9207 val_loss=0.0000 scale=1.0000 norm=0.3954
[iter 1700] loss=-4.9616 val_loss=0.0000 scale=1.0000 norm=0.3990
[iter 1800] loss=-4.9958 val_loss=0.0000 scale=1.0000 norm=0.4032
[iter 1900] loss=-5.0305 val_loss=0.0000 scale=1.0000 norm=0.4054
[iter 0] loss=-2.8002 val_loss=0.0000 scale=1.0000 norm=0.3855
[iter 100] loss=-3.0270 val_loss=0.0000 scale=1.0000 norm=0.3343
[iter 200] loss=-3.2937 val_loss=0.0000 scale=2.0000 norm=0.6441
[iter 300] loss=-3.5398 val_loss=0.0000 scale=1.0000 norm=0.3298
[iter 400] loss=-3.7523 val_loss=0.0000 scale=1.0000 norm=0.3405
[iter 500] loss=-3.9448 val_loss=0.0000 scale=1.0000 norm=0.3512
[iter 600] loss=-4.1148 val_loss=0.0000 scale=1.0000 norm=0.3566
[iter 700] loss=-4.2575 val_loss=0.0000 scale=1.0000 norm=0.3640
[iter 800] loss=-4.3812 val_loss=0.0000 scale=0.5000 norm=0.1844
[iter 900] loss=-4.4814 val_loss=0.0000 scale=1.0000 norm=0.3745
[iter 1000] loss=-4.5678 val_loss=0.0000 scale=2.0000 norm=0.7590
[iter 1100] loss=-4.6445 val_loss=0.0000 scale=1.0000 norm=0.3834
[iter 1200] loss=-4.7068 val_loss=0.0000 scale=1.0000 norm=0.3869
[iter 1300] loss=-4.7657 val_loss=0.0000 scale=1.0000 norm=0.3881
[iter 1400] loss=-4.8173 val_loss=0.0000 scale=1.0000 norm=0.3913
[iter 1500] loss=-4.8650 val_loss=0.0000 scale=2.0000 norm=0.7880
[iter 1600] loss=-4.9068 val_loss=0.0000 scale=1.0000 norm=0.3974
[iter 1700] loss=-4.9437 val_loss=0.0000 scale=1.0000 norm=0.4008
[iter 1800] loss=-4.9819 val_loss=0.0000 scale=1.0000 norm=0.4031
[iter 1900] loss=-5.0168 val_loss=0.0000 scale=1.0000 norm=0.4064
[19/20] BestIter=2000 RMSE: Val=0.0023 Test=0.0021 NLL: Test=-4.9486
[iter 0] loss=-2.7997 val_loss=0.0000 scale=1.0000 norm=0.3873
[iter 100] loss=-3.0322 val_loss=0.0000 scale=1.0000 norm=0.3335
[iter 200] loss=-3.2987 val_loss=0.0000 scale=1.0000 norm=0.3228
[iter 300] loss=-3.5383 val_loss=0.0000 scale=1.0000 norm=0.3369
[iter 400] loss=-3.7484 val_loss=0.0000 scale=1.0000 norm=0.3486
[iter 500] loss=-3.9449 val_loss=0.0000 scale=1.0000 norm=0.3554
[iter 600] loss=-4.1158 val_loss=0.0000 scale=1.0000 norm=0.3606
[iter 700] loss=-4.2715 val_loss=0.0000 scale=1.0000 norm=0.3624
[iter 800] loss=-4.4042 val_loss=0.0000 scale=1.0000 norm=0.3643
[iter 900] loss=-4.5163 val_loss=0.0000 scale=1.0000 norm=0.3687
[iter 1000] loss=-4.5971 val_loss=0.0000 scale=0.5000 norm=0.1883
[iter 1100] loss=-4.6628 val_loss=0.0000 scale=1.0000 norm=0.3837
[iter 1200] loss=-4.7202 val_loss=0.0000 scale=1.0000 norm=0.3906
[iter 1300] loss=-4.7811 val_loss=0.0000 scale=1.0000 norm=0.3934
[iter 1400] loss=-4.8414 val_loss=0.0000 scale=1.0000 norm=0.3936
[iter 1500] loss=-4.8926 val_loss=0.0000 scale=1.0000 norm=0.3988
[iter 1600] loss=-4.9370 val_loss=0.0000 scale=1.0000 norm=0.4038
[iter 1700] loss=-4.9801 val_loss=0.0000 scale=2.0000 norm=0.8133
[iter 1800] loss=-5.0164 val_loss=0.0000 scale=1.0000 norm=0.4101
[iter 1900] loss=-5.0485 val_loss=0.0000 scale=1.0000 norm=0.4128
[iter 0] loss=-2.8010 val_loss=0.0000 scale=1.0000 norm=0.3869
[iter 100] loss=-3.0289 val_loss=0.0000 scale=1.0000 norm=0.3350
[iter 200] loss=-3.2982 val_loss=0.0000 scale=2.0000 norm=0.6495
[iter 300] loss=-3.5415 val_loss=0.0000 scale=1.0000 norm=0.3281
[iter 400] loss=-3.7450 val_loss=0.0000 scale=1.0000 norm=0.3386
[iter 500] loss=-3.9312 val_loss=0.0000 scale=1.0000 norm=0.3492
[iter 600] loss=-4.1119 val_loss=0.0000 scale=1.0000 norm=0.3559
[iter 700] loss=-4.2746 val_loss=0.0000 scale=1.0000 norm=0.3660
[iter 800] loss=-4.4021 val_loss=0.0000 scale=1.0000 norm=0.3708
[iter 900] loss=-4.5048 val_loss=0.0000 scale=1.0000 norm=0.3755
[iter 1000] loss=-4.5882 val_loss=0.0000 scale=1.0000 norm=0.3831
[iter 1100] loss=-4.6622 val_loss=0.0000 scale=1.0000 norm=0.3857
[iter 1200] loss=-4.7186 val_loss=0.0000 scale=1.0000 norm=0.3908
[iter 1300] loss=-4.7735 val_loss=0.0000 scale=1.0000 norm=0.3940
[iter 1400] loss=-4.8276 val_loss=0.0000 scale=1.0000 norm=0.3917
[iter 1500] loss=-4.8755 val_loss=0.0000 scale=1.0000 norm=0.3926
[iter 1600] loss=-4.9189 val_loss=0.0000 scale=1.0000 norm=0.3940
[iter 1700] loss=-4.9576 val_loss=0.0000 scale=1.0000 norm=0.3957
[iter 1800] loss=-4.9907 val_loss=0.0000 scale=1.0000 norm=0.4015
[iter 1900] loss=-5.0236 val_loss=0.0000 scale=1.0000 norm=0.4047
[20/20] BestIter=2000 RMSE: Val=0.0021 Test=0.0023 NLL: Test=-4.9233
Naval Propulsion
== GBM=0.0000 +/- 0.0000, RMSE NGBOOST =0.0022 ± 0.0001, NLL NGBOOST=-4.9351 ± 0.0349, TIME = 342.8824
