Lmod has detected the following error: A different version of the 'GCCcore'
module is already loaded (see output of 'ml').
You should load another 'GCC' module that is compatible with the currently
loaded version of 'GCCcore'.
Use 'ml spider GCC' to get an overview of the available versions.


If you don't understand the warning or error, contact the helpdesk at
hpc@vub.be 
While processing the following module(s):
    Module fullname        Module Filename
    ---------------        ---------------
    GCC/12.3.0             /apps/brussel/RL8/skylake/modules/2023a/all/GCC/12.3.0.lua
    gfbf/2023a             /apps/brussel/RL8/skylake/modules/2023a/all/gfbf/2023a.lua
    sympy/1.12-gfbf-2023a  /apps/brussel/RL8/skylake/modules/2023a/all/sympy/1.12-gfbf-2023a.lua


Due to MODULEPATH changes, the following have been reloaded:
  1) OpenSSL/1.1

== Dataset=Boston Housing X.shape=(506, 13) LogScore/Normal
[iter 0] loss=3.6606 val_loss=0.0000 scale=1.0000 norm=6.8427
[iter 100] loss=2.7489 val_loss=0.0000 scale=2.0000 norm=5.1619
[iter 200] loss=2.1824 val_loss=0.0000 scale=2.0000 norm=3.4418
[iter 300] loss=1.8918 val_loss=0.0000 scale=2.0000 norm=2.9268
[iter 400] loss=1.7507 val_loss=0.0000 scale=1.0000 norm=1.3560
[iter 500] loss=1.6441 val_loss=0.0000 scale=1.0000 norm=1.2667
[iter 600] loss=1.5586 val_loss=0.0000 scale=1.0000 norm=1.1980
[iter 700] loss=1.4893 val_loss=0.0000 scale=1.0000 norm=1.1456
[iter 800] loss=1.4238 val_loss=0.0000 scale=1.0000 norm=1.0966
[iter 900] loss=1.3550 val_loss=0.0000 scale=1.0000 norm=1.0448
[iter 1000] loss=1.2922 val_loss=0.0000 scale=1.0000 norm=1.0013
[iter 1100] loss=1.2268 val_loss=0.0000 scale=1.0000 norm=0.9604
[iter 1200] loss=1.1625 val_loss=0.0000 scale=1.0000 norm=0.9223
[iter 1300] loss=1.1109 val_loss=0.0000 scale=1.0000 norm=0.8932
[iter 1400] loss=1.0641 val_loss=0.0000 scale=0.5000 norm=0.4325
[iter 1500] loss=1.0217 val_loss=0.0000 scale=0.2500 norm=0.2100
[iter 1600] loss=0.9778 val_loss=0.0000 scale=1.0000 norm=0.8148
[iter 1700] loss=0.9476 val_loss=0.0000 scale=0.2500 norm=0.1997
[iter 1800] loss=0.9192 val_loss=0.0000 scale=0.5000 norm=0.3917
[iter 1900] loss=0.8831 val_loss=0.0000 scale=0.5000 norm=0.3818
[iter 0] loss=3.6519 val_loss=0.0000 scale=1.0000 norm=6.8279
[iter 100] loss=2.7162 val_loss=0.0000 scale=2.0000 norm=5.0192
[iter 200] loss=2.1752 val_loss=0.0000 scale=2.0000 norm=3.4824
[iter 300] loss=1.9309 val_loss=0.0000 scale=1.0000 norm=1.5223
[iter 400] loss=1.8022 val_loss=0.0000 scale=1.0000 norm=1.4088
[iter 500] loss=1.7142 val_loss=0.0000 scale=1.0000 norm=1.3347
[iter 600] loss=1.6417 val_loss=0.0000 scale=1.0000 norm=1.2716
[iter 700] loss=1.5824 val_loss=0.0000 scale=1.0000 norm=1.2216
[iter 800] loss=1.5287 val_loss=0.0000 scale=1.0000 norm=1.1762
[iter 900] loss=1.4790 val_loss=0.0000 scale=1.0000 norm=1.1373
[iter 1000] loss=1.4272 val_loss=0.0000 scale=1.0000 norm=1.0972
[iter 1100] loss=1.3738 val_loss=0.0000 scale=2.0000 norm=2.1149
[iter 1200] loss=1.3252 val_loss=0.0000 scale=1.0000 norm=1.0251
[iter 1300] loss=1.2773 val_loss=0.0000 scale=0.5000 norm=0.4969
[iter 1400] loss=1.2423 val_loss=0.0000 scale=1.0000 norm=0.9712
[iter 1500] loss=1.1973 val_loss=0.0000 scale=1.0000 norm=0.9436
[iter 1600] loss=1.1625 val_loss=0.0000 scale=1.0000 norm=0.9238
[iter 1700] loss=1.1399 val_loss=0.0000 scale=0.5000 norm=0.4546
[iter 1800] loss=1.1124 val_loss=0.0000 scale=1.0000 norm=0.8927
[iter 1900] loss=1.0750 val_loss=0.0000 scale=1.0000 norm=0.8712
[1/20] BestIter=609 RMSE: Val=2.8538 Test=2.4558 NLL: Test=2.9324
[iter 0] loss=3.6511 val_loss=0.0000 scale=1.0000 norm=6.7890
[iter 100] loss=2.7166 val_loss=0.0000 scale=2.0000 norm=4.9680
[iter 200] loss=2.1439 val_loss=0.0000 scale=2.0000 norm=3.3363
[iter 300] loss=1.8631 val_loss=0.0000 scale=1.0000 norm=1.4291
[iter 400] loss=1.7393 val_loss=0.0000 scale=1.0000 norm=1.3258
[iter 500] loss=1.6566 val_loss=0.0000 scale=2.0000 norm=2.5201
[iter 600] loss=1.5824 val_loss=0.0000 scale=1.0000 norm=1.2015
[iter 700] loss=1.5206 val_loss=0.0000 scale=2.0000 norm=2.3054
[iter 800] loss=1.4641 val_loss=0.0000 scale=1.0000 norm=1.1109
[iter 900] loss=1.4024 val_loss=0.0000 scale=1.0000 norm=1.0646
[iter 1000] loss=1.3393 val_loss=0.0000 scale=1.0000 norm=1.0197
[iter 1100] loss=1.2805 val_loss=0.0000 scale=1.0000 norm=0.9751
[iter 1200] loss=1.2171 val_loss=0.0000 scale=1.0000 norm=0.9328
[iter 1300] loss=1.1650 val_loss=0.0000 scale=1.0000 norm=0.8987
[iter 1400] loss=1.1153 val_loss=0.0000 scale=1.0000 norm=0.8701
[iter 1500] loss=1.0620 val_loss=0.0000 scale=0.5000 norm=0.4197
[iter 1600] loss=1.0167 val_loss=0.0000 scale=0.2500 norm=0.2039
[iter 1700] loss=0.9712 val_loss=0.0000 scale=0.2500 norm=0.1982
[iter 1800] loss=0.9345 val_loss=0.0000 scale=0.2500 norm=0.1936
[iter 1900] loss=0.9072 val_loss=0.0000 scale=1.0000 norm=0.7609
[iter 0] loss=3.6502 val_loss=0.0000 scale=1.0000 norm=6.7495
[iter 100] loss=2.7107 val_loss=0.0000 scale=2.0000 norm=4.9381
[iter 200] loss=2.1555 val_loss=0.0000 scale=2.0000 norm=3.4045
[iter 300] loss=1.9018 val_loss=0.0000 scale=2.0000 norm=2.9658
[iter 400] loss=1.7793 val_loss=0.0000 scale=1.0000 norm=1.3816
[iter 500] loss=1.6954 val_loss=0.0000 scale=2.0000 norm=2.6230
[iter 600] loss=1.6244 val_loss=0.0000 scale=2.0000 norm=2.5042
[iter 700] loss=1.5605 val_loss=0.0000 scale=1.0000 norm=1.2000
[iter 800] loss=1.5000 val_loss=0.0000 scale=1.0000 norm=1.1528
[iter 900] loss=1.4481 val_loss=0.0000 scale=1.0000 norm=1.1130
[iter 1000] loss=1.4029 val_loss=0.0000 scale=0.5000 norm=0.5407
[iter 1100] loss=1.3561 val_loss=0.0000 scale=0.5000 norm=0.5237
[iter 1200] loss=1.3057 val_loss=0.0000 scale=1.0000 norm=1.0126
[iter 1300] loss=1.2592 val_loss=0.0000 scale=1.0000 norm=0.9820
[iter 1400] loss=1.2210 val_loss=0.0000 scale=0.5000 norm=0.4785
[iter 1500] loss=1.1891 val_loss=0.0000 scale=1.0000 norm=0.9368
[iter 1600] loss=1.1552 val_loss=0.0000 scale=1.0000 norm=0.9163
[iter 1700] loss=1.1210 val_loss=0.0000 scale=1.0000 norm=0.8950
[iter 1800] loss=1.0902 val_loss=0.0000 scale=1.0000 norm=0.8762
[iter 1900] loss=1.0564 val_loss=0.0000 scale=1.0000 norm=0.8579
[2/20] BestIter=1534 RMSE: Val=2.6924 Test=2.5805 NLL: Test=6.0726
[iter 0] loss=3.6487 val_loss=0.0000 scale=1.0000 norm=6.8042
[iter 100] loss=2.7131 val_loss=0.0000 scale=2.0000 norm=5.0249
[iter 200] loss=2.1496 val_loss=0.0000 scale=2.0000 norm=3.3722
[iter 300] loss=1.8670 val_loss=0.0000 scale=1.0000 norm=1.4397
[iter 400] loss=1.7374 val_loss=0.0000 scale=1.0000 norm=1.3292
[iter 500] loss=1.6308 val_loss=0.0000 scale=2.0000 norm=2.4686
[iter 600] loss=1.5405 val_loss=0.0000 scale=2.0000 norm=2.3171
[iter 700] loss=1.4584 val_loss=0.0000 scale=1.0000 norm=1.0968
[iter 800] loss=1.3777 val_loss=0.0000 scale=2.0000 norm=2.0784
[iter 900] loss=1.3051 val_loss=0.0000 scale=1.0000 norm=0.9926
[iter 1000] loss=1.2397 val_loss=0.0000 scale=2.0000 norm=1.9008
[iter 1100] loss=1.1771 val_loss=0.0000 scale=0.5000 norm=0.4560
[iter 1200] loss=1.1209 val_loss=0.0000 scale=1.0000 norm=0.8794
[iter 1300] loss=1.0708 val_loss=0.0000 scale=1.0000 norm=0.8507
[iter 1400] loss=1.0110 val_loss=0.0000 scale=1.0000 norm=0.8205
[iter 1500] loss=0.9631 val_loss=0.0000 scale=1.0000 norm=0.7964
[iter 1600] loss=0.9173 val_loss=0.0000 scale=0.5000 norm=0.3873
[iter 1700] loss=0.8711 val_loss=0.0000 scale=0.5000 norm=0.3768
[iter 1800] loss=0.8270 val_loss=0.0000 scale=1.0000 norm=0.7334
[iter 1900] loss=0.7765 val_loss=0.0000 scale=1.0000 norm=0.7130
[iter 0] loss=3.6372 val_loss=0.0000 scale=1.0000 norm=6.6832
[iter 100] loss=2.7282 val_loss=0.0000 scale=2.0000 norm=5.0964
[iter 200] loss=2.1930 val_loss=0.0000 scale=2.0000 norm=3.5472
[iter 300] loss=1.9494 val_loss=0.0000 scale=1.0000 norm=1.5538
[iter 400] loss=1.8197 val_loss=0.0000 scale=2.0000 norm=2.8725
[iter 500] loss=1.7395 val_loss=0.0000 scale=1.0000 norm=1.3623
[iter 600] loss=1.6631 val_loss=0.0000 scale=1.0000 norm=1.2923
[iter 700] loss=1.5978 val_loss=0.0000 scale=1.0000 norm=1.2344
[iter 800] loss=1.5374 val_loss=0.0000 scale=2.0000 norm=2.3670
[iter 900] loss=1.4806 val_loss=0.0000 scale=1.0000 norm=1.1368
[iter 1000] loss=1.4238 val_loss=0.0000 scale=1.0000 norm=1.0925
[iter 1100] loss=1.3732 val_loss=0.0000 scale=0.5000 norm=0.5280
[iter 1200] loss=1.3200 val_loss=0.0000 scale=2.0000 norm=2.0380
[iter 1300] loss=1.2709 val_loss=0.0000 scale=1.0000 norm=0.9852
[iter 1400] loss=1.2248 val_loss=0.0000 scale=1.0000 norm=0.9559
[iter 1500] loss=1.1843 val_loss=0.0000 scale=0.5000 norm=0.4649
[iter 1600] loss=1.1409 val_loss=0.0000 scale=1.0000 norm=0.9026
[iter 1700] loss=1.1013 val_loss=0.0000 scale=1.0000 norm=0.8779
[iter 1800] loss=1.0597 val_loss=0.0000 scale=0.5000 norm=0.4273
[iter 1900] loss=1.0167 val_loss=0.0000 scale=1.0000 norm=0.8312
[3/20] BestIter=379 RMSE: Val=3.5569 Test=2.2805 NLL: Test=2.2911
[iter 0] loss=3.6181 val_loss=0.0000 scale=1.0000 norm=6.5626
[iter 100] loss=2.6803 val_loss=0.0000 scale=2.0000 norm=4.8283
[iter 200] loss=2.1391 val_loss=0.0000 scale=2.0000 norm=3.3773
[iter 300] loss=1.8920 val_loss=0.0000 scale=2.0000 norm=2.9534
[iter 400] loss=1.7763 val_loss=0.0000 scale=1.0000 norm=1.3765
[iter 500] loss=1.6779 val_loss=0.0000 scale=1.0000 norm=1.2958
[iter 600] loss=1.5851 val_loss=0.0000 scale=1.0000 norm=1.2239
[iter 700] loss=1.5022 val_loss=0.0000 scale=1.0000 norm=1.1576
[iter 800] loss=1.4196 val_loss=0.0000 scale=1.0000 norm=1.0879
[iter 900] loss=1.3420 val_loss=0.0000 scale=1.0000 norm=1.0290
[iter 1000] loss=1.2760 val_loss=0.0000 scale=1.0000 norm=0.9848
[iter 1100] loss=1.2177 val_loss=0.0000 scale=1.0000 norm=0.9476
[iter 1200] loss=1.1535 val_loss=0.0000 scale=1.0000 norm=0.9082
[iter 1300] loss=1.1029 val_loss=0.0000 scale=1.0000 norm=0.8780
[iter 1400] loss=1.0495 val_loss=0.0000 scale=1.0000 norm=0.8474
[iter 1500] loss=1.0030 val_loss=0.0000 scale=1.0000 norm=0.8215
[iter 1600] loss=0.9599 val_loss=0.0000 scale=0.5000 norm=0.3992
[iter 1700] loss=0.9152 val_loss=0.0000 scale=0.5000 norm=0.3880
[iter 1800] loss=0.8752 val_loss=0.0000 scale=1.0000 norm=0.7573
[iter 1900] loss=0.8383 val_loss=0.0000 scale=0.2500 norm=0.1848
[iter 0] loss=3.6278 val_loss=0.0000 scale=1.0000 norm=6.6526
[iter 100] loss=2.6899 val_loss=0.0000 scale=2.0000 norm=4.8844
[iter 200] loss=2.1691 val_loss=0.0000 scale=2.0000 norm=3.4498
[iter 300] loss=1.9235 val_loss=0.0000 scale=2.0000 norm=3.0333
[iter 400] loss=1.8051 val_loss=0.0000 scale=2.0000 norm=2.8441
[iter 500] loss=1.7135 val_loss=0.0000 scale=2.0000 norm=2.6932
[iter 600] loss=1.6408 val_loss=0.0000 scale=1.0000 norm=1.2863
[iter 700] loss=1.5790 val_loss=0.0000 scale=1.0000 norm=1.2343
[iter 800] loss=1.5186 val_loss=0.0000 scale=1.0000 norm=1.1831
[iter 900] loss=1.4614 val_loss=0.0000 scale=1.0000 norm=1.1366
[iter 1000] loss=1.4055 val_loss=0.0000 scale=1.0000 norm=1.0911
[iter 1100] loss=1.3544 val_loss=0.0000 scale=1.0000 norm=1.0532
[iter 1200] loss=1.3045 val_loss=0.0000 scale=1.0000 norm=1.0184
[iter 1300] loss=1.2598 val_loss=0.0000 scale=1.0000 norm=0.9869
[iter 1400] loss=1.2157 val_loss=0.0000 scale=0.5000 norm=0.4789
[iter 1500] loss=1.1755 val_loss=0.0000 scale=1.0000 norm=0.9328
[iter 1600] loss=1.1432 val_loss=0.0000 scale=0.5000 norm=0.4559
[iter 1700] loss=1.1127 val_loss=0.0000 scale=0.2500 norm=0.2230
[iter 1800] loss=1.0920 val_loss=0.0000 scale=0.0010 norm=0.0009
[iter 1900] loss=1.0852 val_loss=0.0000 scale=1.0000 norm=0.8745
[4/20] BestIter=711 RMSE: Val=3.0715 Test=2.5141 NLL: Test=3.4254
[iter 0] loss=3.5874 val_loss=0.0000 scale=1.0000 norm=6.3936
[iter 100] loss=2.7557 val_loss=0.0000 scale=2.0000 norm=5.2468
[iter 200] loss=2.1835 val_loss=0.0000 scale=2.0000 norm=3.4370
[iter 300] loss=1.9184 val_loss=0.0000 scale=2.0000 norm=2.9499
[iter 400] loss=1.7682 val_loss=0.0000 scale=1.0000 norm=1.3616
[iter 500] loss=1.6589 val_loss=0.0000 scale=1.0000 norm=1.2702
[iter 600] loss=1.5798 val_loss=0.0000 scale=2.0000 norm=2.4200
[iter 700] loss=1.5059 val_loss=0.0000 scale=1.0000 norm=1.1530
[iter 800] loss=1.4390 val_loss=0.0000 scale=1.0000 norm=1.1045
[iter 900] loss=1.3868 val_loss=0.0000 scale=1.0000 norm=1.0679
[iter 1000] loss=1.3411 val_loss=0.0000 scale=1.0000 norm=1.0344
[iter 1100] loss=1.3003 val_loss=0.0000 scale=1.0000 norm=1.0051
[iter 1200] loss=1.2614 val_loss=0.0000 scale=0.5000 norm=0.4890
[iter 1300] loss=1.2071 val_loss=0.0000 scale=1.0000 norm=0.9445
[iter 1400] loss=1.1660 val_loss=0.0000 scale=1.0000 norm=0.9180
[iter 1500] loss=1.1299 val_loss=0.0000 scale=0.5000 norm=0.4469
[iter 1600] loss=1.0911 val_loss=0.0000 scale=0.5000 norm=0.4351
[iter 1700] loss=1.0581 val_loss=0.0000 scale=1.0000 norm=0.8511
[iter 1800] loss=1.0256 val_loss=0.0000 scale=0.2500 norm=0.2080
[iter 1900] loss=1.0025 val_loss=0.0000 scale=1.0000 norm=0.8172
[iter 0] loss=3.6056 val_loss=0.0000 scale=1.0000 norm=6.4876
[iter 100] loss=2.7061 val_loss=0.0000 scale=2.0000 norm=4.9870
[iter 200] loss=2.1930 val_loss=0.0000 scale=2.0000 norm=3.5010
[iter 300] loss=1.9219 val_loss=0.0000 scale=2.0000 norm=3.0200
[iter 400] loss=1.7952 val_loss=0.0000 scale=1.0000 norm=1.4079
[iter 500] loss=1.7066 val_loss=0.0000 scale=1.0000 norm=1.3323
[iter 600] loss=1.6316 val_loss=0.0000 scale=1.0000 norm=1.2672
[iter 700] loss=1.5700 val_loss=0.0000 scale=1.0000 norm=1.2144
[iter 800] loss=1.5098 val_loss=0.0000 scale=1.0000 norm=1.1662
[iter 900] loss=1.4528 val_loss=0.0000 scale=1.0000 norm=1.1224
[iter 1000] loss=1.4026 val_loss=0.0000 scale=0.5000 norm=0.5431
[iter 1100] loss=1.3522 val_loss=0.0000 scale=1.0000 norm=1.0486
[iter 1200] loss=1.2967 val_loss=0.0000 scale=1.0000 norm=1.0097
[iter 1300] loss=1.2494 val_loss=0.0000 scale=1.0000 norm=0.9771
[iter 1400] loss=1.2071 val_loss=0.0000 scale=1.0000 norm=0.9505
[iter 1500] loss=1.1684 val_loss=0.0000 scale=1.0000 norm=0.9261
[iter 1600] loss=1.1308 val_loss=0.0000 scale=1.0000 norm=0.9039
[iter 1700] loss=1.1011 val_loss=0.0000 scale=1.0000 norm=0.8864
[iter 1800] loss=1.0633 val_loss=0.0000 scale=0.5000 norm=0.4317
[iter 1900] loss=1.0305 val_loss=0.0000 scale=1.0000 norm=0.8454
[5/20] BestIter=1937 RMSE: Val=2.6983 Test=2.9385 NLL: Test=17.6761
[iter 0] loss=3.6533 val_loss=0.0000 scale=1.0000 norm=6.8168
[iter 100] loss=2.7777 val_loss=0.0000 scale=2.0000 norm=5.2556
[iter 200] loss=2.1963 val_loss=0.0000 scale=2.0000 norm=3.4413
[iter 300] loss=1.8975 val_loss=0.0000 scale=1.0000 norm=1.4636
[iter 400] loss=1.7282 val_loss=0.0000 scale=2.0000 norm=2.6562
[iter 500] loss=1.6224 val_loss=0.0000 scale=2.0000 norm=2.4908
[iter 600] loss=1.5366 val_loss=0.0000 scale=1.0000 norm=1.1804
[iter 700] loss=1.4595 val_loss=0.0000 scale=1.0000 norm=1.1238
[iter 800] loss=1.3858 val_loss=0.0000 scale=2.0000 norm=2.1440
[iter 900] loss=1.3129 val_loss=0.0000 scale=1.0000 norm=1.0266
[iter 1000] loss=1.2564 val_loss=0.0000 scale=1.0000 norm=0.9897
[iter 1100] loss=1.1975 val_loss=0.0000 scale=1.0000 norm=0.9507
[iter 1200] loss=1.1390 val_loss=0.0000 scale=1.0000 norm=0.9147
[iter 1300] loss=1.0873 val_loss=0.0000 scale=1.0000 norm=0.8813
[iter 1400] loss=1.0393 val_loss=0.0000 scale=1.0000 norm=0.8544
[iter 1500] loss=0.9954 val_loss=0.0000 scale=1.0000 norm=0.8292
[iter 1600] loss=0.9556 val_loss=0.0000 scale=0.5000 norm=0.4034
[iter 1700] loss=0.9187 val_loss=0.0000 scale=1.0000 norm=0.7859
[iter 1800] loss=0.8857 val_loss=0.0000 scale=1.0000 norm=0.7672
[iter 1900] loss=0.8526 val_loss=0.0000 scale=1.0000 norm=0.7506
[iter 0] loss=3.6389 val_loss=0.0000 scale=1.0000 norm=6.6524
[iter 100] loss=2.7147 val_loss=0.0000 scale=2.0000 norm=4.9954
[iter 200] loss=2.1888 val_loss=0.0000 scale=2.0000 norm=3.5181
[iter 300] loss=1.9516 val_loss=0.0000 scale=1.0000 norm=1.5451
[iter 400] loss=1.8245 val_loss=0.0000 scale=1.0000 norm=1.4418
[iter 500] loss=1.7318 val_loss=0.0000 scale=1.0000 norm=1.3609
[iter 600] loss=1.6580 val_loss=0.0000 scale=1.0000 norm=1.2943
[iter 700] loss=1.5972 val_loss=0.0000 scale=1.0000 norm=1.2412
[iter 800] loss=1.5411 val_loss=0.0000 scale=1.0000 norm=1.1935
[iter 900] loss=1.4868 val_loss=0.0000 scale=1.0000 norm=1.1477
[iter 1000] loss=1.4273 val_loss=0.0000 scale=1.0000 norm=1.1030
[iter 1100] loss=1.3756 val_loss=0.0000 scale=1.0000 norm=1.0672
[iter 1200] loss=1.3209 val_loss=0.0000 scale=1.0000 norm=1.0287
[iter 1300] loss=1.2775 val_loss=0.0000 scale=1.0000 norm=0.9975
[iter 1400] loss=1.2366 val_loss=0.0000 scale=0.5000 norm=0.4847
[iter 1500] loss=1.2004 val_loss=0.0000 scale=1.0000 norm=0.9448
[iter 1600] loss=1.1688 val_loss=0.0000 scale=1.0000 norm=0.9230
[iter 1700] loss=1.1377 val_loss=0.0000 scale=0.5000 norm=0.4508
[iter 1800] loss=1.1099 val_loss=0.0000 scale=1.0000 norm=0.8815
[iter 1900] loss=1.0720 val_loss=0.0000 scale=1.0000 norm=0.8562
[6/20] BestIter=1728 RMSE: Val=2.4145 Test=2.5020 NLL: Test=10.0643
[iter 0] loss=3.6681 val_loss=0.0000 scale=1.0000 norm=6.9417
[iter 100] loss=2.6953 val_loss=0.0000 scale=2.0000 norm=4.8273
[iter 200] loss=2.1422 val_loss=0.0000 scale=2.0000 norm=3.3713
[iter 300] loss=1.8759 val_loss=0.0000 scale=1.0000 norm=1.4513
[iter 400] loss=1.7421 val_loss=0.0000 scale=2.0000 norm=2.6903
[iter 500] loss=1.6378 val_loss=0.0000 scale=1.0000 norm=1.2692
[iter 600] loss=1.5469 val_loss=0.0000 scale=2.0000 norm=2.3966
[iter 700] loss=1.4716 val_loss=0.0000 scale=1.0000 norm=1.1373
[iter 800] loss=1.3971 val_loss=0.0000 scale=2.0000 norm=2.1620
[iter 900] loss=1.3298 val_loss=0.0000 scale=1.0000 norm=1.0326
[iter 1000] loss=1.2743 val_loss=0.0000 scale=1.0000 norm=0.9946
[iter 1100] loss=1.2203 val_loss=0.0000 scale=1.0000 norm=0.9593
[iter 1200] loss=1.1719 val_loss=0.0000 scale=0.5000 norm=0.4642
[iter 1300] loss=1.1249 val_loss=0.0000 scale=1.0000 norm=0.8981
[iter 1400] loss=1.0774 val_loss=0.0000 scale=1.0000 norm=0.8721
[iter 1500] loss=1.0417 val_loss=0.0000 scale=0.5000 norm=0.4262
[iter 1600] loss=1.0065 val_loss=0.0000 scale=0.5000 norm=0.4160
[iter 1700] loss=0.9723 val_loss=0.0000 scale=0.2500 norm=0.2029
[iter 1800] loss=0.9353 val_loss=0.0000 scale=1.0000 norm=0.7899
[iter 1900] loss=0.8995 val_loss=0.0000 scale=1.0000 norm=0.7708
[iter 0] loss=3.6673 val_loss=0.0000 scale=1.0000 norm=6.9640
[iter 100] loss=2.7633 val_loss=0.0000 scale=2.0000 norm=5.2239
[iter 200] loss=2.2223 val_loss=0.0000 scale=2.0000 norm=3.5843
[iter 300] loss=1.9576 val_loss=0.0000 scale=1.0000 norm=1.5520
[iter 400] loss=1.8215 val_loss=0.0000 scale=1.0000 norm=1.4336
[iter 500] loss=1.7215 val_loss=0.0000 scale=1.0000 norm=1.3540
[iter 600] loss=1.6492 val_loss=0.0000 scale=1.0000 norm=1.2885
[iter 700] loss=1.5784 val_loss=0.0000 scale=1.0000 norm=1.2274
[iter 800] loss=1.5171 val_loss=0.0000 scale=1.0000 norm=1.1761
[iter 900] loss=1.4590 val_loss=0.0000 scale=1.0000 norm=1.1289
[iter 1000] loss=1.4030 val_loss=0.0000 scale=1.0000 norm=1.0853
[iter 1100] loss=1.3602 val_loss=0.0000 scale=1.0000 norm=1.0525
[iter 1200] loss=1.3173 val_loss=0.0000 scale=1.0000 norm=1.0204
[iter 1300] loss=1.2729 val_loss=0.0000 scale=1.0000 norm=0.9863
[iter 1400] loss=1.2291 val_loss=0.0000 scale=0.5000 norm=0.4769
[iter 1500] loss=1.1910 val_loss=0.0000 scale=0.5000 norm=0.4636
[iter 1600] loss=1.1486 val_loss=0.0000 scale=1.0000 norm=0.9006
[iter 1700] loss=1.1043 val_loss=0.0000 scale=1.0000 norm=0.8726
[iter 1800] loss=1.0633 val_loss=0.0000 scale=1.0000 norm=0.8474
[iter 1900] loss=1.0268 val_loss=0.0000 scale=0.5000 norm=0.4135
[7/20] BestIter=1997 RMSE: Val=3.0542 Test=1.8410 NLL: Test=5.2335
[iter 0] loss=3.6016 val_loss=0.0000 scale=1.0000 norm=6.5957
[iter 100] loss=2.7475 val_loss=0.0000 scale=2.0000 norm=5.1600
[iter 200] loss=2.1554 val_loss=0.0000 scale=2.0000 norm=3.3581
[iter 300] loss=1.8571 val_loss=0.0000 scale=2.0000 norm=2.7959
[iter 400] loss=1.6904 val_loss=0.0000 scale=1.0000 norm=1.2794
[iter 500] loss=1.5898 val_loss=0.0000 scale=1.0000 norm=1.2084
[iter 600] loss=1.5163 val_loss=0.0000 scale=1.0000 norm=1.1531
[iter 700] loss=1.4544 val_loss=0.0000 scale=1.0000 norm=1.1084
[iter 800] loss=1.3838 val_loss=0.0000 scale=1.0000 norm=1.0539
[iter 900] loss=1.3155 val_loss=0.0000 scale=1.0000 norm=1.0042
[iter 1000] loss=1.2505 val_loss=0.0000 scale=1.0000 norm=0.9585
[iter 1100] loss=1.1986 val_loss=0.0000 scale=1.0000 norm=0.9238
[iter 1200] loss=1.1448 val_loss=0.0000 scale=0.5000 norm=0.4448
[iter 1300] loss=1.0939 val_loss=0.0000 scale=0.5000 norm=0.4292
[iter 1400] loss=1.0457 val_loss=0.0000 scale=0.5000 norm=0.4149
[iter 1500] loss=0.9944 val_loss=0.0000 scale=1.0000 norm=0.8007
[iter 1600] loss=0.9457 val_loss=0.0000 scale=0.5000 norm=0.3875
[iter 1700] loss=0.9064 val_loss=0.0000 scale=0.5000 norm=0.3771
[iter 1800] loss=0.8687 val_loss=0.0000 scale=1.0000 norm=0.7339
[iter 1900] loss=0.8328 val_loss=0.0000 scale=1.0000 norm=0.7149
[iter 0] loss=3.6455 val_loss=0.0000 scale=1.0000 norm=6.8047
[iter 100] loss=2.7334 val_loss=0.0000 scale=2.0000 norm=5.0190
[iter 200] loss=2.1827 val_loss=0.0000 scale=1.0000 norm=1.7385
[iter 300] loss=1.9189 val_loss=0.0000 scale=2.0000 norm=3.0016
[iter 400] loss=1.8004 val_loss=0.0000 scale=1.0000 norm=1.4073
[iter 500] loss=1.7148 val_loss=0.0000 scale=1.0000 norm=1.3334
[iter 600] loss=1.6450 val_loss=0.0000 scale=1.0000 norm=1.2711
[iter 700] loss=1.5805 val_loss=0.0000 scale=1.0000 norm=1.2145
[iter 800] loss=1.5203 val_loss=0.0000 scale=1.0000 norm=1.1655
[iter 900] loss=1.4637 val_loss=0.0000 scale=1.0000 norm=1.1227
[iter 1000] loss=1.4094 val_loss=0.0000 scale=1.0000 norm=1.0830
[iter 1100] loss=1.3596 val_loss=0.0000 scale=0.5000 norm=0.5226
[iter 1200] loss=1.3120 val_loss=0.0000 scale=0.5000 norm=0.5051
[iter 1300] loss=1.2708 val_loss=0.0000 scale=1.0000 norm=0.9811
[iter 1400] loss=1.2299 val_loss=0.0000 scale=0.5000 norm=0.4766
[iter 1500] loss=1.1899 val_loss=0.0000 scale=0.5000 norm=0.4634
[iter 1600] loss=1.1536 val_loss=0.0000 scale=1.0000 norm=0.9033
[iter 1700] loss=1.1126 val_loss=0.0000 scale=1.0000 norm=0.8786
[iter 1800] loss=1.0772 val_loss=0.0000 scale=0.5000 norm=0.4295
[iter 1900] loss=1.0433 val_loss=0.0000 scale=0.5000 norm=0.4195
[8/20] BestIter=420 RMSE: Val=3.5502 Test=2.9656 NLL: Test=2.9550
[iter 0] loss=3.5984 val_loss=0.0000 scale=1.0000 norm=6.4675
[iter 100] loss=2.6728 val_loss=0.0000 scale=2.0000 norm=4.7038
[iter 200] loss=2.0960 val_loss=0.0000 scale=2.0000 norm=3.2407
[iter 300] loss=1.8334 val_loss=0.0000 scale=2.0000 norm=2.8248
[iter 400] loss=1.6981 val_loss=0.0000 scale=1.0000 norm=1.3130
[iter 500] loss=1.6062 val_loss=0.0000 scale=1.0000 norm=1.2424
[iter 600] loss=1.5278 val_loss=0.0000 scale=1.0000 norm=1.1853
[iter 700] loss=1.4441 val_loss=0.0000 scale=1.0000 norm=1.1237
[iter 800] loss=1.3725 val_loss=0.0000 scale=1.0000 norm=1.0717
[iter 900] loss=1.3013 val_loss=0.0000 scale=1.0000 norm=1.0219
[iter 1000] loss=1.2467 val_loss=0.0000 scale=0.5000 norm=0.4924
[iter 1100] loss=1.1993 val_loss=0.0000 scale=0.5000 norm=0.4769
[iter 1200] loss=1.1431 val_loss=0.0000 scale=1.0000 norm=0.9176
[iter 1300] loss=1.0926 val_loss=0.0000 scale=2.0000 norm=1.7714
[iter 1400] loss=1.0373 val_loss=0.0000 scale=1.0000 norm=0.8508
[iter 1500] loss=0.9779 val_loss=0.0000 scale=1.0000 norm=0.8179
[iter 1600] loss=0.9277 val_loss=0.0000 scale=0.5000 norm=0.3951
[iter 1700] loss=0.8776 val_loss=0.0000 scale=0.5000 norm=0.3824
[iter 1800] loss=0.8302 val_loss=0.0000 scale=0.5000 norm=0.3702
[iter 1900] loss=0.7905 val_loss=0.0000 scale=1.0000 norm=0.7221
[iter 0] loss=3.6354 val_loss=0.0000 scale=1.0000 norm=6.6825
[iter 100] loss=2.6699 val_loss=0.0000 scale=2.0000 norm=4.7764
[iter 200] loss=2.1386 val_loss=0.0000 scale=1.0000 norm=1.6907
[iter 300] loss=1.8841 val_loss=0.0000 scale=2.0000 norm=2.9266
[iter 400] loss=1.7661 val_loss=0.0000 scale=2.0000 norm=2.7325
[iter 500] loss=1.6877 val_loss=0.0000 scale=2.0000 norm=2.6094
[iter 600] loss=1.6184 val_loss=0.0000 scale=1.0000 norm=1.2501
[iter 700] loss=1.5572 val_loss=0.0000 scale=1.0000 norm=1.2035
[iter 800] loss=1.4972 val_loss=0.0000 scale=1.0000 norm=1.1555
[iter 900] loss=1.4423 val_loss=0.0000 scale=1.0000 norm=1.1134
[iter 1000] loss=1.3886 val_loss=0.0000 scale=1.0000 norm=1.0732
[iter 1100] loss=1.3389 val_loss=0.0000 scale=1.0000 norm=1.0360
[iter 1200] loss=1.2905 val_loss=0.0000 scale=1.0000 norm=1.0015
[iter 1300] loss=1.2444 val_loss=0.0000 scale=1.0000 norm=0.9703
[iter 1400] loss=1.2022 val_loss=0.0000 scale=1.0000 norm=0.9429
[iter 1500] loss=1.1617 val_loss=0.0000 scale=1.0000 norm=0.9175
[iter 1600] loss=1.1208 val_loss=0.0000 scale=1.0000 norm=0.8916
[iter 1700] loss=1.0807 val_loss=0.0000 scale=0.5000 norm=0.4340
[iter 1800] loss=1.0456 val_loss=0.0000 scale=0.5000 norm=0.4244
[iter 1900] loss=1.0156 val_loss=0.0000 scale=0.5000 norm=0.4158
[9/20] BestIter=2000 RMSE: Val=4.3321 Test=3.0336 NLL: Test=32.4841
[iter 0] loss=3.6494 val_loss=0.0000 scale=1.0000 norm=6.7993
[iter 100] loss=2.7103 val_loss=0.0000 scale=2.0000 norm=4.9338
[iter 200] loss=2.1648 val_loss=0.0000 scale=2.0000 norm=3.4032
[iter 300] loss=1.9197 val_loss=0.0000 scale=1.0000 norm=1.4924
[iter 400] loss=1.7723 val_loss=0.0000 scale=2.0000 norm=2.7566
[iter 500] loss=1.6762 val_loss=0.0000 scale=1.0000 norm=1.3042
[iter 600] loss=1.5904 val_loss=0.0000 scale=2.0000 norm=2.4779
[iter 700] loss=1.5093 val_loss=0.0000 scale=1.0000 norm=1.1750
[iter 800] loss=1.4349 val_loss=0.0000 scale=1.0000 norm=1.1146
[iter 900] loss=1.3641 val_loss=0.0000 scale=2.0000 norm=2.1207
[iter 1000] loss=1.2990 val_loss=0.0000 scale=1.0000 norm=1.0148
[iter 1100] loss=1.2434 val_loss=0.0000 scale=1.0000 norm=0.9746
[iter 1200] loss=1.1944 val_loss=0.0000 scale=1.0000 norm=0.9397
[iter 1300] loss=1.1436 val_loss=0.0000 scale=1.0000 norm=0.9055
[iter 1400] loss=1.0939 val_loss=0.0000 scale=0.5000 norm=0.4372
[iter 1500] loss=1.0576 val_loss=0.0000 scale=1.0000 norm=0.8539
[iter 1600] loss=1.0211 val_loss=0.0000 scale=0.5000 norm=0.4165
[iter 1700] loss=0.9878 val_loss=0.0000 scale=1.0000 norm=0.8149
[iter 1800] loss=0.9624 val_loss=0.0000 scale=1.0000 norm=0.8028
[iter 1900] loss=0.9475 val_loss=0.0000 scale=0.2500 norm=0.1989
[iter 0] loss=3.6314 val_loss=0.0000 scale=1.0000 norm=6.6867
[iter 100] loss=2.7250 val_loss=0.0000 scale=2.0000 norm=5.0260
[iter 200] loss=2.1841 val_loss=0.0000 scale=2.0000 norm=3.4876
[iter 300] loss=1.9098 val_loss=0.0000 scale=2.0000 norm=2.9992
[iter 400] loss=1.7845 val_loss=0.0000 scale=1.0000 norm=1.3956
[iter 500] loss=1.7113 val_loss=0.0000 scale=2.0000 norm=2.6669
[iter 600] loss=1.6420 val_loss=0.0000 scale=1.0000 norm=1.2771
[iter 700] loss=1.5847 val_loss=0.0000 scale=1.0000 norm=1.2297
[iter 800] loss=1.5304 val_loss=0.0000 scale=1.0000 norm=1.1845
[iter 900] loss=1.4780 val_loss=0.0000 scale=1.0000 norm=1.1429
[iter 1000] loss=1.4329 val_loss=0.0000 scale=1.0000 norm=1.1087
[iter 1100] loss=1.3880 val_loss=0.0000 scale=1.0000 norm=1.0754
[iter 1200] loss=1.3397 val_loss=0.0000 scale=0.5000 norm=0.5182
[iter 1300] loss=1.2989 val_loss=0.0000 scale=0.5000 norm=0.5032
[iter 1400] loss=1.2606 val_loss=0.0000 scale=1.0000 norm=0.9802
[iter 1500] loss=1.2181 val_loss=0.0000 scale=0.2500 norm=0.2377
[iter 1600] loss=1.1832 val_loss=0.0000 scale=0.2500 norm=0.2316
[iter 1700] loss=1.1507 val_loss=0.0000 scale=0.5000 norm=0.4514
[iter 1800] loss=1.1226 val_loss=0.0000 scale=0.5000 norm=0.4423
[iter 1900] loss=1.0898 val_loss=0.0000 scale=0.5000 norm=0.4321
[10/20] BestIter=1491 RMSE: Val=2.4924 Test=4.1170 NLL: Test=34.4450
[iter 0] loss=3.6310 val_loss=0.0000 scale=1.0000 norm=6.5774
[iter 100] loss=2.7185 val_loss=0.0000 scale=2.0000 norm=5.0000
[iter 200] loss=2.1447 val_loss=0.0000 scale=2.0000 norm=3.3187
[iter 300] loss=1.8620 val_loss=0.0000 scale=2.0000 norm=2.8517
[iter 400] loss=1.7111 val_loss=0.0000 scale=1.0000 norm=1.3067
[iter 500] loss=1.5995 val_loss=0.0000 scale=1.0000 norm=1.2240
[iter 600] loss=1.5178 val_loss=0.0000 scale=1.0000 norm=1.1606
[iter 700] loss=1.4355 val_loss=0.0000 scale=1.0000 norm=1.1021
[iter 800] loss=1.3703 val_loss=0.0000 scale=2.0000 norm=2.1142
[iter 900] loss=1.3010 val_loss=0.0000 scale=0.5000 norm=0.5060
[iter 1000] loss=1.2435 val_loss=0.0000 scale=0.5000 norm=0.4874
[iter 1100] loss=1.1824 val_loss=0.0000 scale=1.0000 norm=0.9353
[iter 1200] loss=1.1354 val_loss=0.0000 scale=1.0000 norm=0.9047
[iter 1300] loss=1.0849 val_loss=0.0000 scale=1.0000 norm=0.8735
[iter 1400] loss=1.0441 val_loss=0.0000 scale=1.0000 norm=0.8493
[iter 1500] loss=1.0039 val_loss=0.0000 scale=1.0000 norm=0.8247
[iter 1600] loss=0.9589 val_loss=0.0000 scale=1.0000 norm=0.8014
[iter 1700] loss=0.9196 val_loss=0.0000 scale=0.5000 norm=0.3910
[iter 1800] loss=0.8879 val_loss=0.0000 scale=0.5000 norm=0.3829
[iter 1900] loss=0.8542 val_loss=0.0000 scale=1.0000 norm=0.7494
[iter 0] loss=3.6273 val_loss=0.0000 scale=1.0000 norm=6.6302
[iter 100] loss=2.7244 val_loss=0.0000 scale=2.0000 norm=5.0213
[iter 200] loss=2.1504 val_loss=0.0000 scale=2.0000 norm=3.3576
[iter 300] loss=1.8866 val_loss=0.0000 scale=2.0000 norm=2.9307
[iter 400] loss=1.7608 val_loss=0.0000 scale=2.0000 norm=2.7257
[iter 500] loss=1.6733 val_loss=0.0000 scale=1.0000 norm=1.2910
[iter 600] loss=1.5948 val_loss=0.0000 scale=1.0000 norm=1.2267
[iter 700] loss=1.5310 val_loss=0.0000 scale=1.0000 norm=1.1753
[iter 800] loss=1.4744 val_loss=0.0000 scale=1.0000 norm=1.1303
[iter 900] loss=1.4167 val_loss=0.0000 scale=1.0000 norm=1.0857
[iter 1000] loss=1.3610 val_loss=0.0000 scale=1.0000 norm=1.0467
[iter 1100] loss=1.3141 val_loss=0.0000 scale=0.5000 norm=0.5064
[iter 1200] loss=1.2708 val_loss=0.0000 scale=1.0000 norm=0.9830
[iter 1300] loss=1.2243 val_loss=0.0000 scale=1.0000 norm=0.9495
[iter 1400] loss=1.1879 val_loss=0.0000 scale=1.0000 norm=0.9250
[iter 1500] loss=1.1532 val_loss=0.0000 scale=1.0000 norm=0.9019
[iter 1600] loss=1.1156 val_loss=0.0000 scale=0.1250 norm=0.1100
[iter 1700] loss=1.0873 val_loss=0.0000 scale=1.0000 norm=0.8618
[iter 1800] loss=1.0534 val_loss=0.0000 scale=1.0000 norm=0.8422
[iter 1900] loss=1.0320 val_loss=0.0000 scale=0.0078 norm=0.0065
[11/20] BestIter=1445 RMSE: Val=3.3529 Test=2.9326 NLL: Test=5.7588
[iter 0] loss=3.6425 val_loss=0.0000 scale=1.0000 norm=6.8114
[iter 100] loss=2.7433 val_loss=0.0000 scale=2.0000 norm=5.1787
[iter 200] loss=2.1890 val_loss=0.0000 scale=2.0000 norm=3.5579
[iter 300] loss=1.9010 val_loss=0.0000 scale=2.0000 norm=3.0082
[iter 400] loss=1.7704 val_loss=0.0000 scale=2.0000 norm=2.7966
[iter 500] loss=1.6750 val_loss=0.0000 scale=1.0000 norm=1.3143
[iter 600] loss=1.6063 val_loss=0.0000 scale=1.0000 norm=1.2555
[iter 700] loss=1.5360 val_loss=0.0000 scale=1.0000 norm=1.1990
[iter 800] loss=1.4668 val_loss=0.0000 scale=2.0000 norm=2.2817
[iter 900] loss=1.3991 val_loss=0.0000 scale=1.0000 norm=1.0854
[iter 1000] loss=1.3286 val_loss=0.0000 scale=1.0000 norm=1.0336
[iter 1100] loss=1.2678 val_loss=0.0000 scale=1.0000 norm=0.9913
[iter 1200] loss=1.2091 val_loss=0.0000 scale=0.5000 norm=0.4757
[iter 1300] loss=1.1514 val_loss=0.0000 scale=1.0000 norm=0.9131
[iter 1400] loss=1.0947 val_loss=0.0000 scale=1.0000 norm=0.8793
[iter 1500] loss=1.0366 val_loss=0.0000 scale=1.0000 norm=0.8456
[iter 1600] loss=0.9851 val_loss=0.0000 scale=1.0000 norm=0.8162
[iter 1700] loss=0.9337 val_loss=0.0000 scale=1.0000 norm=0.7877
[iter 1800] loss=0.8877 val_loss=0.0000 scale=1.0000 norm=0.7645
[iter 1900] loss=0.8384 val_loss=0.0000 scale=0.5000 norm=0.3708
[iter 0] loss=3.6467 val_loss=0.0000 scale=1.0000 norm=6.8326
[iter 100] loss=2.7325 val_loss=0.0000 scale=2.0000 norm=5.0894
[iter 200] loss=2.1838 val_loss=0.0000 scale=2.0000 norm=3.4996
[iter 300] loss=1.9258 val_loss=0.0000 scale=1.0000 norm=1.5248
[iter 400] loss=1.7899 val_loss=0.0000 scale=1.0000 norm=1.4024
[iter 500] loss=1.6947 val_loss=0.0000 scale=1.0000 norm=1.3208
[iter 600] loss=1.6219 val_loss=0.0000 scale=1.0000 norm=1.2609
[iter 700] loss=1.5592 val_loss=0.0000 scale=2.0000 norm=2.4180
[iter 800] loss=1.5020 val_loss=0.0000 scale=1.0000 norm=1.1655
[iter 900] loss=1.4459 val_loss=0.0000 scale=1.0000 norm=1.1221
[iter 1000] loss=1.3916 val_loss=0.0000 scale=1.0000 norm=1.0814
[iter 1100] loss=1.3407 val_loss=0.0000 scale=1.0000 norm=1.0453
[iter 1200] loss=1.2958 val_loss=0.0000 scale=1.0000 norm=1.0139
[iter 1300] loss=1.2526 val_loss=0.0000 scale=1.0000 norm=0.9862
[iter 1400] loss=1.2088 val_loss=0.0000 scale=1.0000 norm=0.9593
[iter 1500] loss=1.1657 val_loss=0.0000 scale=1.0000 norm=0.9323
[iter 1600] loss=1.1233 val_loss=0.0000 scale=1.0000 norm=0.9066
[iter 1700] loss=1.0876 val_loss=0.0000 scale=0.2500 norm=0.2214
[iter 1800] loss=1.0509 val_loss=0.0000 scale=1.0000 norm=0.8652
[iter 1900] loss=1.0116 val_loss=0.0000 scale=1.0000 norm=0.8422
[12/20] BestIter=732 RMSE: Val=2.7661 Test=2.2213 NLL: Test=2.7423
[iter 0] loss=3.6612 val_loss=0.0000 scale=1.0000 norm=6.9380
[iter 100] loss=2.7347 val_loss=0.0000 scale=2.0000 norm=5.0004
[iter 200] loss=2.1515 val_loss=0.0000 scale=2.0000 norm=3.3642
[iter 300] loss=1.8556 val_loss=0.0000 scale=2.0000 norm=2.8615
[iter 400] loss=1.7133 val_loss=0.0000 scale=2.0000 norm=2.6415
[iter 500] loss=1.6023 val_loss=0.0000 scale=2.0000 norm=2.4641
[iter 600] loss=1.5127 val_loss=0.0000 scale=1.0000 norm=1.1614
[iter 700] loss=1.4356 val_loss=0.0000 scale=2.0000 norm=2.2090
[iter 800] loss=1.3653 val_loss=0.0000 scale=1.0000 norm=1.0533
[iter 900] loss=1.3058 val_loss=0.0000 scale=1.0000 norm=1.0107
[iter 1000] loss=1.2455 val_loss=0.0000 scale=1.0000 norm=0.9699
[iter 1100] loss=1.1871 val_loss=0.0000 scale=2.0000 norm=1.8663
[iter 1200] loss=1.1334 val_loss=0.0000 scale=0.5000 norm=0.4500
[iter 1300] loss=1.0834 val_loss=0.0000 scale=0.5000 norm=0.4353
[iter 1400] loss=1.0296 val_loss=0.0000 scale=1.0000 norm=0.8380
[iter 1500] loss=0.9784 val_loss=0.0000 scale=1.0000 norm=0.8095
[iter 1600] loss=0.9379 val_loss=0.0000 scale=1.0000 norm=0.7873
[iter 1700] loss=0.8991 val_loss=0.0000 scale=0.5000 norm=0.3833
[iter 1800] loss=0.8633 val_loss=0.0000 scale=0.2500 norm=0.1871
[iter 1900] loss=0.8292 val_loss=0.0000 scale=0.2500 norm=0.1828
[iter 0] loss=3.6465 val_loss=0.0000 scale=1.0000 norm=6.8163
[iter 100] loss=2.7232 val_loss=0.0000 scale=2.0000 norm=5.0354
[iter 200] loss=2.1908 val_loss=0.0000 scale=2.0000 norm=3.5076
[iter 300] loss=1.9240 val_loss=0.0000 scale=1.0000 norm=1.5172
[iter 400] loss=1.8067 val_loss=0.0000 scale=1.0000 norm=1.4207
[iter 500] loss=1.7173 val_loss=0.0000 scale=1.0000 norm=1.3422
[iter 600] loss=1.6452 val_loss=0.0000 scale=1.0000 norm=1.2792
[iter 700] loss=1.5810 val_loss=0.0000 scale=1.0000 norm=1.2193
[iter 800] loss=1.5186 val_loss=0.0000 scale=2.0000 norm=2.3296
[iter 900] loss=1.4609 val_loss=0.0000 scale=1.0000 norm=1.1173
[iter 1000] loss=1.4079 val_loss=0.0000 scale=1.0000 norm=1.0775
[iter 1100] loss=1.3599 val_loss=0.0000 scale=0.5000 norm=0.5215
[iter 1200] loss=1.3133 val_loss=0.0000 scale=1.0000 norm=1.0111
[iter 1300] loss=1.2673 val_loss=0.0000 scale=0.5000 norm=0.4897
[iter 1400] loss=1.2268 val_loss=0.0000 scale=1.0000 norm=0.9515
[iter 1500] loss=1.1846 val_loss=0.0000 scale=1.0000 norm=0.9242
[iter 1600] loss=1.1519 val_loss=0.0000 scale=1.0000 norm=0.9035
[iter 1700] loss=1.1263 val_loss=0.0000 scale=1.0000 norm=0.8880
[iter 1800] loss=1.0941 val_loss=0.0000 scale=1.0000 norm=0.8683
[iter 1900] loss=1.0616 val_loss=0.0000 scale=1.0000 norm=0.8498
[13/20] BestIter=1886 RMSE: Val=2.7600 Test=2.4242 NLL: Test=9.0376
[iter 0] loss=3.5764 val_loss=0.0000 scale=1.0000 norm=6.3391
[iter 100] loss=2.7213 val_loss=0.0000 scale=2.0000 norm=5.1577
[iter 200] loss=2.1804 val_loss=0.0000 scale=2.0000 norm=3.5096
[iter 300] loss=1.8953 val_loss=0.0000 scale=2.0000 norm=2.9792
[iter 400] loss=1.7667 val_loss=0.0000 scale=1.0000 norm=1.3836
[iter 500] loss=1.6725 val_loss=0.0000 scale=1.0000 norm=1.3055
[iter 600] loss=1.5913 val_loss=0.0000 scale=1.0000 norm=1.2443
[iter 700] loss=1.5210 val_loss=0.0000 scale=1.0000 norm=1.1894
[iter 800] loss=1.4614 val_loss=0.0000 scale=1.0000 norm=1.1422
[iter 900] loss=1.3967 val_loss=0.0000 scale=1.0000 norm=1.0896
[iter 1000] loss=1.3399 val_loss=0.0000 scale=1.0000 norm=1.0457
[iter 1100] loss=1.2894 val_loss=0.0000 scale=0.5000 norm=0.5051
[iter 1200] loss=1.2436 val_loss=0.0000 scale=1.0000 norm=0.9762
[iter 1300] loss=1.2075 val_loss=0.0000 scale=0.5000 norm=0.4760
[iter 1400] loss=1.1688 val_loss=0.0000 scale=1.0000 norm=0.9278
[iter 1500] loss=1.1424 val_loss=0.0000 scale=0.2500 norm=0.2281
[iter 1600] loss=1.1136 val_loss=0.0000 scale=0.5000 norm=0.4478
[iter 1700] loss=1.0897 val_loss=0.0000 scale=0.2500 norm=0.2206
[iter 1800] loss=1.0630 val_loss=0.0000 scale=1.0000 norm=0.8659
[iter 1900] loss=1.0372 val_loss=0.0000 scale=0.2500 norm=0.2126
[iter 0] loss=3.6211 val_loss=0.0000 scale=1.0000 norm=6.5641
[iter 100] loss=2.6880 val_loss=0.0000 scale=2.0000 norm=4.9021
[iter 200] loss=2.1708 val_loss=0.0000 scale=2.0000 norm=3.4902
[iter 300] loss=1.9318 val_loss=0.0000 scale=1.0000 norm=1.5297
[iter 400] loss=1.8158 val_loss=0.0000 scale=1.0000 norm=1.4303
[iter 500] loss=1.7328 val_loss=0.0000 scale=1.0000 norm=1.3572
[iter 600] loss=1.6562 val_loss=0.0000 scale=1.0000 norm=1.2883
[iter 700] loss=1.5917 val_loss=0.0000 scale=1.0000 norm=1.2337
[iter 800] loss=1.5289 val_loss=0.0000 scale=1.0000 norm=1.1823
[iter 900] loss=1.4764 val_loss=0.0000 scale=1.0000 norm=1.1394
[iter 1000] loss=1.4234 val_loss=0.0000 scale=2.0000 norm=2.1969
[iter 1100] loss=1.3729 val_loss=0.0000 scale=1.0000 norm=1.0634
[iter 1200] loss=1.3262 val_loss=0.0000 scale=1.0000 norm=1.0313
[iter 1300] loss=1.2832 val_loss=0.0000 scale=1.0000 norm=1.0022
[iter 1400] loss=1.2445 val_loss=0.0000 scale=1.0000 norm=0.9781
[iter 1500] loss=1.2108 val_loss=0.0000 scale=1.0000 norm=0.9565
[iter 1600] loss=1.1847 val_loss=0.0000 scale=0.1250 norm=0.1175
[iter 1700] loss=1.1532 val_loss=0.0000 scale=1.0000 norm=0.9194
[iter 1800] loss=1.1169 val_loss=0.0000 scale=0.1250 norm=0.1121
[iter 1900] loss=1.0873 val_loss=0.0000 scale=0.5000 norm=0.4388
[14/20] BestIter=1716 RMSE: Val=2.5004 Test=2.8672 NLL: Test=13.8536
[iter 0] loss=3.6354 val_loss=0.0000 scale=1.0000 norm=6.7346
[iter 100] loss=2.7396 val_loss=0.0000 scale=2.0000 norm=5.0630
[iter 200] loss=2.1868 val_loss=0.0000 scale=2.0000 norm=3.4381
[iter 300] loss=1.9086 val_loss=0.0000 scale=2.0000 norm=2.9272
[iter 400] loss=1.7689 val_loss=0.0000 scale=1.0000 norm=1.3536
[iter 500] loss=1.6591 val_loss=0.0000 scale=1.0000 norm=1.2646
[iter 600] loss=1.5772 val_loss=0.0000 scale=1.0000 norm=1.2030
[iter 700] loss=1.5087 val_loss=0.0000 scale=1.0000 norm=1.1503
[iter 800] loss=1.4477 val_loss=0.0000 scale=1.0000 norm=1.1076
[iter 900] loss=1.3761 val_loss=0.0000 scale=1.0000 norm=1.0570
[iter 1000] loss=1.3120 val_loss=0.0000 scale=1.0000 norm=1.0143
[iter 1100] loss=1.2584 val_loss=0.0000 scale=1.0000 norm=0.9783
[iter 1200] loss=1.1925 val_loss=0.0000 scale=1.0000 norm=0.9379
[iter 1300] loss=1.1321 val_loss=0.0000 scale=0.5000 norm=0.4501
[iter 1400] loss=1.0714 val_loss=0.0000 scale=1.0000 norm=0.8631
[iter 1500] loss=1.0147 val_loss=0.0000 scale=1.0000 norm=0.8305
[iter 1600] loss=0.9658 val_loss=0.0000 scale=0.5000 norm=0.4017
[iter 1700] loss=0.9285 val_loss=0.0000 scale=0.5000 norm=0.3909
[iter 1800] loss=0.8863 val_loss=0.0000 scale=1.0000 norm=0.7610
[iter 1900] loss=0.8411 val_loss=0.0000 scale=1.0000 norm=0.7378
[iter 0] loss=3.6414 val_loss=0.0000 scale=1.0000 norm=6.7289
[iter 100] loss=2.7410 val_loss=0.0000 scale=2.0000 norm=5.1115
[iter 200] loss=2.1864 val_loss=0.0000 scale=2.0000 norm=3.4683
[iter 300] loss=1.9332 val_loss=0.0000 scale=1.0000 norm=1.5088
[iter 400] loss=1.8075 val_loss=0.0000 scale=1.0000 norm=1.4069
[iter 500] loss=1.7197 val_loss=0.0000 scale=1.0000 norm=1.3375
[iter 600] loss=1.6472 val_loss=0.0000 scale=1.0000 norm=1.2792
[iter 700] loss=1.5848 val_loss=0.0000 scale=1.0000 norm=1.2277
[iter 800] loss=1.5281 val_loss=0.0000 scale=1.0000 norm=1.1795
[iter 900] loss=1.4739 val_loss=0.0000 scale=1.0000 norm=1.1354
[iter 1000] loss=1.4210 val_loss=0.0000 scale=1.0000 norm=1.0942
[iter 1100] loss=1.3708 val_loss=0.0000 scale=1.0000 norm=1.0554
[iter 1200] loss=1.3197 val_loss=0.0000 scale=1.0000 norm=1.0180
[iter 1300] loss=1.2839 val_loss=0.0000 scale=2.0000 norm=1.9917
[iter 1400] loss=1.2508 val_loss=0.0000 scale=0.2500 norm=0.2430
[iter 1500] loss=1.2187 val_loss=0.0000 scale=1.0000 norm=0.9476
[iter 1600] loss=1.1888 val_loss=0.0000 scale=1.0000 norm=0.9279
[iter 1700] loss=1.1565 val_loss=0.0000 scale=1.0000 norm=0.9063
[iter 1800] loss=1.1218 val_loss=0.0000 scale=1.0000 norm=0.8839
[iter 1900] loss=1.0853 val_loss=0.0000 scale=1.0000 norm=0.8606
[15/20] BestIter=1997 RMSE: Val=2.6384 Test=2.7134 NLL: Test=19.8581
[iter 0] loss=3.6295 val_loss=0.0000 scale=1.0000 norm=6.6426
[iter 100] loss=2.6838 val_loss=0.0000 scale=2.0000 norm=4.8795
[iter 200] loss=2.1250 val_loss=0.0000 scale=2.0000 norm=3.2936
[iter 300] loss=1.8795 val_loss=0.0000 scale=2.0000 norm=2.9196
[iter 400] loss=1.7412 val_loss=0.0000 scale=1.0000 norm=1.3539
[iter 500] loss=1.6404 val_loss=0.0000 scale=1.0000 norm=1.2714
[iter 600] loss=1.5550 val_loss=0.0000 scale=1.0000 norm=1.2022
[iter 700] loss=1.4811 val_loss=0.0000 scale=1.0000 norm=1.1437
[iter 800] loss=1.4115 val_loss=0.0000 scale=1.0000 norm=1.0926
[iter 900] loss=1.3470 val_loss=0.0000 scale=1.0000 norm=1.0452
[iter 1000] loss=1.2796 val_loss=0.0000 scale=1.0000 norm=0.9982
[iter 1100] loss=1.2064 val_loss=0.0000 scale=1.0000 norm=0.9478
[iter 1200] loss=1.1333 val_loss=0.0000 scale=1.0000 norm=0.9004
[iter 1300] loss=1.0641 val_loss=0.0000 scale=1.0000 norm=0.8592
[iter 1400] loss=1.0079 val_loss=0.0000 scale=1.0000 norm=0.8284
[iter 1500] loss=0.9525 val_loss=0.0000 scale=1.0000 norm=0.7970
[iter 1600] loss=0.9068 val_loss=0.0000 scale=1.0000 norm=0.7736
[iter 1700] loss=0.8658 val_loss=0.0000 scale=1.0000 norm=0.7519
[iter 1800] loss=0.8316 val_loss=0.0000 scale=0.5000 norm=0.3664
[iter 1900] loss=0.8026 val_loss=0.0000 scale=0.5000 norm=0.3578
[iter 0] loss=3.6280 val_loss=0.0000 scale=1.0000 norm=6.6271
[iter 100] loss=2.7026 val_loss=0.0000 scale=2.0000 norm=4.9870
[iter 200] loss=2.1772 val_loss=0.0000 scale=2.0000 norm=3.5049
[iter 300] loss=1.9287 val_loss=0.0000 scale=1.0000 norm=1.5234
[iter 400] loss=1.8117 val_loss=0.0000 scale=1.0000 norm=1.4175
[iter 500] loss=1.7227 val_loss=0.0000 scale=1.0000 norm=1.3374
[iter 600] loss=1.6495 val_loss=0.0000 scale=1.0000 norm=1.2727
[iter 700] loss=1.5850 val_loss=0.0000 scale=1.0000 norm=1.2151
[iter 800] loss=1.5111 val_loss=0.0000 scale=1.0000 norm=1.1540
[iter 900] loss=1.4473 val_loss=0.0000 scale=1.0000 norm=1.1060
[iter 1000] loss=1.3862 val_loss=0.0000 scale=1.0000 norm=1.0633
[iter 1100] loss=1.3350 val_loss=0.0000 scale=1.0000 norm=1.0273
[iter 1200] loss=1.2874 val_loss=0.0000 scale=1.0000 norm=0.9939
[iter 1300] loss=1.2392 val_loss=0.0000 scale=1.0000 norm=0.9609
[iter 1400] loss=1.1910 val_loss=0.0000 scale=1.0000 norm=0.9295
[iter 1500] loss=1.1394 val_loss=0.0000 scale=1.0000 norm=0.8969
[iter 1600] loss=1.0876 val_loss=0.0000 scale=1.0000 norm=0.8669
[iter 1700] loss=1.0439 val_loss=0.0000 scale=0.5000 norm=0.4218
[iter 1800] loss=1.0049 val_loss=0.0000 scale=1.0000 norm=0.8228
[iter 1900] loss=0.9700 val_loss=0.0000 scale=0.5000 norm=0.4028
[16/20] BestIter=2000 RMSE: Val=2.9399 Test=2.5208 NLL: Test=11.9464
[iter 0] loss=3.6722 val_loss=0.0000 scale=1.0000 norm=7.0213
[iter 100] loss=2.7398 val_loss=0.0000 scale=2.0000 norm=5.0457
[iter 200] loss=2.1721 val_loss=0.0000 scale=2.0000 norm=3.4166
[iter 300] loss=1.8696 val_loss=0.0000 scale=1.0000 norm=1.4557
[iter 400] loss=1.7457 val_loss=0.0000 scale=1.0000 norm=1.3506
[iter 500] loss=1.6626 val_loss=0.0000 scale=1.0000 norm=1.2769
[iter 600] loss=1.5750 val_loss=0.0000 scale=1.0000 norm=1.1994
[iter 700] loss=1.4961 val_loss=0.0000 scale=2.0000 norm=2.2852
[iter 800] loss=1.4253 val_loss=0.0000 scale=1.0000 norm=1.0913
[iter 900] loss=1.3640 val_loss=0.0000 scale=1.0000 norm=1.0488
[iter 1000] loss=1.3030 val_loss=0.0000 scale=1.0000 norm=1.0068
[iter 1100] loss=1.2531 val_loss=0.0000 scale=1.0000 norm=0.9751
[iter 1200] loss=1.2093 val_loss=0.0000 scale=1.0000 norm=0.9470
[iter 1300] loss=1.1738 val_loss=0.0000 scale=0.5000 norm=0.4620
[iter 1400] loss=1.1382 val_loss=0.0000 scale=0.5000 norm=0.4514
[iter 1500] loss=1.1025 val_loss=0.0000 scale=1.0000 norm=0.8804
[iter 1600] loss=1.0664 val_loss=0.0000 scale=1.0000 norm=0.8560
[iter 1700] loss=1.0422 val_loss=0.0000 scale=0.1250 norm=0.1052
[iter 1800] loss=1.0120 val_loss=0.0000 scale=0.2500 norm=0.2064
[iter 1900] loss=0.9847 val_loss=0.0000 scale=0.5000 norm=0.4057
[iter 0] loss=3.6538 val_loss=0.0000 scale=1.0000 norm=6.8596
[iter 100] loss=2.7181 val_loss=0.0000 scale=2.0000 norm=4.9486
[iter 200] loss=2.1817 val_loss=0.0000 scale=2.0000 norm=3.4206
[iter 300] loss=1.9059 val_loss=0.0000 scale=1.0000 norm=1.4828
[iter 400] loss=1.7668 val_loss=0.0000 scale=1.0000 norm=1.3748
[iter 500] loss=1.6794 val_loss=0.0000 scale=1.0000 norm=1.3064
[iter 600] loss=1.6076 val_loss=0.0000 scale=1.0000 norm=1.2467
[iter 700] loss=1.5489 val_loss=0.0000 scale=1.0000 norm=1.1997
[iter 800] loss=1.4930 val_loss=0.0000 scale=1.0000 norm=1.1551
[iter 900] loss=1.4393 val_loss=0.0000 scale=0.5000 norm=0.5566
[iter 1000] loss=1.3957 val_loss=0.0000 scale=2.0000 norm=2.1639
[iter 1100] loss=1.3545 val_loss=0.0000 scale=0.5000 norm=0.5262
[iter 1200] loss=1.3183 val_loss=0.0000 scale=1.0000 norm=1.0274
[iter 1300] loss=1.2751 val_loss=0.0000 scale=1.0000 norm=0.9960
[iter 1400] loss=1.2329 val_loss=0.0000 scale=1.0000 norm=0.9654
[iter 1500] loss=1.1909 val_loss=0.0000 scale=2.0000 norm=1.8739
[iter 1600] loss=1.1477 val_loss=0.0000 scale=1.0000 norm=0.9104
[iter 1700] loss=1.1082 val_loss=0.0000 scale=0.5000 norm=0.4433
[iter 1800] loss=1.0752 val_loss=0.0000 scale=0.5000 norm=0.4330
[iter 1900] loss=1.0430 val_loss=0.0000 scale=0.5000 norm=0.4238
[17/20] BestIter=1605 RMSE: Val=2.7721 Test=2.6978 NLL: Test=6.7525
[iter 0] loss=3.6121 val_loss=0.0000 scale=1.0000 norm=6.5897
[iter 100] loss=2.7209 val_loss=0.0000 scale=2.0000 norm=4.9487
[iter 200] loss=2.1379 val_loss=0.0000 scale=2.0000 norm=3.3255
[iter 300] loss=1.8642 val_loss=0.0000 scale=1.0000 norm=1.4334
[iter 400] loss=1.7182 val_loss=0.0000 scale=1.0000 norm=1.3135
[iter 500] loss=1.6069 val_loss=0.0000 scale=1.0000 norm=1.2244
[iter 600] loss=1.5240 val_loss=0.0000 scale=1.0000 norm=1.1538
[iter 700] loss=1.4449 val_loss=0.0000 scale=1.0000 norm=1.0951
[iter 800] loss=1.3676 val_loss=0.0000 scale=1.0000 norm=1.0390
[iter 900] loss=1.2943 val_loss=0.0000 scale=1.0000 norm=0.9858
[iter 1000] loss=1.2280 val_loss=0.0000 scale=1.0000 norm=0.9417
[iter 1100] loss=1.1603 val_loss=0.0000 scale=1.0000 norm=0.8954
[iter 1200] loss=1.0944 val_loss=0.0000 scale=1.0000 norm=0.8550
[iter 1300] loss=1.0460 val_loss=0.0000 scale=1.0000 norm=0.8301
[iter 1400] loss=0.9908 val_loss=0.0000 scale=0.5000 norm=0.4010
[iter 1500] loss=0.9431 val_loss=0.0000 scale=1.0000 norm=0.7789
[iter 1600] loss=0.8973 val_loss=0.0000 scale=1.0000 norm=0.7562
[iter 1700] loss=0.8522 val_loss=0.0000 scale=0.5000 norm=0.3678
[iter 1800] loss=0.8040 val_loss=0.0000 scale=1.0000 norm=0.7121
[iter 1900] loss=0.7602 val_loss=0.0000 scale=0.5000 norm=0.3466
[iter 0] loss=3.6434 val_loss=0.0000 scale=1.0000 norm=6.7377
[iter 100] loss=2.7214 val_loss=0.0000 scale=2.0000 norm=5.0453
[iter 200] loss=2.1883 val_loss=0.0000 scale=1.0000 norm=1.7524
[iter 300] loss=1.9255 val_loss=0.0000 scale=1.0000 norm=1.5187
[iter 400] loss=1.8112 val_loss=0.0000 scale=2.0000 norm=2.8318
[iter 500] loss=1.7234 val_loss=0.0000 scale=1.0000 norm=1.3426
[iter 600] loss=1.6511 val_loss=0.0000 scale=2.0000 norm=2.5672
[iter 700] loss=1.5780 val_loss=0.0000 scale=2.0000 norm=2.4385
[iter 800] loss=1.5111 val_loss=0.0000 scale=1.0000 norm=1.1621
[iter 900] loss=1.4540 val_loss=0.0000 scale=1.0000 norm=1.1174
[iter 1000] loss=1.3953 val_loss=0.0000 scale=1.0000 norm=1.0728
[iter 1100] loss=1.3426 val_loss=0.0000 scale=1.0000 norm=1.0369
[iter 1200] loss=1.3004 val_loss=0.0000 scale=0.5000 norm=0.5039
[iter 1300] loss=1.2556 val_loss=0.0000 scale=1.0000 norm=0.9791
[iter 1400] loss=1.2189 val_loss=0.0000 scale=1.0000 norm=0.9574
[iter 1500] loss=1.1834 val_loss=0.0000 scale=1.0000 norm=0.9363
[iter 1600] loss=1.1543 val_loss=0.0000 scale=0.5000 norm=0.4588
[iter 1700] loss=1.1312 val_loss=0.0000 scale=1.0000 norm=0.9030
[iter 1800] loss=1.1140 val_loss=0.0000 scale=0.0625 norm=0.0558
[iter 1900] loss=1.1001 val_loss=0.0000 scale=1.0000 norm=0.8848
[18/20] BestIter=424 RMSE: Val=4.1452 Test=2.8366 NLL: Test=2.7120
[iter 0] loss=3.5896 val_loss=0.0000 scale=1.0000 norm=6.3631
[iter 100] loss=2.7428 val_loss=0.0000 scale=2.0000 norm=5.1430
[iter 200] loss=2.1595 val_loss=0.0000 scale=2.0000 norm=3.3807
[iter 300] loss=1.8786 val_loss=0.0000 scale=1.0000 norm=1.4560
[iter 400] loss=1.7417 val_loss=0.0000 scale=1.0000 norm=1.3498
[iter 500] loss=1.6416 val_loss=0.0000 scale=1.0000 norm=1.2723
[iter 600] loss=1.5647 val_loss=0.0000 scale=2.0000 norm=2.4212
[iter 700] loss=1.5005 val_loss=0.0000 scale=1.0000 norm=1.1563
[iter 800] loss=1.4316 val_loss=0.0000 scale=1.0000 norm=1.1000
[iter 900] loss=1.3664 val_loss=0.0000 scale=1.0000 norm=1.0516
[iter 1000] loss=1.3076 val_loss=0.0000 scale=1.0000 norm=1.0112
[iter 1100] loss=1.2510 val_loss=0.0000 scale=1.0000 norm=0.9706
[iter 1200] loss=1.1984 val_loss=0.0000 scale=1.0000 norm=0.9338
[iter 1300] loss=1.1481 val_loss=0.0000 scale=1.0000 norm=0.8999
[iter 1400] loss=1.1019 val_loss=0.0000 scale=1.0000 norm=0.8719
[iter 1500] loss=1.0590 val_loss=0.0000 scale=1.0000 norm=0.8457
[iter 1600] loss=1.0162 val_loss=0.0000 scale=1.0000 norm=0.8211
[iter 1700] loss=0.9731 val_loss=0.0000 scale=1.0000 norm=0.7979
[iter 1800] loss=0.9328 val_loss=0.0000 scale=1.0000 norm=0.7763
[iter 1900] loss=0.8886 val_loss=0.0000 scale=1.0000 norm=0.7540
[iter 0] loss=3.6351 val_loss=0.0000 scale=1.0000 norm=6.7035
[iter 100] loss=2.6982 val_loss=0.0000 scale=2.0000 norm=4.9493
[iter 200] loss=2.1725 val_loss=0.0000 scale=2.0000 norm=3.4972
[iter 300] loss=1.9303 val_loss=0.0000 scale=1.0000 norm=1.5347
[iter 400] loss=1.8196 val_loss=0.0000 scale=1.0000 norm=1.4448
[iter 500] loss=1.7325 val_loss=0.0000 scale=2.0000 norm=2.7259
[iter 600] loss=1.6569 val_loss=0.0000 scale=1.0000 norm=1.2954
[iter 700] loss=1.5942 val_loss=0.0000 scale=1.0000 norm=1.2422
[iter 800] loss=1.5359 val_loss=0.0000 scale=1.0000 norm=1.1927
[iter 900] loss=1.4812 val_loss=0.0000 scale=1.0000 norm=1.1445
[iter 1000] loss=1.4315 val_loss=0.0000 scale=1.0000 norm=1.1048
[iter 1100] loss=1.3857 val_loss=0.0000 scale=0.5000 norm=0.5345
[iter 1200] loss=1.3400 val_loss=0.0000 scale=0.5000 norm=0.5184
[iter 1300] loss=1.3082 val_loss=0.0000 scale=0.5000 norm=0.5073
[iter 1400] loss=1.2683 val_loss=0.0000 scale=1.0000 norm=0.9876
[iter 1500] loss=1.2319 val_loss=0.0000 scale=1.0000 norm=0.9649
[iter 1600] loss=1.1974 val_loss=0.0000 scale=2.0000 norm=1.8871
[iter 1700] loss=1.1572 val_loss=0.0000 scale=1.0000 norm=0.9195
[iter 1800] loss=1.1145 val_loss=0.0000 scale=0.5000 norm=0.4472
[iter 1900] loss=1.0836 val_loss=0.0000 scale=0.5000 norm=0.4387
[19/20] BestIter=1739 RMSE: Val=2.7661 Test=2.2842 NLL: Test=3.9434
[iter 0] loss=3.5737 val_loss=0.0000 scale=1.0000 norm=6.3154
[iter 100] loss=2.7085 val_loss=0.0000 scale=2.0000 norm=5.0268
[iter 200] loss=2.1492 val_loss=0.0000 scale=2.0000 norm=3.3971
[iter 300] loss=1.8634 val_loss=0.0000 scale=1.0000 norm=1.4421
[iter 400] loss=1.7219 val_loss=0.0000 scale=1.0000 norm=1.3368
[iter 500] loss=1.6213 val_loss=0.0000 scale=1.0000 norm=1.2596
[iter 600] loss=1.5379 val_loss=0.0000 scale=1.0000 norm=1.1934
[iter 700] loss=1.4665 val_loss=0.0000 scale=1.0000 norm=1.1390
[iter 800] loss=1.4001 val_loss=0.0000 scale=1.0000 norm=1.0889
[iter 900] loss=1.3386 val_loss=0.0000 scale=1.0000 norm=1.0425
[iter 1000] loss=1.2769 val_loss=0.0000 scale=1.0000 norm=0.9980
[iter 1100] loss=1.2266 val_loss=0.0000 scale=0.5000 norm=0.4812
[iter 1200] loss=1.1847 val_loss=0.0000 scale=1.0000 norm=0.9342
[iter 1300] loss=1.1390 val_loss=0.0000 scale=1.0000 norm=0.9032
[iter 1400] loss=1.0967 val_loss=0.0000 scale=1.0000 norm=0.8766
[iter 1500] loss=1.0573 val_loss=0.0000 scale=1.0000 norm=0.8506
[iter 1600] loss=1.0221 val_loss=0.0000 scale=0.5000 norm=0.4143
[iter 1700] loss=0.9826 val_loss=0.0000 scale=1.0000 norm=0.8049
[iter 1800] loss=0.9532 val_loss=0.0000 scale=1.0000 norm=0.7892
[iter 1900] loss=0.9249 val_loss=0.0000 scale=0.0625 norm=0.0484
[iter 0] loss=3.6207 val_loss=0.0000 scale=1.0000 norm=6.5973
[iter 100] loss=2.7198 val_loss=0.0000 scale=2.0000 norm=5.0569
[iter 200] loss=2.1992 val_loss=0.0000 scale=1.0000 norm=1.7688
[iter 300] loss=1.9263 val_loss=0.0000 scale=1.0000 norm=1.5199
[iter 400] loss=1.8022 val_loss=0.0000 scale=2.0000 norm=2.8248
[iter 500] loss=1.7025 val_loss=0.0000 scale=2.0000 norm=2.6504
[iter 600] loss=1.6245 val_loss=0.0000 scale=2.0000 norm=2.5153
[iter 700] loss=1.5563 val_loss=0.0000 scale=1.0000 norm=1.1994
[iter 800] loss=1.5008 val_loss=0.0000 scale=1.0000 norm=1.1531
[iter 900] loss=1.4535 val_loss=0.0000 scale=2.0000 norm=2.2314
[iter 1000] loss=1.4045 val_loss=0.0000 scale=1.0000 norm=1.0795
[iter 1100] loss=1.3506 val_loss=0.0000 scale=1.0000 norm=1.0415
[iter 1200] loss=1.3001 val_loss=0.0000 scale=2.0000 norm=2.0152
[iter 1300] loss=1.2510 val_loss=0.0000 scale=1.0000 norm=0.9749
[iter 1400] loss=1.2077 val_loss=0.0000 scale=1.0000 norm=0.9470
[iter 1500] loss=1.1659 val_loss=0.0000 scale=1.0000 norm=0.9223
[iter 1600] loss=1.1249 val_loss=0.0000 scale=1.0000 norm=0.8972
[iter 1700] loss=1.0790 val_loss=0.0000 scale=1.0000 norm=0.8705
[iter 1800] loss=1.0374 val_loss=0.0000 scale=1.0000 norm=0.8479
[iter 1900] loss=0.9990 val_loss=0.0000 scale=1.0000 norm=0.8250
[20/20] BestIter=2000 RMSE: Val=3.1715 Test=2.7318 NLL: Test=11.8126
Boston Housing
== GBM=0.0000 +/- 0.0000, RMSE NGBOOST =2.6729 ± 0.4419, NLL NGBOOST=10.2998 ± 9.1968, TIME = 54.9706
