Lmod has detected the following error: A different version of the 'GCCcore'
module is already loaded (see output of 'ml').
You should load another 'GCC' module that is compatible with the currently
loaded version of 'GCCcore'.
Use 'ml spider GCC' to get an overview of the available versions.


If you don't understand the warning or error, contact the helpdesk at
hpc@vub.be 
While processing the following module(s):
    Module fullname        Module Filename
    ---------------        ---------------
    GCC/12.3.0             /apps/brussel/RL8/skylake/modules/2023a/all/GCC/12.3.0.lua
    gfbf/2023a             /apps/brussel/RL8/skylake/modules/2023a/all/gfbf/2023a.lua
    sympy/1.12-gfbf-2023a  /apps/brussel/RL8/skylake/modules/2023a/all/sympy/1.12-gfbf-2023a.lua


Due to MODULEPATH changes, the following have been reloaded:
  1) OpenSSL/1.1

== Dataset=Yacht Hydrodynamics X.shape=(308, 6) LogScore/Normal
[iter 0] loss=4.1532 val_loss=0.0000 scale=1.0000 norm=11.9404
[iter 100] loss=2.9139 val_loss=0.0000 scale=2.0000 norm=3.6320
[iter 200] loss=1.9372 val_loss=0.0000 scale=2.0000 norm=1.4040
[iter 300] loss=1.0188 val_loss=0.0000 scale=2.0000 norm=1.1382
[iter 400] loss=0.2554 val_loss=0.0000 scale=2.0000 norm=0.9978
[iter 500] loss=-0.2391 val_loss=0.0000 scale=2.0000 norm=0.8982
[iter 600] loss=-0.4323 val_loss=0.0000 scale=1.0000 norm=0.4256
[iter 700] loss=-0.5700 val_loss=0.0000 scale=2.0000 norm=0.8130
[iter 800] loss=-0.6311 val_loss=0.0000 scale=0.5000 norm=0.2005
[iter 900] loss=-0.6825 val_loss=0.0000 scale=0.5000 norm=0.1983
[iter 1000] loss=-0.7262 val_loss=0.0000 scale=1.0000 norm=0.3909
[iter 1100] loss=-0.7478 val_loss=0.0000 scale=1.0000 norm=0.3894
[iter 1200] loss=-0.7690 val_loss=0.0000 scale=1.0000 norm=0.3891
[iter 1300] loss=-0.7990 val_loss=0.0000 scale=0.2500 norm=0.0972
[iter 1400] loss=-0.8288 val_loss=0.0000 scale=0.5000 norm=0.1938
[iter 1500] loss=-0.8736 val_loss=0.0000 scale=0.5000 norm=0.1902
[iter 1600] loss=-0.9019 val_loss=0.0000 scale=0.2500 norm=0.0939
[iter 1700] loss=-0.9172 val_loss=0.0000 scale=0.5000 norm=0.1876
[iter 1800] loss=-0.9406 val_loss=0.0000 scale=0.0010 norm=0.0004
[iter 1900] loss=-0.9409 val_loss=0.0000 scale=0.0010 norm=0.0004
[iter 0] loss=4.1343 val_loss=0.0000 scale=1.0000 norm=11.5311
[iter 100] loss=2.8883 val_loss=0.0000 scale=2.0000 norm=3.5211
[iter 200] loss=1.9133 val_loss=0.0000 scale=2.0000 norm=1.4054
[iter 300] loss=1.0033 val_loss=0.0000 scale=2.0000 norm=1.1565
[iter 400] loss=0.2643 val_loss=0.0000 scale=2.0000 norm=1.0226
[iter 500] loss=-0.2176 val_loss=0.0000 scale=1.0000 norm=0.4573
[iter 600] loss=-0.4194 val_loss=0.0000 scale=0.5000 norm=0.2168
[iter 700] loss=-0.5088 val_loss=0.0000 scale=1.0000 norm=0.4246
[iter 800] loss=-0.5691 val_loss=0.0000 scale=1.0000 norm=0.4274
[iter 900] loss=-0.6257 val_loss=0.0000 scale=1.0000 norm=0.4167
[iter 1000] loss=-0.6743 val_loss=0.0000 scale=0.5000 norm=0.2068
[iter 1100] loss=-0.7139 val_loss=0.0000 scale=0.5000 norm=0.2040
[iter 1200] loss=-0.7491 val_loss=0.0000 scale=0.5000 norm=0.2022
[iter 1300] loss=-0.7677 val_loss=0.0000 scale=0.2500 norm=0.1011
[iter 1400] loss=-0.7921 val_loss=0.0000 scale=0.2500 norm=0.1006
[iter 1500] loss=-0.8298 val_loss=0.0000 scale=0.5000 norm=0.2000
[iter 1600] loss=-0.8600 val_loss=0.0000 scale=0.2500 norm=0.0996
[iter 1700] loss=-0.8645 val_loss=0.0000 scale=0.0312 norm=0.0125
[iter 1800] loss=-0.8657 val_loss=0.0000 scale=0.0010 norm=0.0004
[iter 1900] loss=-0.8657 val_loss=0.0000 scale=0.0010 norm=0.0004
[1/20] BestIter=1985 RMSE: Val=0.6008 Test=0.5265 NLL: Test=0.3801
[iter 0] loss=4.0960 val_loss=0.0000 scale=1.0000 norm=11.0649
[iter 100] loss=2.8473 val_loss=0.0000 scale=2.0000 norm=3.3950
[iter 200] loss=1.8705 val_loss=0.0000 scale=2.0000 norm=1.3736
[iter 300] loss=0.9414 val_loss=0.0000 scale=2.0000 norm=1.1328
[iter 400] loss=0.2031 val_loss=0.0000 scale=2.0000 norm=1.0127
[iter 500] loss=-0.2616 val_loss=0.0000 scale=2.0000 norm=0.9312
[iter 600] loss=-0.4661 val_loss=0.0000 scale=2.0000 norm=0.8886
[iter 700] loss=-0.5588 val_loss=0.0000 scale=1.0000 norm=0.4405
[iter 800] loss=-0.6401 val_loss=0.0000 scale=1.0000 norm=0.4362
[iter 900] loss=-0.6856 val_loss=0.0000 scale=1.0000 norm=0.4336
[iter 1000] loss=-0.6970 val_loss=0.0000 scale=0.0005 norm=0.0002
[iter 1100] loss=-0.6969 val_loss=0.0000 scale=0.0005 norm=0.0002
[iter 1200] loss=-0.6975 val_loss=0.0000 scale=0.0005 norm=0.0002
[iter 1300] loss=-0.6975 val_loss=0.0000 scale=0.0005 norm=0.0002
[iter 1400] loss=-0.6975 val_loss=0.0000 scale=0.0005 norm=0.0002
[iter 1500] loss=-0.6975 val_loss=0.0000 scale=0.0005 norm=0.0002
[iter 1600] loss=-0.6985 val_loss=0.0000 scale=0.0039 norm=0.0017
[iter 1700] loss=-0.6998 val_loss=0.0000 scale=0.0005 norm=0.0002
[iter 1800] loss=-0.6998 val_loss=0.0000 scale=0.0005 norm=0.0002
[iter 1900] loss=-0.6998 val_loss=0.0000 scale=0.0005 norm=0.0002
[iter 0] loss=4.1436 val_loss=0.0000 scale=1.0000 norm=11.6909
[iter 100] loss=2.8995 val_loss=0.0000 scale=2.0000 norm=3.5770
[iter 200] loss=1.9238 val_loss=0.0000 scale=2.0000 norm=1.4093
[iter 300] loss=1.0094 val_loss=0.0000 scale=2.0000 norm=1.1485
[iter 400] loss=0.2708 val_loss=0.0000 scale=2.0000 norm=1.0184
[iter 500] loss=-0.2069 val_loss=0.0000 scale=2.0000 norm=0.9115
[iter 600] loss=-0.3843 val_loss=0.0000 scale=2.0000 norm=0.8739
[iter 700] loss=-0.4708 val_loss=0.0000 scale=1.0000 norm=0.4437
[iter 800] loss=-0.5430 val_loss=0.0000 scale=1.0000 norm=0.4398
[iter 900] loss=-0.6175 val_loss=0.0000 scale=1.0000 norm=0.4250
[iter 1000] loss=-0.6633 val_loss=0.0000 scale=0.5000 norm=0.2115
[iter 1100] loss=-0.6882 val_loss=0.0000 scale=1.0000 norm=0.4217
[iter 1200] loss=-0.6981 val_loss=0.0000 scale=0.0010 norm=0.0004
[iter 1300] loss=-0.6981 val_loss=0.0000 scale=0.0010 norm=0.0004
[iter 1400] loss=-0.6981 val_loss=0.0000 scale=0.0010 norm=0.0004
[iter 1500] loss=-0.6981 val_loss=0.0000 scale=0.0010 norm=0.0004
[iter 1600] loss=-0.6981 val_loss=0.0000 scale=0.0010 norm=0.0004
[iter 1700] loss=-0.6981 val_loss=0.0000 scale=0.0010 norm=0.0004
[iter 1800] loss=-0.6981 val_loss=0.0000 scale=0.0010 norm=0.0004
[iter 1900] loss=-0.6994 val_loss=0.0000 scale=0.0010 norm=0.0004
[2/20] BestIter=2000 RMSE: Val=1.0044 Test=0.4566 NLL: Test=1.0070
[iter 0] loss=4.1771 val_loss=0.0000 scale=1.0000 norm=12.3109
[iter 100] loss=2.9351 val_loss=0.0000 scale=2.0000 norm=3.6745
[iter 200] loss=1.9555 val_loss=0.0000 scale=2.0000 norm=1.3732
[iter 300] loss=1.0212 val_loss=0.0000 scale=2.0000 norm=1.1190
[iter 400] loss=0.2379 val_loss=0.0000 scale=2.0000 norm=1.0014
[iter 500] loss=-0.2965 val_loss=0.0000 scale=2.0000 norm=0.9012
[iter 600] loss=-0.5323 val_loss=0.0000 scale=1.0000 norm=0.4234
[iter 700] loss=-0.6426 val_loss=0.0000 scale=1.0000 norm=0.4090
[iter 800] loss=-0.7175 val_loss=0.0000 scale=1.0000 norm=0.4033
[iter 900] loss=-0.7801 val_loss=0.0000 scale=0.5000 norm=0.1958
[iter 1000] loss=-0.8174 val_loss=0.0000 scale=0.2500 norm=0.0993
[iter 1100] loss=-0.8497 val_loss=0.0000 scale=1.0000 norm=0.3937
[iter 1200] loss=-0.8771 val_loss=0.0000 scale=0.2500 norm=0.0975
[iter 1300] loss=-0.8842 val_loss=0.0000 scale=0.0010 norm=0.0004
[iter 1400] loss=-0.8848 val_loss=0.0000 scale=1.0000 norm=0.3885
[iter 1500] loss=-0.9050 val_loss=0.0000 scale=1.0000 norm=0.3845
[iter 1600] loss=-0.9103 val_loss=0.0000 scale=0.0010 norm=0.0004
[iter 1700] loss=-0.9103 val_loss=0.0000 scale=0.0010 norm=0.0004
[iter 1800] loss=-0.9107 val_loss=0.0000 scale=0.0010 norm=0.0004
[iter 1900] loss=-0.9107 val_loss=0.0000 scale=0.0010 norm=0.0004
[iter 0] loss=4.1583 val_loss=0.0000 scale=1.0000 norm=11.9237
[iter 100] loss=2.9151 val_loss=0.0000 scale=2.0000 norm=3.6232
[iter 200] loss=1.9387 val_loss=0.0000 scale=2.0000 norm=1.4131
[iter 300] loss=1.0276 val_loss=0.0000 scale=2.0000 norm=1.1622
[iter 400] loss=0.2840 val_loss=0.0000 scale=2.0000 norm=1.0222
[iter 500] loss=-0.1675 val_loss=0.0000 scale=1.0000 norm=0.4550
[iter 600] loss=-0.3616 val_loss=0.0000 scale=1.0000 norm=0.4253
[iter 700] loss=-0.4456 val_loss=0.0000 scale=1.0000 norm=0.4258
[iter 800] loss=-0.4990 val_loss=0.0000 scale=0.5000 norm=0.2134
[iter 900] loss=-0.5320 val_loss=0.0000 scale=1.0000 norm=0.4220
[iter 1000] loss=-0.5462 val_loss=0.0000 scale=0.0625 norm=0.0261
[iter 1100] loss=-0.5489 val_loss=0.0000 scale=0.0010 norm=0.0004
[iter 1200] loss=-0.5544 val_loss=0.0000 scale=0.0010 norm=0.0004
[iter 1300] loss=-0.5549 val_loss=0.0000 scale=0.0010 norm=0.0004
[iter 1400] loss=-0.5623 val_loss=0.0000 scale=0.0010 norm=0.0004
[iter 1500] loss=-0.5628 val_loss=0.0000 scale=0.0010 norm=0.0004
[iter 1600] loss=-0.5628 val_loss=0.0000 scale=0.0156 norm=0.0065
[iter 1700] loss=-0.5658 val_loss=0.0000 scale=0.2500 norm=0.1036
[iter 1800] loss=-0.5731 val_loss=0.0000 scale=0.0010 norm=0.0004
[iter 1900] loss=-0.5736 val_loss=0.0000 scale=0.0010 norm=0.0004
[3/20] BestIter=2000 RMSE: Val=1.0525 Test=0.3318 NLL: Test=0.0977
[iter 0] loss=4.0839 val_loss=0.0000 scale=1.0000 norm=10.7626
[iter 100] loss=2.8310 val_loss=0.0000 scale=2.0000 norm=3.3285
[iter 200] loss=1.8539 val_loss=0.0000 scale=2.0000 norm=1.3557
[iter 300] loss=0.8854 val_loss=0.0000 scale=2.0000 norm=1.1067
[iter 400] loss=0.1608 val_loss=0.0000 scale=2.0000 norm=0.9923
[iter 500] loss=-0.2619 val_loss=0.0000 scale=1.0000 norm=0.4509
[iter 600] loss=-0.4530 val_loss=0.0000 scale=1.0000 norm=0.4309
[iter 700] loss=-0.5987 val_loss=0.0000 scale=1.0000 norm=0.4066
[iter 800] loss=-0.6671 val_loss=0.0000 scale=0.5000 norm=0.2012
[iter 900] loss=-0.7239 val_loss=0.0000 scale=0.5000 norm=0.1965
[iter 1000] loss=-0.7746 val_loss=0.0000 scale=0.5000 norm=0.1936
[iter 1100] loss=-0.8098 val_loss=0.0000 scale=0.1250 norm=0.0485
[iter 1200] loss=-0.8224 val_loss=0.0000 scale=0.0156 norm=0.0061
[iter 1300] loss=-0.8271 val_loss=0.0000 scale=0.5000 norm=0.1953
[iter 1400] loss=-0.8289 val_loss=0.0000 scale=0.0020 norm=0.0008
[iter 1500] loss=-0.8311 val_loss=0.0000 scale=0.0039 norm=0.0015
[iter 1600] loss=-0.8311 val_loss=0.0000 scale=0.0005 norm=0.0002
[iter 1700] loss=-0.8318 val_loss=0.0000 scale=0.0020 norm=0.0008
[iter 1800] loss=-0.8323 val_loss=0.0000 scale=0.0005 norm=0.0002
[iter 1900] loss=-0.8323 val_loss=0.0000 scale=0.0005 norm=0.0002
[iter 0] loss=4.1112 val_loss=0.0000 scale=1.0000 norm=11.1334
[iter 100] loss=2.8603 val_loss=0.0000 scale=2.0000 norm=3.4223
[iter 200] loss=1.8850 val_loss=0.0000 scale=2.0000 norm=1.3938
[iter 300] loss=0.9350 val_loss=0.0000 scale=2.0000 norm=1.1508
[iter 400] loss=0.2131 val_loss=0.0000 scale=2.0000 norm=1.0085
[iter 500] loss=-0.2290 val_loss=0.0000 scale=2.0000 norm=0.9010
[iter 600] loss=-0.3950 val_loss=0.0000 scale=1.0000 norm=0.4307
[iter 700] loss=-0.4635 val_loss=0.0000 scale=1.0000 norm=0.4347
[iter 800] loss=-0.5435 val_loss=0.0000 scale=1.0000 norm=0.4256
[iter 900] loss=-0.5985 val_loss=0.0000 scale=0.5000 norm=0.2092
[iter 1000] loss=-0.6715 val_loss=0.0000 scale=1.0000 norm=0.4125
[iter 1100] loss=-0.7142 val_loss=0.0000 scale=0.2500 norm=0.1014
[iter 1200] loss=-0.7436 val_loss=0.0000 scale=0.5000 norm=0.2017
[iter 1300] loss=-0.7789 val_loss=0.0000 scale=0.2500 norm=0.0990
[iter 1400] loss=-0.8029 val_loss=0.0000 scale=0.5000 norm=0.1971
[iter 1500] loss=-0.8133 val_loss=0.0000 scale=0.0312 norm=0.0123
[iter 1600] loss=-0.8142 val_loss=0.0000 scale=0.0039 norm=0.0015
[iter 1700] loss=-0.8142 val_loss=0.0000 scale=0.0010 norm=0.0004
[iter 1800] loss=-0.8142 val_loss=0.0000 scale=0.0010 norm=0.0004
[iter 1900] loss=-0.8143 val_loss=0.0000 scale=0.0010 norm=0.0004
[4/20] BestIter=2000 RMSE: Val=0.8589 Test=0.4050 NLL: Test=2.2815
[iter 0] loss=4.1422 val_loss=0.0000 scale=1.0000 norm=11.7066
[iter 100] loss=2.8979 val_loss=0.0000 scale=2.0000 norm=3.5654
[iter 200] loss=1.9222 val_loss=0.0000 scale=2.0000 norm=1.3980
[iter 300] loss=1.0090 val_loss=0.0000 scale=2.0000 norm=1.1455
[iter 400] loss=0.2514 val_loss=0.0000 scale=2.0000 norm=1.0285
[iter 500] loss=-0.2264 val_loss=0.0000 scale=1.0000 norm=0.4709
[iter 600] loss=-0.4352 val_loss=0.0000 scale=2.0000 norm=0.8819
[iter 700] loss=-0.5371 val_loss=0.0000 scale=0.5000 norm=0.2225
[iter 800] loss=-0.5886 val_loss=0.0000 scale=0.5000 norm=0.2233
[iter 900] loss=-0.6463 val_loss=0.0000 scale=1.0000 norm=0.4399
[iter 1000] loss=-0.6956 val_loss=0.0000 scale=0.5000 norm=0.2171
[iter 1100] loss=-0.7286 val_loss=0.0000 scale=0.2500 norm=0.1082
[iter 1200] loss=-0.7656 val_loss=0.0000 scale=0.5000 norm=0.2154
[iter 1300] loss=-0.7986 val_loss=0.0000 scale=0.5000 norm=0.2139
[iter 1400] loss=-0.8276 val_loss=0.0000 scale=0.2500 norm=0.1063
[iter 1500] loss=-0.8513 val_loss=0.0000 scale=1.0000 norm=0.4248
[iter 1600] loss=-0.8687 val_loss=0.0000 scale=0.5000 norm=0.2125
[iter 1700] loss=-0.8862 val_loss=0.0000 scale=0.1250 norm=0.0532
[iter 1800] loss=-0.8960 val_loss=0.0000 scale=0.0625 norm=0.0268
[iter 1900] loss=-0.8983 val_loss=0.0000 scale=0.0156 norm=0.0067
[iter 0] loss=4.1210 val_loss=0.0000 scale=1.0000 norm=11.4274
[iter 100] loss=2.8764 val_loss=0.0000 scale=2.0000 norm=3.5035
[iter 200] loss=1.9017 val_loss=0.0000 scale=2.0000 norm=1.4075
[iter 300] loss=0.9910 val_loss=0.0000 scale=2.0000 norm=1.1531
[iter 400] loss=0.2459 val_loss=0.0000 scale=2.0000 norm=1.0146
[iter 500] loss=-0.1959 val_loss=0.0000 scale=2.0000 norm=0.9224
[iter 600] loss=-0.3788 val_loss=0.0000 scale=1.0000 norm=0.4341
[iter 700] loss=-0.5085 val_loss=0.0000 scale=1.0000 norm=0.4225
[iter 800] loss=-0.5863 val_loss=0.0000 scale=1.0000 norm=0.4170
[iter 900] loss=-0.6455 val_loss=0.0000 scale=0.5000 norm=0.2086
[iter 1000] loss=-0.6916 val_loss=0.0000 scale=1.0000 norm=0.4200
[iter 1100] loss=-0.7389 val_loss=0.0000 scale=0.5000 norm=0.2099
[iter 1200] loss=-0.7721 val_loss=0.0000 scale=1.0000 norm=0.4194
[iter 1300] loss=-0.8026 val_loss=0.0000 scale=0.5000 norm=0.2079
[iter 1400] loss=-0.8328 val_loss=0.0000 scale=0.2500 norm=0.1018
[iter 1500] loss=-0.8647 val_loss=0.0000 scale=1.0000 norm=0.4054
[iter 1600] loss=-0.8914 val_loss=0.0000 scale=1.0000 norm=0.4041
[iter 1700] loss=-0.8984 val_loss=0.0000 scale=0.0078 norm=0.0032
[iter 1800] loss=-0.8990 val_loss=0.0000 scale=0.0039 norm=0.0016
[iter 1900] loss=-0.8990 val_loss=0.0000 scale=0.0010 norm=0.0004
[5/20] BestIter=2000 RMSE: Val=0.5738 Test=0.6257 NLL: Test=3.7186
[iter 0] loss=4.1987 val_loss=0.0000 scale=1.0000 norm=12.7300
[iter 100] loss=2.9667 val_loss=0.0000 scale=2.0000 norm=3.8474
[iter 200] loss=1.9892 val_loss=0.0000 scale=2.0000 norm=1.4330
[iter 300] loss=1.0643 val_loss=0.0000 scale=2.0000 norm=1.1596
[iter 400] loss=0.3014 val_loss=0.0000 scale=2.0000 norm=1.0164
[iter 500] loss=-0.1896 val_loss=0.0000 scale=2.0000 norm=0.9042
[iter 600] loss=-0.4016 val_loss=0.0000 scale=1.0000 norm=0.4220
[iter 700] loss=-0.5340 val_loss=0.0000 scale=1.0000 norm=0.4074
[iter 800] loss=-0.6246 val_loss=0.0000 scale=0.5000 norm=0.2017
[iter 900] loss=-0.6775 val_loss=0.0000 scale=1.0000 norm=0.4093
[iter 1000] loss=-0.7110 val_loss=0.0000 scale=0.1250 norm=0.0515
[iter 1100] loss=-0.7261 val_loss=0.0000 scale=0.5000 norm=0.2063
[iter 1200] loss=-0.7309 val_loss=0.0000 scale=0.0039 norm=0.0016
[iter 1300] loss=-0.7320 val_loss=0.0000 scale=0.0039 norm=0.0016
[iter 1400] loss=-0.7348 val_loss=0.0000 scale=0.0078 norm=0.0032
[iter 1500] loss=-0.7431 val_loss=0.0000 scale=0.0010 norm=0.0004
[iter 1600] loss=-0.7434 val_loss=0.0000 scale=0.0625 norm=0.0258
[iter 1700] loss=-0.7683 val_loss=0.0000 scale=1.0000 norm=0.4102
[iter 1800] loss=-0.7973 val_loss=0.0000 scale=0.0312 norm=0.0129
[iter 1900] loss=-0.7974 val_loss=0.0000 scale=0.0010 norm=0.0004
[iter 0] loss=4.1572 val_loss=0.0000 scale=1.0000 norm=11.8671
[iter 100] loss=2.9125 val_loss=0.0000 scale=2.0000 norm=3.5986
[iter 200] loss=1.9358 val_loss=0.0000 scale=2.0000 norm=1.4055
[iter 300] loss=0.9908 val_loss=0.0000 scale=2.0000 norm=1.1412
[iter 400] loss=0.2422 val_loss=0.0000 scale=2.0000 norm=1.0031
[iter 500] loss=-0.2000 val_loss=0.0000 scale=2.0000 norm=0.8883
[iter 600] loss=-0.3871 val_loss=0.0000 scale=1.0000 norm=0.4187
[iter 700] loss=-0.4999 val_loss=0.0000 scale=1.0000 norm=0.4138
[iter 800] loss=-0.5737 val_loss=0.0000 scale=1.0000 norm=0.4174
[iter 900] loss=-0.6242 val_loss=0.0000 scale=1.0000 norm=0.4193
[iter 1000] loss=-0.6611 val_loss=0.0000 scale=0.1250 norm=0.0521
[iter 1100] loss=-0.6875 val_loss=0.0000 scale=1.0000 norm=0.4168
[iter 1200] loss=-0.7057 val_loss=0.0000 scale=0.2500 norm=0.1046
[iter 1300] loss=-0.7276 val_loss=0.0000 scale=0.5000 norm=0.2108
[iter 1400] loss=-0.7326 val_loss=0.0000 scale=0.0010 norm=0.0004
[iter 1500] loss=-0.7326 val_loss=0.0000 scale=0.0010 norm=0.0004
[iter 1600] loss=-0.7326 val_loss=0.0000 scale=0.0010 norm=0.0004
[iter 1700] loss=-0.7336 val_loss=0.0000 scale=0.0010 norm=0.0004
[iter 1800] loss=-0.7336 val_loss=0.0000 scale=0.0010 norm=0.0004
[iter 1900] loss=-0.7336 val_loss=0.0000 scale=0.0010 norm=0.0004
[6/20] BestIter=1786 RMSE: Val=0.4285 Test=0.5200 NLL: Test=0.5102
[iter 0] loss=4.2063 val_loss=0.0000 scale=1.0000 norm=12.8646
[iter 100] loss=2.9750 val_loss=0.0000 scale=2.0000 norm=3.8682
[iter 200] loss=1.9986 val_loss=0.0000 scale=2.0000 norm=1.4492
[iter 300] loss=1.0890 val_loss=0.0000 scale=2.0000 norm=1.1797
[iter 400] loss=0.3505 val_loss=0.0000 scale=2.0000 norm=1.0334
[iter 500] loss=-0.0702 val_loss=0.0000 scale=2.0000 norm=0.9288
[iter 600] loss=-0.3140 val_loss=0.0000 scale=1.0000 norm=0.4294
[iter 700] loss=-0.4669 val_loss=0.0000 scale=1.0000 norm=0.4112
[iter 800] loss=-0.5485 val_loss=0.0000 scale=0.5000 norm=0.2060
[iter 900] loss=-0.6165 val_loss=0.0000 scale=1.0000 norm=0.4094
[iter 1000] loss=-0.6628 val_loss=0.0000 scale=2.0000 norm=0.8044
[iter 1100] loss=-0.6813 val_loss=0.0000 scale=0.1250 norm=0.0499
[iter 1200] loss=-0.6909 val_loss=0.0000 scale=0.0156 norm=0.0063
[iter 1300] loss=-0.6979 val_loss=0.0000 scale=0.0010 norm=0.0004
[iter 1400] loss=-0.6983 val_loss=0.0000 scale=0.0010 norm=0.0004
[iter 1500] loss=-0.7061 val_loss=0.0000 scale=1.0000 norm=0.3999
[iter 1600] loss=-0.7258 val_loss=0.0000 scale=0.1250 norm=0.0497
[iter 1700] loss=-0.7362 val_loss=0.0000 scale=0.5000 norm=0.1988
[iter 1800] loss=-0.7421 val_loss=0.0000 scale=0.2500 norm=0.0994
[iter 1900] loss=-0.7475 val_loss=0.0000 scale=0.5000 norm=0.1990
[iter 0] loss=4.1742 val_loss=0.0000 scale=1.0000 norm=12.1921
[iter 100] loss=2.9348 val_loss=0.0000 scale=2.0000 norm=3.6978
[iter 200] loss=1.9598 val_loss=0.0000 scale=2.0000 norm=1.4340
[iter 300] loss=1.0449 val_loss=0.0000 scale=2.0000 norm=1.1783
[iter 400] loss=0.3187 val_loss=0.0000 scale=2.0000 norm=1.0402
[iter 500] loss=-0.1579 val_loss=0.0000 scale=2.0000 norm=0.9156
[iter 600] loss=-0.3544 val_loss=0.0000 scale=1.0000 norm=0.4383
[iter 700] loss=-0.4622 val_loss=0.0000 scale=2.0000 norm=0.8605
[iter 800] loss=-0.5372 val_loss=0.0000 scale=0.5000 norm=0.2114
[iter 900] loss=-0.5949 val_loss=0.0000 scale=0.5000 norm=0.2104
[iter 1000] loss=-0.6368 val_loss=0.0000 scale=0.2500 norm=0.1032
[iter 1100] loss=-0.6614 val_loss=0.0000 scale=1.0000 norm=0.4055
[iter 1200] loss=-0.6967 val_loss=0.0000 scale=0.5000 norm=0.2041
[iter 1300] loss=-0.7260 val_loss=0.0000 scale=0.2500 norm=0.1016
[iter 1400] loss=-0.7270 val_loss=0.0000 scale=0.0010 norm=0.0004
[iter 1500] loss=-0.7275 val_loss=0.0000 scale=0.0005 norm=0.0002
[iter 1600] loss=-0.7275 val_loss=0.0000 scale=0.0005 norm=0.0002
[iter 1700] loss=-0.7275 val_loss=0.0000 scale=0.0005 norm=0.0002
[iter 1800] loss=-0.7275 val_loss=0.0000 scale=0.0005 norm=0.0002
[iter 1900] loss=-0.7275 val_loss=0.0000 scale=0.0005 norm=0.0002
[7/20] BestIter=2000 RMSE: Val=0.6311 Test=0.2338 NLL: Test=-0.2462
[iter 0] loss=4.1534 val_loss=0.0000 scale=1.0000 norm=11.8985
[iter 100] loss=2.9120 val_loss=0.0000 scale=2.0000 norm=3.6090
[iter 200] loss=1.9328 val_loss=0.0000 scale=2.0000 norm=1.3897
[iter 300] loss=0.9283 val_loss=0.0000 scale=2.0000 norm=1.1173
[iter 400] loss=0.1631 val_loss=0.0000 scale=2.0000 norm=0.9850
[iter 500] loss=-0.3115 val_loss=0.0000 scale=2.0000 norm=0.8897
[iter 600] loss=-0.5463 val_loss=0.0000 scale=2.0000 norm=0.8405
[iter 700] loss=-0.6470 val_loss=0.0000 scale=1.0000 norm=0.4149
[iter 800] loss=-0.7063 val_loss=0.0000 scale=0.5000 norm=0.2038
[iter 900] loss=-0.7376 val_loss=0.0000 scale=1.0000 norm=0.4013
[iter 1000] loss=-0.7633 val_loss=0.0000 scale=0.5000 norm=0.2002
[iter 1100] loss=-0.7844 val_loss=0.0000 scale=1.0000 norm=0.3950
[iter 1200] loss=-0.8131 val_loss=0.0000 scale=0.5000 norm=0.1974
[iter 1300] loss=-0.8361 val_loss=0.0000 scale=0.0010 norm=0.0004
[iter 1400] loss=-0.8388 val_loss=0.0000 scale=0.0010 norm=0.0004
[iter 1500] loss=-0.8388 val_loss=0.0000 scale=0.0010 norm=0.0004
[iter 1600] loss=-0.8388 val_loss=0.0000 scale=0.0010 norm=0.0004
[iter 1700] loss=-0.8388 val_loss=0.0000 scale=0.0010 norm=0.0004
[iter 1800] loss=-0.8398 val_loss=0.0000 scale=0.0010 norm=0.0004
[iter 1900] loss=-0.8398 val_loss=0.0000 scale=0.0010 norm=0.0004
[iter 0] loss=4.1395 val_loss=0.0000 scale=1.0000 norm=11.6597
[iter 100] loss=2.8953 val_loss=0.0000 scale=2.0000 norm=3.5496
[iter 200] loss=1.9196 val_loss=0.0000 scale=2.0000 norm=1.4045
[iter 300] loss=0.9799 val_loss=0.0000 scale=2.0000 norm=1.1471
[iter 400] loss=0.2299 val_loss=0.0000 scale=2.0000 norm=1.0110
[iter 500] loss=-0.2405 val_loss=0.0000 scale=1.0000 norm=0.4522
[iter 600] loss=-0.4255 val_loss=0.0000 scale=1.0000 norm=0.4303
[iter 700] loss=-0.5166 val_loss=0.0000 scale=1.0000 norm=0.4214
[iter 800] loss=-0.6037 val_loss=0.0000 scale=1.0000 norm=0.4146
[iter 900] loss=-0.6603 val_loss=0.0000 scale=1.0000 norm=0.4105
[iter 1000] loss=-0.7004 val_loss=0.0000 scale=2.0000 norm=0.8171
[iter 1100] loss=-0.7353 val_loss=0.0000 scale=0.5000 norm=0.2035
[iter 1200] loss=-0.7546 val_loss=0.0000 scale=0.5000 norm=0.2044
[iter 1300] loss=-0.7744 val_loss=0.0000 scale=1.0000 norm=0.4099
[iter 1400] loss=-0.7922 val_loss=0.0000 scale=0.2500 norm=0.1022
[iter 1500] loss=-0.8206 val_loss=0.0000 scale=0.1250 norm=0.0505
[iter 1600] loss=-0.8339 val_loss=0.0000 scale=0.0625 norm=0.0252
[iter 1700] loss=-0.8381 val_loss=0.0000 scale=0.0010 norm=0.0004
[iter 1800] loss=-0.8428 val_loss=0.0000 scale=0.5000 norm=0.2018
[iter 1900] loss=-0.8541 val_loss=0.0000 scale=0.0625 norm=0.0252
[8/20] BestIter=2000 RMSE: Val=0.5885 Test=0.7739 NLL: Test=2.3001
[iter 0] loss=4.0812 val_loss=0.0000 scale=1.0000 norm=10.5651
[iter 100] loss=2.8245 val_loss=0.0000 scale=2.0000 norm=3.2978
[iter 200] loss=1.8456 val_loss=0.0000 scale=2.0000 norm=1.3256
[iter 300] loss=0.8957 val_loss=0.0000 scale=2.0000 norm=1.1077
[iter 400] loss=0.1186 val_loss=0.0000 scale=2.0000 norm=0.9730
[iter 500] loss=-0.3598 val_loss=0.0000 scale=1.0000 norm=0.4380
[iter 600] loss=-0.5254 val_loss=0.0000 scale=1.0000 norm=0.4357
[iter 700] loss=-0.6044 val_loss=0.0000 scale=0.5000 norm=0.2244
[iter 800] loss=-0.6489 val_loss=0.0000 scale=0.5000 norm=0.2263
[iter 900] loss=-0.6751 val_loss=0.0000 scale=1.0000 norm=0.4515
[iter 1000] loss=-0.7129 val_loss=0.0000 scale=1.0000 norm=0.4431
[iter 1100] loss=-0.7409 val_loss=0.0000 scale=1.0000 norm=0.4324
[iter 1200] loss=-0.7509 val_loss=0.0000 scale=0.1250 norm=0.0536
[iter 1300] loss=-0.7648 val_loss=0.0000 scale=1.0000 norm=0.4255
[iter 1400] loss=-0.7704 val_loss=0.0000 scale=0.0039 norm=0.0017
[iter 1500] loss=-0.7708 val_loss=0.0000 scale=0.0010 norm=0.0004
[iter 1600] loss=-0.7708 val_loss=0.0000 scale=0.0010 norm=0.0004
[iter 1700] loss=-0.7708 val_loss=0.0000 scale=0.0010 norm=0.0004
[iter 1800] loss=-0.7732 val_loss=0.0000 scale=0.0010 norm=0.0004
[iter 1900] loss=-0.7732 val_loss=0.0000 scale=0.0010 norm=0.0004
[iter 0] loss=4.1508 val_loss=0.0000 scale=1.0000 norm=11.6805
[iter 100] loss=2.9046 val_loss=0.0000 scale=2.0000 norm=3.5792
[iter 200] loss=1.9270 val_loss=0.0000 scale=2.0000 norm=1.3873
[iter 300] loss=1.0064 val_loss=0.0000 scale=2.0000 norm=1.1403
[iter 400] loss=0.2562 val_loss=0.0000 scale=2.0000 norm=1.0155
[iter 500] loss=-0.2181 val_loss=0.0000 scale=2.0000 norm=0.9189
[iter 600] loss=-0.4340 val_loss=0.0000 scale=0.5000 norm=0.2194
[iter 700] loss=-0.5283 val_loss=0.0000 scale=0.5000 norm=0.2166
[iter 800] loss=-0.5875 val_loss=0.0000 scale=0.2500 norm=0.1053
[iter 900] loss=-0.6181 val_loss=0.0000 scale=0.0078 norm=0.0033
[iter 1000] loss=-0.6181 val_loss=0.0000 scale=0.0005 norm=0.0002
[iter 1100] loss=-0.6181 val_loss=0.0000 scale=0.0005 norm=0.0002
[iter 1200] loss=-0.6181 val_loss=0.0000 scale=0.0005 norm=0.0002
[iter 1300] loss=-0.6181 val_loss=0.0000 scale=0.0005 norm=0.0002
[iter 1400] loss=-0.6181 val_loss=0.0000 scale=0.0005 norm=0.0002
[iter 1500] loss=-0.6190 val_loss=0.0000 scale=0.0020 norm=0.0008
[iter 1600] loss=-0.6190 val_loss=0.0000 scale=0.0005 norm=0.0002
[iter 1700] loss=-0.6190 val_loss=0.0000 scale=0.0005 norm=0.0002
[iter 1800] loss=-0.6190 val_loss=0.0000 scale=0.0005 norm=0.0002
[iter 1900] loss=-0.6190 val_loss=0.0000 scale=0.0005 norm=0.0002
[9/20] BestIter=1722 RMSE: Val=0.8133 Test=0.4799 NLL: Test=0.8746
[iter 0] loss=4.1867 val_loss=0.0000 scale=1.0000 norm=12.2174
[iter 100] loss=2.9436 val_loss=0.0000 scale=2.0000 norm=3.7053
[iter 200] loss=1.9648 val_loss=0.0000 scale=2.0000 norm=1.4059
[iter 300] loss=1.0172 val_loss=0.0000 scale=2.0000 norm=1.1542
[iter 400] loss=0.2762 val_loss=0.0000 scale=2.0000 norm=1.0378
[iter 500] loss=-0.1348 val_loss=0.0000 scale=1.0000 norm=0.4737
[iter 600] loss=-0.3298 val_loss=0.0000 scale=1.0000 norm=0.4539
[iter 700] loss=-0.4373 val_loss=0.0000 scale=1.0000 norm=0.4535
[iter 800] loss=-0.5175 val_loss=0.0000 scale=0.5000 norm=0.2244
[iter 900] loss=-0.5846 val_loss=0.0000 scale=0.5000 norm=0.2218
[iter 1000] loss=-0.6123 val_loss=0.0000 scale=1.0000 norm=0.4422
[iter 1100] loss=-0.6461 val_loss=0.0000 scale=0.5000 norm=0.2210
[iter 1200] loss=-0.6931 val_loss=0.0000 scale=0.2500 norm=0.1093
[iter 1300] loss=-0.7377 val_loss=0.0000 scale=0.5000 norm=0.2181
[iter 1400] loss=-0.7729 val_loss=0.0000 scale=0.0625 norm=0.0273
[iter 1500] loss=-0.7846 val_loss=0.0000 scale=0.0312 norm=0.0137
[iter 1600] loss=-0.8035 val_loss=0.0000 scale=0.1250 norm=0.0550
[iter 1700] loss=-0.8390 val_loss=0.0000 scale=0.2500 norm=0.1103
[iter 1800] loss=-0.8618 val_loss=0.0000 scale=0.5000 norm=0.2213
[iter 1900] loss=-0.8833 val_loss=0.0000 scale=0.2500 norm=0.1106
[iter 0] loss=4.1639 val_loss=0.0000 scale=1.0000 norm=11.9161
[iter 100] loss=2.9211 val_loss=0.0000 scale=2.0000 norm=3.6408
[iter 200] loss=1.9447 val_loss=0.0000 scale=2.0000 norm=1.4063
[iter 300] loss=1.0186 val_loss=0.0000 scale=2.0000 norm=1.1474
[iter 400] loss=0.2786 val_loss=0.0000 scale=2.0000 norm=1.0223
[iter 500] loss=-0.1589 val_loss=0.0000 scale=1.0000 norm=0.4626
[iter 600] loss=-0.3416 val_loss=0.0000 scale=1.0000 norm=0.4415
[iter 700] loss=-0.4334 val_loss=0.0000 scale=1.0000 norm=0.4309
[iter 800] loss=-0.4828 val_loss=0.0000 scale=0.5000 norm=0.2146
[iter 900] loss=-0.5272 val_loss=0.0000 scale=0.5000 norm=0.2107
[iter 1000] loss=-0.5655 val_loss=0.0000 scale=0.5000 norm=0.2053
[iter 1100] loss=-0.5960 val_loss=0.0000 scale=1.0000 norm=0.4012
[iter 1200] loss=-0.6184 val_loss=0.0000 scale=0.1250 norm=0.0497
[iter 1300] loss=-0.6415 val_loss=0.0000 scale=0.5000 norm=0.1967
[iter 1400] loss=-0.6741 val_loss=0.0000 scale=0.1250 norm=0.0487
[iter 1500] loss=-0.7021 val_loss=0.0000 scale=0.5000 norm=0.1931
[iter 1600] loss=-0.7228 val_loss=0.0000 scale=0.0625 norm=0.0240
[iter 1700] loss=-0.7412 val_loss=0.0000 scale=0.1250 norm=0.0478
[iter 1800] loss=-0.7486 val_loss=0.0000 scale=0.0078 norm=0.0030
[iter 1900] loss=-0.7702 val_loss=0.0000 scale=0.5000 norm=0.1887
[10/20] BestIter=436 RMSE: Val=0.5747 Test=0.4791 NLL: Test=0.0974
[iter 0] loss=4.1062 val_loss=0.0000 scale=1.0000 norm=11.1856
[iter 100] loss=2.8580 val_loss=0.0000 scale=2.0000 norm=3.4474
[iter 200] loss=1.8856 val_loss=0.0000 scale=2.0000 norm=1.3943
[iter 300] loss=0.9586 val_loss=0.0000 scale=2.0000 norm=1.1335
[iter 400] loss=0.2130 val_loss=0.0000 scale=2.0000 norm=1.0076
[iter 500] loss=-0.2716 val_loss=0.0000 scale=2.0000 norm=0.9046
[iter 600] loss=-0.4936 val_loss=0.0000 scale=0.5000 norm=0.2125
[iter 700] loss=-0.5859 val_loss=0.0000 scale=1.0000 norm=0.4300
[iter 800] loss=-0.6483 val_loss=0.0000 scale=2.0000 norm=0.8714
[iter 900] loss=-0.6852 val_loss=0.0000 scale=1.0000 norm=0.4396
[iter 1000] loss=-0.7102 val_loss=0.0000 scale=1.0000 norm=0.4405
[iter 1100] loss=-0.7246 val_loss=0.0000 scale=0.2500 norm=0.1108
[iter 1200] loss=-0.7388 val_loss=0.0000 scale=0.1250 norm=0.0555
[iter 1300] loss=-0.7631 val_loss=0.0000 scale=0.5000 norm=0.2177
[iter 1400] loss=-0.7738 val_loss=0.0000 scale=0.1250 norm=0.0537
[iter 1500] loss=-0.7805 val_loss=0.0000 scale=0.0010 norm=0.0004
[iter 1600] loss=-0.7805 val_loss=0.0000 scale=0.0010 norm=0.0004
[iter 1700] loss=-0.7805 val_loss=0.0000 scale=0.0010 norm=0.0004
[iter 1800] loss=-0.7805 val_loss=0.0000 scale=0.0010 norm=0.0004
[iter 1900] loss=-0.7805 val_loss=0.0000 scale=0.0010 norm=0.0004
[iter 0] loss=4.1096 val_loss=0.0000 scale=1.0000 norm=11.0157
[iter 100] loss=2.8538 val_loss=0.0000 scale=2.0000 norm=3.3866
[iter 200] loss=1.8779 val_loss=0.0000 scale=2.0000 norm=1.3721
[iter 300] loss=0.8948 val_loss=0.0000 scale=2.0000 norm=1.1182
[iter 400] loss=0.1641 val_loss=0.0000 scale=2.0000 norm=0.9842
[iter 500] loss=-0.2707 val_loss=0.0000 scale=1.0000 norm=0.4323
[iter 600] loss=-0.4652 val_loss=0.0000 scale=1.0000 norm=0.3998
[iter 700] loss=-0.5718 val_loss=0.0000 scale=1.0000 norm=0.3910
[iter 800] loss=-0.6549 val_loss=0.0000 scale=1.0000 norm=0.3863
[iter 900] loss=-0.7461 val_loss=0.0000 scale=1.0000 norm=0.3797
[iter 1000] loss=-0.7751 val_loss=0.0000 scale=1.0000 norm=0.3817
[iter 1100] loss=-0.8215 val_loss=0.0000 scale=0.5000 norm=0.1890
[iter 1200] loss=-0.8568 val_loss=0.0000 scale=1.0000 norm=0.3773
[iter 1300] loss=-0.8855 val_loss=0.0000 scale=0.0625 norm=0.0237
[iter 1400] loss=-0.8938 val_loss=0.0000 scale=0.5000 norm=0.1908
[iter 1500] loss=-0.9161 val_loss=0.0000 scale=0.5000 norm=0.1926
[iter 1600] loss=-0.9226 val_loss=0.0000 scale=0.0010 norm=0.0004
[iter 1700] loss=-0.9226 val_loss=0.0000 scale=0.0010 norm=0.0004
[iter 1800] loss=-0.9226 val_loss=0.0000 scale=0.0010 norm=0.0004
[iter 1900] loss=-0.9226 val_loss=0.0000 scale=0.0010 norm=0.0004
[11/20] BestIter=2000 RMSE: Val=0.9313 Test=0.4523 NLL: Test=1.6835
[iter 0] loss=4.1614 val_loss=0.0000 scale=1.0000 norm=11.8983
[iter 100] loss=2.9164 val_loss=0.0000 scale=2.0000 norm=3.6235
[iter 200] loss=1.9398 val_loss=0.0000 scale=2.0000 norm=1.3989
[iter 300] loss=1.0188 val_loss=0.0000 scale=2.0000 norm=1.1380
[iter 400] loss=0.2657 val_loss=0.0000 scale=2.0000 norm=1.0170
[iter 500] loss=-0.2131 val_loss=0.0000 scale=2.0000 norm=0.9195
[iter 600] loss=-0.4199 val_loss=0.0000 scale=1.0000 norm=0.4277
[iter 700] loss=-0.5216 val_loss=0.0000 scale=1.0000 norm=0.4268
[iter 800] loss=-0.5982 val_loss=0.0000 scale=1.0000 norm=0.4209
[iter 900] loss=-0.6486 val_loss=0.0000 scale=0.5000 norm=0.2107
[iter 1000] loss=-0.6969 val_loss=0.0000 scale=0.5000 norm=0.2077
[iter 1100] loss=-0.7248 val_loss=0.0000 scale=0.5000 norm=0.2048
[iter 1200] loss=-0.7264 val_loss=0.0000 scale=0.2500 norm=0.1026
[iter 1300] loss=-0.7264 val_loss=0.0000 scale=0.0010 norm=0.0004
[iter 1400] loss=-0.7348 val_loss=0.0000 scale=0.0010 norm=0.0004
[iter 1500] loss=-0.7348 val_loss=0.0000 scale=0.0010 norm=0.0004
[iter 1600] loss=-0.7366 val_loss=0.0000 scale=0.0312 norm=0.0127
[iter 1700] loss=-0.7503 val_loss=0.0000 scale=0.1250 norm=0.0509
[iter 1800] loss=-0.7795 val_loss=0.0000 scale=0.5000 norm=0.1997
[iter 1900] loss=-0.8166 val_loss=0.0000 scale=1.0000 norm=0.3921
[iter 0] loss=4.1533 val_loss=0.0000 scale=1.0000 norm=11.7770
[iter 100] loss=2.9076 val_loss=0.0000 scale=2.0000 norm=3.5860
[iter 200] loss=1.9318 val_loss=0.0000 scale=2.0000 norm=1.4030
[iter 300] loss=1.0045 val_loss=0.0000 scale=2.0000 norm=1.1404
[iter 400] loss=0.2485 val_loss=0.0000 scale=2.0000 norm=0.9988
[iter 500] loss=-0.2308 val_loss=0.0000 scale=1.0000 norm=0.4447
[iter 600] loss=-0.4225 val_loss=0.0000 scale=1.0000 norm=0.4286
[iter 700] loss=-0.5289 val_loss=0.0000 scale=1.0000 norm=0.4265
[iter 800] loss=-0.6179 val_loss=0.0000 scale=1.0000 norm=0.4232
[iter 900] loss=-0.6946 val_loss=0.0000 scale=1.0000 norm=0.4158
[iter 1000] loss=-0.7498 val_loss=0.0000 scale=0.5000 norm=0.2049
[iter 1100] loss=-0.7861 val_loss=0.0000 scale=0.2500 norm=0.1014
[iter 1200] loss=-0.8056 val_loss=0.0000 scale=0.2500 norm=0.1010
[iter 1300] loss=-0.8057 val_loss=0.0000 scale=0.0010 norm=0.0004
[iter 1400] loss=-0.8057 val_loss=0.0000 scale=0.0010 norm=0.0004
[iter 1500] loss=-0.8057 val_loss=0.0000 scale=0.0020 norm=0.0008
[iter 1600] loss=-0.8062 val_loss=0.0000 scale=0.0005 norm=0.0002
[iter 1700] loss=-0.8062 val_loss=0.0000 scale=0.0005 norm=0.0002
[iter 1800] loss=-0.8062 val_loss=0.0000 scale=0.0005 norm=0.0002
[iter 1900] loss=-0.8062 val_loss=0.0000 scale=0.0005 norm=0.0002
[12/20] BestIter=1977 RMSE: Val=0.4393 Test=0.8036 NLL: Test=3.2554
[iter 0] loss=4.1664 val_loss=0.0000 scale=1.0000 norm=12.0733
[iter 100] loss=2.9244 val_loss=0.0000 scale=2.0000 norm=3.6497
[iter 200] loss=1.9499 val_loss=0.0000 scale=2.0000 norm=1.4249
[iter 300] loss=1.0031 val_loss=0.0000 scale=2.0000 norm=1.1497
[iter 400] loss=0.2702 val_loss=0.0000 scale=2.0000 norm=1.0346
[iter 500] loss=-0.1751 val_loss=0.0000 scale=2.0000 norm=0.9447
[iter 600] loss=-0.4140 val_loss=0.0000 scale=1.0000 norm=0.4412
[iter 700] loss=-0.5413 val_loss=0.0000 scale=1.0000 norm=0.4301
[iter 800] loss=-0.6205 val_loss=0.0000 scale=0.2500 norm=0.1084
[iter 900] loss=-0.6736 val_loss=0.0000 scale=1.0000 norm=0.4392
[iter 1000] loss=-0.6761 val_loss=0.0000 scale=0.0156 norm=0.0069
[iter 1100] loss=-0.6971 val_loss=0.0000 scale=2.0000 norm=0.8777
[iter 1200] loss=-0.7386 val_loss=0.0000 scale=0.2500 norm=0.1083
[iter 1300] loss=-0.7866 val_loss=0.0000 scale=1.0000 norm=0.4298
[iter 1400] loss=-0.8270 val_loss=0.0000 scale=1.0000 norm=0.4261
[iter 1500] loss=-0.8730 val_loss=0.0000 scale=0.2500 norm=0.1050
[iter 1600] loss=-0.9172 val_loss=0.0000 scale=0.5000 norm=0.2060
[iter 1700] loss=-0.9554 val_loss=0.0000 scale=0.5000 norm=0.2022
[iter 1800] loss=-0.9689 val_loss=0.0000 scale=0.2500 norm=0.1006
[iter 1900] loss=-0.9750 val_loss=0.0000 scale=0.0010 norm=0.0004
[iter 0] loss=4.1281 val_loss=0.0000 scale=1.0000 norm=11.3841
[iter 100] loss=2.8797 val_loss=0.0000 scale=2.0000 norm=3.4953
[iter 200] loss=1.9038 val_loss=0.0000 scale=2.0000 norm=1.3953
[iter 300] loss=0.9735 val_loss=0.0000 scale=2.0000 norm=1.1390
[iter 400] loss=0.2338 val_loss=0.0000 scale=2.0000 norm=1.0116
[iter 500] loss=-0.2408 val_loss=0.0000 scale=2.0000 norm=0.9117
[iter 600] loss=-0.4749 val_loss=0.0000 scale=2.0000 norm=0.8296
[iter 700] loss=-0.5827 val_loss=0.0000 scale=1.0000 norm=0.4055
[iter 800] loss=-0.6307 val_loss=0.0000 scale=1.0000 norm=0.4118
[iter 900] loss=-0.6797 val_loss=0.0000 scale=0.2500 norm=0.1038
[iter 1000] loss=-0.7024 val_loss=0.0000 scale=0.5000 norm=0.2097
[iter 1100] loss=-0.7366 val_loss=0.0000 scale=0.2500 norm=0.1040
[iter 1200] loss=-0.7735 val_loss=0.0000 scale=1.0000 norm=0.4123
[iter 1300] loss=-0.8101 val_loss=0.0000 scale=0.5000 norm=0.2058
[iter 1400] loss=-0.8298 val_loss=0.0000 scale=0.2500 norm=0.1029
[iter 1500] loss=-0.8536 val_loss=0.0000 scale=1.0000 norm=0.4061
[iter 1600] loss=-0.8608 val_loss=0.0000 scale=0.0010 norm=0.0004
[iter 1700] loss=-0.8608 val_loss=0.0000 scale=0.0010 norm=0.0004
[iter 1800] loss=-0.8616 val_loss=0.0000 scale=0.0010 norm=0.0004
[iter 1900] loss=-0.8675 val_loss=0.0000 scale=0.0010 norm=0.0004
[13/20] BestIter=1813 RMSE: Val=0.4185 Test=0.7049 NLL: Test=2.5706
[iter 0] loss=4.1099 val_loss=0.0000 scale=1.0000 norm=11.0951
[iter 100] loss=2.8572 val_loss=0.0000 scale=2.0000 norm=3.3954
[iter 200] loss=1.8818 val_loss=0.0000 scale=2.0000 norm=1.3788
[iter 300] loss=0.9694 val_loss=0.0000 scale=2.0000 norm=1.1350
[iter 400] loss=0.2235 val_loss=0.0000 scale=2.0000 norm=1.0226
[iter 500] loss=-0.2627 val_loss=0.0000 scale=2.0000 norm=0.9319
[iter 600] loss=-0.5237 val_loss=0.0000 scale=1.0000 norm=0.4280
[iter 700] loss=-0.6261 val_loss=0.0000 scale=1.0000 norm=0.4167
[iter 800] loss=-0.7249 val_loss=0.0000 scale=0.5000 norm=0.2013
[iter 900] loss=-0.7912 val_loss=0.0000 scale=0.5000 norm=0.1994
[iter 1000] loss=-0.8322 val_loss=0.0000 scale=0.5000 norm=0.1989
[iter 1100] loss=-0.8582 val_loss=0.0000 scale=0.2500 norm=0.0996
[iter 1200] loss=-0.8878 val_loss=0.0000 scale=1.0000 norm=0.3948
[iter 1300] loss=-0.9233 val_loss=0.0000 scale=0.5000 norm=0.1940
[iter 1400] loss=-0.9473 val_loss=0.0000 scale=0.2500 norm=0.0981
[iter 1500] loss=-0.9670 val_loss=0.0000 scale=0.2500 norm=0.0988
[iter 1600] loss=-0.9816 val_loss=0.0000 scale=0.2500 norm=0.0993
[iter 1700] loss=-0.9951 val_loss=0.0000 scale=0.5000 norm=0.1980
[iter 1800] loss=-1.0085 val_loss=0.0000 scale=0.5000 norm=0.1978
[iter 1900] loss=-1.0227 val_loss=0.0000 scale=1.0000 norm=0.3977
[iter 0] loss=4.1278 val_loss=0.0000 scale=1.0000 norm=11.3282
[iter 100] loss=2.8770 val_loss=0.0000 scale=2.0000 norm=3.4696
[iter 200] loss=1.9027 val_loss=0.0000 scale=2.0000 norm=1.3993
[iter 300] loss=0.9937 val_loss=0.0000 scale=2.0000 norm=1.1505
[iter 400] loss=0.2640 val_loss=0.0000 scale=2.0000 norm=1.0230
[iter 500] loss=-0.1576 val_loss=0.0000 scale=1.0000 norm=0.4635
[iter 600] loss=-0.3686 val_loss=0.0000 scale=1.0000 norm=0.4353
[iter 700] loss=-0.4783 val_loss=0.0000 scale=0.5000 norm=0.2120
[iter 800] loss=-0.5583 val_loss=0.0000 scale=1.0000 norm=0.4114
[iter 900] loss=-0.6211 val_loss=0.0000 scale=0.5000 norm=0.2015
[iter 1000] loss=-0.6688 val_loss=0.0000 scale=1.0000 norm=0.3979
[iter 1100] loss=-0.7008 val_loss=0.0000 scale=0.2500 norm=0.0992
[iter 1200] loss=-0.7220 val_loss=0.0000 scale=0.0625 norm=0.0250
[iter 1300] loss=-0.7568 val_loss=0.0000 scale=1.0000 norm=0.4024
[iter 1400] loss=-0.8050 val_loss=0.0000 scale=0.5000 norm=0.2004
[iter 1500] loss=-0.8265 val_loss=0.0000 scale=0.5000 norm=0.2009
[iter 1600] loss=-0.8564 val_loss=0.0000 scale=1.0000 norm=0.4029
[iter 1700] loss=-0.8822 val_loss=0.0000 scale=0.5000 norm=0.2012
[iter 1800] loss=-0.9006 val_loss=0.0000 scale=0.2500 norm=0.0998
[iter 1900] loss=-0.9108 val_loss=0.0000 scale=0.1250 norm=0.0500
[14/20] BestIter=2000 RMSE: Val=1.0020 Test=0.5835 NLL: Test=3.0478
[iter 0] loss=4.1606 val_loss=0.0000 scale=1.0000 norm=11.9319
[iter 100] loss=2.9165 val_loss=0.0000 scale=2.0000 norm=3.6186
[iter 200] loss=1.9361 val_loss=0.0000 scale=2.0000 norm=1.3667
[iter 300] loss=0.9626 val_loss=0.0000 scale=2.0000 norm=1.1211
[iter 400] loss=0.2040 val_loss=0.0000 scale=2.0000 norm=1.0079
[iter 500] loss=-0.2570 val_loss=0.0000 scale=2.0000 norm=0.9132
[iter 600] loss=-0.4813 val_loss=0.0000 scale=1.0000 norm=0.4326
[iter 700] loss=-0.5854 val_loss=0.0000 scale=1.0000 norm=0.4326
[iter 800] loss=-0.6496 val_loss=0.0000 scale=0.5000 norm=0.2181
[iter 900] loss=-0.6954 val_loss=0.0000 scale=1.0000 norm=0.4349
[iter 1000] loss=-0.7413 val_loss=0.0000 scale=0.5000 norm=0.2159
[iter 1100] loss=-0.7852 val_loss=0.0000 scale=1.0000 norm=0.4254
[iter 1200] loss=-0.8148 val_loss=0.0000 scale=0.2500 norm=0.1059
[iter 1300] loss=-0.8211 val_loss=0.0000 scale=0.5000 norm=0.2126
[iter 1400] loss=-0.8414 val_loss=0.0000 scale=0.2500 norm=0.1061
[iter 1500] loss=-0.8679 val_loss=0.0000 scale=0.1250 norm=0.0523
[iter 1600] loss=-0.8874 val_loss=0.0000 scale=0.5000 norm=0.2061
[iter 1700] loss=-0.9068 val_loss=0.0000 scale=0.0625 norm=0.0256
[iter 1800] loss=-0.9156 val_loss=0.0000 scale=1.0000 norm=0.4079
[iter 1900] loss=-0.9325 val_loss=0.0000 scale=0.0010 norm=0.0004
[iter 0] loss=4.1309 val_loss=0.0000 scale=1.0000 norm=11.4359
[iter 100] loss=2.8825 val_loss=0.0000 scale=2.0000 norm=3.4966
[iter 200] loss=1.9054 val_loss=0.0000 scale=2.0000 norm=1.3891
[iter 300] loss=0.9911 val_loss=0.0000 scale=2.0000 norm=1.1537
[iter 400] loss=0.2317 val_loss=0.0000 scale=2.0000 norm=1.0174
[iter 500] loss=-0.2497 val_loss=0.0000 scale=1.0000 norm=0.4544
[iter 600] loss=-0.4445 val_loss=0.0000 scale=1.0000 norm=0.4291
[iter 700] loss=-0.5691 val_loss=0.0000 scale=1.0000 norm=0.4274
[iter 800] loss=-0.6518 val_loss=0.0000 scale=1.0000 norm=0.4287
[iter 900] loss=-0.7104 val_loss=0.0000 scale=0.5000 norm=0.2131
[iter 1000] loss=-0.7486 val_loss=0.0000 scale=0.1250 norm=0.0527
[iter 1100] loss=-0.7649 val_loss=0.0000 scale=0.0312 norm=0.0131
[iter 1200] loss=-0.7680 val_loss=0.0000 scale=0.0010 norm=0.0004
[iter 1300] loss=-0.7680 val_loss=0.0000 scale=0.0010 norm=0.0004
[iter 1400] loss=-0.7680 val_loss=0.0000 scale=0.0010 norm=0.0004
[iter 1500] loss=-0.7680 val_loss=0.0000 scale=0.0010 norm=0.0004
[iter 1600] loss=-0.7684 val_loss=0.0000 scale=0.0078 norm=0.0033
[iter 1700] loss=-0.7687 val_loss=0.0000 scale=0.0010 norm=0.0004
[iter 1800] loss=-0.7687 val_loss=0.0000 scale=0.0010 norm=0.0004
[iter 1900] loss=-0.7687 val_loss=0.0000 scale=0.0010 norm=0.0004
[15/20] BestIter=1999 RMSE: Val=0.6093 Test=0.9425 NLL: Test=3.7344
[iter 0] loss=4.1402 val_loss=0.0000 scale=1.0000 norm=11.5816
[iter 100] loss=2.8975 val_loss=0.0000 scale=2.0000 norm=3.5747
[iter 200] loss=1.9220 val_loss=0.0000 scale=2.0000 norm=1.4038
[iter 300] loss=0.9969 val_loss=0.0000 scale=2.0000 norm=1.1300
[iter 400] loss=0.2447 val_loss=0.0000 scale=2.0000 norm=1.0043
[iter 500] loss=-0.2549 val_loss=0.0000 scale=2.0000 norm=0.9089
[iter 600] loss=-0.4739 val_loss=0.0000 scale=1.0000 norm=0.4325
[iter 700] loss=-0.5774 val_loss=0.0000 scale=1.0000 norm=0.4173
[iter 800] loss=-0.6580 val_loss=0.0000 scale=1.0000 norm=0.4045
[iter 900] loss=-0.7141 val_loss=0.0000 scale=0.2500 norm=0.0989
[iter 1000] loss=-0.7474 val_loss=0.0000 scale=0.5000 norm=0.1957
[iter 1100] loss=-0.7623 val_loss=0.0000 scale=0.5000 norm=0.1973
[iter 1200] loss=-0.7787 val_loss=0.0000 scale=0.5000 norm=0.1989
[iter 1300] loss=-0.7920 val_loss=0.0000 scale=0.0625 norm=0.0248
[iter 1400] loss=-0.7956 val_loss=0.0000 scale=0.1250 norm=0.0499
[iter 1500] loss=-0.7977 val_loss=0.0000 scale=0.0010 norm=0.0004
[iter 1600] loss=-0.7979 val_loss=0.0000 scale=0.0010 norm=0.0004
[iter 1700] loss=-0.7979 val_loss=0.0000 scale=0.0010 norm=0.0004
[iter 1800] loss=-0.7980 val_loss=0.0000 scale=0.0010 norm=0.0004
[iter 1900] loss=-0.7980 val_loss=0.0000 scale=0.0625 norm=0.0250
[iter 0] loss=4.1435 val_loss=0.0000 scale=1.0000 norm=11.5353
[iter 100] loss=2.8965 val_loss=0.0000 scale=2.0000 norm=3.5529
[iter 200] loss=1.9203 val_loss=0.0000 scale=2.0000 norm=1.3930
[iter 300] loss=0.9917 val_loss=0.0000 scale=2.0000 norm=1.1320
[iter 400] loss=0.2493 val_loss=0.0000 scale=2.0000 norm=1.0017
[iter 500] loss=-0.1968 val_loss=0.0000 scale=2.0000 norm=0.9129
[iter 600] loss=-0.3910 val_loss=0.0000 scale=1.0000 norm=0.4334
[iter 700] loss=-0.4953 val_loss=0.0000 scale=2.0000 norm=0.8486
[iter 800] loss=-0.5605 val_loss=0.0000 scale=1.0000 norm=0.4234
[iter 900] loss=-0.6081 val_loss=0.0000 scale=1.0000 norm=0.4157
[iter 1000] loss=-0.6301 val_loss=0.0000 scale=0.1250 norm=0.0521
[iter 1100] loss=-0.6350 val_loss=0.0000 scale=0.0156 norm=0.0065
[iter 1200] loss=-0.6366 val_loss=0.0000 scale=0.0010 norm=0.0004
[iter 1300] loss=-0.6366 val_loss=0.0000 scale=0.0010 norm=0.0004
[iter 1400] loss=-0.6366 val_loss=0.0000 scale=0.0010 norm=0.0004
[iter 1500] loss=-0.6366 val_loss=0.0000 scale=0.0010 norm=0.0004
[iter 1600] loss=-0.6366 val_loss=0.0000 scale=0.0010 norm=0.0004
[iter 1700] loss=-0.6366 val_loss=0.0000 scale=0.0010 norm=0.0004
[iter 1800] loss=-0.6366 val_loss=0.0000 scale=0.0010 norm=0.0004
[iter 1900] loss=-0.6366 val_loss=0.0000 scale=0.0010 norm=0.0004
[16/20] BestIter=1249 RMSE: Val=0.4088 Test=0.6179 NLL: Test=1.1122
[iter 0] loss=4.1448 val_loss=0.0000 scale=1.0000 norm=11.4737
[iter 100] loss=2.8947 val_loss=0.0000 scale=2.0000 norm=3.5533
[iter 200] loss=1.9202 val_loss=0.0000 scale=2.0000 norm=1.3958
[iter 300] loss=1.0058 val_loss=0.0000 scale=2.0000 norm=1.1421
[iter 400] loss=0.2765 val_loss=0.0000 scale=2.0000 norm=1.0233
[iter 500] loss=-0.1809 val_loss=0.0000 scale=2.0000 norm=0.9352
[iter 600] loss=-0.3955 val_loss=0.0000 scale=2.0000 norm=0.8701
[iter 700] loss=-0.4976 val_loss=0.0000 scale=1.0000 norm=0.4322
[iter 800] loss=-0.5588 val_loss=0.0000 scale=0.5000 norm=0.2158
[iter 900] loss=-0.6186 val_loss=0.0000 scale=0.5000 norm=0.2114
[iter 1000] loss=-0.6622 val_loss=0.0000 scale=1.0000 norm=0.4185
[iter 1100] loss=-0.7057 val_loss=0.0000 scale=0.5000 norm=0.2052
[iter 1200] loss=-0.7407 val_loss=0.0000 scale=0.5000 norm=0.2034
[iter 1300] loss=-0.7491 val_loss=0.0000 scale=0.1250 norm=0.0507
[iter 1400] loss=-0.7526 val_loss=0.0000 scale=0.0312 norm=0.0127
[iter 1500] loss=-0.7530 val_loss=0.0000 scale=0.0039 norm=0.0016
[iter 1600] loss=-0.7530 val_loss=0.0000 scale=0.0010 norm=0.0004
[iter 1700] loss=-0.7530 val_loss=0.0000 scale=0.0010 norm=0.0004
[iter 1800] loss=-0.7531 val_loss=0.0000 scale=0.0010 norm=0.0004
[iter 1900] loss=-0.7532 val_loss=0.0000 scale=0.0010 norm=0.0004
[iter 0] loss=4.1476 val_loss=0.0000 scale=1.0000 norm=11.6960
[iter 100] loss=2.9035 val_loss=0.0000 scale=2.0000 norm=3.5845
[iter 200] loss=1.9266 val_loss=0.0000 scale=2.0000 norm=1.3906
[iter 300] loss=0.9929 val_loss=0.0000 scale=2.0000 norm=1.1457
[iter 400] loss=0.2521 val_loss=0.0000 scale=2.0000 norm=1.0223
[iter 500] loss=-0.2098 val_loss=0.0000 scale=2.0000 norm=0.9221
[iter 600] loss=-0.3937 val_loss=0.0000 scale=1.0000 norm=0.4365
[iter 700] loss=-0.4767 val_loss=0.0000 scale=1.0000 norm=0.4271
[iter 800] loss=-0.5421 val_loss=0.0000 scale=0.5000 norm=0.2139
[iter 900] loss=-0.6209 val_loss=0.0000 scale=1.0000 norm=0.4139
[iter 1000] loss=-0.6606 val_loss=0.0000 scale=0.5000 norm=0.2056
[iter 1100] loss=-0.6901 val_loss=0.0000 scale=0.5000 norm=0.2053
[iter 1200] loss=-0.7204 val_loss=0.0000 scale=0.5000 norm=0.2049
[iter 1300] loss=-0.7348 val_loss=0.0000 scale=0.0625 norm=0.0257
[iter 1400] loss=-0.7363 val_loss=0.0000 scale=0.0010 norm=0.0004
[iter 1500] loss=-0.7363 val_loss=0.0000 scale=0.0010 norm=0.0004
[iter 1600] loss=-0.7366 val_loss=0.0000 scale=0.0010 norm=0.0004
[iter 1700] loss=-0.7366 val_loss=0.0000 scale=0.0010 norm=0.0004
[iter 1800] loss=-0.7366 val_loss=0.0000 scale=0.0010 norm=0.0004
[iter 1900] loss=-0.7374 val_loss=0.0000 scale=0.0010 norm=0.0004
[17/20] BestIter=2000 RMSE: Val=1.0634 Test=0.4025 NLL: Test=0.6088
[iter 0] loss=4.1512 val_loss=0.0000 scale=1.0000 norm=11.9333
[iter 100] loss=2.9110 val_loss=0.0000 scale=2.0000 norm=3.6075
[iter 200] loss=1.9346 val_loss=0.0000 scale=2.0000 norm=1.3890
[iter 300] loss=1.0159 val_loss=0.0000 scale=2.0000 norm=1.1383
[iter 400] loss=0.2440 val_loss=0.0000 scale=2.0000 norm=1.0126
[iter 500] loss=-0.2568 val_loss=0.0000 scale=2.0000 norm=0.9476
[iter 600] loss=-0.4720 val_loss=0.0000 scale=2.0000 norm=0.9165
[iter 700] loss=-0.5806 val_loss=0.0000 scale=1.0000 norm=0.4520
[iter 800] loss=-0.6593 val_loss=0.0000 scale=0.5000 norm=0.2252
[iter 900] loss=-0.7051 val_loss=0.0000 scale=1.0000 norm=0.4441
[iter 1000] loss=-0.7507 val_loss=0.0000 scale=0.5000 norm=0.2180
[iter 1100] loss=-0.7963 val_loss=0.0000 scale=1.0000 norm=0.4289
[iter 1200] loss=-0.8283 val_loss=0.0000 scale=0.5000 norm=0.2139
[iter 1300] loss=-0.8586 val_loss=0.0000 scale=0.5000 norm=0.2121
[iter 1400] loss=-0.8797 val_loss=0.0000 scale=1.0000 norm=0.4208
[iter 1500] loss=-0.9088 val_loss=0.0000 scale=1.0000 norm=0.4147
[iter 1600] loss=-0.9233 val_loss=0.0000 scale=0.2500 norm=0.1028
[iter 1700] loss=-0.9312 val_loss=0.0000 scale=0.0020 norm=0.0008
[iter 1800] loss=-0.9312 val_loss=0.0000 scale=0.0010 norm=0.0004
[iter 1900] loss=-0.9313 val_loss=0.0000 scale=0.0010 norm=0.0004
[iter 0] loss=4.1415 val_loss=0.0000 scale=1.0000 norm=11.6681
[iter 100] loss=2.8967 val_loss=0.0000 scale=2.0000 norm=3.5479
[iter 200] loss=1.9216 val_loss=0.0000 scale=2.0000 norm=1.4093
[iter 300] loss=1.0180 val_loss=0.0000 scale=2.0000 norm=1.1725
[iter 400] loss=0.2986 val_loss=0.0000 scale=2.0000 norm=1.0402
[iter 500] loss=-0.1336 val_loss=0.0000 scale=2.0000 norm=0.9389
[iter 600] loss=-0.3326 val_loss=0.0000 scale=1.0000 norm=0.4484
[iter 700] loss=-0.4375 val_loss=0.0000 scale=1.0000 norm=0.4446
[iter 800] loss=-0.5365 val_loss=0.0000 scale=1.0000 norm=0.4266
[iter 900] loss=-0.6199 val_loss=0.0000 scale=1.0000 norm=0.4291
[iter 1000] loss=-0.6852 val_loss=0.0000 scale=0.5000 norm=0.2124
[iter 1100] loss=-0.7371 val_loss=0.0000 scale=0.2500 norm=0.1042
[iter 1200] loss=-0.7729 val_loss=0.0000 scale=0.2500 norm=0.1032
[iter 1300] loss=-0.8085 val_loss=0.0000 scale=0.5000 norm=0.2037
[iter 1400] loss=-0.8340 val_loss=0.0000 scale=0.5000 norm=0.2027
[iter 1500] loss=-0.8538 val_loss=0.0000 scale=0.2500 norm=0.1011
[iter 1600] loss=-0.8661 val_loss=0.0000 scale=0.1250 norm=0.0504
[iter 1700] loss=-0.8781 val_loss=0.0000 scale=0.5000 norm=0.2026
[iter 1800] loss=-0.8967 val_loss=0.0000 scale=0.5000 norm=0.2007
[iter 1900] loss=-0.9140 val_loss=0.0000 scale=0.2500 norm=0.0999
[18/20] BestIter=2000 RMSE: Val=0.6979 Test=0.5521 NLL: Test=2.4592
[iter 0] loss=4.0889 val_loss=0.0000 scale=1.0000 norm=10.9347
[iter 100] loss=2.8461 val_loss=0.0000 scale=2.0000 norm=3.4257
[iter 200] loss=1.8723 val_loss=0.0000 scale=2.0000 norm=1.3866
[iter 300] loss=0.9643 val_loss=0.0000 scale=2.0000 norm=1.1391
[iter 400] loss=0.2248 val_loss=0.0000 scale=2.0000 norm=0.9962
[iter 500] loss=-0.2458 val_loss=0.0000 scale=1.0000 norm=0.4465
[iter 600] loss=-0.4345 val_loss=0.0000 scale=1.0000 norm=0.4270
[iter 700] loss=-0.5370 val_loss=0.0000 scale=1.0000 norm=0.4284
[iter 800] loss=-0.6319 val_loss=0.0000 scale=1.0000 norm=0.4196
[iter 900] loss=-0.7316 val_loss=0.0000 scale=0.5000 norm=0.2063
[iter 1000] loss=-0.8051 val_loss=0.0000 scale=0.5000 norm=0.2071
[iter 1100] loss=-0.8528 val_loss=0.0000 scale=0.5000 norm=0.2107
[iter 1200] loss=-0.8905 val_loss=0.0000 scale=1.0000 norm=0.4191
[iter 1300] loss=-0.9215 val_loss=0.0000 scale=0.5000 norm=0.2068
[iter 1400] loss=-0.9450 val_loss=0.0000 scale=0.0625 norm=0.0257
[iter 1500] loss=-0.9631 val_loss=0.0000 scale=0.0312 norm=0.0128
[iter 1600] loss=-0.9678 val_loss=0.0000 scale=0.0312 norm=0.0128
[iter 1700] loss=-0.9729 val_loss=0.0000 scale=0.0010 norm=0.0004
[iter 1800] loss=-0.9748 val_loss=0.0000 scale=0.2500 norm=0.1025
[iter 1900] loss=-0.9771 val_loss=0.0000 scale=0.0010 norm=0.0004
[iter 0] loss=4.1314 val_loss=0.0000 scale=1.0000 norm=11.3570
[iter 100] loss=2.8832 val_loss=0.0000 scale=2.0000 norm=3.5076
[iter 200] loss=1.9087 val_loss=0.0000 scale=2.0000 norm=1.4033
[iter 300] loss=0.9805 val_loss=0.0000 scale=2.0000 norm=1.1558
[iter 400] loss=0.2705 val_loss=0.0000 scale=2.0000 norm=1.0417
[iter 500] loss=-0.1391 val_loss=0.0000 scale=1.0000 norm=0.4727
[iter 600] loss=-0.3442 val_loss=0.0000 scale=1.0000 norm=0.4373
[iter 700] loss=-0.4675 val_loss=0.0000 scale=1.0000 norm=0.4242
[iter 800] loss=-0.5255 val_loss=0.0000 scale=1.0000 norm=0.4263
[iter 900] loss=-0.5684 val_loss=0.0000 scale=0.2500 norm=0.1072
[iter 1000] loss=-0.6022 val_loss=0.0000 scale=1.0000 norm=0.4325
[iter 1100] loss=-0.6347 val_loss=0.0000 scale=2.0000 norm=0.8632
[iter 1200] loss=-0.6708 val_loss=0.0000 scale=1.0000 norm=0.4278
[iter 1300] loss=-0.7317 val_loss=0.0000 scale=1.0000 norm=0.4194
[iter 1400] loss=-0.7764 val_loss=0.0000 scale=0.2500 norm=0.1034
[iter 1500] loss=-0.8025 val_loss=0.0000 scale=0.5000 norm=0.2057
[iter 1600] loss=-0.8277 val_loss=0.0000 scale=0.1250 norm=0.0513
[iter 1700] loss=-0.8334 val_loss=0.0000 scale=0.1250 norm=0.0514
[iter 1800] loss=-0.8345 val_loss=0.0000 scale=0.0039 norm=0.0016
[iter 1900] loss=-0.8345 val_loss=0.0000 scale=0.0010 norm=0.0004
[19/20] BestIter=2000 RMSE: Val=0.7790 Test=0.4750 NLL: Test=1.9010
[iter 0] loss=4.0687 val_loss=0.0000 scale=1.0000 norm=10.5556
[iter 100] loss=2.8130 val_loss=0.0000 scale=2.0000 norm=3.2639
[iter 200] loss=1.8370 val_loss=0.0000 scale=2.0000 norm=1.3531
[iter 300] loss=0.8978 val_loss=0.0000 scale=2.0000 norm=1.1129
[iter 400] loss=0.1591 val_loss=0.0000 scale=2.0000 norm=0.9860
[iter 500] loss=-0.3319 val_loss=0.0000 scale=2.0000 norm=0.8505
[iter 600] loss=-0.5282 val_loss=0.0000 scale=1.0000 norm=0.3983
[iter 700] loss=-0.6420 val_loss=0.0000 scale=1.0000 norm=0.3930
[iter 800] loss=-0.7179 val_loss=0.0000 scale=0.5000 norm=0.1974
[iter 900] loss=-0.7713 val_loss=0.0000 scale=1.0000 norm=0.3898
[iter 1000] loss=-0.8325 val_loss=0.0000 scale=0.5000 norm=0.1922
[iter 1100] loss=-0.8803 val_loss=0.0000 scale=0.5000 norm=0.1909
[iter 1200] loss=-0.9176 val_loss=0.0000 scale=1.0000 norm=0.3752
[iter 1300] loss=-0.9345 val_loss=0.0000 scale=1.0000 norm=0.3736
[iter 1400] loss=-0.9437 val_loss=0.0000 scale=0.2500 norm=0.0936
[iter 1500] loss=-0.9547 val_loss=0.0000 scale=0.5000 norm=0.1871
[iter 1600] loss=-0.9598 val_loss=0.0000 scale=0.0010 norm=0.0004
[iter 1700] loss=-0.9607 val_loss=0.0000 scale=0.0010 norm=0.0004
[iter 1800] loss=-0.9608 val_loss=0.0000 scale=0.0010 norm=0.0004
[iter 1900] loss=-0.9616 val_loss=0.0000 scale=0.5000 norm=0.1881
[iter 0] loss=4.1012 val_loss=0.0000 scale=1.0000 norm=11.0424
[iter 100] loss=2.8507 val_loss=0.0000 scale=2.0000 norm=3.3970
[iter 200] loss=1.8748 val_loss=0.0000 scale=2.0000 norm=1.3775
[iter 300] loss=0.9246 val_loss=0.0000 scale=2.0000 norm=1.1427
[iter 400] loss=0.1991 val_loss=0.0000 scale=2.0000 norm=1.0068
[iter 500] loss=-0.2364 val_loss=0.0000 scale=1.0000 norm=0.4513
[iter 600] loss=-0.4211 val_loss=0.0000 scale=1.0000 norm=0.4299
[iter 700] loss=-0.5278 val_loss=0.0000 scale=1.0000 norm=0.4268
[iter 800] loss=-0.6230 val_loss=0.0000 scale=1.0000 norm=0.4205
[iter 900] loss=-0.6915 val_loss=0.0000 scale=1.0000 norm=0.4152
[iter 1000] loss=-0.7415 val_loss=0.0000 scale=1.0000 norm=0.4133
[iter 1100] loss=-0.7590 val_loss=0.0000 scale=0.0010 norm=0.0004
[iter 1200] loss=-0.7590 val_loss=0.0000 scale=0.0010 norm=0.0004
[iter 1300] loss=-0.7590 val_loss=0.0000 scale=0.0010 norm=0.0004
[iter 1400] loss=-0.7592 val_loss=0.0000 scale=0.0010 norm=0.0004
[iter 1500] loss=-0.7615 val_loss=0.0000 scale=0.0010 norm=0.0004
[iter 1600] loss=-0.7646 val_loss=0.0000 scale=0.0010 norm=0.0004
[iter 1700] loss=-0.7666 val_loss=0.0000 scale=0.0010 norm=0.0004
[iter 1800] loss=-0.7689 val_loss=0.0000 scale=0.0010 norm=0.0004
[iter 1900] loss=-0.7747 val_loss=0.0000 scale=0.0010 norm=0.0004
[20/20] BestIter=1975 RMSE: Val=0.6983 Test=0.8051 NLL: Test=10.9181
Yacht Hydrodynamics
== GBM=0.0000 +/- 0.0000, RMSE NGBOOST =0.5586 ± 0.1722, NLL NGBOOST=2.1156 ± 2.3539, TIME = 51.1139
