Lmod has detected the following error: A different version of the 'GCCcore'
module is already loaded (see output of 'ml').
You should load another 'GCC' module that is compatible with the currently
loaded version of 'GCCcore'.
Use 'ml spider GCC' to get an overview of the available versions.


If you don't understand the warning or error, contact the helpdesk at
hpc@vub.be 
While processing the following module(s):
    Module fullname        Module Filename
    ---------------        ---------------
    GCC/12.3.0             /apps/brussel/RL8/skylake/modules/2023a/all/GCC/12.3.0.lua
    gfbf/2023a             /apps/brussel/RL8/skylake/modules/2023a/all/gfbf/2023a.lua
    sympy/1.12-gfbf-2023a  /apps/brussel/RL8/skylake/modules/2023a/all/sympy/1.12-gfbf-2023a.lua


Due to MODULEPATH changes, the following have been reloaded:
  1) OpenSSL/1.1

== Dataset=Concrete Compression Strength X.shape=(1030, 8) MLE/Normal
Best iteration: 645
[1/20] BestIter=0 RMSE: Val=2.4428 Test=6.8221 NLL: Test=3.1756
Best iteration: 607
[2/20] BestIter=0 RMSE: Val=2.5840 Test=5.5825 NLL: Test=3.2462
Best iteration: 538
[3/20] BestIter=0 RMSE: Val=2.4865 Test=6.4780 NLL: Test=3.1381
Best iteration: 776
[4/20] BestIter=0 RMSE: Val=2.2809 Test=6.4367 NLL: Test=3.9629
Best iteration: 383
[5/20] BestIter=0 RMSE: Val=2.6477 Test=6.2819 NLL: Test=3.2024
Best iteration: 560
[6/20] BestIter=0 RMSE: Val=2.3038 Test=5.8592 NLL: Test=3.0261
Best iteration: 421
[7/20] BestIter=0 RMSE: Val=2.4231 Test=6.8358 NLL: Test=3.2156
Best iteration: 498
[8/20] BestIter=0 RMSE: Val=2.5638 Test=6.4213 NLL: Test=3.1462
Best iteration: 442
[9/20] BestIter=0 RMSE: Val=2.4345 Test=6.5330 NLL: Test=3.1899
Best iteration: 475
[10/20] BestIter=0 RMSE: Val=2.5027 Test=7.4121 NLL: Test=3.3990
Best iteration: 487
[11/20] BestIter=0 RMSE: Val=2.5442 Test=5.6682 NLL: Test=3.0000
Best iteration: 899
[12/20] BestIter=0 RMSE: Val=2.2930 Test=6.3003 NLL: Test=3.0389
Best iteration: 806
[13/20] BestIter=0 RMSE: Val=2.2087 Test=6.4956 NLL: Test=3.2955
Best iteration: 409
[14/20] BestIter=0 RMSE: Val=2.4763 Test=6.1966 NLL: Test=3.1469
Best iteration: 495
[15/20] BestIter=0 RMSE: Val=2.3317 Test=7.0328 NLL: Test=3.2499
Best iteration: 410
[16/20] BestIter=0 RMSE: Val=2.4118 Test=5.4239 NLL: Test=3.0608
Best iteration: 646
[17/20] BestIter=0 RMSE: Val=2.1732 Test=6.6935 NLL: Test=3.4292
Best iteration: 472
[18/20] BestIter=0 RMSE: Val=2.3907 Test=6.3096 NLL: Test=3.0798
Best iteration: 612
[19/20] BestIter=0 RMSE: Val=2.3797 Test=7.0850 NLL: Test=3.2857
Best iteration: 529
[20/20] BestIter=0 RMSE: Val=2.4520 Test=5.8084 NLL: Test=3.0924
Concrete Compression Strength
== GBM=0.0000 +/- 0.0000, RMSE GBMLSS=6.3838 ± 0.5124, NLL GBMLSS=3.2191 ± 0.2049, TIME = 4.7827
