Lmod has detected the following error: A different version of the 'GCCcore'
module is already loaded (see output of 'ml').
You should load another 'GCC' module that is compatible with the currently
loaded version of 'GCCcore'.
Use 'ml spider GCC' to get an overview of the available versions.


If you don't understand the warning or error, contact the helpdesk at
hpc@vub.be 
While processing the following module(s):
    Module fullname        Module Filename
    ---------------        ---------------
    GCC/12.3.0             /apps/brussel/RL8/skylake/modules/2023a/all/GCC/12.3.0.lua
    gfbf/2023a             /apps/brussel/RL8/skylake/modules/2023a/all/gfbf/2023a.lua
    sympy/1.12-gfbf-2023a  /apps/brussel/RL8/skylake/modules/2023a/all/sympy/1.12-gfbf-2023a.lua


Due to MODULEPATH changes, the following have been reloaded:
  1) OpenSSL/1.1

== Dataset=Wine Quality Red X.shape=(1599, 11) MLE/Normal
Best iteration: 260
[1/20] BestIter=0 RMSE: Val=0.7964 Test=0.6492 NLL: Test=0.9222
Best iteration: 254
[2/20] BestIter=0 RMSE: Val=0.7848 Test=0.6124 NLL: Test=0.8930
Best iteration: 218
[3/20] BestIter=0 RMSE: Val=0.7905 Test=0.7537 NLL: Test=1.1304
Best iteration: 160
[4/20] BestIter=0 RMSE: Val=0.7848 Test=0.6223 NLL: Test=0.9088
Best iteration: 231
[5/20] BestIter=0 RMSE: Val=0.7758 Test=0.5921 NLL: Test=0.8673
Best iteration: 332
[6/20] BestIter=0 RMSE: Val=0.7583 Test=0.6266 NLL: Test=0.9221
Best iteration: 317
[7/20] BestIter=0 RMSE: Val=0.7605 Test=0.6907 NLL: Test=1.0249
Best iteration: 319
[8/20] BestIter=0 RMSE: Val=0.7521 Test=0.6718 NLL: Test=1.0645
Best iteration: 237
[9/20] BestIter=0 RMSE: Val=0.7513 Test=0.6219 NLL: Test=1.0155
Best iteration: 411
[10/20] BestIter=0 RMSE: Val=0.7543 Test=0.6651 NLL: Test=0.9312
Best iteration: 259
[11/20] BestIter=0 RMSE: Val=0.7932 Test=0.6602 NLL: Test=0.9569
Best iteration: 221
[12/20] BestIter=0 RMSE: Val=0.8423 Test=0.6516 NLL: Test=0.9956
Best iteration: 311
[13/20] BestIter=0 RMSE: Val=0.7556 Test=0.6547 NLL: Test=0.9140
Best iteration: 296
[14/20] BestIter=0 RMSE: Val=0.7828 Test=0.6112 NLL: Test=0.9036
Best iteration: 273
[15/20] BestIter=0 RMSE: Val=0.8088 Test=0.6269 NLL: Test=0.9516
Best iteration: 370
[16/20] BestIter=0 RMSE: Val=0.7686 Test=0.5667 NLL: Test=0.8163
Best iteration: 323
[17/20] BestIter=0 RMSE: Val=0.7540 Test=0.6118 NLL: Test=0.8101
Best iteration: 326
[18/20] BestIter=0 RMSE: Val=0.7581 Test=0.6217 NLL: Test=0.8666
Best iteration: 288
[19/20] BestIter=0 RMSE: Val=0.7680 Test=0.6381 NLL: Test=0.9018
Best iteration: 482
[20/20] BestIter=0 RMSE: Val=0.7382 Test=0.6370 NLL: Test=0.9246
Wine Quality Red
== GBM=0.0000 +/- 0.0000, RMSE GBMLSS=0.6393 ± 0.0383, NLL GBMLSS=0.9361 ± 0.0769, TIME = 2.3999
