Lmod has detected the following error: A different version of the 'GCCcore'
module is already loaded (see output of 'ml').
You should load another 'GCC' module that is compatible with the currently
loaded version of 'GCCcore'.
Use 'ml spider GCC' to get an overview of the available versions.


If you don't understand the warning or error, contact the helpdesk at
hpc@vub.be 
While processing the following module(s):
    Module fullname        Module Filename
    ---------------        ---------------
    GCC/12.3.0             /apps/brussel/RL8/skylake/modules/2023a/all/GCC/12.3.0.lua
    gfbf/2023a             /apps/brussel/RL8/skylake/modules/2023a/all/gfbf/2023a.lua
    sympy/1.12-gfbf-2023a  /apps/brussel/RL8/skylake/modules/2023a/all/sympy/1.12-gfbf-2023a.lua


Due to MODULEPATH changes, the following have been reloaded:
  1) OpenSSL/1.1

== Dataset=Kin8nm X.shape=(8192, 8) LogScore/Normal
[iter 0] loss=0.0810 val_loss=0.0000 scale=1.0000 norm=0.5376
[iter 100] loss=-0.1397 val_loss=0.0000 scale=2.0000 norm=0.8970
[iter 200] loss=-0.2738 val_loss=0.0000 scale=1.0000 norm=0.4450
[iter 300] loss=-0.3512 val_loss=0.0000 scale=1.0000 norm=0.4465
[iter 400] loss=-0.4089 val_loss=0.0000 scale=1.0000 norm=0.4471
[iter 500] loss=-0.4498 val_loss=0.0000 scale=1.0000 norm=0.4471
[iter 600] loss=-0.4795 val_loss=0.0000 scale=1.0000 norm=0.4459
[iter 700] loss=-0.5017 val_loss=0.0000 scale=1.0000 norm=0.4459
[iter 800] loss=-0.5220 val_loss=0.0000 scale=1.0000 norm=0.4451
[iter 900] loss=-0.5370 val_loss=0.0000 scale=1.0000 norm=0.4449
[iter 1000] loss=-0.5504 val_loss=0.0000 scale=1.0000 norm=0.4443
[iter 1100] loss=-0.5621 val_loss=0.0000 scale=1.0000 norm=0.4439
[iter 1200] loss=-0.5731 val_loss=0.0000 scale=1.0000 norm=0.4430
[iter 1300] loss=-0.5830 val_loss=0.0000 scale=1.0000 norm=0.4424
[iter 1400] loss=-0.5917 val_loss=0.0000 scale=1.0000 norm=0.4414
[iter 1500] loss=-0.6004 val_loss=0.0000 scale=1.0000 norm=0.4404
[iter 1600] loss=-0.6081 val_loss=0.0000 scale=1.0000 norm=0.4402
[iter 1700] loss=-0.6232 val_loss=0.0000 scale=1.0000 norm=0.4367
[iter 1800] loss=-0.6340 val_loss=0.0000 scale=1.0000 norm=0.4360
[iter 1900] loss=-0.6461 val_loss=0.0000 scale=1.0000 norm=0.4346
[iter 0] loss=0.0834 val_loss=0.0000 scale=1.0000 norm=0.5365
[iter 100] loss=-0.1355 val_loss=0.0000 scale=2.0000 norm=0.8974
[iter 200] loss=-0.2691 val_loss=0.0000 scale=1.0000 norm=0.4469
[iter 300] loss=-0.3472 val_loss=0.0000 scale=2.0000 norm=0.8973
[iter 400] loss=-0.3988 val_loss=0.0000 scale=1.0000 norm=0.4492
[iter 500] loss=-0.4412 val_loss=0.0000 scale=2.0000 norm=0.8974
[iter 600] loss=-0.4692 val_loss=0.0000 scale=1.0000 norm=0.4489
[iter 700] loss=-0.4914 val_loss=0.0000 scale=1.0000 norm=0.4481
[iter 800] loss=-0.5117 val_loss=0.0000 scale=1.0000 norm=0.4468
[iter 900] loss=-0.5294 val_loss=0.0000 scale=1.0000 norm=0.4453
[iter 1000] loss=-0.5423 val_loss=0.0000 scale=1.0000 norm=0.4455
[iter 1100] loss=-0.5548 val_loss=0.0000 scale=1.0000 norm=0.4441
[iter 1200] loss=-0.5649 val_loss=0.0000 scale=1.0000 norm=0.4434
[iter 1300] loss=-0.5735 val_loss=0.0000 scale=1.0000 norm=0.4439
[iter 1400] loss=-0.5815 val_loss=0.0000 scale=1.0000 norm=0.4442
[iter 1500] loss=-0.5896 val_loss=0.0000 scale=1.0000 norm=0.4435
[iter 1600] loss=-0.5984 val_loss=0.0000 scale=1.0000 norm=0.4425
[iter 1700] loss=-0.6071 val_loss=0.0000 scale=1.0000 norm=0.4414
[iter 1800] loss=-0.6152 val_loss=0.0000 scale=2.0000 norm=0.8832
[iter 1900] loss=-0.6232 val_loss=0.0000 scale=1.0000 norm=0.4410
[1/20] BestIter=1999 RMSE: Val=0.1701 Test=0.1728 NLL: Test=-0.3869
[iter 0] loss=0.0768 val_loss=0.0000 scale=1.0000 norm=0.5371
[iter 100] loss=-0.1388 val_loss=0.0000 scale=1.0000 norm=0.4526
[iter 200] loss=-0.2649 val_loss=0.0000 scale=2.0000 norm=0.8985
[iter 300] loss=-0.3435 val_loss=0.0000 scale=2.0000 norm=0.9030
[iter 400] loss=-0.4003 val_loss=0.0000 scale=1.0000 norm=0.4504
[iter 500] loss=-0.4433 val_loss=0.0000 scale=2.0000 norm=0.8965
[iter 600] loss=-0.4766 val_loss=0.0000 scale=1.0000 norm=0.4474
[iter 700] loss=-0.5040 val_loss=0.0000 scale=1.0000 norm=0.4461
[iter 800] loss=-0.5249 val_loss=0.0000 scale=1.0000 norm=0.4463
[iter 900] loss=-0.5416 val_loss=0.0000 scale=1.0000 norm=0.4464
[iter 1000] loss=-0.5569 val_loss=0.0000 scale=1.0000 norm=0.4453
[iter 1100] loss=-0.5694 val_loss=0.0000 scale=2.0000 norm=0.8908
[iter 1200] loss=-0.5799 val_loss=0.0000 scale=1.0000 norm=0.4459
[iter 1300] loss=-0.5901 val_loss=0.0000 scale=1.0000 norm=0.4453
[iter 1400] loss=-0.6015 val_loss=0.0000 scale=1.0000 norm=0.4441
[iter 1500] loss=-0.6138 val_loss=0.0000 scale=1.0000 norm=0.4430
[iter 1600] loss=-0.6247 val_loss=0.0000 scale=1.0000 norm=0.4427
[iter 1700] loss=-0.6380 val_loss=0.0000 scale=1.0000 norm=0.4412
[iter 1800] loss=-0.6494 val_loss=0.0000 scale=1.0000 norm=0.4409
[iter 1900] loss=-0.6606 val_loss=0.0000 scale=1.0000 norm=0.4404
[iter 0] loss=0.0846 val_loss=0.0000 scale=1.0000 norm=0.5361
[iter 100] loss=-0.1348 val_loss=0.0000 scale=2.0000 norm=0.8987
[iter 200] loss=-0.2632 val_loss=0.0000 scale=2.0000 norm=0.8946
[iter 300] loss=-0.3387 val_loss=0.0000 scale=1.0000 norm=0.4511
[iter 400] loss=-0.3925 val_loss=0.0000 scale=1.0000 norm=0.4523
[iter 500] loss=-0.4364 val_loss=0.0000 scale=1.0000 norm=0.4512
[iter 600] loss=-0.4635 val_loss=0.0000 scale=1.0000 norm=0.4516
[iter 700] loss=-0.4867 val_loss=0.0000 scale=1.0000 norm=0.4507
[iter 800] loss=-0.5062 val_loss=0.0000 scale=1.0000 norm=0.4496
[iter 900] loss=-0.5239 val_loss=0.0000 scale=1.0000 norm=0.4486
[iter 1000] loss=-0.5371 val_loss=0.0000 scale=2.0000 norm=0.8962
[iter 1100] loss=-0.5471 val_loss=0.0000 scale=2.0000 norm=0.8983
[iter 1200] loss=-0.5546 val_loss=0.0000 scale=2.0000 norm=0.8987
[iter 1300] loss=-0.5647 val_loss=0.0000 scale=1.0000 norm=0.4486
[iter 1400] loss=-0.5745 val_loss=0.0000 scale=1.0000 norm=0.4478
[iter 1500] loss=-0.5849 val_loss=0.0000 scale=1.0000 norm=0.4466
[iter 1600] loss=-0.5936 val_loss=0.0000 scale=1.0000 norm=0.4461
[iter 1700] loss=-0.6023 val_loss=0.0000 scale=1.0000 norm=0.4456
[iter 1800] loss=-0.6106 val_loss=0.0000 scale=2.0000 norm=0.8903
[iter 1900] loss=-0.6190 val_loss=0.0000 scale=1.0000 norm=0.4444
[2/20] BestIter=1998 RMSE: Val=0.1718 Test=0.1656 NLL: Test=-0.4274
[iter 0] loss=0.0826 val_loss=0.0000 scale=1.0000 norm=0.5343
[iter 100] loss=-0.1333 val_loss=0.0000 scale=1.0000 norm=0.4468
[iter 200] loss=-0.2678 val_loss=0.0000 scale=2.0000 norm=0.8879
[iter 300] loss=-0.3500 val_loss=0.0000 scale=2.0000 norm=0.8949
[iter 400] loss=-0.4043 val_loss=0.0000 scale=1.0000 norm=0.4503
[iter 500] loss=-0.4453 val_loss=0.0000 scale=1.0000 norm=0.4492
[iter 600] loss=-0.4771 val_loss=0.0000 scale=1.0000 norm=0.4481
[iter 700] loss=-0.5026 val_loss=0.0000 scale=1.0000 norm=0.4473
[iter 800] loss=-0.5221 val_loss=0.0000 scale=1.0000 norm=0.4474
[iter 900] loss=-0.5363 val_loss=0.0000 scale=1.0000 norm=0.4488
[iter 1000] loss=-0.5501 val_loss=0.0000 scale=1.0000 norm=0.4479
[iter 1100] loss=-0.5605 val_loss=0.0000 scale=1.0000 norm=0.4481
[iter 1200] loss=-0.5711 val_loss=0.0000 scale=1.0000 norm=0.4477
[iter 1300] loss=-0.5805 val_loss=0.0000 scale=1.0000 norm=0.4478
[iter 1400] loss=-0.5915 val_loss=0.0000 scale=1.0000 norm=0.4466
[iter 1500] loss=-0.6016 val_loss=0.0000 scale=1.0000 norm=0.4464
[iter 1600] loss=-0.6121 val_loss=0.0000 scale=1.0000 norm=0.4456
[iter 1700] loss=-0.6222 val_loss=0.0000 scale=1.0000 norm=0.4449
[iter 1800] loss=-0.6317 val_loss=0.0000 scale=1.0000 norm=0.4439
[iter 1900] loss=-0.6414 val_loss=0.0000 scale=1.0000 norm=0.4429
[iter 0] loss=0.0877 val_loss=0.0000 scale=1.0000 norm=0.5360
[iter 100] loss=-0.1330 val_loss=0.0000 scale=1.0000 norm=0.4476
[iter 200] loss=-0.2654 val_loss=0.0000 scale=2.0000 norm=0.8915
[iter 300] loss=-0.3404 val_loss=0.0000 scale=1.0000 norm=0.4508
[iter 400] loss=-0.3927 val_loss=0.0000 scale=1.0000 norm=0.4519
[iter 500] loss=-0.4341 val_loss=0.0000 scale=1.0000 norm=0.4512
[iter 600] loss=-0.4615 val_loss=0.0000 scale=1.0000 norm=0.4511
[iter 700] loss=-0.4828 val_loss=0.0000 scale=1.0000 norm=0.4509
[iter 800] loss=-0.4985 val_loss=0.0000 scale=1.0000 norm=0.4508
[iter 900] loss=-0.5147 val_loss=0.0000 scale=1.0000 norm=0.4490
[iter 1000] loss=-0.5252 val_loss=0.0000 scale=2.0000 norm=0.8991
[iter 1100] loss=-0.5352 val_loss=0.0000 scale=1.0000 norm=0.4488
[iter 1200] loss=-0.5470 val_loss=0.0000 scale=1.0000 norm=0.4473
[iter 1300] loss=-0.5568 val_loss=0.0000 scale=1.0000 norm=0.4470
[iter 1400] loss=-0.5667 val_loss=0.0000 scale=1.0000 norm=0.4462
[iter 1500] loss=-0.5760 val_loss=0.0000 scale=2.0000 norm=0.8926
[iter 1600] loss=-0.5862 val_loss=0.0000 scale=1.0000 norm=0.4459
[iter 1700] loss=-0.5952 val_loss=0.0000 scale=1.0000 norm=0.4454
[iter 1800] loss=-0.6059 val_loss=0.0000 scale=1.0000 norm=0.4445
[iter 1900] loss=-0.6162 val_loss=0.0000 scale=1.0000 norm=0.4433
[3/20] BestIter=2000 RMSE: Val=0.1701 Test=0.1679 NLL: Test=-0.4332
[iter 0] loss=0.0890 val_loss=0.0000 scale=1.0000 norm=0.5327
[iter 100] loss=-0.1290 val_loss=0.0000 scale=1.0000 norm=0.4452
[iter 200] loss=-0.2695 val_loss=0.0000 scale=1.0000 norm=0.4413
[iter 300] loss=-0.3494 val_loss=0.0000 scale=1.0000 norm=0.4440
[iter 400] loss=-0.4096 val_loss=0.0000 scale=1.0000 norm=0.4445
[iter 500] loss=-0.4518 val_loss=0.0000 scale=1.0000 norm=0.4450
[iter 600] loss=-0.4838 val_loss=0.0000 scale=1.0000 norm=0.4443
[iter 700] loss=-0.5065 val_loss=0.0000 scale=1.0000 norm=0.4456
[iter 800] loss=-0.5248 val_loss=0.0000 scale=1.0000 norm=0.4457
[iter 900] loss=-0.5431 val_loss=0.0000 scale=1.0000 norm=0.4443
[iter 1000] loss=-0.5560 val_loss=0.0000 scale=1.0000 norm=0.4444
[iter 1100] loss=-0.5667 val_loss=0.0000 scale=1.0000 norm=0.4447
[iter 1200] loss=-0.5811 val_loss=0.0000 scale=1.0000 norm=0.4430
[iter 1300] loss=-0.5945 val_loss=0.0000 scale=1.0000 norm=0.4425
[iter 1400] loss=-0.6070 val_loss=0.0000 scale=1.0000 norm=0.4422
[iter 1500] loss=-0.6192 val_loss=0.0000 scale=2.0000 norm=0.8840
[iter 1600] loss=-0.6288 val_loss=0.0000 scale=2.0000 norm=0.8848
[iter 1700] loss=-0.6376 val_loss=0.0000 scale=1.0000 norm=0.4418
[iter 1800] loss=-0.6465 val_loss=0.0000 scale=1.0000 norm=0.4410
[iter 1900] loss=-0.6574 val_loss=0.0000 scale=1.0000 norm=0.4398
[iter 0] loss=0.0852 val_loss=0.0000 scale=1.0000 norm=0.5354
[iter 100] loss=-0.1370 val_loss=0.0000 scale=1.0000 norm=0.4472
[iter 200] loss=-0.2666 val_loss=0.0000 scale=1.0000 norm=0.4450
[iter 300] loss=-0.3468 val_loss=0.0000 scale=1.0000 norm=0.4479
[iter 400] loss=-0.4017 val_loss=0.0000 scale=1.0000 norm=0.4498
[iter 500] loss=-0.4367 val_loss=0.0000 scale=1.0000 norm=0.4512
[iter 600] loss=-0.4646 val_loss=0.0000 scale=1.0000 norm=0.4503
[iter 700] loss=-0.4915 val_loss=0.0000 scale=1.0000 norm=0.4479
[iter 800] loss=-0.5120 val_loss=0.0000 scale=1.0000 norm=0.4475
[iter 900] loss=-0.5316 val_loss=0.0000 scale=1.0000 norm=0.4454
[iter 1000] loss=-0.5485 val_loss=0.0000 scale=1.0000 norm=0.4451
[iter 1100] loss=-0.5583 val_loss=0.0000 scale=1.0000 norm=0.4471
[iter 1200] loss=-0.5679 val_loss=0.0000 scale=1.0000 norm=0.4475
[iter 1300] loss=-0.5758 val_loss=0.0000 scale=1.0000 norm=0.4476
[iter 1400] loss=-0.5836 val_loss=0.0000 scale=1.0000 norm=0.4475
[iter 1500] loss=-0.5911 val_loss=0.0000 scale=1.0000 norm=0.4469
[iter 1600] loss=-0.6002 val_loss=0.0000 scale=1.0000 norm=0.4458
[iter 1700] loss=-0.6122 val_loss=0.0000 scale=2.0000 norm=0.8879
[iter 1800] loss=-0.6194 val_loss=0.0000 scale=2.0000 norm=0.8892
[iter 1900] loss=-0.6310 val_loss=0.0000 scale=1.0000 norm=0.4436
[4/20] BestIter=1999 RMSE: Val=0.1644 Test=0.1696 NLL: Test=-0.4206
[iter 0] loss=0.0972 val_loss=0.0000 scale=1.0000 norm=0.5366
[iter 100] loss=-0.1300 val_loss=0.0000 scale=2.0000 norm=0.8957
[iter 200] loss=-0.2683 val_loss=0.0000 scale=1.0000 norm=0.4449
[iter 300] loss=-0.3500 val_loss=0.0000 scale=1.0000 norm=0.4465
[iter 400] loss=-0.4091 val_loss=0.0000 scale=1.0000 norm=0.4474
[iter 500] loss=-0.4517 val_loss=0.0000 scale=1.0000 norm=0.4475
[iter 600] loss=-0.4815 val_loss=0.0000 scale=1.0000 norm=0.4473
[iter 700] loss=-0.5039 val_loss=0.0000 scale=1.0000 norm=0.4484
[iter 800] loss=-0.5245 val_loss=0.0000 scale=1.0000 norm=0.4481
[iter 900] loss=-0.5440 val_loss=0.0000 scale=2.0000 norm=0.8938
[iter 1000] loss=-0.5593 val_loss=0.0000 scale=1.0000 norm=0.4469
[iter 1100] loss=-0.5688 val_loss=0.0000 scale=1.0000 norm=0.4484
[iter 1200] loss=-0.5794 val_loss=0.0000 scale=1.0000 norm=0.4482
[iter 1300] loss=-0.5905 val_loss=0.0000 scale=1.0000 norm=0.4465
[iter 1400] loss=-0.6071 val_loss=0.0000 scale=2.0000 norm=0.8862
[iter 1500] loss=-0.6198 val_loss=0.0000 scale=1.0000 norm=0.4429
[iter 1600] loss=-0.6304 val_loss=0.0000 scale=1.0000 norm=0.4425
[iter 1700] loss=-0.6414 val_loss=0.0000 scale=1.0000 norm=0.4415
[iter 1800] loss=-0.6504 val_loss=0.0000 scale=1.0000 norm=0.4413
[iter 1900] loss=-0.6586 val_loss=0.0000 scale=1.0000 norm=0.4409
[iter 0] loss=0.0920 val_loss=0.0000 scale=1.0000 norm=0.5359
[iter 100] loss=-0.1295 val_loss=0.0000 scale=2.0000 norm=0.8967
[iter 200] loss=-0.2678 val_loss=0.0000 scale=2.0000 norm=0.8903
[iter 300] loss=-0.3463 val_loss=0.0000 scale=1.0000 norm=0.4496
[iter 400] loss=-0.4021 val_loss=0.0000 scale=1.0000 norm=0.4517
[iter 500] loss=-0.4418 val_loss=0.0000 scale=1.0000 norm=0.4510
[iter 600] loss=-0.4705 val_loss=0.0000 scale=1.0000 norm=0.4510
[iter 700] loss=-0.4941 val_loss=0.0000 scale=1.0000 norm=0.4511
[iter 800] loss=-0.5118 val_loss=0.0000 scale=2.0000 norm=0.9019
[iter 900] loss=-0.5268 val_loss=0.0000 scale=1.0000 norm=0.4503
[iter 1000] loss=-0.5415 val_loss=0.0000 scale=1.0000 norm=0.4482
[iter 1100] loss=-0.5531 val_loss=0.0000 scale=1.0000 norm=0.4481
[iter 1200] loss=-0.5607 val_loss=0.0000 scale=1.0000 norm=0.4488
[iter 1300] loss=-0.5712 val_loss=0.0000 scale=1.0000 norm=0.4471
[iter 1400] loss=-0.5838 val_loss=0.0000 scale=1.0000 norm=0.4454
[iter 1500] loss=-0.5916 val_loss=0.0000 scale=1.0000 norm=0.4457
[iter 1600] loss=-0.6024 val_loss=0.0000 scale=1.0000 norm=0.4448
[iter 1700] loss=-0.6130 val_loss=0.0000 scale=1.0000 norm=0.4440
[iter 1800] loss=-0.6222 val_loss=0.0000 scale=1.0000 norm=0.4432
[iter 1900] loss=-0.6293 val_loss=0.0000 scale=1.0000 norm=0.4435
[5/20] BestIter=1994 RMSE: Val=0.1692 Test=0.1704 NLL: Test=-0.4234
[iter 0] loss=0.0806 val_loss=0.0000 scale=1.0000 norm=0.5346
[iter 100] loss=-0.1382 val_loss=0.0000 scale=1.0000 norm=0.4464
[iter 200] loss=-0.2672 val_loss=0.0000 scale=2.0000 norm=0.8871
[iter 300] loss=-0.3467 val_loss=0.0000 scale=1.0000 norm=0.4455
[iter 400] loss=-0.4048 val_loss=0.0000 scale=1.0000 norm=0.4449
[iter 500] loss=-0.4466 val_loss=0.0000 scale=1.0000 norm=0.4448
[iter 600] loss=-0.4760 val_loss=0.0000 scale=1.0000 norm=0.4444
[iter 700] loss=-0.4986 val_loss=0.0000 scale=1.0000 norm=0.4442
[iter 800] loss=-0.5163 val_loss=0.0000 scale=1.0000 norm=0.4432
[iter 900] loss=-0.5331 val_loss=0.0000 scale=1.0000 norm=0.4419
[iter 1000] loss=-0.5500 val_loss=0.0000 scale=2.0000 norm=0.8822
[iter 1100] loss=-0.5632 val_loss=0.0000 scale=1.0000 norm=0.4410
[iter 1200] loss=-0.5748 val_loss=0.0000 scale=1.0000 norm=0.4406
[iter 1300] loss=-0.5886 val_loss=0.0000 scale=1.0000 norm=0.4400
[iter 1400] loss=-0.5998 val_loss=0.0000 scale=1.0000 norm=0.4401
[iter 1500] loss=-0.6102 val_loss=0.0000 scale=1.0000 norm=0.4397
[iter 1600] loss=-0.6201 val_loss=0.0000 scale=1.0000 norm=0.4390
[iter 1700] loss=-0.6329 val_loss=0.0000 scale=2.0000 norm=0.8741
[iter 1800] loss=-0.6444 val_loss=0.0000 scale=1.0000 norm=0.4370
[iter 1900] loss=-0.6656 val_loss=0.0000 scale=1.0000 norm=0.4332
[iter 0] loss=0.0827 val_loss=0.0000 scale=1.0000 norm=0.5350
[iter 100] loss=-0.1347 val_loss=0.0000 scale=1.0000 norm=0.4483
[iter 200] loss=-0.2688 val_loss=0.0000 scale=2.0000 norm=0.8906
[iter 300] loss=-0.3433 val_loss=0.0000 scale=1.0000 norm=0.4495
[iter 400] loss=-0.3958 val_loss=0.0000 scale=1.0000 norm=0.4498
[iter 500] loss=-0.4348 val_loss=0.0000 scale=1.0000 norm=0.4490
[iter 600] loss=-0.4624 val_loss=0.0000 scale=1.0000 norm=0.4489
[iter 700] loss=-0.4849 val_loss=0.0000 scale=1.0000 norm=0.4482
[iter 800] loss=-0.5049 val_loss=0.0000 scale=1.0000 norm=0.4463
[iter 900] loss=-0.5206 val_loss=0.0000 scale=1.0000 norm=0.4457
[iter 1000] loss=-0.5362 val_loss=0.0000 scale=1.0000 norm=0.4445
[iter 1100] loss=-0.5476 val_loss=0.0000 scale=2.0000 norm=0.8899
[iter 1200] loss=-0.5607 val_loss=0.0000 scale=1.0000 norm=0.4440
[iter 1300] loss=-0.5714 val_loss=0.0000 scale=1.0000 norm=0.4435
[iter 1400] loss=-0.5811 val_loss=0.0000 scale=1.0000 norm=0.4438
[iter 1500] loss=-0.5881 val_loss=0.0000 scale=1.0000 norm=0.4442
[iter 1600] loss=-0.5980 val_loss=0.0000 scale=1.0000 norm=0.4427
[iter 1700] loss=-0.6082 val_loss=0.0000 scale=1.0000 norm=0.4415
[iter 1800] loss=-0.6194 val_loss=0.0000 scale=1.0000 norm=0.4401
[iter 1900] loss=-0.6276 val_loss=0.0000 scale=1.0000 norm=0.4404
[6/20] BestIter=1999 RMSE: Val=0.1643 Test=0.1655 NLL: Test=-0.4481
[iter 0] loss=0.0846 val_loss=0.0000 scale=1.0000 norm=0.5383
[iter 100] loss=-0.1385 val_loss=0.0000 scale=2.0000 norm=0.8930
[iter 200] loss=-0.2703 val_loss=0.0000 scale=1.0000 norm=0.4421
[iter 300] loss=-0.3515 val_loss=0.0000 scale=2.0000 norm=0.8898
[iter 400] loss=-0.4075 val_loss=0.0000 scale=1.0000 norm=0.4470
[iter 500] loss=-0.4483 val_loss=0.0000 scale=1.0000 norm=0.4481
[iter 600] loss=-0.4780 val_loss=0.0000 scale=1.0000 norm=0.4488
[iter 700] loss=-0.5014 val_loss=0.0000 scale=1.0000 norm=0.4484
[iter 800] loss=-0.5227 val_loss=0.0000 scale=1.0000 norm=0.4471
[iter 900] loss=-0.5380 val_loss=0.0000 scale=1.0000 norm=0.4467
[iter 1000] loss=-0.5505 val_loss=0.0000 scale=2.0000 norm=0.8932
[iter 1100] loss=-0.5629 val_loss=0.0000 scale=1.0000 norm=0.4462
[iter 1200] loss=-0.5733 val_loss=0.0000 scale=1.0000 norm=0.4460
[iter 1300] loss=-0.5825 val_loss=0.0000 scale=1.0000 norm=0.4458
[iter 1400] loss=-0.5923 val_loss=0.0000 scale=1.0000 norm=0.4449
[iter 1500] loss=-0.6024 val_loss=0.0000 scale=2.0000 norm=0.8881
[iter 1600] loss=-0.6111 val_loss=0.0000 scale=2.0000 norm=0.8872
[iter 1700] loss=-0.6222 val_loss=0.0000 scale=1.0000 norm=0.4422
[iter 1800] loss=-0.6327 val_loss=0.0000 scale=1.0000 norm=0.4416
[iter 1900] loss=-0.6445 val_loss=0.0000 scale=1.0000 norm=0.4405
[iter 0] loss=0.0895 val_loss=0.0000 scale=1.0000 norm=0.5366
[iter 100] loss=-0.1342 val_loss=0.0000 scale=2.0000 norm=0.8960
[iter 200] loss=-0.2701 val_loss=0.0000 scale=1.0000 norm=0.4440
[iter 300] loss=-0.3479 val_loss=0.0000 scale=2.0000 norm=0.8973
[iter 400] loss=-0.4074 val_loss=0.0000 scale=1.0000 norm=0.4495
[iter 500] loss=-0.4491 val_loss=0.0000 scale=1.0000 norm=0.4492
[iter 600] loss=-0.4804 val_loss=0.0000 scale=2.0000 norm=0.8980
[iter 700] loss=-0.5043 val_loss=0.0000 scale=1.0000 norm=0.4491
[iter 800] loss=-0.5213 val_loss=0.0000 scale=1.0000 norm=0.4501
[iter 900] loss=-0.5360 val_loss=0.0000 scale=1.0000 norm=0.4489
[iter 1000] loss=-0.5483 val_loss=0.0000 scale=1.0000 norm=0.4490
[iter 1100] loss=-0.5582 val_loss=0.0000 scale=1.0000 norm=0.4494
[iter 1200] loss=-0.5661 val_loss=0.0000 scale=2.0000 norm=0.8997
[iter 1300] loss=-0.5734 val_loss=0.0000 scale=1.0000 norm=0.4497
[iter 1400] loss=-0.5804 val_loss=0.0000 scale=1.0000 norm=0.4496
[iter 1500] loss=-0.5863 val_loss=0.0000 scale=1.0000 norm=0.4493
[iter 1600] loss=-0.5942 val_loss=0.0000 scale=2.0000 norm=0.8966
[iter 1700] loss=-0.6017 val_loss=0.0000 scale=1.0000 norm=0.4479
[iter 1800] loss=-0.6095 val_loss=0.0000 scale=1.0000 norm=0.4468
[iter 1900] loss=-0.6174 val_loss=0.0000 scale=1.0000 norm=0.4456
[7/20] BestIter=2000 RMSE: Val=0.1753 Test=0.1720 NLL: Test=-0.3670
[iter 0] loss=0.0820 val_loss=0.0000 scale=1.0000 norm=0.5358
[iter 100] loss=-0.1402 val_loss=0.0000 scale=1.0000 norm=0.4457
[iter 200] loss=-0.2624 val_loss=0.0000 scale=2.0000 norm=0.8892
[iter 300] loss=-0.3405 val_loss=0.0000 scale=2.0000 norm=0.8955
[iter 400] loss=-0.4045 val_loss=0.0000 scale=1.0000 norm=0.4479
[iter 500] loss=-0.4456 val_loss=0.0000 scale=1.0000 norm=0.4489
[iter 600] loss=-0.4737 val_loss=0.0000 scale=2.0000 norm=0.9022
[iter 700] loss=-0.4955 val_loss=0.0000 scale=1.0000 norm=0.4509
[iter 800] loss=-0.5148 val_loss=0.0000 scale=1.0000 norm=0.4499
[iter 900] loss=-0.5325 val_loss=0.0000 scale=2.0000 norm=0.8976
[iter 1000] loss=-0.5519 val_loss=0.0000 scale=1.0000 norm=0.4476
[iter 1100] loss=-0.5669 val_loss=0.0000 scale=1.0000 norm=0.4490
[iter 1200] loss=-0.5816 val_loss=0.0000 scale=1.0000 norm=0.4495
[iter 1300] loss=-0.5913 val_loss=0.0000 scale=1.0000 norm=0.4505
[iter 1400] loss=-0.6009 val_loss=0.0000 scale=1.0000 norm=0.4502
[iter 1500] loss=-0.6081 val_loss=0.0000 scale=2.0000 norm=0.9012
[iter 1600] loss=-0.6168 val_loss=0.0000 scale=1.0000 norm=0.4500
[iter 1700] loss=-0.6257 val_loss=0.0000 scale=1.0000 norm=0.4490
[iter 1800] loss=-0.6359 val_loss=0.0000 scale=1.0000 norm=0.4484
[iter 1900] loss=-0.6483 val_loss=0.0000 scale=1.0000 norm=0.4466
[iter 0] loss=0.0799 val_loss=0.0000 scale=1.0000 norm=0.5362
[iter 100] loss=-0.1366 val_loss=0.0000 scale=1.0000 norm=0.4493
[iter 200] loss=-0.2585 val_loss=0.0000 scale=2.0000 norm=0.8952
[iter 300] loss=-0.3338 val_loss=0.0000 scale=1.0000 norm=0.4518
[iter 400] loss=-0.3919 val_loss=0.0000 scale=1.0000 norm=0.4514
[iter 500] loss=-0.4332 val_loss=0.0000 scale=1.0000 norm=0.4509
[iter 600] loss=-0.4657 val_loss=0.0000 scale=1.0000 norm=0.4504
[iter 700] loss=-0.4865 val_loss=0.0000 scale=1.0000 norm=0.4517
[iter 800] loss=-0.5081 val_loss=0.0000 scale=1.0000 norm=0.4504
[iter 900] loss=-0.5232 val_loss=0.0000 scale=1.0000 norm=0.4502
[iter 1000] loss=-0.5371 val_loss=0.0000 scale=2.0000 norm=0.8998
[iter 1100] loss=-0.5478 val_loss=0.0000 scale=1.0000 norm=0.4499
[iter 1200] loss=-0.5590 val_loss=0.0000 scale=2.0000 norm=0.8996
[iter 1300] loss=-0.5691 val_loss=0.0000 scale=2.0000 norm=0.9001
[iter 1400] loss=-0.5774 val_loss=0.0000 scale=1.0000 norm=0.4504
[iter 1500] loss=-0.5851 val_loss=0.0000 scale=1.0000 norm=0.4503
[iter 1600] loss=-0.5948 val_loss=0.0000 scale=1.0000 norm=0.4490
[iter 1700] loss=-0.6047 val_loss=0.0000 scale=1.0000 norm=0.4476
[iter 1800] loss=-0.6160 val_loss=0.0000 scale=1.0000 norm=0.4465
[iter 1900] loss=-0.6264 val_loss=0.0000 scale=1.0000 norm=0.4458
[8/20] BestIter=1994 RMSE: Val=0.1691 Test=0.1643 NLL: Test=-0.4846
[iter 0] loss=0.0894 val_loss=0.0000 scale=1.0000 norm=0.5374
[iter 100] loss=-0.1291 val_loss=0.0000 scale=1.0000 norm=0.4484
[iter 200] loss=-0.2643 val_loss=0.0000 scale=2.0000 norm=0.8910
[iter 300] loss=-0.3401 val_loss=0.0000 scale=1.0000 norm=0.4481
[iter 400] loss=-0.3909 val_loss=0.0000 scale=1.0000 norm=0.4488
[iter 500] loss=-0.4301 val_loss=0.0000 scale=2.0000 norm=0.8964
[iter 600] loss=-0.4587 val_loss=0.0000 scale=1.0000 norm=0.4488
[iter 700] loss=-0.4773 val_loss=0.0000 scale=1.0000 norm=0.4492
[iter 800] loss=-0.4982 val_loss=0.0000 scale=1.0000 norm=0.4462
[iter 900] loss=-0.5149 val_loss=0.0000 scale=1.0000 norm=0.4449
[iter 1000] loss=-0.5278 val_loss=0.0000 scale=1.0000 norm=0.4444
[iter 1100] loss=-0.5422 val_loss=0.0000 scale=2.0000 norm=0.8869
[iter 1200] loss=-0.5548 val_loss=0.0000 scale=1.0000 norm=0.4433
[iter 1300] loss=-0.5667 val_loss=0.0000 scale=2.0000 norm=0.8851
[iter 1400] loss=-0.5764 val_loss=0.0000 scale=1.0000 norm=0.4423
[iter 1500] loss=-0.5867 val_loss=0.0000 scale=1.0000 norm=0.4410
[iter 1600] loss=-0.6046 val_loss=0.0000 scale=1.0000 norm=0.4367
[iter 1700] loss=-0.6202 val_loss=0.0000 scale=1.0000 norm=0.4357
[iter 1800] loss=-0.6305 val_loss=0.0000 scale=2.0000 norm=0.8729
[iter 1900] loss=-0.6414 val_loss=0.0000 scale=1.0000 norm=0.4363
[iter 0] loss=0.0866 val_loss=0.0000 scale=1.0000 norm=0.5365
[iter 100] loss=-0.1272 val_loss=0.0000 scale=2.0000 norm=0.8993
[iter 200] loss=-0.2589 val_loss=0.0000 scale=2.0000 norm=0.8934
[iter 300] loss=-0.3359 val_loss=0.0000 scale=1.0000 norm=0.4498
[iter 400] loss=-0.3900 val_loss=0.0000 scale=2.0000 norm=0.9010
[iter 500] loss=-0.4324 val_loss=0.0000 scale=1.0000 norm=0.4498
[iter 600] loss=-0.4607 val_loss=0.0000 scale=1.0000 norm=0.4499
[iter 700] loss=-0.4819 val_loss=0.0000 scale=1.0000 norm=0.4492
[iter 800] loss=-0.4978 val_loss=0.0000 scale=1.0000 norm=0.4485
[iter 900] loss=-0.5121 val_loss=0.0000 scale=1.0000 norm=0.4472
[iter 1000] loss=-0.5253 val_loss=0.0000 scale=1.0000 norm=0.4459
[iter 1100] loss=-0.5407 val_loss=0.0000 scale=1.0000 norm=0.4441
[iter 1200] loss=-0.5526 val_loss=0.0000 scale=1.0000 norm=0.4444
[iter 1300] loss=-0.5618 val_loss=0.0000 scale=1.0000 norm=0.4451
[iter 1400] loss=-0.5698 val_loss=0.0000 scale=1.0000 norm=0.4447
[iter 1500] loss=-0.5774 val_loss=0.0000 scale=2.0000 norm=0.8889
[iter 1600] loss=-0.5853 val_loss=0.0000 scale=1.0000 norm=0.4439
[iter 1700] loss=-0.5937 val_loss=0.0000 scale=1.0000 norm=0.4428
[iter 1800] loss=-0.6021 val_loss=0.0000 scale=2.0000 norm=0.8846
[iter 1900] loss=-0.6129 val_loss=0.0000 scale=1.0000 norm=0.4407
[9/20] BestIter=2000 RMSE: Val=0.1708 Test=0.1597 NLL: Test=-0.4772
[iter 0] loss=0.0881 val_loss=0.0000 scale=1.0000 norm=0.5351
[iter 100] loss=-0.1400 val_loss=0.0000 scale=2.0000 norm=0.8905
[iter 200] loss=-0.2716 val_loss=0.0000 scale=2.0000 norm=0.8845
[iter 300] loss=-0.3531 val_loss=0.0000 scale=1.0000 norm=0.4439
[iter 400] loss=-0.4116 val_loss=0.0000 scale=1.0000 norm=0.4451
[iter 500] loss=-0.4496 val_loss=0.0000 scale=1.0000 norm=0.4461
[iter 600] loss=-0.4800 val_loss=0.0000 scale=1.0000 norm=0.4467
[iter 700] loss=-0.5020 val_loss=0.0000 scale=2.0000 norm=0.8932
[iter 800] loss=-0.5225 val_loss=0.0000 scale=1.0000 norm=0.4454
[iter 900] loss=-0.5430 val_loss=0.0000 scale=1.0000 norm=0.4425
[iter 1000] loss=-0.5582 val_loss=0.0000 scale=1.0000 norm=0.4427
[iter 1100] loss=-0.5706 val_loss=0.0000 scale=1.0000 norm=0.4433
[iter 1200] loss=-0.5812 val_loss=0.0000 scale=2.0000 norm=0.8875
[iter 1300] loss=-0.5981 val_loss=0.0000 scale=1.0000 norm=0.4408
[iter 1400] loss=-0.6152 val_loss=0.0000 scale=1.0000 norm=0.4400
[iter 1500] loss=-0.6256 val_loss=0.0000 scale=1.0000 norm=0.4412
[iter 1600] loss=-0.6405 val_loss=0.0000 scale=1.0000 norm=0.4401
[iter 1700] loss=-0.6498 val_loss=0.0000 scale=1.0000 norm=0.4413
[iter 1800] loss=-0.6646 val_loss=0.0000 scale=1.0000 norm=0.4396
[iter 1900] loss=-0.6728 val_loss=0.0000 scale=2.0000 norm=0.8813
[iter 0] loss=0.0838 val_loss=0.0000 scale=1.0000 norm=0.5367
[iter 100] loss=-0.1370 val_loss=0.0000 scale=2.0000 norm=0.8974
[iter 200] loss=-0.2699 val_loss=0.0000 scale=2.0000 norm=0.8914
[iter 300] loss=-0.3479 val_loss=0.0000 scale=1.0000 norm=0.4497
[iter 400] loss=-0.4012 val_loss=0.0000 scale=2.0000 norm=0.9036
[iter 500] loss=-0.4408 val_loss=0.0000 scale=2.0000 norm=0.9027
[iter 600] loss=-0.4694 val_loss=0.0000 scale=1.0000 norm=0.4508
[iter 700] loss=-0.4950 val_loss=0.0000 scale=1.0000 norm=0.4494
[iter 800] loss=-0.5156 val_loss=0.0000 scale=1.0000 norm=0.4480
[iter 900] loss=-0.5311 val_loss=0.0000 scale=2.0000 norm=0.8944
[iter 1000] loss=-0.5417 val_loss=0.0000 scale=1.0000 norm=0.4488
[iter 1100] loss=-0.5516 val_loss=0.0000 scale=1.0000 norm=0.4494
[iter 1200] loss=-0.5609 val_loss=0.0000 scale=1.0000 norm=0.4488
[iter 1300] loss=-0.5691 val_loss=0.0000 scale=2.0000 norm=0.8961
[iter 1400] loss=-0.5782 val_loss=0.0000 scale=2.0000 norm=0.8942
[iter 1500] loss=-0.5865 val_loss=0.0000 scale=1.0000 norm=0.4467
[iter 1600] loss=-0.5975 val_loss=0.0000 scale=1.0000 norm=0.4449
[iter 1700] loss=-0.6073 val_loss=0.0000 scale=1.0000 norm=0.4440
[iter 1800] loss=-0.6171 val_loss=0.0000 scale=1.0000 norm=0.4430
[iter 1900] loss=-0.6266 val_loss=0.0000 scale=1.0000 norm=0.4427
[10/20] BestIter=2000 RMSE: Val=0.1697 Test=0.1751 NLL: Test=-0.3760
[iter 0] loss=0.0891 val_loss=0.0000 scale=1.0000 norm=0.5365
[iter 100] loss=-0.1392 val_loss=0.0000 scale=1.0000 norm=0.4446
[iter 200] loss=-0.2671 val_loss=0.0000 scale=2.0000 norm=0.8859
[iter 300] loss=-0.3415 val_loss=0.0000 scale=1.0000 norm=0.4461
[iter 400] loss=-0.3915 val_loss=0.0000 scale=1.0000 norm=0.4475
[iter 500] loss=-0.4330 val_loss=0.0000 scale=1.0000 norm=0.4469
[iter 600] loss=-0.4637 val_loss=0.0000 scale=1.0000 norm=0.4471
[iter 700] loss=-0.4871 val_loss=0.0000 scale=1.0000 norm=0.4474
[iter 800] loss=-0.5060 val_loss=0.0000 scale=1.0000 norm=0.4492
[iter 900] loss=-0.5195 val_loss=0.0000 scale=1.0000 norm=0.4501
[iter 1000] loss=-0.5328 val_loss=0.0000 scale=1.0000 norm=0.4492
[iter 1100] loss=-0.5443 val_loss=0.0000 scale=1.0000 norm=0.4483
[iter 1200] loss=-0.5555 val_loss=0.0000 scale=1.0000 norm=0.4476
[iter 1300] loss=-0.5686 val_loss=0.0000 scale=2.0000 norm=0.8908
[iter 1400] loss=-0.5819 val_loss=0.0000 scale=1.0000 norm=0.4435
[iter 1500] loss=-0.5918 val_loss=0.0000 scale=1.0000 norm=0.4436
[iter 1600] loss=-0.6023 val_loss=0.0000 scale=1.0000 norm=0.4427
[iter 1700] loss=-0.6125 val_loss=0.0000 scale=1.0000 norm=0.4417
[iter 1800] loss=-0.6238 val_loss=0.0000 scale=1.0000 norm=0.4399
[iter 1900] loss=-0.6352 val_loss=0.0000 scale=1.0000 norm=0.4391
[iter 0] loss=0.0823 val_loss=0.0000 scale=1.0000 norm=0.5356
[iter 100] loss=-0.1374 val_loss=0.0000 scale=1.0000 norm=0.4472
[iter 200] loss=-0.2666 val_loss=0.0000 scale=2.0000 norm=0.8911
[iter 300] loss=-0.3434 val_loss=0.0000 scale=1.0000 norm=0.4488
[iter 400] loss=-0.3980 val_loss=0.0000 scale=2.0000 norm=0.8986
[iter 500] loss=-0.4370 val_loss=0.0000 scale=2.0000 norm=0.9008
[iter 600] loss=-0.4649 val_loss=0.0000 scale=1.0000 norm=0.4508
[iter 700] loss=-0.4863 val_loss=0.0000 scale=1.0000 norm=0.4504
[iter 800] loss=-0.5030 val_loss=0.0000 scale=1.0000 norm=0.4497
[iter 900] loss=-0.5165 val_loss=0.0000 scale=1.0000 norm=0.4492
[iter 1000] loss=-0.5293 val_loss=0.0000 scale=1.0000 norm=0.4479
[iter 1100] loss=-0.5420 val_loss=0.0000 scale=1.0000 norm=0.4475
[iter 1200] loss=-0.5511 val_loss=0.0000 scale=1.0000 norm=0.4479
[iter 1300] loss=-0.5593 val_loss=0.0000 scale=1.0000 norm=0.4475
[iter 1400] loss=-0.5690 val_loss=0.0000 scale=1.0000 norm=0.4465
[iter 1500] loss=-0.5784 val_loss=0.0000 scale=1.0000 norm=0.4463
[iter 1600] loss=-0.5880 val_loss=0.0000 scale=0.5000 norm=0.2228
[iter 1700] loss=-0.5988 val_loss=0.0000 scale=1.0000 norm=0.4451
[iter 1800] loss=-0.6069 val_loss=0.0000 scale=1.0000 norm=0.4455
[iter 1900] loss=-0.6148 val_loss=0.0000 scale=0.5000 norm=0.2226
[11/20] BestIter=1999 RMSE: Val=0.1658 Test=0.1654 NLL: Test=-0.3572
[iter 0] loss=0.0902 val_loss=0.0000 scale=1.0000 norm=0.5341
[iter 100] loss=-0.1397 val_loss=0.0000 scale=2.0000 norm=0.8861
[iter 200] loss=-0.2710 val_loss=0.0000 scale=2.0000 norm=0.8811
[iter 300] loss=-0.3498 val_loss=0.0000 scale=1.0000 norm=0.4424
[iter 400] loss=-0.4087 val_loss=0.0000 scale=1.0000 norm=0.4438
[iter 500] loss=-0.4542 val_loss=0.0000 scale=1.0000 norm=0.4445
[iter 600] loss=-0.4838 val_loss=0.0000 scale=1.0000 norm=0.4460
[iter 700] loss=-0.5057 val_loss=0.0000 scale=2.0000 norm=0.8900
[iter 800] loss=-0.5261 val_loss=0.0000 scale=1.0000 norm=0.4438
[iter 900] loss=-0.5400 val_loss=0.0000 scale=2.0000 norm=0.8912
[iter 1000] loss=-0.5517 val_loss=0.0000 scale=1.0000 norm=0.4452
[iter 1100] loss=-0.5636 val_loss=0.0000 scale=1.0000 norm=0.4443
[iter 1200] loss=-0.5735 val_loss=0.0000 scale=1.0000 norm=0.4439
[iter 1300] loss=-0.5840 val_loss=0.0000 scale=1.0000 norm=0.4435
[iter 1400] loss=-0.5935 val_loss=0.0000 scale=1.0000 norm=0.4430
[iter 1500] loss=-0.6024 val_loss=0.0000 scale=1.0000 norm=0.4426
[iter 1600] loss=-0.6108 val_loss=0.0000 scale=1.0000 norm=0.4424
[iter 1700] loss=-0.6217 val_loss=0.0000 scale=1.0000 norm=0.4409
[iter 1800] loss=-0.6316 val_loss=0.0000 scale=2.0000 norm=0.8807
[iter 1900] loss=-0.6437 val_loss=0.0000 scale=1.0000 norm=0.4386
[iter 0] loss=0.0861 val_loss=0.0000 scale=1.0000 norm=0.5367
[iter 100] loss=-0.1349 val_loss=0.0000 scale=2.0000 norm=0.8967
[iter 200] loss=-0.2688 val_loss=0.0000 scale=1.0000 norm=0.4458
[iter 300] loss=-0.3471 val_loss=0.0000 scale=1.0000 norm=0.4498
[iter 400] loss=-0.4013 val_loss=0.0000 scale=1.0000 norm=0.4507
[iter 500] loss=-0.4442 val_loss=0.0000 scale=1.0000 norm=0.4501
[iter 600] loss=-0.4772 val_loss=0.0000 scale=1.0000 norm=0.4493
[iter 700] loss=-0.5053 val_loss=0.0000 scale=1.0000 norm=0.4488
[iter 800] loss=-0.5266 val_loss=0.0000 scale=1.0000 norm=0.4489
[iter 900] loss=-0.5429 val_loss=0.0000 scale=2.0000 norm=0.8993
[iter 1000] loss=-0.5557 val_loss=0.0000 scale=1.0000 norm=0.4506
[iter 1100] loss=-0.5652 val_loss=0.0000 scale=1.0000 norm=0.4508
[iter 1200] loss=-0.5731 val_loss=0.0000 scale=1.0000 norm=0.4510
[iter 1300] loss=-0.5817 val_loss=0.0000 scale=1.0000 norm=0.4503
[iter 1400] loss=-0.5924 val_loss=0.0000 scale=1.0000 norm=0.4481
[iter 1500] loss=-0.6069 val_loss=0.0000 scale=1.0000 norm=0.4455
[iter 1600] loss=-0.6185 val_loss=0.0000 scale=1.0000 norm=0.4450
[iter 1700] loss=-0.6305 val_loss=0.0000 scale=1.0000 norm=0.4443
[iter 1800] loss=-0.6404 val_loss=0.0000 scale=1.0000 norm=0.4446
[iter 1900] loss=-0.6476 val_loss=0.0000 scale=1.0000 norm=0.4449
[12/20] BestIter=2000 RMSE: Val=0.1677 Test=0.1701 NLL: Test=-0.4060
[iter 0] loss=0.0817 val_loss=0.0000 scale=1.0000 norm=0.5382
[iter 100] loss=-0.1395 val_loss=0.0000 scale=2.0000 norm=0.8953
[iter 200] loss=-0.2700 val_loss=0.0000 scale=2.0000 norm=0.8868
[iter 300] loss=-0.3431 val_loss=0.0000 scale=1.0000 norm=0.4477
[iter 400] loss=-0.3971 val_loss=0.0000 scale=1.0000 norm=0.4469
[iter 500] loss=-0.4351 val_loss=0.0000 scale=1.0000 norm=0.4468
[iter 600] loss=-0.4659 val_loss=0.0000 scale=1.0000 norm=0.4459
[iter 700] loss=-0.4908 val_loss=0.0000 scale=1.0000 norm=0.4448
[iter 800] loss=-0.5098 val_loss=0.0000 scale=1.0000 norm=0.4458
[iter 900] loss=-0.5246 val_loss=0.0000 scale=1.0000 norm=0.4457
[iter 1000] loss=-0.5365 val_loss=0.0000 scale=1.0000 norm=0.4464
[iter 1100] loss=-0.5469 val_loss=0.0000 scale=1.0000 norm=0.4464
[iter 1200] loss=-0.5588 val_loss=0.0000 scale=1.0000 norm=0.4450
[iter 1300] loss=-0.5722 val_loss=0.0000 scale=1.0000 norm=0.4440
[iter 1400] loss=-0.5852 val_loss=0.0000 scale=1.0000 norm=0.4432
[iter 1500] loss=-0.5957 val_loss=0.0000 scale=1.0000 norm=0.4434
[iter 1600] loss=-0.6068 val_loss=0.0000 scale=2.0000 norm=0.8856
[iter 1700] loss=-0.6182 val_loss=0.0000 scale=2.0000 norm=0.8846
[iter 1800] loss=-0.6296 val_loss=0.0000 scale=1.0000 norm=0.4416
[iter 1900] loss=-0.6404 val_loss=0.0000 scale=1.0000 norm=0.4407
[iter 0] loss=0.0822 val_loss=0.0000 scale=1.0000 norm=0.5357
[iter 100] loss=-0.1437 val_loss=0.0000 scale=1.0000 norm=0.4483
[iter 200] loss=-0.2751 val_loss=0.0000 scale=2.0000 norm=0.8929
[iter 300] loss=-0.3498 val_loss=0.0000 scale=1.0000 norm=0.4506
[iter 400] loss=-0.4064 val_loss=0.0000 scale=1.0000 norm=0.4511
[iter 500] loss=-0.4434 val_loss=0.0000 scale=2.0000 norm=0.9019
[iter 600] loss=-0.4770 val_loss=0.0000 scale=2.0000 norm=0.8978
[iter 700] loss=-0.5019 val_loss=0.0000 scale=1.0000 norm=0.4484
[iter 800] loss=-0.5178 val_loss=0.0000 scale=1.0000 norm=0.4492
[iter 900] loss=-0.5326 val_loss=0.0000 scale=1.0000 norm=0.4487
[iter 1000] loss=-0.5455 val_loss=0.0000 scale=2.0000 norm=0.8953
[iter 1100] loss=-0.5559 val_loss=0.0000 scale=1.0000 norm=0.4479
[iter 1200] loss=-0.5633 val_loss=0.0000 scale=1.0000 norm=0.4484
[iter 1300] loss=-0.5713 val_loss=0.0000 scale=1.0000 norm=0.4481
[iter 1400] loss=-0.5827 val_loss=0.0000 scale=1.0000 norm=0.4475
[iter 1500] loss=-0.5927 val_loss=0.0000 scale=1.0000 norm=0.4472
[iter 1600] loss=-0.6033 val_loss=0.0000 scale=1.0000 norm=0.4461
[iter 1700] loss=-0.6156 val_loss=0.0000 scale=1.0000 norm=0.4442
[iter 1800] loss=-0.6285 val_loss=0.0000 scale=1.0000 norm=0.4428
[iter 1900] loss=-0.6379 val_loss=0.0000 scale=2.0000 norm=0.8857
[13/20] BestIter=1999 RMSE: Val=0.1663 Test=0.1707 NLL: Test=-0.4050
[iter 0] loss=0.0807 val_loss=0.0000 scale=1.0000 norm=0.5360
[iter 100] loss=-0.1424 val_loss=0.0000 scale=1.0000 norm=0.4465
[iter 200] loss=-0.2709 val_loss=0.0000 scale=1.0000 norm=0.4437
[iter 300] loss=-0.3489 val_loss=0.0000 scale=2.0000 norm=0.8927
[iter 400] loss=-0.4057 val_loss=0.0000 scale=1.0000 norm=0.4491
[iter 500] loss=-0.4483 val_loss=0.0000 scale=1.0000 norm=0.4485
[iter 600] loss=-0.4773 val_loss=0.0000 scale=1.0000 norm=0.4494
[iter 700] loss=-0.5009 val_loss=0.0000 scale=1.0000 norm=0.4490
[iter 800] loss=-0.5178 val_loss=0.0000 scale=2.0000 norm=0.8989
[iter 900] loss=-0.5319 val_loss=0.0000 scale=1.0000 norm=0.4491
[iter 1000] loss=-0.5456 val_loss=0.0000 scale=1.0000 norm=0.4473
[iter 1100] loss=-0.5611 val_loss=0.0000 scale=1.0000 norm=0.4451
[iter 1200] loss=-0.5760 val_loss=0.0000 scale=2.0000 norm=0.8868
[iter 1300] loss=-0.5881 val_loss=0.0000 scale=1.0000 norm=0.4438
[iter 1400] loss=-0.5990 val_loss=0.0000 scale=1.0000 norm=0.4436
[iter 1500] loss=-0.6136 val_loss=0.0000 scale=1.0000 norm=0.4421
[iter 1600] loss=-0.6265 val_loss=0.0000 scale=1.0000 norm=0.4413
[iter 1700] loss=-0.6351 val_loss=0.0000 scale=1.0000 norm=0.4415
[iter 1800] loss=-0.6429 val_loss=0.0000 scale=2.0000 norm=0.8825
[iter 1900] loss=-0.6517 val_loss=0.0000 scale=1.0000 norm=0.4397
[iter 0] loss=0.0863 val_loss=0.0000 scale=1.0000 norm=0.5361
[iter 100] loss=-0.1357 val_loss=0.0000 scale=1.0000 norm=0.4472
[iter 200] loss=-0.2660 val_loss=0.0000 scale=1.0000 norm=0.4461
[iter 300] loss=-0.3437 val_loss=0.0000 scale=1.0000 norm=0.4489
[iter 400] loss=-0.3990 val_loss=0.0000 scale=1.0000 norm=0.4498
[iter 500] loss=-0.4383 val_loss=0.0000 scale=1.0000 norm=0.4492
[iter 600] loss=-0.4656 val_loss=0.0000 scale=1.0000 norm=0.4494
[iter 700] loss=-0.4869 val_loss=0.0000 scale=1.0000 norm=0.4493
[iter 800] loss=-0.5031 val_loss=0.0000 scale=1.0000 norm=0.4491
[iter 900] loss=-0.5175 val_loss=0.0000 scale=1.0000 norm=0.4482
[iter 1000] loss=-0.5307 val_loss=0.0000 scale=1.0000 norm=0.4476
[iter 1100] loss=-0.5423 val_loss=0.0000 scale=1.0000 norm=0.4471
[iter 1200] loss=-0.5511 val_loss=0.0000 scale=1.0000 norm=0.4468
[iter 1300] loss=-0.5595 val_loss=0.0000 scale=1.0000 norm=0.4466
[iter 1400] loss=-0.5670 val_loss=0.0000 scale=2.0000 norm=0.8928
[iter 1500] loss=-0.5748 val_loss=0.0000 scale=1.0000 norm=0.4458
[iter 1600] loss=-0.5829 val_loss=0.0000 scale=2.0000 norm=0.8905
[iter 1700] loss=-0.5905 val_loss=0.0000 scale=2.0000 norm=0.8897
[iter 1800] loss=-0.5989 val_loss=0.0000 scale=1.0000 norm=0.4441
[iter 1900] loss=-0.6078 val_loss=0.0000 scale=1.0000 norm=0.4435
[14/20] BestIter=2000 RMSE: Val=0.1703 Test=0.1702 NLL: Test=-0.4143
[iter 0] loss=0.0862 val_loss=0.0000 scale=1.0000 norm=0.5372
[iter 100] loss=-0.1364 val_loss=0.0000 scale=2.0000 norm=0.8981
[iter 200] loss=-0.2597 val_loss=0.0000 scale=1.0000 norm=0.4463
[iter 300] loss=-0.3371 val_loss=0.0000 scale=1.0000 norm=0.4494
[iter 400] loss=-0.3942 val_loss=0.0000 scale=1.0000 norm=0.4501
[iter 500] loss=-0.4358 val_loss=0.0000 scale=1.0000 norm=0.4491
[iter 600] loss=-0.4725 val_loss=0.0000 scale=1.0000 norm=0.4468
[iter 700] loss=-0.4970 val_loss=0.0000 scale=1.0000 norm=0.4464
[iter 800] loss=-0.5156 val_loss=0.0000 scale=1.0000 norm=0.4456
[iter 900] loss=-0.5343 val_loss=0.0000 scale=1.0000 norm=0.4447
[iter 1000] loss=-0.5488 val_loss=0.0000 scale=1.0000 norm=0.4446
[iter 1100] loss=-0.5624 val_loss=0.0000 scale=1.0000 norm=0.4432
[iter 1200] loss=-0.5742 val_loss=0.0000 scale=1.0000 norm=0.4431
[iter 1300] loss=-0.5856 val_loss=0.0000 scale=1.0000 norm=0.4430
[iter 1400] loss=-0.5958 val_loss=0.0000 scale=2.0000 norm=0.8854
[iter 1500] loss=-0.6064 val_loss=0.0000 scale=1.0000 norm=0.4421
[iter 1600] loss=-0.6190 val_loss=0.0000 scale=1.0000 norm=0.4405
[iter 1700] loss=-0.6291 val_loss=0.0000 scale=2.0000 norm=0.8811
[iter 1800] loss=-0.6404 val_loss=0.0000 scale=1.0000 norm=0.4390
[iter 1900] loss=-0.6502 val_loss=0.0000 scale=1.0000 norm=0.4386
[iter 0] loss=0.0843 val_loss=0.0000 scale=1.0000 norm=0.5364
[iter 100] loss=-0.1325 val_loss=0.0000 scale=2.0000 norm=0.8982
[iter 200] loss=-0.2657 val_loss=0.0000 scale=1.0000 norm=0.4480
[iter 300] loss=-0.3397 val_loss=0.0000 scale=1.0000 norm=0.4520
[iter 400] loss=-0.3914 val_loss=0.0000 scale=1.0000 norm=0.4531
[iter 500] loss=-0.4262 val_loss=0.0000 scale=2.0000 norm=0.9063
[iter 600] loss=-0.4556 val_loss=0.0000 scale=2.0000 norm=0.9044
[iter 700] loss=-0.4819 val_loss=0.0000 scale=1.0000 norm=0.4498
[iter 800] loss=-0.5024 val_loss=0.0000 scale=1.0000 norm=0.4480
[iter 900] loss=-0.5201 val_loss=0.0000 scale=1.0000 norm=0.4469
[iter 1000] loss=-0.5341 val_loss=0.0000 scale=1.0000 norm=0.4465
[iter 1100] loss=-0.5458 val_loss=0.0000 scale=1.0000 norm=0.4464
[iter 1200] loss=-0.5559 val_loss=0.0000 scale=1.0000 norm=0.4469
[iter 1300] loss=-0.5632 val_loss=0.0000 scale=1.0000 norm=0.4472
[iter 1400] loss=-0.5702 val_loss=0.0000 scale=2.0000 norm=0.8939
[iter 1500] loss=-0.5773 val_loss=0.0000 scale=1.0000 norm=0.4462
[iter 1600] loss=-0.5855 val_loss=0.0000 scale=1.0000 norm=0.4453
[iter 1700] loss=-0.5956 val_loss=0.0000 scale=1.0000 norm=0.4443
[iter 1800] loss=-0.6055 val_loss=0.0000 scale=1.0000 norm=0.4438
[iter 1900] loss=-0.6136 val_loss=0.0000 scale=1.0000 norm=0.4438
[15/20] BestIter=1994 RMSE: Val=0.1731 Test=0.1635 NLL: Test=-0.4399
[iter 0] loss=0.0854 val_loss=0.0000 scale=1.0000 norm=0.5385
[iter 100] loss=-0.1354 val_loss=0.0000 scale=1.0000 norm=0.4489
[iter 200] loss=-0.2687 val_loss=0.0000 scale=1.0000 norm=0.4449
[iter 300] loss=-0.3464 val_loss=0.0000 scale=2.0000 norm=0.8950
[iter 400] loss=-0.4045 val_loss=0.0000 scale=1.0000 norm=0.4475
[iter 500] loss=-0.4460 val_loss=0.0000 scale=1.0000 norm=0.4471
[iter 600] loss=-0.4784 val_loss=0.0000 scale=1.0000 norm=0.4461
[iter 700] loss=-0.5035 val_loss=0.0000 scale=2.0000 norm=0.8918
[iter 800] loss=-0.5220 val_loss=0.0000 scale=1.0000 norm=0.4466
[iter 900] loss=-0.5358 val_loss=0.0000 scale=2.0000 norm=0.8960
[iter 1000] loss=-0.5456 val_loss=0.0000 scale=1.0000 norm=0.4487
[iter 1100] loss=-0.5566 val_loss=0.0000 scale=1.0000 norm=0.4477
[iter 1200] loss=-0.5698 val_loss=0.0000 scale=1.0000 norm=0.4462
[iter 1300] loss=-0.5811 val_loss=0.0000 scale=1.0000 norm=0.4456
[iter 1400] loss=-0.5908 val_loss=0.0000 scale=1.0000 norm=0.4448
[iter 1500] loss=-0.6010 val_loss=0.0000 scale=2.0000 norm=0.8884
[iter 1600] loss=-0.6118 val_loss=0.0000 scale=1.0000 norm=0.4430
[iter 1700] loss=-0.6214 val_loss=0.0000 scale=1.0000 norm=0.4424
[iter 1800] loss=-0.6304 val_loss=0.0000 scale=1.0000 norm=0.4418
[iter 1900] loss=-0.6413 val_loss=0.0000 scale=1.0000 norm=0.4406
[iter 0] loss=0.0863 val_loss=0.0000 scale=1.0000 norm=0.5380
[iter 100] loss=-0.1355 val_loss=0.0000 scale=1.0000 norm=0.4486
[iter 200] loss=-0.2621 val_loss=0.0000 scale=1.0000 norm=0.4453
[iter 300] loss=-0.3395 val_loss=0.0000 scale=1.0000 norm=0.4482
[iter 400] loss=-0.3988 val_loss=0.0000 scale=2.0000 norm=0.8971
[iter 500] loss=-0.4432 val_loss=0.0000 scale=1.0000 norm=0.4494
[iter 600] loss=-0.4722 val_loss=0.0000 scale=1.0000 norm=0.4502
[iter 700] loss=-0.4952 val_loss=0.0000 scale=1.0000 norm=0.4499
[iter 800] loss=-0.5117 val_loss=0.0000 scale=2.0000 norm=0.8995
[iter 900] loss=-0.5237 val_loss=0.0000 scale=1.0000 norm=0.4499
[iter 1000] loss=-0.5356 val_loss=0.0000 scale=1.0000 norm=0.4490
[iter 1100] loss=-0.5455 val_loss=0.0000 scale=1.0000 norm=0.4487
[iter 1200] loss=-0.5559 val_loss=0.0000 scale=1.0000 norm=0.4482
[iter 1300] loss=-0.5691 val_loss=0.0000 scale=1.0000 norm=0.4465
[iter 1400] loss=-0.5806 val_loss=0.0000 scale=1.0000 norm=0.4457
[iter 1500] loss=-0.5907 val_loss=0.0000 scale=1.0000 norm=0.4456
[iter 1600] loss=-0.5999 val_loss=0.0000 scale=2.0000 norm=0.8902
[iter 1700] loss=-0.6087 val_loss=0.0000 scale=1.0000 norm=0.4446
[iter 1800] loss=-0.6167 val_loss=0.0000 scale=2.0000 norm=0.8885
[iter 1900] loss=-0.6243 val_loss=0.0000 scale=1.0000 norm=0.4441
[16/20] BestIter=1997 RMSE: Val=0.1658 Test=0.1690 NLL: Test=-0.4226
[iter 0] loss=0.0874 val_loss=0.0000 scale=1.0000 norm=0.5337
[iter 100] loss=-0.1332 val_loss=0.0000 scale=1.0000 norm=0.4477
[iter 200] loss=-0.2714 val_loss=0.0000 scale=2.0000 norm=0.8917
[iter 300] loss=-0.3515 val_loss=0.0000 scale=1.0000 norm=0.4475
[iter 400] loss=-0.4061 val_loss=0.0000 scale=1.0000 norm=0.4465
[iter 500] loss=-0.4477 val_loss=0.0000 scale=1.0000 norm=0.4448
[iter 600] loss=-0.4761 val_loss=0.0000 scale=1.0000 norm=0.4443
[iter 700] loss=-0.4984 val_loss=0.0000 scale=2.0000 norm=0.8875
[iter 800] loss=-0.5163 val_loss=0.0000 scale=1.0000 norm=0.4433
[iter 900] loss=-0.5336 val_loss=0.0000 scale=2.0000 norm=0.8842
[iter 1000] loss=-0.5478 val_loss=0.0000 scale=1.0000 norm=0.4419
[iter 1100] loss=-0.5602 val_loss=0.0000 scale=1.0000 norm=0.4416
[iter 1200] loss=-0.5712 val_loss=0.0000 scale=1.0000 norm=0.4407
[iter 1300] loss=-0.5840 val_loss=0.0000 scale=1.0000 norm=0.4393
[iter 1400] loss=-0.5945 val_loss=0.0000 scale=1.0000 norm=0.4386
[iter 1500] loss=-0.6062 val_loss=0.0000 scale=1.0000 norm=0.4375
[iter 1600] loss=-0.6173 val_loss=0.0000 scale=1.0000 norm=0.4364
[iter 1700] loss=-0.6275 val_loss=0.0000 scale=1.0000 norm=0.4358
[iter 1800] loss=-0.6358 val_loss=0.0000 scale=2.0000 norm=0.8719
[iter 1900] loss=-0.6455 val_loss=0.0000 scale=1.0000 norm=0.4347
[iter 0] loss=0.0849 val_loss=0.0000 scale=1.0000 norm=0.5357
[iter 100] loss=-0.1311 val_loss=0.0000 scale=1.0000 norm=0.4491
[iter 200] loss=-0.2673 val_loss=0.0000 scale=1.0000 norm=0.4464
[iter 300] loss=-0.3445 val_loss=0.0000 scale=1.0000 norm=0.4500
[iter 400] loss=-0.4052 val_loss=0.0000 scale=1.0000 norm=0.4497
[iter 500] loss=-0.4446 val_loss=0.0000 scale=2.0000 norm=0.9005
[iter 600] loss=-0.4744 val_loss=0.0000 scale=1.0000 norm=0.4491
[iter 700] loss=-0.5000 val_loss=0.0000 scale=1.0000 norm=0.4477
[iter 800] loss=-0.5199 val_loss=0.0000 scale=2.0000 norm=0.8942
[iter 900] loss=-0.5352 val_loss=0.0000 scale=1.0000 norm=0.4465
[iter 1000] loss=-0.5465 val_loss=0.0000 scale=1.0000 norm=0.4461
[iter 1100] loss=-0.5578 val_loss=0.0000 scale=1.0000 norm=0.4451
[iter 1200] loss=-0.5656 val_loss=0.0000 scale=2.0000 norm=0.8915
[iter 1300] loss=-0.5756 val_loss=0.0000 scale=1.0000 norm=0.4447
[iter 1400] loss=-0.5861 val_loss=0.0000 scale=1.0000 norm=0.4442
[iter 1500] loss=-0.5987 val_loss=0.0000 scale=1.0000 norm=0.4431
[iter 1600] loss=-0.6081 val_loss=0.0000 scale=1.0000 norm=0.4433
[iter 1700] loss=-0.6178 val_loss=0.0000 scale=1.0000 norm=0.4429
[iter 1800] loss=-0.6263 val_loss=0.0000 scale=1.0000 norm=0.4428
[iter 1900] loss=-0.6351 val_loss=0.0000 scale=1.0000 norm=0.4423
[17/20] BestIter=1996 RMSE: Val=0.1678 Test=0.1682 NLL: Test=-0.3947
[iter 0] loss=0.0823 val_loss=0.0000 scale=1.0000 norm=0.5355
[iter 100] loss=-0.1421 val_loss=0.0000 scale=1.0000 norm=0.4466
[iter 200] loss=-0.2690 val_loss=0.0000 scale=1.0000 norm=0.4432
[iter 300] loss=-0.3511 val_loss=0.0000 scale=2.0000 norm=0.8927
[iter 400] loss=-0.4065 val_loss=0.0000 scale=1.0000 norm=0.4481
[iter 500] loss=-0.4482 val_loss=0.0000 scale=1.0000 norm=0.4486
[iter 600] loss=-0.4788 val_loss=0.0000 scale=1.0000 norm=0.4490
[iter 700] loss=-0.5011 val_loss=0.0000 scale=1.0000 norm=0.4488
[iter 800] loss=-0.5204 val_loss=0.0000 scale=1.0000 norm=0.4474
[iter 900] loss=-0.5391 val_loss=0.0000 scale=1.0000 norm=0.4455
[iter 1000] loss=-0.5537 val_loss=0.0000 scale=1.0000 norm=0.4455
[iter 1100] loss=-0.5666 val_loss=0.0000 scale=1.0000 norm=0.4450
[iter 1200] loss=-0.5770 val_loss=0.0000 scale=2.0000 norm=0.8893
[iter 1300] loss=-0.5873 val_loss=0.0000 scale=1.0000 norm=0.4433
[iter 1400] loss=-0.5969 val_loss=0.0000 scale=1.0000 norm=0.4427
[iter 1500] loss=-0.6110 val_loss=0.0000 scale=2.0000 norm=0.8807
[iter 1600] loss=-0.6210 val_loss=0.0000 scale=1.0000 norm=0.4405
[iter 1700] loss=-0.6301 val_loss=0.0000 scale=1.0000 norm=0.4407
[iter 1800] loss=-0.6412 val_loss=0.0000 scale=1.0000 norm=0.4392
[iter 1900] loss=-0.6506 val_loss=0.0000 scale=1.0000 norm=0.4390
[iter 0] loss=0.0874 val_loss=0.0000 scale=1.0000 norm=0.5367
[iter 100] loss=-0.1365 val_loss=0.0000 scale=1.0000 norm=0.4462
[iter 200] loss=-0.2672 val_loss=0.0000 scale=1.0000 norm=0.4452
[iter 300] loss=-0.3441 val_loss=0.0000 scale=1.0000 norm=0.4492
[iter 400] loss=-0.3980 val_loss=0.0000 scale=1.0000 norm=0.4509
[iter 500] loss=-0.4359 val_loss=0.0000 scale=1.0000 norm=0.4514
[iter 600] loss=-0.4647 val_loss=0.0000 scale=1.0000 norm=0.4507
[iter 700] loss=-0.4895 val_loss=0.0000 scale=1.0000 norm=0.4497
[iter 800] loss=-0.5073 val_loss=0.0000 scale=1.0000 norm=0.4494
[iter 900] loss=-0.5209 val_loss=0.0000 scale=1.0000 norm=0.4488
[iter 1000] loss=-0.5315 val_loss=0.0000 scale=2.0000 norm=0.8981
[iter 1100] loss=-0.5458 val_loss=0.0000 scale=1.0000 norm=0.4468
[iter 1200] loss=-0.5595 val_loss=0.0000 scale=1.0000 norm=0.4463
[iter 1300] loss=-0.5676 val_loss=0.0000 scale=1.0000 norm=0.4473
[iter 1400] loss=-0.5760 val_loss=0.0000 scale=1.0000 norm=0.4461
[iter 1500] loss=-0.5862 val_loss=0.0000 scale=1.0000 norm=0.4450
[iter 1600] loss=-0.5991 val_loss=0.0000 scale=1.0000 norm=0.4438
[iter 1700] loss=-0.6088 val_loss=0.0000 scale=1.0000 norm=0.4439
[iter 1800] loss=-0.6187 val_loss=0.0000 scale=1.0000 norm=0.4438
[iter 1900] loss=-0.6271 val_loss=0.0000 scale=1.0000 norm=0.4439
[18/20] BestIter=2000 RMSE: Val=0.1731 Test=0.1689 NLL: Test=-0.3660
[iter 0] loss=0.0812 val_loss=0.0000 scale=1.0000 norm=0.5359
[iter 100] loss=-0.1402 val_loss=0.0000 scale=1.0000 norm=0.4473
[iter 200] loss=-0.2686 val_loss=0.0000 scale=1.0000 norm=0.4456
[iter 300] loss=-0.3475 val_loss=0.0000 scale=1.0000 norm=0.4490
[iter 400] loss=-0.4059 val_loss=0.0000 scale=1.0000 norm=0.4487
[iter 500] loss=-0.4513 val_loss=0.0000 scale=1.0000 norm=0.4476
[iter 600] loss=-0.4869 val_loss=0.0000 scale=1.0000 norm=0.4473
[iter 700] loss=-0.5129 val_loss=0.0000 scale=1.0000 norm=0.4487
[iter 800] loss=-0.5329 val_loss=0.0000 scale=1.0000 norm=0.4494
[iter 900] loss=-0.5509 val_loss=0.0000 scale=1.0000 norm=0.4486
[iter 1000] loss=-0.5657 val_loss=0.0000 scale=1.0000 norm=0.4487
[iter 1100] loss=-0.5773 val_loss=0.0000 scale=1.0000 norm=0.4489
[iter 1200] loss=-0.5873 val_loss=0.0000 scale=1.0000 norm=0.4492
[iter 1300] loss=-0.5967 val_loss=0.0000 scale=1.0000 norm=0.4495
[iter 1400] loss=-0.6068 val_loss=0.0000 scale=1.0000 norm=0.4482
[iter 1500] loss=-0.6184 val_loss=0.0000 scale=1.0000 norm=0.4464
[iter 1600] loss=-0.6298 val_loss=0.0000 scale=1.0000 norm=0.4453
[iter 1700] loss=-0.6403 val_loss=0.0000 scale=1.0000 norm=0.4441
[iter 1800] loss=-0.6544 val_loss=0.0000 scale=1.0000 norm=0.4416
[iter 1900] loss=-0.6662 val_loss=0.0000 scale=1.0000 norm=0.4414
[iter 0] loss=0.0821 val_loss=0.0000 scale=1.0000 norm=0.5366
[iter 100] loss=-0.1369 val_loss=0.0000 scale=1.0000 norm=0.4480
[iter 200] loss=-0.2645 val_loss=0.0000 scale=1.0000 norm=0.4459
[iter 300] loss=-0.3426 val_loss=0.0000 scale=2.0000 norm=0.9020
[iter 400] loss=-0.3993 val_loss=0.0000 scale=2.0000 norm=0.9025
[iter 500] loss=-0.4452 val_loss=0.0000 scale=1.0000 norm=0.4499
[iter 600] loss=-0.4747 val_loss=0.0000 scale=1.0000 norm=0.4493
[iter 700] loss=-0.4986 val_loss=0.0000 scale=2.0000 norm=0.8967
[iter 800] loss=-0.5182 val_loss=0.0000 scale=1.0000 norm=0.4476
[iter 900] loss=-0.5336 val_loss=0.0000 scale=2.0000 norm=0.8947
[iter 1000] loss=-0.5464 val_loss=0.0000 scale=1.0000 norm=0.4471
[iter 1100] loss=-0.5559 val_loss=0.0000 scale=1.0000 norm=0.4476
[iter 1200] loss=-0.5627 val_loss=0.0000 scale=1.0000 norm=0.4489
[iter 1300] loss=-0.5711 val_loss=0.0000 scale=1.0000 norm=0.4481
[iter 1400] loss=-0.5810 val_loss=0.0000 scale=1.0000 norm=0.4468
[iter 1500] loss=-0.5893 val_loss=0.0000 scale=1.0000 norm=0.4464
[iter 1600] loss=-0.5967 val_loss=0.0000 scale=1.0000 norm=0.4460
[iter 1700] loss=-0.6044 val_loss=0.0000 scale=1.0000 norm=0.4453
[iter 1800] loss=-0.6148 val_loss=0.0000 scale=1.0000 norm=0.4436
[iter 1900] loss=-0.6238 val_loss=0.0000 scale=1.0000 norm=0.4431
[19/20] BestIter=2000 RMSE: Val=0.1668 Test=0.1760 NLL: Test=-0.4060
[iter 0] loss=0.0868 val_loss=0.0000 scale=1.0000 norm=0.5370
[iter 100] loss=-0.1385 val_loss=0.0000 scale=1.0000 norm=0.4464
[iter 200] loss=-0.2749 val_loss=0.0000 scale=2.0000 norm=0.8852
[iter 300] loss=-0.3533 val_loss=0.0000 scale=1.0000 norm=0.4454
[iter 400] loss=-0.4114 val_loss=0.0000 scale=1.0000 norm=0.4445
[iter 500] loss=-0.4505 val_loss=0.0000 scale=1.0000 norm=0.4470
[iter 600] loss=-0.4794 val_loss=0.0000 scale=1.0000 norm=0.4480
[iter 700] loss=-0.5031 val_loss=0.0000 scale=1.0000 norm=0.4475
[iter 800] loss=-0.5245 val_loss=0.0000 scale=2.0000 norm=0.8918
[iter 900] loss=-0.5435 val_loss=0.0000 scale=1.0000 norm=0.4450
[iter 1000] loss=-0.5615 val_loss=0.0000 scale=1.0000 norm=0.4438
[iter 1100] loss=-0.5750 val_loss=0.0000 scale=1.0000 norm=0.4440
[iter 1200] loss=-0.5866 val_loss=0.0000 scale=1.0000 norm=0.4445
[iter 1300] loss=-0.5970 val_loss=0.0000 scale=1.0000 norm=0.4441
[iter 1400] loss=-0.6067 val_loss=0.0000 scale=1.0000 norm=0.4436
[iter 1500] loss=-0.6156 val_loss=0.0000 scale=1.0000 norm=0.4431
[iter 1600] loss=-0.6259 val_loss=0.0000 scale=1.0000 norm=0.4418
[iter 1700] loss=-0.6371 val_loss=0.0000 scale=2.0000 norm=0.8801
[iter 1800] loss=-0.6481 val_loss=0.0000 scale=1.0000 norm=0.4394
[iter 1900] loss=-0.6630 val_loss=0.0000 scale=1.0000 norm=0.4373
[iter 0] loss=0.0843 val_loss=0.0000 scale=1.0000 norm=0.5365
[iter 100] loss=-0.1369 val_loss=0.0000 scale=1.0000 norm=0.4479
[iter 200] loss=-0.2706 val_loss=0.0000 scale=2.0000 norm=0.8904
[iter 300] loss=-0.3520 val_loss=0.0000 scale=1.0000 norm=0.4493
[iter 400] loss=-0.4039 val_loss=0.0000 scale=1.0000 norm=0.4508
[iter 500] loss=-0.4429 val_loss=0.0000 scale=1.0000 norm=0.4509
[iter 600] loss=-0.4719 val_loss=0.0000 scale=2.0000 norm=0.9024
[iter 700] loss=-0.4944 val_loss=0.0000 scale=2.0000 norm=0.9016
[iter 800] loss=-0.5136 val_loss=0.0000 scale=1.0000 norm=0.4501
[iter 900] loss=-0.5306 val_loss=0.0000 scale=2.0000 norm=0.8982
[iter 1000] loss=-0.5433 val_loss=0.0000 scale=1.0000 norm=0.4492
[iter 1100] loss=-0.5536 val_loss=0.0000 scale=1.0000 norm=0.4495
[iter 1200] loss=-0.5626 val_loss=0.0000 scale=1.0000 norm=0.4490
[iter 1300] loss=-0.5711 val_loss=0.0000 scale=1.0000 norm=0.4485
[iter 1400] loss=-0.5802 val_loss=0.0000 scale=2.0000 norm=0.8963
[iter 1500] loss=-0.5906 val_loss=0.0000 scale=1.0000 norm=0.4465
[iter 1600] loss=-0.6015 val_loss=0.0000 scale=1.0000 norm=0.4448
[iter 1700] loss=-0.6102 val_loss=0.0000 scale=1.0000 norm=0.4446
[iter 1800] loss=-0.6179 val_loss=0.0000 scale=1.0000 norm=0.4441
[iter 1900] loss=-0.6271 val_loss=0.0000 scale=1.0000 norm=0.4429
[20/20] BestIter=2000 RMSE: Val=0.1630 Test=0.1789 NLL: Test=-0.3736
Kin8nm
== GBM=0.0000 +/- 0.0000, RMSE NGBOOST =0.1692 ± 0.0044, NLL NGBOOST=-0.4115 ± 0.0343, TIME = 237.8024
